
> frontend@0.0.0 test
> ng test --watch=false --browsers=ChromeHeadless --code-coverage

node.exe : - Generating browser application bundles (phase: setup)...
At line:1 char:1
+ & "C:\Program Files\nodejs/node.exe" "C:\Program Files\nodejs/node_mo ...
+ ~~~~~~~~~~~~~~~~~~~~~~~~~~~~~~~~~~~~~~~~~~~~~~~~~~~~~~~~~~~~~~~~~~~~~
    + CategoryInfo          : NotSpecified: (- Generating br...hase: setup)...:String) [], RemoteException
    + FullyQualifiedErrorId : NativeCommandError
 
тЬФ Browser application bundle generation complete.
[32m06 09 2025 18:35:23.637:INFO [karma-server]: [39mKarma v6.4.4 server started at http://localhost:9876/
[32m06 09 2025 18:35:23.640:INFO [launcher]: [39mLaunching browsers ChromeHeadless with concurrency unlimited
[32m06 09 2025 18:35:23.644:INFO [launcher]: [39mStarting browser ChromeHeadless
[32m06 09 2025 18:35:25.164:INFO [Chrome Headless 139.0.0.0 (Windows 10)]: [39mConnected on socket SE1w3whtMSQu590wAAAB with id 79686204
Chrome Headless 139.0.0.0 (Windows 10): Executed 0 of 1101[32m SUCCESS[39m (0 secs / 0 secs)
[1A[2KChrome Headless 139.0.0.0 (Windows 10): Executed 1 of 1101[32m SUCCESS[39m (0 secs / 0.025 secs)
[1A[2KChrome Headless 139.0.0.0 (Windows 10): Executed 2 of 1101[32m SUCCESS[39m (0 secs / 0.031 secs)
[1A[2KChrome Headless 139.0.0.0 (Windows 10): Executed 3 of 1101[32m SUCCESS[39m (0 secs / 0.036 secs)
[1A[2KChrome Headless 139.0.0.0 (Windows 10): Executed 4 of 1101[32m SUCCESS[39m (0 secs / 0.039 secs)
[1A[2KChrome Headless 139.0.0.0 (Windows 10): Executed 5 of 1101[32m SUCCESS[39m (0 secs / 0.042 secs)
[1A[2KChrome Headless 139.0.0.0 (Windows 10): Executed 6 of 1101[32m SUCCESS[39m (0 secs / 0.045 secs)
[1A[2KChrome Headless 139.0.0.0 (Windows 10): Executed 7 of 1101[32m SUCCESS[39m (0 secs / 0.048 secs)
[1A[2KChrome Headless 139.0.0.0 (Windows 10): Executed 8 of 1101[32m SUCCESS[39m (0 secs / 0.051 secs)
[1A[2KChrome Headless 139.0.0.0 (Windows 10): Executed 9 of 1101[32m SUCCESS[39m (0 secs / 0.055 secs)
[1A[2KChrome Headless 139.0.0.0 (Windows 10): Executed 10 of 1101[32m SUCCESS[39m (0 secs / 0.058 secs)
[1A[2KChrome Headless 139.0.0.0 (Windows 10): Executed 11 of 1101[32m SUCCESS[39m (0 secs / 0.06 secs)
[1A[2KChrome Headless 139.0.0.0 (Windows 10): Executed 12 of 1101[32m SUCCESS[39m (0 secs / 0.063 secs)
[1A[2KChrome Headless 139.0.0.0 (Windows 10): Executed 13 of 1101[32m SUCCESS[39m (0 secs / 0.065 secs)
[1A[2KChrome Headless 139.0.0.0 (Windows 10): Executed 14 of 1101[32m SUCCESS[39m (0 secs / 0.068 secs)
[1A[2KChrome Headless 139.0.0.0 (Windows 10): Executed 15 of 1101[32m SUCCESS[39m (0 secs / 0.07 secs)
[1A[2KChrome Headless 139.0.0.0 (Windows 10): Executed 16 of 1101[32m SUCCESS[39m (0 secs / 0.072 secs)
[1A[2KChrome Headless 139.0.0.0 (Windows 10): Executed 17 of 1101[32m SUCCESS[39m (0 secs / 0.074 secs)
[1A[2KChrome Headless 139.0.0.0 (Windows 10): Executed 18 of 1101[32m SUCCESS[39m (0 secs / 0.077 secs)
[1A[2KChrome Headless 139.0.0.0 (Windows 10): Executed 19 of 1101[32m SUCCESS[39m (0 secs / 0.079 secs)
[1A[2KChrome Headless 139.0.0.0 (Windows 10): Executed 20 of 1101[32m SUCCESS[39m (0 secs / 0.081 secs)
[1A[2KChrome Headless 139.0.0.0 (Windows 10): Executed 21 of 1101[32m SUCCESS[39m (0 secs / 0.084 secs)
[1A[2KChrome Headless 139.0.0.0 (Windows 10): Executed 22 of 1101[32m SUCCESS[39m (0 secs / 0.087 secs)
[1A[2KChrome Headless 139.0.0.0 (Windows 10): Executed 23 of 1101[32m SUCCESS[39m (0 secs / 0.09 secs)
[1A[2KChrome Headless 139.0.0.0 (Windows 10): Executed 24 of 1101[32m SUCCESS[39m (0 secs / 0.093 secs)
[1A[2KChrome Headless 139.0.0.0 (Windows 10): Executed 25 of 1101[32m SUCCESS[39m (0 secs / 0.095 secs)
[1A[2KChrome Headless 139.0.0.0 (Windows 10): Executed 26 of 1101[32m SUCCESS[39m (0 secs / 0.101 secs)
[1A[2KChrome Headless 139.0.0.0 (Windows 10): Executed 27 of 1101[32m SUCCESS[39m (0 secs / 0.103 secs)
[1A[2KChrome Headless 139.0.0.0 (Windows 10): Executed 28 of 1101[32m SUCCESS[39m (0 secs / 0.105 secs)
[1A[2KChrome Headless 139.0.0.0 (Windows 10): Executed 29 of 1101[32m SUCCESS[39m (0 secs / 0.108 secs)
[1A[2KChrome Headless 139.0.0.0 (Windows 10): Executed 30 of 1101[32m SUCCESS[39m (0 secs / 0.11 secs)
[1A[2KChrome Headless 139.0.0.0 (Windows 10): Executed 31 of 1101[32m SUCCESS[39m (0 secs / 0.113 secs)
[1A[2KChrome Headless 139.0.0.0 (Windows 10): Executed 32 of 1101[32m SUCCESS[39m (0 secs / 0.115 secs)
[1A[2KChrome Headless 139.0.0.0 (Windows 10): Executed 33 of 1101[32m SUCCESS[39m (0 secs / 0.118 secs)
[1A[2KChrome Headless 139.0.0.0 (Windows 10): Executed 34 of 1101[32m SUCCESS[39m (0 secs / 0.119 secs)
[1A[2KChrome Headless 139.0.0.0 (Windows 10): Executed 35 of 1101[32m SUCCESS[39m (0 secs / 0.121 secs)
[1A[2KChrome Headless 139.0.0.0 (Windows 10): Executed 36 of 1101[32m SUCCESS[39m (0 secs / 0.122 secs)
[1A[2KChrome Headless 139.0.0.0 (Windows 10): Executed 37 of 1101[32m SUCCESS[39m (0 secs / 0.125 secs)
[1A[2KChrome Headless 139.0.0.0 (Windows 10): Executed 38 of 1101[32m SUCCESS[39m (0 secs / 0.127 secs)
[1A[2KChrome Headless 139.0.0.0 (Windows 10): Executed 39 of 1101[32m SUCCESS[39m (0 secs / 0.129 secs)
[1A[2KChrome Headless 139.0.0.0 (Windows 10): Executed 40 of 1101[32m SUCCESS[39m (0 secs / 0.131 secs)
[1A[2KChrome Headless 139.0.0.0 (Windows 10): Executed 41 of 1101[32m SUCCESS[39m (0 secs / 0.132 secs)
[1A[2KChrome Headless 139.0.0.0 (Windows 10): Executed 42 of 1101[32m SUCCESS[39m (0 secs / 0.135 secs)
[1A[2KChrome Headless 139.0.0.0 (Windows 10): Executed 43 of 1101[32m SUCCESS[39m (0 secs / 0.138 secs)
[1A[2KChrome Headless 139.0.0.0 (Windows 10): Executed 44 of 1101[32m SUCCESS[39m (0 secs / 0.141 secs)
[1A[2KChrome Headless 139.0.0.0 (Windows 10): Executed 45 of 1101[32m SUCCESS[39m (0 secs / 0.143 secs)
[1A[2KChrome Headless 139.0.0.0 (Windows 10): Executed 46 of 1101[32m SUCCESS[39m (0 secs / 0.145 secs)
[1A[2KChrome Headless 139.0.0.0 (Windows 10): Executed 47 of 1101[32m SUCCESS[39m (0 secs / 0.147 secs)
[1A[2KChrome Headless 139.0.0.0 (Windows 10): Executed 48 of 1101[32m SUCCESS[39m (0 secs / 0.149 secs)
[1A[2KChrome Headless 139.0.0.0 (Windows 10): Executed 49 of 1101[32m SUCCESS[39m (0 secs / 0.151 secs)
[1A[2KERROR: [36m'API Error:', HttpErrorResponse{headers: HttpHeaders{headers: Map{}, normalizedNames: Map{}, lazyInit: undefined, lazyUpdate: null}, status: 400, statusText: 'Bad Request', url: 'http://localhost:3000/api/budgets', ok: false, type: undefined, name: 'HttpErrorResponse', message: 'Http failure response for http://localhost:3000/api/budgets: 400 Bad Request', error: Object{success: false, message: 'Error creating budget'}}[39m
Chrome Headless 139.0.0.0 (Windows 10): Executed 49 of 1101[32m SUCCESS[39m (0 secs / 0.151 secs)
ERROR: 'API Error:', HttpErrorResponse{headers: HttpHeaders{headers: Map{}, normalizedNames: Map{}, lazyInit: undefined, lazyUpdate: null}, status: 400, statusText: 'Bad Request', url: 'http://localhost:3000/api/budgets', ok: false, type: undefined, name: 'HttpErrorResponse', message: 'Http failure response for http://localhost:3000/api/budgets: 400 Bad Request', error: Object{success: false, message: 'Error creating budget'}}
[1A[2KChrome Headless 139.0.0.0 (Windows 10): Executed 50 of 1101[32m SUCCESS[39m (0 secs / 0.156 secs)
[1A[2KERROR: [36m'API Error:', HttpErrorResponse{headers: HttpHeaders{headers: Map{}, normalizedNames: Map{}, lazyInit: undefined, lazyUpdate: null}, status: 500, statusText: 'Internal Server Error', url: 'http://localhost:3000/api/budgets?page=1&limit=20&sortBy=createdAt&sortOrder=desc', ok: false, type: undefined, name: 'HttpErrorResponse', message: 'Http failure response for http://localhost:3000/api/budgets?page=1&limit=20&sortBy=createdAt&sortOrder=desc: 500 Internal Server Error', error: Object{success: false, message: 'Error fetching budgets'}}[39m
Chrome Headless 139.0.0.0 (Windows 10): Executed 50 of 1101[32m SUCCESS[39m (0 secs / 0.156 secs)
ERROR: 'API Error:', HttpErrorResponse{headers: HttpHeaders{headers: Map{}, normalizedNames: Map{}, lazyInit: undefined, lazyUpdate: null}, status: 500, statusText: 'Internal Server Error', url: 'http://localhost:3000/api/budgets?page=1&limit=20&sortBy=createdAt&sortOrder=desc', ok: false, type: undefined, name: 'HttpErrorResponse', message: 'Http failure response for http://localhost:3000/api/budgets?page=1&limit=20&sortBy=createdAt&sortOrder=desc: 500 Internal Server Error', error: Object{success: false, message: 'Error fetching budgets'}}
[1A[2KChrome Headless 139.0.0.0 (Windows 10): Executed 51 of 1101[32m SUCCESS[39m (0 secs / 0.159 secs)
[1A[2KERROR: [36m'API Error:', HttpErrorResponse{headers: HttpHeaders{headers: Map{}, normalizedNames: Map{}, lazyInit: undefined, lazyUpdate: null}, status: 404, statusText: 'Not Found', url: 'http://localhost:3000/api/budgets/1', ok: false, type: undefined, name: 'HttpErrorResponse', message: 'Http failure response for http://localhost:3000/api/budgets/1: 404 Not Found', error: Object{success: false, message: 'Error updating budget'}}[39m
Chrome Headless 139.0.0.0 (Windows 10): Executed 51 of 1101[32m SUCCESS[39m (0 secs / 0.159 secs)
ERROR: 'API Error:', HttpErrorResponse{headers: HttpHeaders{headers: Map{}, normalizedNames: Map{}, lazyInit: undefined, lazyUpdate: null}, status: 404, statusText: 'Not Found', url: 'http://localhost:3000/api/budgets/1', ok: false, type: undefined, name: 'HttpErrorResponse', message: 'Http failure response for http://localhost:3000/api/budgets/1: 404 Not Found', error: Object{success: false, message: 'Error updating budget'}}
[1A[2KChrome Headless 139.0.0.0 (Windows 10): Executed 52 of 1101[32m SUCCESS[39m (0 secs / 0.162 secs)
[1A[2KERROR: [36m'API Error:', HttpErrorResponse{headers: HttpHeaders{headers: Map{}, normalizedNames: Map{}, lazyInit: undefined, lazyUpdate: null}, status: 403, statusText: 'Forbidden', url: 'http://localhost:3000/api/budgets/1', ok: false, type: undefined, name: 'HttpErrorResponse', message: 'Http failure response for http://localhost:3000/api/budgets/1: 403 Forbidden', error: Object{success: false, message: 'Error deleting budget'}}[39m
Chrome Headless 139.0.0.0 (Windows 10): Executed 52 of 1101[32m SUCCESS[39m (0 secs / 0.162 secs)
ERROR: 'API Error:', HttpErrorResponse{headers: HttpHeaders{headers: Map{}, normalizedNames: Map{}, lazyInit: undefined, lazyUpdate: null}, status: 403, statusText: 'Forbidden', url: 'http://localhost:3000/api/budgets/1', ok: false, type: undefined, name: 'HttpErrorResponse', message: 'Http failure response for http://localhost:3000/api/budgets/1: 403 Forbidden', error: Object{success: false, message: 'Error deleting budget'}}
[1A[2KChrome Headless 139.0.0.0 (Windows 10): Executed 53 of 1101[32m SUCCESS[39m (0 secs / 0.165 secs)
[1A[2KChrome Headless 139.0.0.0 (Windows 10): Executed 54 of 1101[32m SUCCESS[39m (0 secs / 0.168 secs)
[1A[2KChrome Headless 139.0.0.0 (Windows 10): Executed 55 of 1101[32m SUCCESS[39m (0 secs / 0.169 secs)
[1A[2KChrome Headless 139.0.0.0 (Windows 10): Executed 56 of 1101[32m SUCCESS[39m (0 secs / 0.171 secs)
[1A[2KChrome Headless 139.0.0.0 (Windows 10): Executed 57 of 1101[32m SUCCESS[39m (0 secs / 0.173 secs)
[1A[2KChrome Headless 139.0.0.0 (Windows 10): Executed 58 of 1101[32m SUCCESS[39m (0 secs / 0.175 secs)
[1A[2KChrome Headless 139.0.0.0 (Windows 10): Executed 59 of 1101[32m SUCCESS[39m (0 secs / 0.177 secs)
[1A[2KChrome Headless 139.0.0.0 (Windows 10): Executed 60 of 1101[32m SUCCESS[39m (0 secs / 0.178 secs)
[1A[2KWARN: [36m'Spec 'BudgetService Filter Parameters should handle date filters correctly' has no expectations.'[39m
Chrome Headless 139.0.0.0 (Windows 10): Executed 60 of 1101[32m SUCCESS[39m (0 secs / 0.178 secs)
WARN: 'Spec 'BudgetService Filter Parameters should handle date filters correctly' has no expectations.'
[1A[2KChrome Headless 139.0.0.0 (Windows 10): Executed 61 of 1101[32m SUCCESS[39m (0 secs / 0.18 secs)
[1A[2KWARN: [36m'Spec 'BudgetService Filter Parameters should ignore null/undefined/empty filters' has no expectations.'[39m
Chrome Headless 139.0.0.0 (Windows 10): Executed 61 of 1101[32m SUCCESS[39m (0 secs / 0.18 secs)
WARN: 'Spec 'BudgetService Filter Parameters should ignore null/undefined/empty filters' has no expectations.'
[1A[2KChrome Headless 139.0.0.0 (Windows 10): Executed 62 of 1101[32m SUCCESS[39m (0 secs / 0.182 secs)
[1A[2KWARN: [36m'Spec 'BudgetService Filter Parameters should handle string filters correctly' has no expectations.'[39m
Chrome Headless 139.0.0.0 (Windows 10): Executed 62 of 1101[32m SUCCESS[39m (0 secs / 0.182 secs)
WARN: 'Spec 'BudgetService Filter Parameters should handle string filters correctly' has no expectations.'
[1A[2KChrome Headless 139.0.0.0 (Windows 10): Executed 63 of 1101[32m SUCCESS[39m (0 secs / 0.185 secs)
[1A[2KChrome Headless 139.0.0.0 (Windows 10): Executed 64 of 1101[32m SUCCESS[39m (0 secs / 0.187 secs)
[1A[2KChrome Headless 139.0.0.0 (Windows 10): Executed 65 of 1101[32m SUCCESS[39m (0 secs / 0.189 secs)
[1A[2KChrome Headless 139.0.0.0 (Windows 10): Executed 66 of 1101[32m SUCCESS[39m (0 secs / 0.193 secs)
[1A[2KChrome Headless 139.0.0.0 (Windows 10): Executed 67 of 1101[32m SUCCESS[39m (0 secs / 0.196 secs)
[1A[2KChrome Headless 139.0.0.0 (Windows 10): Executed 68 of 1101[32m SUCCESS[39m (0 secs / 0.198 secs)
[1A[2KChrome Headless 139.0.0.0 (Windows 10): Executed 69 of 1101[32m SUCCESS[39m (0 secs / 0.201 secs)
[1A[2KChrome Headless 139.0.0.0 (Windows 10): Executed 70 of 1101[32m SUCCESS[39m (0 secs / 0.203 secs)
[1A[2KChrome Headless 139.0.0.0 (Windows 10): Executed 71 of 1101[32m SUCCESS[39m (0 secs / 0.204 secs)
[1A[2KChrome Headless 139.0.0.0 (Windows 10): Executed 72 of 1101[32m SUCCESS[39m (0 secs / 0.206 secs)
[1A[2KERROR: [36m'API Error:', HttpErrorResponse{headers: HttpHeaders{headers: Map{}, normalizedNames: Map{}, lazyInit: undefined, lazyUpdate: null}, status: 500, statusText: 'Internal Server Error', url: 'http://localhost:3000/api/test', ok: false, type: undefined, name: 'HttpErrorResponse', message: 'Http failure response for http://localhost:3000/api/test: 500 Internal Server Error', error: 'Server Error'}[39m
Chrome Headless 139.0.0.0 (Windows 10): Executed 72 of 1101[32m SUCCESS[39m (0 secs / 0.206 secs)
ERROR: 'API Error:', HttpErrorResponse{headers: HttpHeaders{headers: Map{}, normalizedNames: Map{}, lazyInit: undefined, lazyUpdate: null}, status: 500, statusText: 'Internal Server Error', url: 'http://localhost:3000/api/test', ok: false, type: undefined, name: 'HttpErrorResponse', message: 'Http failure response for http://localhost:3000/api/test: 500 Internal Server Error', error: 'Server Error'}
[1A[2KChrome Headless 139.0.0.0 (Windows 10): Executed 73 of 1101[32m SUCCESS[39m (0 secs / 0.209 secs)
[1A[2KChrome Headless 139.0.0.0 (Windows 10): Executed 74 of 1101[32m SUCCESS[39m (0 secs / 0.212 secs)
[1A[2KChrome Headless 139.0.0.0 (Windows 10): Executed 75 of 1101[32m SUCCESS[39m (0 secs / 0.214 secs)
[1A[2KChrome Headless 139.0.0.0 (Windows 10): Executed 76 of 1101[32m SUCCESS[39m (0 secs / 0.216 secs)
[1A[2KChrome Headless 139.0.0.0 (Windows 10): Executed 77 of 1101[32m SUCCESS[39m (0 secs / 0.218 secs)
[1A[2KChrome Headless 139.0.0.0 (Windows 10): Executed 78 of 1101[32m SUCCESS[39m (0 secs / 0.22 secs)
[1A[2KChrome Headless 139.0.0.0 (Windows 10): Executed 79 of 1101[32m SUCCESS[39m (0 secs / 0.222 secs)
[1A[2KChrome Headless 139.0.0.0 (Windows 10): Executed 80 of 1101[32m SUCCESS[39m (0 secs / 0.224 secs)
[1A[2KChrome Headless 139.0.0.0 (Windows 10): Executed 81 of 1101[32m SUCCESS[39m (0 secs / 0.226 secs)
[1A[2KChrome Headless 139.0.0.0 (Windows 10): Executed 82 of 1101[32m SUCCESS[39m (0 secs / 0.228 secs)
[1A[2K[31mChrome Headless 139.0.0.0 (Windows 10) BaseApiService HTTP method variations should handle POST with different content types FAILED[39m
	Expected null to be 'application/json'.
	    at <Jasmine>
	    at UserContext.<anonymous> (src/app/core/services/base-api.service.spec.ts:283:55)
	    at <Jasmine>
Chrome Headless 139.0.0.0 (Windows 10): Executed 83 of 1101[31m (1 FAILED)[39m (0 secs / 0.233 secs)
[1A[2KChrome Headless 139.0.0.0 (Windows 10): Executed 84 of 1101[31m (1 FAILED)[39m (0 secs / 0.235 secs)
[1A[2KERROR: [36m'API Error:', HttpErrorResponse{headers: HttpHeaders{headers: Map{}, normalizedNames: Map{}, lazyInit: undefined, lazyUpdate: null}, status: 500, statusText: 'Internal Server Error', url: 'http://localhost:3000/api/test', ok: false, type: undefined, name: 'HttpErrorResponse', message: 'Http failure response for http://localhost:3000/api/test: 500 Internal Server Error', error: 'Server Error'}[39m
Chrome Headless 139.0.0.0 (Windows 10): Executed 84 of 1101[31m (1 FAILED)[39m (0 secs / 0.235 secs)
ERROR: 'API Error:', HttpErrorResponse{headers: HttpHeaders{headers: Map{}, normalizedNames: Map{}, lazyInit: undefined, lazyUpdate: null}, status: 500, statusText: 'Internal Server Error', url: 'http://localhost:3000/api/test', ok: false, type: undefined, name: 'HttpErrorResponse', message: 'Http failure response for http://localhost:3000/api/test: 500 Internal Server Error', error: 'Server Error'}
[1A[2KChrome Headless 139.0.0.0 (Windows 10): Executed 85 of 1101[31m (1 FAILED)[39m (0 secs / 0.238 secs)
[1A[2KERROR: [36m'API Error:', HttpErrorResponse{headers: HttpHeaders{headers: Map{}, normalizedNames: Map{}, lazyInit: undefined, lazyUpdate: null}, status: 500, statusText: 'Internal Server Error', url: 'http://localhost:3000/api/test', ok: false, type: undefined, name: 'HttpErrorResponse', message: 'Http failure response for http://localhost:3000/api/test: 500 Internal Server Error', error: Object{message: 'Server error message'}}[39m
Chrome Headless 139.0.0.0 (Windows 10): Executed 85 of 1101[31m (1 FAILED)[39m (0 secs / 0.238 secs)
ERROR: 'API Error:', HttpErrorResponse{headers: HttpHeaders{headers: Map{}, normalizedNames: Map{}, lazyInit: undefined, lazyUpdate: null}, status: 500, statusText: 'Internal Server Error', url: 'http://localhost:3000/api/test', ok: false, type: undefined, name: 'HttpErrorResponse', message: 'Http failure response for http://localhost:3000/api/test: 500 Internal Server Error', error: Object{message: 'Server error message'}}
[1A[2KChrome Headless 139.0.0.0 (Windows 10): Executed 86 of 1101[31m (1 FAILED)[39m (0 secs / 0.24 secs)
[1A[2KERROR: [36m'API Error:', HttpErrorResponse{headers: HttpHeaders{headers: Map{}, normalizedNames: Map{}, lazyInit: undefined, lazyUpdate: null}, status: 0, statusText: 'Unknown Error', url: 'http://localhost:3000/api/test', ok: false, type: undefined, name: 'HttpErrorResponse', message: 'Http failure response for http://localhost:3000/api/test: 0 ', error: ErrorEvent{isTrusted: false}}[39m
Chrome Headless 139.0.0.0 (Windows 10): Executed 86 of 1101[31m (1 FAILED)[39m (0 secs / 0.24 secs)
ERROR: 'API Error:', HttpErrorResponse{headers: HttpHeaders{headers: Map{}, normalizedNames: Map{}, lazyInit: undefined, lazyUpdate: null}, status: 0, statusText: 'Unknown Error', url: 'http://localhost:3000/api/test', ok: false, type: undefined, name: 'HttpErrorResponse', message: 'Http failure response for http://localhost:3000/api/test: 0 ', error: ErrorEvent{isTrusted: false}}
[1A[2K[31mChrome Headless 139.0.0.0 (Windows 10) BaseApiService Error handling should handle client-side errors FAILED[39m
	Expected '' to be 'Client-side error'.
	    at <Jasmine>
	    at Object.error (src/app/core/services/base-api.service.spec.ts:153:33)
	    at ConsumerObserver.error (node_modules/rxjs/dist/esm/internal/Subscriber.js:102:33)
	    at SafeSubscriber._error (node_modules/rxjs/dist/esm/internal/Subscriber.js:64:30)
	    at SafeSubscriber.error (node_modules/rxjs/dist/esm/internal/Subscriber.js:40:18)
Chrome Headless 139.0.0.0 (Windows 10): Executed 87 of 1101[31m (2 FAILED)[39m (0 secs / 1.294 secs)
[1A[2KERROR: [36m'API Error:', HttpErrorResponse{headers: HttpHeaders{headers: Map{}, normalizedNames: Map{}, lazyInit: undefined, lazyUpdate: null}, status: 500, statusText: 'Internal Server Error', url: 'http://localhost:3000/api/test', ok: false, type: undefined, name: 'HttpErrorResponse', message: 'Http failure response for http://localhost:3000/api/test: 500 Internal Server Error', error: Object{}}[39m
Chrome Headless 139.0.0.0 (Windows 10): Executed 87 of 1101[31m (2 FAILED)[39m (0 secs / 1.294 secs)
ERROR: 'API Error:', HttpErrorResponse{headers: HttpHeaders{headers: Map{}, normalizedNames: Map{}, lazyInit: undefined, lazyUpdate: null}, status: 500, statusText: 'Internal Server Error', url: 'http://localhost:3000/api/test', ok: false, type: undefined, name: 'HttpErrorResponse', message: 'Http failure response for http://localhost:3000/api/test: 500 Internal Server Error', error: Object{}}
[1A[2K[31mChrome Headless 139.0.0.0 (Windows 10) BaseApiService Error handling should handle server-side errors with default message FAILED[39m
	Expected 'Http failure response for http://localhost:3000/api/test: 500 Internal Server Error' to be 'An error occurred'.
	    at <Jasmine>
	    at Object.error (src/app/core/services/base-api.service.spec.ts:189:33)
	    at ConsumerObserver.error (node_modules/rxjs/dist/esm/internal/Subscriber.js:102:33)
	    at SafeSubscriber._error (node_modules/rxjs/dist/esm/internal/Subscriber.js:64:30)
	    at SafeSubscriber.error (node_modules/rxjs/dist/esm/internal/Subscriber.js:40:18)
Chrome Headless 139.0.0.0 (Windows 10): Executed 88 of 1101[31m (3 FAILED)[39m (0 secs / 1.299 secs)
[1A[2KERROR: [36m'API Error:', HttpErrorResponse{headers: HttpHeaders{headers: Map{}, normalizedNames: Map{}, lazyInit: undefined, lazyUpdate: null}, status: 0, statusText: 'Unknown Error', url: 'http://localhost:3000/api/test', ok: false, type: undefined, name: 'HttpErrorResponse', message: 'Http failure response for http://localhost:3000/api/test: 0 ', error: ErrorEvent{isTrusted: false}}[39m
Chrome Headless 139.0.0.0 (Windows 10): Executed 88 of 1101[31m (3 FAILED)[39m (0 secs / 1.299 secs)
ERROR: 'API Error:', HttpErrorResponse{headers: HttpHeaders{headers: Map{}, normalizedNames: Map{}, lazyInit: undefined, lazyUpdate: null}, status: 0, statusText: 'Unknown Error', url: 'http://localhost:3000/api/test', ok: false, type: undefined, name: 'HttpErrorResponse', message: 'Http failure response for http://localhost:3000/api/test: 0 ', error: ErrorEvent{isTrusted: false}}
[1A[2KChrome Headless 139.0.0.0 (Windows 10): Executed 89 of 1101[31m (3 FAILED)[39m (0 secs / 1.302 secs)
[1A[2KWARN: [36m'NG0914: The application is using zoneless change detection, but is still loading Zone.js. Consider removing Zone.js to get the full benefits of zoneless. In applications using the Angular CLI, Zone.js is typically included in the "polyfills" section of the angular.json file.'[39m
Chrome Headless 139.0.0.0 (Windows 10): Executed 89 of 1101[31m (3 FAILED)[39m (0 secs / 1.302 secs)
WARN: 'NG0914: The application is using zoneless change detection, but is still loading Zone.js. Consider removing Zone.js to get the full benefits of zoneless. In applications using the Angular CLI, Zone.js is typically included in the "polyfills" section of the angular.json file.'
[1A[2KLOG: [36m'AuthService: Constructor called'[39m
Chrome Headless 139.0.0.0 (Windows 10): Executed 89 of 1101[31m (3 FAILED)[39m (0 secs / 1.302 secs)
LOG: 'AuthService: Constructor called'
[1A[2KLOG: [36m'AuthService: Initializing authentication...'[39m
Chrome Headless 139.0.0.0 (Windows 10): Executed 89 of 1101[31m (3 FAILED)[39m (0 secs / 1.302 secs)
LOG: 'AuthService: Initializing authentication...'
[1A[2KChrome Headless 139.0.0.0 (Windows 10): Executed 90 of 1101[31m (3 FAILED)[39m (0 secs / 1.306 secs)
[1A[2KWARN: [36m'NG0914: The application is using zoneless change detection, but is still loading Zone.js. Consider removing Zone.js to get the full benefits of zoneless. In applications using the Angular CLI, Zone.js is typically included in the "polyfills" section of the angular.json file.'[39m
Chrome Headless 139.0.0.0 (Windows 10): Executed 90 of 1101[31m (3 FAILED)[39m (0 secs / 1.306 secs)
WARN: 'NG0914: The application is using zoneless change detection, but is still loading Zone.js. Consider removing Zone.js to get the full benefits of zoneless. In applications using the Angular CLI, Zone.js is typically included in the "polyfills" section of the angular.json file.'
[1A[2KLOG: [36m'AuthService: Constructor called'[39m
Chrome Headless 139.0.0.0 (Windows 10): Executed 90 of 1101[31m (3 FAILED)[39m (0 secs / 1.306 secs)
LOG: 'AuthService: Constructor called'
[1A[2KLOG: [36m'AuthService: Initializing authentication...'[39m
Chrome Headless 139.0.0.0 (Windows 10): Executed 90 of 1101[31m (3 FAILED)[39m (0 secs / 1.306 secs)
LOG: 'AuthService: Initializing authentication...'
[1A[2KERROR: [36m'Auth Service Error:', Object{status: 401, error: Object{message: 'Invalid credentials'}}[39m
Chrome Headless 139.0.0.0 (Windows 10): Executed 90 of 1101[31m (3 FAILED)[39m (0 secs / 1.306 secs)
ERROR: 'Auth Service Error:', Object{status: 401, error: Object{message: 'Invalid credentials'}}
[1A[2KChrome Headless 139.0.0.0 (Windows 10): Executed 91 of 1101[31m (3 FAILED)[39m (0 secs / 1.31 secs)
[1A[2KWARN: [36m'NG0914: The application is using zoneless change detection, but is still loading Zone.js. Consider removing Zone.js to get the full benefits of zoneless. In applications using the Angular CLI, Zone.js is typically included in the "polyfills" section of the angular.json file.'[39m
Chrome Headless 139.0.0.0 (Windows 10): Executed 91 of 1101[31m (3 FAILED)[39m (0 secs / 1.31 secs)
WARN: 'NG0914: The application is using zoneless change detection, but is still loading Zone.js. Consider removing Zone.js to get the full benefits of zoneless. In applications using the Angular CLI, Zone.js is typically included in the "polyfills" section of the angular.json file.'
[1A[2KLOG: [36m'AuthService: Constructor called'[39m
Chrome Headless 139.0.0.0 (Windows 10): Executed 91 of 1101[31m (3 FAILED)[39m (0 secs / 1.31 secs)
LOG: 'AuthService: Constructor called'
[1A[2KLOG: [36m'AuthService: Initializing authentication...'[39m
Chrome Headless 139.0.0.0 (Windows 10): Executed 91 of 1101[31m (3 FAILED)[39m (0 secs / 1.31 secs)
LOG: 'AuthService: Initializing authentication...'
[1A[2KERROR: [36m'Auth Service Error:', Object{status: 400}[39m
Chrome Headless 139.0.0.0 (Windows 10): Executed 91 of 1101[31m (3 FAILED)[39m (0 secs / 1.31 secs)
ERROR: 'Auth Service Error:', Object{status: 400}
[1A[2KERROR: [36m'Auth Service Error:', Object{status: 401}[39m
Chrome Headless 139.0.0.0 (Windows 10): Executed 91 of 1101[31m (3 FAILED)[39m (0 secs / 1.31 secs)
ERROR: 'Auth Service Error:', Object{status: 401}
[1A[2KERROR: [36m'Auth Service Error:', Object{status: 403}[39m
Chrome Headless 139.0.0.0 (Windows 10): Executed 91 of 1101[31m (3 FAILED)[39m (0 secs / 1.31 secs)
ERROR: 'Auth Service Error:', Object{status: 403}
[1A[2KERROR: [36m'Auth Service Error:', Object{status: 404}[39m
Chrome Headless 139.0.0.0 (Windows 10): Executed 91 of 1101[31m (3 FAILED)[39m (0 secs / 1.31 secs)
ERROR: 'Auth Service Error:', Object{status: 404}
[1A[2KERROR: [36m'Auth Service Error:', Object{status: 409}[39m
Chrome Headless 139.0.0.0 (Windows 10): Executed 91 of 1101[31m (3 FAILED)[39m (0 secs / 1.31 secs)
ERROR: 'Auth Service Error:', Object{status: 409}
[1A[2KERROR: [36m'Auth Service Error:', Object{status: 422}[39m
Chrome Headless 139.0.0.0 (Windows 10): Executed 91 of 1101[31m (3 FAILED)[39m (0 secs / 1.31 secs)
ERROR: 'Auth Service Error:', Object{status: 422}
[1A[2KERROR: [36m'Auth Service Error:', Object{status: 429}[39m
Chrome Headless 139.0.0.0 (Windows 10): Executed 91 of 1101[31m (3 FAILED)[39m (0 secs / 1.31 secs)
ERROR: 'Auth Service Error:', Object{status: 429}
[1A[2KERROR: [36m'Auth Service Error:', Object{status: 500}[39m
Chrome Headless 139.0.0.0 (Windows 10): Executed 91 of 1101[31m (3 FAILED)[39m (0 secs / 1.31 secs)
ERROR: 'Auth Service Error:', Object{status: 500}
[1A[2KERROR: [36m'Auth Service Error:', Object{status: 503}[39m
Chrome Headless 139.0.0.0 (Windows 10): Executed 91 of 1101[31m (3 FAILED)[39m (0 secs / 1.31 secs)
ERROR: 'Auth Service Error:', Object{status: 503}
[1A[2KChrome Headless 139.0.0.0 (Windows 10): Executed 92 of 1101[31m (3 FAILED)[39m (0 secs / 1.319 secs)
[1A[2KWARN: [36m'NG0914: The application is using zoneless change detection, but is still loading Zone.js. Consider removing Zone.js to get the full benefits of zoneless. In applications using the Angular CLI, Zone.js is typically included in the "polyfills" section of the angular.json file.'[39m
Chrome Headless 139.0.0.0 (Windows 10): Executed 92 of 1101[31m (3 FAILED)[39m (0 secs / 1.319 secs)
WARN: 'NG0914: The application is using zoneless change detection, but is still loading Zone.js. Consider removing Zone.js to get the full benefits of zoneless. In applications using the Angular CLI, Zone.js is typically included in the "polyfills" section of the angular.json file.'
[1A[2KLOG: [36m'AuthService: Constructor called'[39m
Chrome Headless 139.0.0.0 (Windows 10): Executed 92 of 1101[31m (3 FAILED)[39m (0 secs / 1.319 secs)
LOG: 'AuthService: Constructor called'
[1A[2KLOG: [36m'AuthService: Initializing authentication...'[39m
Chrome Headless 139.0.0.0 (Windows 10): Executed 92 of 1101[31m (3 FAILED)[39m (0 secs / 1.319 secs)
LOG: 'AuthService: Initializing authentication...'
[1A[2KERROR: [36m'Auth Service Error:', Object{status: 500}[39m
Chrome Headless 139.0.0.0 (Windows 10): Executed 92 of 1101[31m (3 FAILED)[39m (0 secs / 1.319 secs)
ERROR: 'Auth Service Error:', Object{status: 500}
[1A[2KChrome Headless 139.0.0.0 (Windows 10): Executed 93 of 1101[31m (3 FAILED)[39m (0 secs / 1.321 secs)
[1A[2KWARN: [36m'NG0914: The application is using zoneless change detection, but is still loading Zone.js. Consider removing Zone.js to get the full benefits of zoneless. In applications using the Angular CLI, Zone.js is typically included in the "polyfills" section of the angular.json file.'[39m
Chrome Headless 139.0.0.0 (Windows 10): Executed 93 of 1101[31m (3 FAILED)[39m (0 secs / 1.321 secs)
WARN: 'NG0914: The application is using zoneless change detection, but is still loading Zone.js. Consider removing Zone.js to get the full benefits of zoneless. In applications using the Angular CLI, Zone.js is typically included in the "polyfills" section of the angular.json file.'
[1A[2KLOG: [36m'AuthService: Constructor called'[39m
Chrome Headless 139.0.0.0 (Windows 10): Executed 93 of 1101[31m (3 FAILED)[39m (0 secs / 1.321 secs)
LOG: 'AuthService: Constructor called'
[1A[2KLOG: [36m'AuthService: Initializing authentication...'[39m
Chrome Headless 139.0.0.0 (Windows 10): Executed 93 of 1101[31m (3 FAILED)[39m (0 secs / 1.321 secs)
LOG: 'AuthService: Initializing authentication...'
[1A[2KERROR: [36m'Auth Service Error:', Object{}[39m
Chrome Headless 139.0.0.0 (Windows 10): Executed 93 of 1101[31m (3 FAILED)[39m (0 secs / 1.321 secs)
ERROR: 'Auth Service Error:', Object{}
[1A[2KChrome Headless 139.0.0.0 (Windows 10): Executed 94 of 1101[31m (3 FAILED)[39m (0 secs / 1.323 secs)
[1A[2KWARN: [36m'NG0914: The application is using zoneless change detection, but is still loading Zone.js. Consider removing Zone.js to get the full benefits of zoneless. In applications using the Angular CLI, Zone.js is typically included in the "polyfills" section of the angular.json file.'[39m
Chrome Headless 139.0.0.0 (Windows 10): Executed 94 of 1101[31m (3 FAILED)[39m (0 secs / 1.323 secs)
WARN: 'NG0914: The application is using zoneless change detection, but is still loading Zone.js. Consider removing Zone.js to get the full benefits of zoneless. In applications using the Angular CLI, Zone.js is typically included in the "polyfills" section of the angular.json file.'
[1A[2KLOG: [36m'AuthService: Constructor called'[39m
Chrome Headless 139.0.0.0 (Windows 10): Executed 94 of 1101[31m (3 FAILED)[39m (0 secs / 1.323 secs)
LOG: 'AuthService: Constructor called'
[1A[2KLOG: [36m'AuthService: Initializing authentication...'[39m
Chrome Headless 139.0.0.0 (Windows 10): Executed 94 of 1101[31m (3 FAILED)[39m (0 secs / 1.323 secs)
LOG: 'AuthService: Initializing authentication...'
[1A[2KERROR: [36m'Auth Service Error:', Error: timeout
Error: timeout
    at UserContext.<anonymous> (http://localhost:9876/_karma_webpack_/webpack:/src/app/features/auth/services/auth.service.spec.ts:420:28)
    at Generator.next (<anonymous>)
    at asyncGeneratorStep (http://localhost:9876/_karma_webpack_/webpack:/node_modules/@babel/runtime/helpers/esm/asyncToGenerator.js:3:1)
    at _next (http://localhost:9876/_karma_webpack_/webpack:/node_modules/@babel/runtime/helpers/esm/asyncToGenerator.js:17:1)
    at executor (http://localhost:9876/_karma_webpack_/webpack:/node_modules/@babel/runtime/helpers/esm/asyncToGenerator.js:22:1)
    at new ZoneAwarePromise (http://localhost:9876/_karma_webpack_/webpack:/node_modules/zone.js/fesm2015/zone.js:2701:25)
    at UserContext.<anonymous> (http://localhost:9876/_karma_webpack_/webpack:/node_modules/@babel/runtime/helpers/esm/asyncToGenerator.js:14:1)
    at QueueRunner.attempt (http://localhost:9876/base/node_modules/karma-jasmine/node_modules/jasmine-core/lib/jasmine-core/jasmine.js?86d98e11f43f2c8cfac9fb4806ed6c0aced74cbe:7632:40)
    at QueueRunner.run (http://localhost:9876/base/node_modules/karma-jasmine/node_modules/jasmine-core/lib/jasmine-core/jasmine.js?86d98e11f43f2c8cfac9fb4806ed6c0aced74cbe:7670:27)
    at runNext (http://localhost:9876/base/node_modules/karma-jasmine/node_modules/jasmine-core/lib/jasmine-core/jasmine.js?86d98e11f43f2c8cfac9fb4806ed6c0aced74cbe:7574:16)[39m
Chrome Headless 139.0.0.0 (Windows 10): Executed 94 of 1101[31m (3 FAILED)[39m (0 secs / 1.323 secs)
ERROR: 'Auth Service Error:', Error: timeout
Error: timeout
    at UserContext.<anonymous> (http://localhost:9876/_karma_webpack_/webpack:/src/app/features/auth/services/auth.service.spec.ts:420:28)
    at Generator.next (<anonymous>)
    at asyncGeneratorStep (http://localhost:9876/_karma_webpack_/webpack:/node_modules/@babel/runtime/helpers/esm/asyncToGenerator.js:3:1)
    at _next (http://localhost:9876/_karma_webpack_/webpack:/node_modules/@babel/runtime/helpers/esm/asyncToGenerator.js:17:1)
    at executor (http://localhost:9876/_karma_webpack_/webpack:/node_modules/@babel/runtime/helpers/esm/asyncToGenerator.js:22:1)
    at new ZoneAwarePromise (http://localhost:9876/_karma_webpack_/webpack:/node_modules/zone.js/fesm2015/zone.js:2701:25)
    at UserContext.<anonymous> (http://localhost:9876/_karma_webpack_/webpack:/node_modules/@babel/runtime/helpers/esm/asyncToGenerator.js:14:1)
    at QueueRunner.attempt (http://localhost:9876/base/node_modules/karma-jasmine/node_modules/jasmine-core/lib/jasmine-core/jasmine.js?86d98e11f43f2c8cfac9fb4806ed6c0aced74cbe:7632:40)
    at QueueRunner.run (http://localhost:9876/base/node_modules/karma-jasmine/node_modules/jasmine-core/lib/jasmine-core/jasmine.js?86d98e11f43f2c8cfac9fb4806ed6c0aced74cbe:7670:27)
    at runNext (http://localhost:9876/base/node_modules/karma-jasmine/node_modules/jasmine-core/lib/jasmine-core/jasmine.js?86d98e11f43f2c8cfac9fb4806ed6c0aced74cbe:7574:16)
[1A[2KChrome Headless 139.0.0.0 (Windows 10): Executed 95 of 1101[31m (3 FAILED)[39m (0 secs / 1.591 secs)
[1A[2KWARN: [36m'NG0914: The application is using zoneless change detection, but is still loading Zone.js. Consider removing Zone.js to get the full benefits of zoneless. In applications using the Angular CLI, Zone.js is typically included in the "polyfills" section of the angular.json file.'[39m
Chrome Headless 139.0.0.0 (Windows 10): Executed 95 of 1101[31m (3 FAILED)[39m (0 secs / 1.591 secs)
WARN: 'NG0914: The application is using zoneless change detection, but is still loading Zone.js. Consider removing Zone.js to get the full benefits of zoneless. In applications using the Angular CLI, Zone.js is typically included in the "polyfills" section of the angular.json file.'
[1A[2KLOG: [36m'AuthService: Constructor called'[39m
Chrome Headless 139.0.0.0 (Windows 10): Executed 95 of 1101[31m (3 FAILED)[39m (0 secs / 1.591 secs)
LOG: 'AuthService: Constructor called'
[1A[2KLOG: [36m'AuthService: Initializing authentication...'[39m
Chrome Headless 139.0.0.0 (Windows 10): Executed 95 of 1101[31m (3 FAILED)[39m (0 secs / 1.591 secs)
LOG: 'AuthService: Initializing authentication...'
[1A[2KERROR: [36m'Auth Service Error:', Object{status: 999}[39m
Chrome Headless 139.0.0.0 (Windows 10): Executed 95 of 1101[31m (3 FAILED)[39m (0 secs / 1.591 secs)
ERROR: 'Auth Service Error:', Object{status: 999}
[1A[2KChrome Headless 139.0.0.0 (Windows 10): Executed 96 of 1101[31m (3 FAILED)[39m (0 secs / 1.593 secs)
[1A[2KWARN: [36m'NG0914: The application is using zoneless change detection, but is still loading Zone.js. Consider removing Zone.js to get the full benefits of zoneless. In applications using the Angular CLI, Zone.js is typically included in the "polyfills" section of the angular.json file.'[39m
Chrome Headless 139.0.0.0 (Windows 10): Executed 96 of 1101[31m (3 FAILED)[39m (0 secs / 1.593 secs)
WARN: 'NG0914: The application is using zoneless change detection, but is still loading Zone.js. Consider removing Zone.js to get the full benefits of zoneless. In applications using the Angular CLI, Zone.js is typically included in the "polyfills" section of the angular.json file.'
[1A[2KLOG: [36m'AuthService: Constructor called'[39m
Chrome Headless 139.0.0.0 (Windows 10): Executed 96 of 1101[31m (3 FAILED)[39m (0 secs / 1.593 secs)
LOG: 'AuthService: Constructor called'
[1A[2KLOG: [36m'AuthService: Initializing authentication...'[39m
Chrome Headless 139.0.0.0 (Windows 10): Executed 96 of 1101[31m (3 FAILED)[39m (0 secs / 1.593 secs)
LOG: 'AuthService: Initializing authentication...'
[1A[2KERROR: [36m'Auth Service Error:', Object{status: 422, error: Object{errors: [..., ...]}}[39m
Chrome Headless 139.0.0.0 (Windows 10): Executed 96 of 1101[31m (3 FAILED)[39m (0 secs / 1.593 secs)
ERROR: 'Auth Service Error:', Object{status: 422, error: Object{errors: [..., ...]}}
[1A[2KChrome Headless 139.0.0.0 (Windows 10): Executed 97 of 1101[31m (3 FAILED)[39m (0 secs / 1.595 secs)
[1A[2KWARN: [36m'NG0914: The application is using zoneless change detection, but is still loading Zone.js. Consider removing Zone.js to get the full benefits of zoneless. In applications using the Angular CLI, Zone.js is typically included in the "polyfills" section of the angular.json file.'[39m
Chrome Headless 139.0.0.0 (Windows 10): Executed 97 of 1101[31m (3 FAILED)[39m (0 secs / 1.595 secs)
WARN: 'NG0914: The application is using zoneless change detection, but is still loading Zone.js. Consider removing Zone.js to get the full benefits of zoneless. In applications using the Angular CLI, Zone.js is typically included in the "polyfills" section of the angular.json file.'
[1A[2KLOG: [36m'AuthService: Constructor called'[39m
Chrome Headless 139.0.0.0 (Windows 10): Executed 97 of 1101[31m (3 FAILED)[39m (0 secs / 1.595 secs)
LOG: 'AuthService: Constructor called'
[1A[2KLOG: [36m'AuthService: Initializing authentication...'[39m
Chrome Headless 139.0.0.0 (Windows 10): Executed 97 of 1101[31m (3 FAILED)[39m (0 secs / 1.595 secs)
LOG: 'AuthService: Initializing authentication...'
[1A[2KERROR: [36m'Auth Service Error:', Object{status: 400, error: Object{error: 'Nested error message'}}[39m
Chrome Headless 139.0.0.0 (Windows 10): Executed 97 of 1101[31m (3 FAILED)[39m (0 secs / 1.595 secs)
ERROR: 'Auth Service Error:', Object{status: 400, error: Object{error: 'Nested error message'}}
[1A[2KChrome Headless 139.0.0.0 (Windows 10): Executed 98 of 1101[31m (3 FAILED)[39m (0 secs / 1.598 secs)
[1A[2KWARN: [36m'NG0914: The application is using zoneless change detection, but is still loading Zone.js. Consider removing Zone.js to get the full benefits of zoneless. In applications using the Angular CLI, Zone.js is typically included in the "polyfills" section of the angular.json file.'[39m
Chrome Headless 139.0.0.0 (Windows 10): Executed 98 of 1101[31m (3 FAILED)[39m (0 secs / 1.598 secs)
WARN: 'NG0914: The application is using zoneless change detection, but is still loading Zone.js. Consider removing Zone.js to get the full benefits of zoneless. In applications using the Angular CLI, Zone.js is typically included in the "polyfills" section of the angular.json file.'
[1A[2KLOG: [36m'AuthService: Constructor called'[39m
Chrome Headless 139.0.0.0 (Windows 10): Executed 98 of 1101[31m (3 FAILED)[39m (0 secs / 1.598 secs)
LOG: 'AuthService: Constructor called'
[1A[2KLOG: [36m'AuthService: Initializing authentication...'[39m
Chrome Headless 139.0.0.0 (Windows 10): Executed 98 of 1101[31m (3 FAILED)[39m (0 secs / 1.598 secs)
LOG: 'AuthService: Initializing authentication...'
[1A[2KERROR: [36m'Auth Service Error:', Error: Network Error
Error: Network Error
    at UserContext.<anonymous> (http://localhost:9876/_karma_webpack_/webpack:/src/app/features/auth/services/auth.service.spec.ts:406:28)
    at Generator.next (<anonymous>)
    at asyncGeneratorStep (http://localhost:9876/_karma_webpack_/webpack:/node_modules/@babel/runtime/helpers/esm/asyncToGenerator.js:3:1)
    at _next (http://localhost:9876/_karma_webpack_/webpack:/node_modules/@babel/runtime/helpers/esm/asyncToGenerator.js:17:1)
    at executor (http://localhost:9876/_karma_webpack_/webpack:/node_modules/@babel/runtime/helpers/esm/asyncToGenerator.js:22:1)
    at new ZoneAwarePromise (http://localhost:9876/_karma_webpack_/webpack:/node_modules/zone.js/fesm2015/zone.js:2701:25)
    at UserContext.<anonymous> (http://localhost:9876/_karma_webpack_/webpack:/node_modules/@babel/runtime/helpers/esm/asyncToGenerator.js:14:1)
    at QueueRunner.attempt (http://localhost:9876/base/node_modules/karma-jasmine/node_modules/jasmine-core/lib/jasmine-core/jasmine.js?86d98e11f43f2c8cfac9fb4806ed6c0aced74cbe:7632:40)
    at QueueRunner.run (http://localhost:9876/base/node_modules/karma-jasmine/node_modules/jasmine-core/lib/jasmine-core/jasmine.js?86d98e11f43f2c8cfac9fb4806ed6c0aced74cbe:7670:27)
    at runNext (http://localhost:9876/base/node_modules/karma-jasmine/node_modules/jasmine-core/lib/jasmine-core/jasmine.js?86d98e11f43f2c8cfac9fb4806ed6c0aced74cbe:7574:16)[39m
Chrome Headless 139.0.0.0 (Windows 10): Executed 98 of 1101[31m (3 FAILED)[39m (0 secs / 1.598 secs)
ERROR: 'Auth Service Error:', Error: Network Error
Error: Network Error
    at UserContext.<anonymous> (http://localhost:9876/_karma_webpack_/webpack:/src/app/features/auth/services/auth.service.spec.ts:406:28)
    at Generator.next (<anonymous>)
    at asyncGeneratorStep (http://localhost:9876/_karma_webpack_/webpack:/node_modules/@babel/runtime/helpers/esm/asyncToGenerator.js:3:1)
    at _next (http://localhost:9876/_karma_webpack_/webpack:/node_modules/@babel/runtime/helpers/esm/asyncToGenerator.js:17:1)
    at executor (http://localhost:9876/_karma_webpack_/webpack:/node_modules/@babel/runtime/helpers/esm/asyncToGenerator.js:22:1)
    at new ZoneAwarePromise (http://localhost:9876/_karma_webpack_/webpack:/node_modules/zone.js/fesm2015/zone.js:2701:25)
    at UserContext.<anonymous> (http://localhost:9876/_karma_webpack_/webpack:/node_modules/@babel/runtime/helpers/esm/asyncToGenerator.js:14:1)
    at QueueRunner.attempt (http://localhost:9876/base/node_modules/karma-jasmine/node_modules/jasmine-core/lib/jasmine-core/jasmine.js?86d98e11f43f2c8cfac9fb4806ed6c0aced74cbe:7632:40)
    at QueueRunner.run (http://localhost:9876/base/node_modules/karma-jasmine/node_modules/jasmine-core/lib/jasmine-core/jasmine.js?86d98e11f43f2c8cfac9fb4806ed6c0aced74cbe:7670:27)
    at runNext (http://localhost:9876/base/node_modules/karma-jasmine/node_modules/jasmine-core/lib/jasmine-core/jasmine.js?86d98e11f43f2c8cfac9fb4806ed6c0aced74cbe:7574:16)
[1A[2KChrome Headless 139.0.0.0 (Windows 10): Executed 99 of 1101[31m (3 FAILED)[39m (0 secs / 1.601 secs)
[1A[2KWARN: [36m'NG0914: The application is using zoneless change detection, but is still loading Zone.js. Consider removing Zone.js to get the full benefits of zoneless. In applications using the Angular CLI, Zone.js is typically included in the "polyfills" section of the angular.json file.'[39m
Chrome Headless 139.0.0.0 (Windows 10): Executed 99 of 1101[31m (3 FAILED)[39m (0 secs / 1.601 secs)
WARN: 'NG0914: The application is using zoneless change detection, but is still loading Zone.js. Consider removing Zone.js to get the full benefits of zoneless. In applications using the Angular CLI, Zone.js is typically included in the "polyfills" section of the angular.json file.'
[1A[2KLOG: [36m'AuthService: Constructor called'[39m
Chrome Headless 139.0.0.0 (Windows 10): Executed 99 of 1101[31m (3 FAILED)[39m (0 secs / 1.601 secs)
LOG: 'AuthService: Constructor called'
[1A[2KLOG: [36m'AuthService: Initializing authentication...'[39m
Chrome Headless 139.0.0.0 (Windows 10): Executed 99 of 1101[31m (3 FAILED)[39m (0 secs / 1.601 secs)
LOG: 'AuthService: Initializing authentication...'
[1A[2KLOG: [36m'AuthService: Starting to load user profile'[39m
Chrome Headless 139.0.0.0 (Windows 10): Executed 99 of 1101[31m (3 FAILED)[39m (0 secs / 1.601 secs)
LOG: 'AuthService: Starting to load user profile'
[1A[2KLOG: [36m'AuthService: Using stored user data for profile'[39m
Chrome Headless 139.0.0.0 (Windows 10): Executed 99 of 1101[31m (3 FAILED)[39m (0 secs / 1.601 secs)
LOG: 'AuthService: Using stored user data for profile'
[1A[2KLOG: [36m'AuthService: User profile loaded successfully:', Object{_id: 'user123', email: 'test@example.com', firstName: 'John', lastName: 'Doe', isActive: true, createdAt: Sat Sep 06 2025 18:35:26 GMT+0100 (British Summer Time), updatedAt: Sat Sep 06 2025 18:35:26 GMT+0100 (British Summer Time)}[39m
Chrome Headless 139.0.0.0 (Windows 10): Executed 99 of 1101[31m (3 FAILED)[39m (0 secs / 1.601 secs)
LOG: 'AuthService: User profile loaded successfully:', Object{_id: 'user123', email: 'test@example.com', firstName: 'John', lastName: 'Doe', isActive: true, createdAt: Sat Sep 06 2025 18:35:26 GMT+0100 (British Summer Time), updatedAt: Sat Sep 06 2025 18:35:26 GMT+0100 (British Summer Time)}
[1A[2KChrome Headless 139.0.0.0 (Windows 10): Executed 100 of 1101[31m (3 FAILED)[39m (0 secs / 1.603 secs)
[1A[2KWARN: [36m'NG0914: The application is using zoneless change detection, but is still loading Zone.js. Consider removing Zone.js to get the full benefits of zoneless. In applications using the Angular CLI, Zone.js is typically included in the "polyfills" section of the angular.json file.'[39m
Chrome Headless 139.0.0.0 (Windows 10): Executed 100 of 1101[31m (3 FAILED)[39m (0 secs / 1.603 secs)
WARN: 'NG0914: The application is using zoneless change detection, but is still loading Zone.js. Consider removing Zone.js to get the full benefits of zoneless. In applications using the Angular CLI, Zone.js is typically included in the "polyfills" section of the angular.json file.'
[1A[2KLOG: [36m'AuthService: Constructor called'[39m
Chrome Headless 139.0.0.0 (Windows 10): Executed 100 of 1101[31m (3 FAILED)[39m (0 secs / 1.603 secs)
LOG: 'AuthService: Constructor called'
[1A[2KLOG: [36m'AuthService: Initializing authentication...'[39m
Chrome Headless 139.0.0.0 (Windows 10): Executed 100 of 1101[31m (3 FAILED)[39m (0 secs / 1.603 secs)
LOG: 'AuthService: Initializing authentication...'
[1A[2KLOG: [36m'AuthService: Starting to load user profile'[39m
Chrome Headless 139.0.0.0 (Windows 10): Executed 100 of 1101[31m (3 FAILED)[39m (0 secs / 1.603 secs)
LOG: 'AuthService: Starting to load user profile'
[1A[2KERROR: [36m'Auth Service Error:', Object{status: 401}[39m
Chrome Headless 139.0.0.0 (Windows 10): Executed 100 of 1101[31m (3 FAILED)[39m (0 secs / 1.603 secs)
ERROR: 'Auth Service Error:', Object{status: 401}
[1A[2KLOG: [36m'AuthService: Failed to load user profile:', Object{status: 401, message: 'Invalid credentials. Please check your email and password.', timestamp: '2025-09-06T17:35:27.962Z', userFriendly: true}[39m
Chrome Headless 139.0.0.0 (Windows 10): Executed 100 of 1101[31m (3 FAILED)[39m (0 secs / 1.603 secs)
LOG: 'AuthService: Failed to load user profile:', Object{status: 401, message: 'Invalid credentials. Please check your email and password.', timestamp: '2025-09-06T17:35:27.962Z', userFriendly: true}
[1A[2KLOG: [36m'AuthService: 401 error, clearing tokens and logging out'[39m
Chrome Headless 139.0.0.0 (Windows 10): Executed 100 of 1101[31m (3 FAILED)[39m (0 secs / 1.603 secs)
LOG: 'AuthService: 401 error, clearing tokens and logging out'
[1A[2KChrome Headless 139.0.0.0 (Windows 10): Executed 101 of 1101[31m (3 FAILED)[39m (0 secs / 1.604 secs)
[1A[2KWARN: [36m'NG0914: The application is using zoneless change detection, but is still loading Zone.js. Consider removing Zone.js to get the full benefits of zoneless. In applications using the Angular CLI, Zone.js is typically included in the "polyfills" section of the angular.json file.'[39m
Chrome Headless 139.0.0.0 (Windows 10): Executed 101 of 1101[31m (3 FAILED)[39m (0 secs / 1.604 secs)
WARN: 'NG0914: The application is using zoneless change detection, but is still loading Zone.js. Consider removing Zone.js to get the full benefits of zoneless. In applications using the Angular CLI, Zone.js is typically included in the "polyfills" section of the angular.json file.'
[1A[2KLOG: [36m'AuthService: Constructor called'[39m
Chrome Headless 139.0.0.0 (Windows 10): Executed 101 of 1101[31m (3 FAILED)[39m (0 secs / 1.604 secs)
LOG: 'AuthService: Constructor called'
[1A[2KLOG: [36m'AuthService: Initializing authentication...'[39m
Chrome Headless 139.0.0.0 (Windows 10): Executed 101 of 1101[31m (3 FAILED)[39m (0 secs / 1.604 secs)
LOG: 'AuthService: Initializing authentication...'
[1A[2KLOG: [36m'AuthService: Starting to load user profile'[39m
Chrome Headless 139.0.0.0 (Windows 10): Executed 101 of 1101[31m (3 FAILED)[39m (0 secs / 1.604 secs)
LOG: 'AuthService: Starting to load user profile'
[1A[2KERROR: [36m'Auth Service Error:', Object{status: 500}[39m
Chrome Headless 139.0.0.0 (Windows 10): Executed 101 of 1101[31m (3 FAILED)[39m (0 secs / 1.604 secs)
ERROR: 'Auth Service Error:', Object{status: 500}
[1A[2KLOG: [36m'AuthService: Failed to load user profile:', Object{status: 500, message: 'Server error. Please try again later.', timestamp: '2025-09-06T17:35:27.964Z', userFriendly: true}[39m
Chrome Headless 139.0.0.0 (Windows 10): Executed 101 of 1101[31m (3 FAILED)[39m (0 secs / 1.604 secs)
LOG: 'AuthService: Failed to load user profile:', Object{status: 500, message: 'Server error. Please try again later.', timestamp: '2025-09-06T17:35:27.964Z', userFriendly: true}
[1A[2KChrome Headless 139.0.0.0 (Windows 10): Executed 102 of 1101[31m (3 FAILED)[39m (0 secs / 1.605 secs)
[1A[2KWARN: [36m'NG0914: The application is using zoneless change detection, but is still loading Zone.js. Consider removing Zone.js to get the full benefits of zoneless. In applications using the Angular CLI, Zone.js is typically included in the "polyfills" section of the angular.json file.'[39m
Chrome Headless 139.0.0.0 (Windows 10): Executed 102 of 1101[31m (3 FAILED)[39m (0 secs / 1.605 secs)
WARN: 'NG0914: The application is using zoneless change detection, but is still loading Zone.js. Consider removing Zone.js to get the full benefits of zoneless. In applications using the Angular CLI, Zone.js is typically included in the "polyfills" section of the angular.json file.'
[1A[2KLOG: [36m'AuthService: Constructor called'[39m
Chrome Headless 139.0.0.0 (Windows 10): Executed 102 of 1101[31m (3 FAILED)[39m (0 secs / 1.605 secs)
LOG: 'AuthService: Constructor called'
[1A[2KLOG: [36m'AuthService: Initializing authentication...'[39m
Chrome Headless 139.0.0.0 (Windows 10): Executed 102 of 1101[31m (3 FAILED)[39m (0 secs / 1.605 secs)
LOG: 'AuthService: Initializing authentication...'
[1A[2KChrome Headless 139.0.0.0 (Windows 10): Executed 103 of 1101[31m (3 FAILED)[39m (0 secs / 1.607 secs)
[1A[2KWARN: [36m'NG0914: The application is using zoneless change detection, but is still loading Zone.js. Consider removing Zone.js to get the full benefits of zoneless. In applications using the Angular CLI, Zone.js is typically included in the "polyfills" section of the angular.json file.'[39m
Chrome Headless 139.0.0.0 (Windows 10): Executed 103 of 1101[31m (3 FAILED)[39m (0 secs / 1.607 secs)
WARN: 'NG0914: The application is using zoneless change detection, but is still loading Zone.js. Consider removing Zone.js to get the full benefits of zoneless. In applications using the Angular CLI, Zone.js is typically included in the "polyfills" section of the angular.json file.'
[1A[2KLOG: [36m'AuthService: Constructor called'[39m
Chrome Headless 139.0.0.0 (Windows 10): Executed 103 of 1101[31m (3 FAILED)[39m (0 secs / 1.607 secs)
LOG: 'AuthService: Constructor called'
[1A[2KLOG: [36m'AuthService: Initializing authentication...'[39m
Chrome Headless 139.0.0.0 (Windows 10): Executed 103 of 1101[31m (3 FAILED)[39m (0 secs / 1.607 secs)
LOG: 'AuthService: Initializing authentication...'
[1A[2KChrome Headless 139.0.0.0 (Windows 10): Executed 104 of 1101[31m (3 FAILED)[39m (0 secs / 1.609 secs)
[1A[2KWARN: [36m'NG0914: The application is using zoneless change detection, but is still loading Zone.js. Consider removing Zone.js to get the full benefits of zoneless. In applications using the Angular CLI, Zone.js is typically included in the "polyfills" section of the angular.json file.'[39m
Chrome Headless 139.0.0.0 (Windows 10): Executed 104 of 1101[31m (3 FAILED)[39m (0 secs / 1.609 secs)
WARN: 'NG0914: The application is using zoneless change detection, but is still loading Zone.js. Consider removing Zone.js to get the full benefits of zoneless. In applications using the Angular CLI, Zone.js is typically included in the "polyfills" section of the angular.json file.'
[1A[2KLOG: [36m'AuthService: Constructor called'[39m
Chrome Headless 139.0.0.0 (Windows 10): Executed 104 of 1101[31m (3 FAILED)[39m (0 secs / 1.609 secs)
LOG: 'AuthService: Constructor called'
[1A[2KLOG: [36m'AuthService: Initializing authentication...'[39m
Chrome Headless 139.0.0.0 (Windows 10): Executed 104 of 1101[31m (3 FAILED)[39m (0 secs / 1.609 secs)
LOG: 'AuthService: Initializing authentication...'
[1A[2KChrome Headless 139.0.0.0 (Windows 10): Executed 105 of 1101[31m (3 FAILED)[39m (0 secs / 1.61 secs)
[1A[2KWARN: [36m'NG0914: The application is using zoneless change detection, but is still loading Zone.js. Consider removing Zone.js to get the full benefits of zoneless. In applications using the Angular CLI, Zone.js is typically included in the "polyfills" section of the angular.json file.'[39m
Chrome Headless 139.0.0.0 (Windows 10): Executed 105 of 1101[31m (3 FAILED)[39m (0 secs / 1.61 secs)
WARN: 'NG0914: The application is using zoneless change detection, but is still loading Zone.js. Consider removing Zone.js to get the full benefits of zoneless. In applications using the Angular CLI, Zone.js is typically included in the "polyfills" section of the angular.json file.'
[1A[2KLOG: [36m'AuthService: Constructor called'[39m
Chrome Headless 139.0.0.0 (Windows 10): Executed 105 of 1101[31m (3 FAILED)[39m (0 secs / 1.61 secs)
LOG: 'AuthService: Constructor called'
[1A[2KLOG: [36m'AuthService: Initializing authentication...'[39m
Chrome Headless 139.0.0.0 (Windows 10): Executed 105 of 1101[31m (3 FAILED)[39m (0 secs / 1.61 secs)
LOG: 'AuthService: Initializing authentication...'
[1A[2KChrome Headless 139.0.0.0 (Windows 10): Executed 106 of 1101[31m (3 FAILED)[39m (0 secs / 1.611 secs)
[1A[2KWARN: [36m'NG0914: The application is using zoneless change detection, but is still loading Zone.js. Consider removing Zone.js to get the full benefits of zoneless. In applications using the Angular CLI, Zone.js is typically included in the "polyfills" section of the angular.json file.'[39m
Chrome Headless 139.0.0.0 (Windows 10): Executed 106 of 1101[31m (3 FAILED)[39m (0 secs / 1.611 secs)
WARN: 'NG0914: The application is using zoneless change detection, but is still loading Zone.js. Consider removing Zone.js to get the full benefits of zoneless. In applications using the Angular CLI, Zone.js is typically included in the "polyfills" section of the angular.json file.'
[1A[2KLOG: [36m'AuthService: Constructor called'[39m
Chrome Headless 139.0.0.0 (Windows 10): Executed 106 of 1101[31m (3 FAILED)[39m (0 secs / 1.611 secs)
LOG: 'AuthService: Constructor called'
[1A[2KLOG: [36m'AuthService: Initializing authentication...'[39m
Chrome Headless 139.0.0.0 (Windows 10): Executed 106 of 1101[31m (3 FAILED)[39m (0 secs / 1.611 secs)
LOG: 'AuthService: Initializing authentication...'
[1A[2KERROR: [36m'AuthService: Token refresh failed:', Object{status: 401, error: Object{message: 'Invalid refresh token'}}[39m
Chrome Headless 139.0.0.0 (Windows 10): Executed 106 of 1101[31m (3 FAILED)[39m (0 secs / 1.611 secs)
ERROR: 'AuthService: Token refresh failed:', Object{status: 401, error: Object{message: 'Invalid refresh token'}}
[1A[2KChrome Headless 139.0.0.0 (Windows 10): Executed 107 of 1101[31m (3 FAILED)[39m (0 secs / 1.613 secs)
[1A[2KWARN: [36m'NG0914: The application is using zoneless change detection, but is still loading Zone.js. Consider removing Zone.js to get the full benefits of zoneless. In applications using the Angular CLI, Zone.js is typically included in the "polyfills" section of the angular.json file.'[39m
Chrome Headless 139.0.0.0 (Windows 10): Executed 107 of 1101[31m (3 FAILED)[39m (0 secs / 1.613 secs)
WARN: 'NG0914: The application is using zoneless change detection, but is still loading Zone.js. Consider removing Zone.js to get the full benefits of zoneless. In applications using the Angular CLI, Zone.js is typically included in the "polyfills" section of the angular.json file.'
[1A[2KLOG: [36m'AuthService: Constructor called'[39m
Chrome Headless 139.0.0.0 (Windows 10): Executed 107 of 1101[31m (3 FAILED)[39m (0 secs / 1.613 secs)
LOG: 'AuthService: Constructor called'
[1A[2KLOG: [36m'AuthService: Initializing authentication...'[39m
Chrome Headless 139.0.0.0 (Windows 10): Executed 107 of 1101[31m (3 FAILED)[39m (0 secs / 1.613 secs)
LOG: 'AuthService: Initializing authentication...'
[1A[2KLOG: [36m'AuthService: Token refreshed successfully'[39m
Chrome Headless 139.0.0.0 (Windows 10): Executed 107 of 1101[31m (3 FAILED)[39m (0 secs / 1.613 secs)
LOG: 'AuthService: Token refreshed successfully'
[1A[2KChrome Headless 139.0.0.0 (Windows 10): Executed 108 of 1101[31m (3 FAILED)[39m (0 secs / 1.614 secs)
[1A[2KWARN: [36m'NG0914: The application is using zoneless change detection, but is still loading Zone.js. Consider removing Zone.js to get the full benefits of zoneless. In applications using the Angular CLI, Zone.js is typically included in the "polyfills" section of the angular.json file.'[39m
Chrome Headless 139.0.0.0 (Windows 10): Executed 108 of 1101[31m (3 FAILED)[39m (0 secs / 1.614 secs)
WARN: 'NG0914: The application is using zoneless change detection, but is still loading Zone.js. Consider removing Zone.js to get the full benefits of zoneless. In applications using the Angular CLI, Zone.js is typically included in the "polyfills" section of the angular.json file.'
[1A[2KLOG: [36m'AuthService: Constructor called'[39m
Chrome Headless 139.0.0.0 (Windows 10): Executed 108 of 1101[31m (3 FAILED)[39m (0 secs / 1.614 secs)
LOG: 'AuthService: Constructor called'
[1A[2KLOG: [36m'AuthService: Initializing authentication...'[39m
Chrome Headless 139.0.0.0 (Windows 10): Executed 108 of 1101[31m (3 FAILED)[39m (0 secs / 1.614 secs)
LOG: 'AuthService: Initializing authentication...'
[1A[2KChrome Headless 139.0.0.0 (Windows 10): Executed 109 of 1101[31m (3 FAILED)[39m (0 secs / 1.615 secs)
[1A[2KWARN: [36m'NG0914: The application is using zoneless change detection, but is still loading Zone.js. Consider removing Zone.js to get the full benefits of zoneless. In applications using the Angular CLI, Zone.js is typically included in the "polyfills" section of the angular.json file.'[39m
Chrome Headless 139.0.0.0 (Windows 10): Executed 109 of 1101[31m (3 FAILED)[39m (0 secs / 1.615 secs)
WARN: 'NG0914: The application is using zoneless change detection, but is still loading Zone.js. Consider removing Zone.js to get the full benefits of zoneless. In applications using the Angular CLI, Zone.js is typically included in the "polyfills" section of the angular.json file.'
[1A[2KLOG: [36m'AuthService: Constructor called'[39m
Chrome Headless 139.0.0.0 (Windows 10): Executed 109 of 1101[31m (3 FAILED)[39m (0 secs / 1.615 secs)
LOG: 'AuthService: Constructor called'
[1A[2KLOG: [36m'AuthService: Initializing authentication...'[39m
Chrome Headless 139.0.0.0 (Windows 10): Executed 109 of 1101[31m (3 FAILED)[39m (0 secs / 1.615 secs)
LOG: 'AuthService: Initializing authentication...'
[1A[2KChrome Headless 139.0.0.0 (Windows 10): Executed 110 of 1101[31m (3 FAILED)[39m (0 secs / 1.617 secs)
[1A[2KWARN: [36m'NG0914: The application is using zoneless change detection, but is still loading Zone.js. Consider removing Zone.js to get the full benefits of zoneless. In applications using the Angular CLI, Zone.js is typically included in the "polyfills" section of the angular.json file.'[39m
Chrome Headless 139.0.0.0 (Windows 10): Executed 110 of 1101[31m (3 FAILED)[39m (0 secs / 1.617 secs)
WARN: 'NG0914: The application is using zoneless change detection, but is still loading Zone.js. Consider removing Zone.js to get the full benefits of zoneless. In applications using the Angular CLI, Zone.js is typically included in the "polyfills" section of the angular.json file.'
[1A[2KLOG: [36m'AuthService: Constructor called'[39m
Chrome Headless 139.0.0.0 (Windows 10): Executed 110 of 1101[31m (3 FAILED)[39m (0 secs / 1.617 secs)
LOG: 'AuthService: Constructor called'
[1A[2KLOG: [36m'AuthService: Initializing authentication...'[39m
Chrome Headless 139.0.0.0 (Windows 10): Executed 110 of 1101[31m (3 FAILED)[39m (0 secs / 1.617 secs)
LOG: 'AuthService: Initializing authentication...'
[1A[2KLOG: [36m'AuthService: Initializing authentication...'[39m
Chrome Headless 139.0.0.0 (Windows 10): Executed 110 of 1101[31m (3 FAILED)[39m (0 secs / 1.617 secs)
LOG: 'AuthService: Initializing authentication...'
[1A[2KChrome Headless 139.0.0.0 (Windows 10): Executed 111 of 1101[31m (3 FAILED)[39m (0 secs / 1.619 secs)
[1A[2KWARN: [36m'NG0914: The application is using zoneless change detection, but is still loading Zone.js. Consider removing Zone.js to get the full benefits of zoneless. In applications using the Angular CLI, Zone.js is typically included in the "polyfills" section of the angular.json file.'[39m
Chrome Headless 139.0.0.0 (Windows 10): Executed 111 of 1101[31m (3 FAILED)[39m (0 secs / 1.619 secs)
WARN: 'NG0914: The application is using zoneless change detection, but is still loading Zone.js. Consider removing Zone.js to get the full benefits of zoneless. In applications using the Angular CLI, Zone.js is typically included in the "polyfills" section of the angular.json file.'
[1A[2KLOG: [36m'AuthService: Constructor called'[39m
Chrome Headless 139.0.0.0 (Windows 10): Executed 111 of 1101[31m (3 FAILED)[39m (0 secs / 1.619 secs)
LOG: 'AuthService: Constructor called'
[1A[2KLOG: [36m'AuthService: Initializing authentication...'[39m
Chrome Headless 139.0.0.0 (Windows 10): Executed 111 of 1101[31m (3 FAILED)[39m (0 secs / 1.619 secs)
LOG: 'AuthService: Initializing authentication...'
[1A[2KLOG: [36m'AuthService: Initializing authentication...'[39m
Chrome Headless 139.0.0.0 (Windows 10): Executed 111 of 1101[31m (3 FAILED)[39m (0 secs / 1.619 secs)
LOG: 'AuthService: Initializing authentication...'
[1A[2KLOG: [36m'AuthService: Token needs refresh, attempting to refresh...'[39m
Chrome Headless 139.0.0.0 (Windows 10): Executed 111 of 1101[31m (3 FAILED)[39m (0 secs / 1.619 secs)
LOG: 'AuthService: Token needs refresh, attempting to refresh...'
[1A[2KERROR: [36m'AuthService: Token refresh failed:', Error: Refresh failed
Error: Refresh failed
    at errorFactory (http://localhost:9876/_karma_webpack_/webpack:/src/app/features/auth/services/auth.service.spec.ts:359:72)
    at Observable._subscribe (http://localhost:9876/_karma_webpack_/webpack:/node_modules/rxjs/dist/esm/internal/observable/throwError.js:5:51)
    at Observable._trySubscribe (http://localhost:9876/_karma_webpack_/webpack:/node_modules/rxjs/dist/esm/internal/Observable.js:37:25)
    at cb (http://localhost:9876/_karma_webpack_/webpack:/node_modules/rxjs/dist/esm/internal/Observable.js:31:30)
    at errorContext (http://localhost:9876/_karma_webpack_/webpack:/node_modules/rxjs/dist/esm/internal/util/errorContext.js:19:9)
    at Observable.subscribe (http://localhost:9876/_karma_webpack_/webpack:/node_modules/rxjs/dist/esm/internal/Observable.js:22:21)
    at AuthService.refreshTokenInternal (http://localhost:9876/_karma_webpack_/webpack:/src/app/features/auth/services/auth.service.ts:299:44)
    at AuthService.initializeAuth (http://localhost:9876/_karma_webpack_/webpack:/src/app/features/auth/services/auth.service.ts:258:12)
    at UserContext.<anonymous> (http://localhost:9876/_karma_webpack_/webpack:/src/app/features/auth/services/auth.service.spec.ts:361:15)
    at QueueRunner.attempt (http://localhost:9876/base/node_modules/karma-jasmine/node_modules/jasmine-core/lib/jasmine-core/jasmine.js?86d98e11f43f2c8cfac9fb4806ed6c0aced74cbe:7643:40)[39m
Chrome Headless 139.0.0.0 (Windows 10): Executed 111 of 1101[31m (3 FAILED)[39m (0 secs / 1.619 secs)
ERROR: 'AuthService: Token refresh failed:', Error: Refresh failed
Error: Refresh failed
    at errorFactory (http://localhost:9876/_karma_webpack_/webpack:/src/app/features/auth/services/auth.service.spec.ts:359:72)
    at Observable._subscribe (http://localhost:9876/_karma_webpack_/webpack:/node_modules/rxjs/dist/esm/internal/observable/throwError.js:5:51)
    at Observable._trySubscribe (http://localhost:9876/_karma_webpack_/webpack:/node_modules/rxjs/dist/esm/internal/Observable.js:37:25)
    at cb (http://localhost:9876/_karma_webpack_/webpack:/node_modules/rxjs/dist/esm/internal/Observable.js:31:30)
    at errorContext (http://localhost:9876/_karma_webpack_/webpack:/node_modules/rxjs/dist/esm/internal/util/errorContext.js:19:9)
    at Observable.subscribe (http://localhost:9876/_karma_webpack_/webpack:/node_modules/rxjs/dist/esm/internal/Observable.js:22:21)
    at AuthService.refreshTokenInternal (http://localhost:9876/_karma_webpack_/webpack:/src/app/features/auth/services/auth.service.ts:299:44)
    at AuthService.initializeAuth (http://localhost:9876/_karma_webpack_/webpack:/src/app/features/auth/services/auth.service.ts:258:12)
    at UserContext.<anonymous> (http://localhost:9876/_karma_webpack_/webpack:/src/app/features/auth/services/auth.service.spec.ts:361:15)
    at QueueRunner.attempt (http://localhost:9876/base/node_modules/karma-jasmine/node_modules/jasmine-core/lib/jasmine-core/jasmine.js?86d98e11f43f2c8cfac9fb4806ed6c0aced74cbe:7643:40)
[1A[2KChrome Headless 139.0.0.0 (Windows 10): Executed 112 of 1101[31m (3 FAILED)[39m (0 secs / 1.822 secs)
[1A[2KWARN: [36m'NG0914: The application is using zoneless change detection, but is still loading Zone.js. Consider removing Zone.js to get the full benefits of zoneless. In applications using the Angular CLI, Zone.js is typically included in the "polyfills" section of the angular.json file.'[39m
Chrome Headless 139.0.0.0 (Windows 10): Executed 112 of 1101[31m (3 FAILED)[39m (0 secs / 1.822 secs)
WARN: 'NG0914: The application is using zoneless change detection, but is still loading Zone.js. Consider removing Zone.js to get the full benefits of zoneless. In applications using the Angular CLI, Zone.js is typically included in the "polyfills" section of the angular.json file.'
[1A[2KLOG: [36m'AuthService: Constructor called'[39m
Chrome Headless 139.0.0.0 (Windows 10): Executed 112 of 1101[31m (3 FAILED)[39m (0 secs / 1.822 secs)
LOG: 'AuthService: Constructor called'
[1A[2KLOG: [36m'AuthService: Initializing authentication...'[39m
Chrome Headless 139.0.0.0 (Windows 10): Executed 112 of 1101[31m (3 FAILED)[39m (0 secs / 1.822 secs)
LOG: 'AuthService: Initializing authentication...'
[1A[2KLOG: [36m'AuthService: Initializing authentication...'[39m
Chrome Headless 139.0.0.0 (Windows 10): Executed 112 of 1101[31m (3 FAILED)[39m (0 secs / 1.822 secs)
LOG: 'AuthService: Initializing authentication...'
[1A[2KLOG: [36m'AuthService: Token needs refresh, attempting to refresh...'[39m
Chrome Headless 139.0.0.0 (Windows 10): Executed 112 of 1101[31m (3 FAILED)[39m (0 secs / 1.822 secs)
LOG: 'AuthService: Token needs refresh, attempting to refresh...'
[1A[2KChrome Headless 139.0.0.0 (Windows 10): Executed 113 of 1101[31m (3 FAILED)[39m (0 secs / 1.824 secs)
[1A[2KWARN: [36m'NG0914: The application is using zoneless change detection, but is still loading Zone.js. Consider removing Zone.js to get the full benefits of zoneless. In applications using the Angular CLI, Zone.js is typically included in the "polyfills" section of the angular.json file.'[39m
Chrome Headless 139.0.0.0 (Windows 10): Executed 113 of 1101[31m (3 FAILED)[39m (0 secs / 1.824 secs)
WARN: 'NG0914: The application is using zoneless change detection, but is still loading Zone.js. Consider removing Zone.js to get the full benefits of zoneless. In applications using the Angular CLI, Zone.js is typically included in the "polyfills" section of the angular.json file.'
[1A[2KLOG: [36m'AuthService: Constructor called'[39m
Chrome Headless 139.0.0.0 (Windows 10): Executed 113 of 1101[31m (3 FAILED)[39m (0 secs / 1.824 secs)
LOG: 'AuthService: Constructor called'
[1A[2KLOG: [36m'AuthService: Initializing authentication...'[39m
Chrome Headless 139.0.0.0 (Windows 10): Executed 113 of 1101[31m (3 FAILED)[39m (0 secs / 1.824 secs)
LOG: 'AuthService: Initializing authentication...'
[1A[2KLOG: [36m'AuthService: Initializing authentication...'[39m
Chrome Headless 139.0.0.0 (Windows 10): Executed 113 of 1101[31m (3 FAILED)[39m (0 secs / 1.824 secs)
LOG: 'AuthService: Initializing authentication...'
[1A[2KLOG: [36m'AuthService: Valid token found, restoring user session'[39m
Chrome Headless 139.0.0.0 (Windows 10): Executed 113 of 1101[31m (3 FAILED)[39m (0 secs / 1.824 secs)
LOG: 'AuthService: Valid token found, restoring user session'
[1A[2KChrome Headless 139.0.0.0 (Windows 10): Executed 114 of 1101[31m (3 FAILED)[39m (0 secs / 1.826 secs)
[1A[2KWARN: [36m'NG0914: The application is using zoneless change detection, but is still loading Zone.js. Consider removing Zone.js to get the full benefits of zoneless. In applications using the Angular CLI, Zone.js is typically included in the "polyfills" section of the angular.json file.'[39m
Chrome Headless 139.0.0.0 (Windows 10): Executed 114 of 1101[31m (3 FAILED)[39m (0 secs / 1.826 secs)
WARN: 'NG0914: The application is using zoneless change detection, but is still loading Zone.js. Consider removing Zone.js to get the full benefits of zoneless. In applications using the Angular CLI, Zone.js is typically included in the "polyfills" section of the angular.json file.'
[1A[2KLOG: [36m'AuthService: Constructor called'[39m
Chrome Headless 139.0.0.0 (Windows 10): Executed 114 of 1101[31m (3 FAILED)[39m (0 secs / 1.826 secs)
LOG: 'AuthService: Constructor called'
[1A[2KLOG: [36m'AuthService: Initializing authentication...'[39m
Chrome Headless 139.0.0.0 (Windows 10): Executed 114 of 1101[31m (3 FAILED)[39m (0 secs / 1.826 secs)
LOG: 'AuthService: Initializing authentication...'
[1A[2KLOG: [36m'AuthService: Initializing authentication...'[39m
Chrome Headless 139.0.0.0 (Windows 10): Executed 114 of 1101[31m (3 FAILED)[39m (0 secs / 1.826 secs)
LOG: 'AuthService: Initializing authentication...'
[1A[2KLOG: [36m'AuthService: Valid token found, fetching user profile'[39m
Chrome Headless 139.0.0.0 (Windows 10): Executed 114 of 1101[31m (3 FAILED)[39m (0 secs / 1.826 secs)
LOG: 'AuthService: Valid token found, fetching user profile'
[1A[2KLOG: [36m'AuthService: User profile loaded successfully'[39m
Chrome Headless 139.0.0.0 (Windows 10): Executed 114 of 1101[31m (3 FAILED)[39m (0 secs / 1.826 secs)
LOG: 'AuthService: User profile loaded successfully'
[1A[2KChrome Headless 139.0.0.0 (Windows 10): Executed 115 of 1101[31m (3 FAILED)[39m (0 secs / 1.828 secs)
[1A[2KWARN: [36m'NG0914: The application is using zoneless change detection, but is still loading Zone.js. Consider removing Zone.js to get the full benefits of zoneless. In applications using the Angular CLI, Zone.js is typically included in the "polyfills" section of the angular.json file.'[39m
Chrome Headless 139.0.0.0 (Windows 10): Executed 115 of 1101[31m (3 FAILED)[39m (0 secs / 1.828 secs)
WARN: 'NG0914: The application is using zoneless change detection, but is still loading Zone.js. Consider removing Zone.js to get the full benefits of zoneless. In applications using the Angular CLI, Zone.js is typically included in the "polyfills" section of the angular.json file.'
[1A[2KLOG: [36m'AuthService: Constructor called'[39m
Chrome Headless 139.0.0.0 (Windows 10): Executed 115 of 1101[31m (3 FAILED)[39m (0 secs / 1.828 secs)
LOG: 'AuthService: Constructor called'
[1A[2KLOG: [36m'AuthService: Initializing authentication...'[39m
Chrome Headless 139.0.0.0 (Windows 10): Executed 115 of 1101[31m (3 FAILED)[39m (0 secs / 1.828 secs)
LOG: 'AuthService: Initializing authentication...'
[1A[2KLOG: [36m'AuthService: Initializing authentication...'[39m
Chrome Headless 139.0.0.0 (Windows 10): Executed 115 of 1101[31m (3 FAILED)[39m (0 secs / 1.828 secs)
LOG: 'AuthService: Initializing authentication...'
[1A[2KChrome Headless 139.0.0.0 (Windows 10): Executed 116 of 1101[31m (3 FAILED)[39m (0 secs / 1.83 secs)
[1A[2KWARN: [36m'NG0914: The application is using zoneless change detection, but is still loading Zone.js. Consider removing Zone.js to get the full benefits of zoneless. In applications using the Angular CLI, Zone.js is typically included in the "polyfills" section of the angular.json file.'[39m
Chrome Headless 139.0.0.0 (Windows 10): Executed 116 of 1101[31m (3 FAILED)[39m (skipped 1) (0 secs / 1.83 secs)
WARN: 'NG0914: The application is using zoneless change detection, but is still loading Zone.js. Consider removing Zone.js to get the full benefits of zoneless. In applications using the Angular CLI, Zone.js is typically included in the "polyfills" section of the angular.json file.'
[1A[2KLOG: [36m'AuthService: Constructor called'[39m
Chrome Headless 139.0.0.0 (Windows 10): Executed 116 of 1101[31m (3 FAILED)[39m (skipped 1) (0 secs / 1.83 secs)
LOG: 'AuthService: Constructor called'
[1A[2KLOG: [36m'AuthService: Initializing authentication...'[39m
Chrome Headless 139.0.0.0 (Windows 10): Executed 116 of 1101[31m (3 FAILED)[39m (skipped 1) (0 secs / 1.83 secs)
LOG: 'AuthService: Initializing authentication...'
[1A[2KChrome Headless 139.0.0.0 (Windows 10): Executed 117 of 1101[31m (3 FAILED)[39m (skipped 1) (0 secs / 1.832 secs)
[1A[2KWARN: [36m'NG0914: The application is using zoneless change detection, but is still loading Zone.js. Consider removing Zone.js to get the full benefits of zoneless. In applications using the Angular CLI, Zone.js is typically included in the "polyfills" section of the angular.json file.'[39m
Chrome Headless 139.0.0.0 (Windows 10): Executed 117 of 1101[31m (3 FAILED)[39m (skipped 1) (0 secs / 1.832 secs)
WARN: 'NG0914: The application is using zoneless change detection, but is still loading Zone.js. Consider removing Zone.js to get the full benefits of zoneless. In applications using the Angular CLI, Zone.js is typically included in the "polyfills" section of the angular.json file.'
[1A[2KLOG: [36m'AuthService: Constructor called'[39m
Chrome Headless 139.0.0.0 (Windows 10): Executed 117 of 1101[31m (3 FAILED)[39m (skipped 1) (0 secs / 1.832 secs)
LOG: 'AuthService: Constructor called'
[1A[2KLOG: [36m'AuthService: Initializing authentication...'[39m
Chrome Headless 139.0.0.0 (Windows 10): Executed 117 of 1101[31m (3 FAILED)[39m (skipped 1) (0 secs / 1.832 secs)
LOG: 'AuthService: Initializing authentication...'
[1A[2KChrome Headless 139.0.0.0 (Windows 10): Executed 118 of 1101[31m (3 FAILED)[39m (skipped 1) (0 secs / 1.834 secs)
[1A[2KWARN: [36m'NG0914: The application is using zoneless change detection, but is still loading Zone.js. Consider removing Zone.js to get the full benefits of zoneless. In applications using the Angular CLI, Zone.js is typically included in the "polyfills" section of the angular.json file.'[39m
Chrome Headless 139.0.0.0 (Windows 10): Executed 118 of 1101[31m (3 FAILED)[39m (skipped 1) (0 secs / 1.834 secs)
WARN: 'NG0914: The application is using zoneless change detection, but is still loading Zone.js. Consider removing Zone.js to get the full benefits of zoneless. In applications using the Angular CLI, Zone.js is typically included in the "polyfills" section of the angular.json file.'
[1A[2KLOG: [36m'AuthService: Constructor called'[39m
Chrome Headless 139.0.0.0 (Windows 10): Executed 118 of 1101[31m (3 FAILED)[39m (skipped 1) (0 secs / 1.834 secs)
LOG: 'AuthService: Constructor called'
[1A[2KLOG: [36m'AuthService: Initializing authentication...'[39m
Chrome Headless 139.0.0.0 (Windows 10): Executed 118 of 1101[31m (3 FAILED)[39m (skipped 1) (0 secs / 1.834 secs)
LOG: 'AuthService: Initializing authentication...'
[1A[2KLOG: [36m'AuthService: Initializing authentication...'[39m
Chrome Headless 139.0.0.0 (Windows 10): Executed 118 of 1101[31m (3 FAILED)[39m (skipped 1) (0 secs / 1.834 secs)
LOG: 'AuthService: Initializing authentication...'
[1A[2KLOG: [36m'AuthService: Valid token found, fetching user profile'[39m
Chrome Headless 139.0.0.0 (Windows 10): Executed 118 of 1101[31m (3 FAILED)[39m (skipped 1) (0 secs / 1.834 secs)
LOG: 'AuthService: Valid token found, fetching user profile'
[1A[2KLOG: [36m'AuthService: User profile loaded successfully'[39m
Chrome Headless 139.0.0.0 (Windows 10): Executed 118 of 1101[31m (3 FAILED)[39m (skipped 1) (0 secs / 1.834 secs)
LOG: 'AuthService: User profile loaded successfully'
[1A[2KChrome Headless 139.0.0.0 (Windows 10): Executed 119 of 1101[31m (3 FAILED)[39m (skipped 1) (0 secs / 1.837 secs)
[1A[2KWARN: [36m'NG0914: The application is using zoneless change detection, but is still loading Zone.js. Consider removing Zone.js to get the full benefits of zoneless. In applications using the Angular CLI, Zone.js is typically included in the "polyfills" section of the angular.json file.'[39m
Chrome Headless 139.0.0.0 (Windows 10): Executed 119 of 1101[31m (3 FAILED)[39m (skipped 1) (0 secs / 1.837 secs)
WARN: 'NG0914: The application is using zoneless change detection, but is still loading Zone.js. Consider removing Zone.js to get the full benefits of zoneless. In applications using the Angular CLI, Zone.js is typically included in the "polyfills" section of the angular.json file.'
[1A[2KLOG: [36m'AuthService: Constructor called'[39m
Chrome Headless 139.0.0.0 (Windows 10): Executed 119 of 1101[31m (3 FAILED)[39m (skipped 1) (0 secs / 1.837 secs)
LOG: 'AuthService: Constructor called'
[1A[2KLOG: [36m'AuthService: Initializing authentication...'[39m
Chrome Headless 139.0.0.0 (Windows 10): Executed 119 of 1101[31m (3 FAILED)[39m (skipped 1) (0 secs / 1.837 secs)
LOG: 'AuthService: Initializing authentication...'
[1A[2KLOG: [36m'AuthService: Initializing authentication...'[39m
Chrome Headless 139.0.0.0 (Windows 10): Executed 119 of 1101[31m (3 FAILED)[39m (skipped 1) (0 secs / 1.837 secs)
LOG: 'AuthService: Initializing authentication...'
[1A[2KLOG: [36m'AuthService: Valid token found, fetching user profile'[39m
Chrome Headless 139.0.0.0 (Windows 10): Executed 119 of 1101[31m (3 FAILED)[39m (skipped 1) (0 secs / 1.837 secs)
LOG: 'AuthService: Valid token found, fetching user profile'
[1A[2KERROR: [36m'AuthService: Failed to load user profile:', Error: Profile fetch failed
Error: Profile fetch failed
    at errorFactory (http://localhost:9876/_karma_webpack_/webpack:/src/app/features/auth/services/auth.service.spec.ts:625:73)
    at Observable._subscribe (http://localhost:9876/_karma_webpack_/webpack:/node_modules/rxjs/dist/esm/internal/observable/throwError.js:5:51)
    at Observable._trySubscribe (http://localhost:9876/_karma_webpack_/webpack:/node_modules/rxjs/dist/esm/internal/Observable.js:37:25)
    at cb (http://localhost:9876/_karma_webpack_/webpack:/node_modules/rxjs/dist/esm/internal/Observable.js:31:30)
    at errorContext (http://localhost:9876/_karma_webpack_/webpack:/node_modules/rxjs/dist/esm/internal/util/errorContext.js:19:9)
    at Observable.subscribe (http://localhost:9876/_karma_webpack_/webpack:/node_modules/rxjs/dist/esm/internal/Observable.js:22:21)
    at AuthService.initializeAuth (http://localhost:9876/_karma_webpack_/webpack:/src/app/features/auth/services/auth.service.ts:265:29)
    at UserContext.<anonymous> (http://localhost:9876/_karma_webpack_/webpack:/src/app/features/auth/services/auth.service.spec.ts:628:15)
    at QueueRunner.attempt (http://localhost:9876/base/node_modules/karma-jasmine/node_modules/jasmine-core/lib/jasmine-core/jasmine.js?86d98e11f43f2c8cfac9fb4806ed6c0aced74cbe:7632:40)
    at QueueRunner.run (http://localhost:9876/base/node_modules/karma-jasmine/node_modules/jasmine-core/lib/jasmine-core/jasmine.js?86d98e11f43f2c8cfac9fb4806ed6c0aced74cbe:7670:27)[39m
Chrome Headless 139.0.0.0 (Windows 10): Executed 119 of 1101[31m (3 FAILED)[39m (skipped 1) (0 secs / 1.837 secs)
ERROR: 'AuthService: Failed to load user profile:', Error: Profile fetch failed
Error: Profile fetch failed
    at errorFactory (http://localhost:9876/_karma_webpack_/webpack:/src/app/features/auth/services/auth.service.spec.ts:625:73)
    at Observable._subscribe (http://localhost:9876/_karma_webpack_/webpack:/node_modules/rxjs/dist/esm/internal/observable/throwError.js:5:51)
    at Observable._trySubscribe (http://localhost:9876/_karma_webpack_/webpack:/node_modules/rxjs/dist/esm/internal/Observable.js:37:25)
    at cb (http://localhost:9876/_karma_webpack_/webpack:/node_modules/rxjs/dist/esm/internal/Observable.js:31:30)
    at errorContext (http://localhost:9876/_karma_webpack_/webpack:/node_modules/rxjs/dist/esm/internal/util/errorContext.js:19:9)
    at Observable.subscribe (http://localhost:9876/_karma_webpack_/webpack:/node_modules/rxjs/dist/esm/internal/Observable.js:22:21)
    at AuthService.initializeAuth (http://localhost:9876/_karma_webpack_/webpack:/src/app/features/auth/services/auth.service.ts:265:29)
    at UserContext.<anonymous> (http://localhost:9876/_karma_webpack_/webpack:/src/app/features/auth/services/auth.service.spec.ts:628:15)
    at QueueRunner.attempt (http://localhost:9876/base/node_modules/karma-jasmine/node_modules/jasmine-core/lib/jasmine-core/jasmine.js?86d98e11f43f2c8cfac9fb4806ed6c0aced74cbe:7632:40)
    at QueueRunner.run (http://localhost:9876/base/node_modules/karma-jasmine/node_modules/jasmine-core/lib/jasmine-core/jasmine.js?86d98e11f43f2c8cfac9fb4806ed6c0aced74cbe:7670:27)
[1A[2KChrome Headless 139.0.0.0 (Windows 10): Executed 120 of 1101[31m (3 FAILED)[39m (skipped 1) (0 secs / 1.84 secs)
[1A[2KWARN: [36m'NG0914: The application is using zoneless change detection, but is still loading Zone.js. Consider removing Zone.js to get the full benefits of zoneless. In applications using the Angular CLI, Zone.js is typically included in the "polyfills" section of the angular.json file.'[39m
Chrome Headless 139.0.0.0 (Windows 10): Executed 120 of 1101[31m (3 FAILED)[39m (skipped 1) (0 secs / 1.84 secs)
WARN: 'NG0914: The application is using zoneless change detection, but is still loading Zone.js. Consider removing Zone.js to get the full benefits of zoneless. In applications using the Angular CLI, Zone.js is typically included in the "polyfills" section of the angular.json file.'
[1A[2KLOG: [36m'AuthService: Constructor called'[39m
Chrome Headless 139.0.0.0 (Windows 10): Executed 120 of 1101[31m (3 FAILED)[39m (skipped 1) (0 secs / 1.84 secs)
LOG: 'AuthService: Constructor called'
[1A[2KLOG: [36m'AuthService: Initializing authentication...'[39m
Chrome Headless 139.0.0.0 (Windows 10): Executed 120 of 1101[31m (3 FAILED)[39m (skipped 1) (0 secs / 1.84 secs)
LOG: 'AuthService: Initializing authentication...'
[1A[2KLOG: [36m'AuthService: Initializing authentication...'[39m
Chrome Headless 139.0.0.0 (Windows 10): Executed 120 of 1101[31m (3 FAILED)[39m (skipped 1) (0 secs / 1.84 secs)
LOG: 'AuthService: Initializing authentication...'
[1A[2KLOG: [36m'AuthService: Token expired, clearing session'[39m
Chrome Headless 139.0.0.0 (Windows 10): Executed 120 of 1101[31m (3 FAILED)[39m (skipped 1) (0 secs / 1.84 secs)
LOG: 'AuthService: Token expired, clearing session'
[1A[2KChrome Headless 139.0.0.0 (Windows 10): Executed 121 of 1101[31m (3 FAILED)[39m (skipped 1) (0 secs / 1.843 secs)
[1A[2KWARN: [36m'NG0914: The application is using zoneless change detection, but is still loading Zone.js. Consider removing Zone.js to get the full benefits of zoneless. In applications using the Angular CLI, Zone.js is typically included in the "polyfills" section of the angular.json file.'[39m
Chrome Headless 139.0.0.0 (Windows 10): Executed 121 of 1101[31m (3 FAILED)[39m (skipped 1) (0 secs / 1.843 secs)
WARN: 'NG0914: The application is using zoneless change detection, but is still loading Zone.js. Consider removing Zone.js to get the full benefits of zoneless. In applications using the Angular CLI, Zone.js is typically included in the "polyfills" section of the angular.json file.'
[1A[2KLOG: [36m'AuthService: Constructor called'[39m
Chrome Headless 139.0.0.0 (Windows 10): Executed 121 of 1101[31m (3 FAILED)[39m (skipped 1) (0 secs / 1.843 secs)
LOG: 'AuthService: Constructor called'
[1A[2KLOG: [36m'AuthService: Initializing authentication...'[39m
Chrome Headless 139.0.0.0 (Windows 10): Executed 121 of 1101[31m (3 FAILED)[39m (skipped 1) (0 secs / 1.843 secs)
LOG: 'AuthService: Initializing authentication...'
[1A[2KERROR: [36m'Auth Service Error:', Object{status: 401, error: Object{message: 'Unauthorized'}}[39m
Chrome Headless 139.0.0.0 (Windows 10): Executed 121 of 1101[31m (3 FAILED)[39m (skipped 1) (0 secs / 1.843 secs)
ERROR: 'Auth Service Error:', Object{status: 401, error: Object{message: 'Unauthorized'}}
[1A[2KChrome Headless 139.0.0.0 (Windows 10): Executed 122 of 1101[31m (3 FAILED)[39m (skipped 1) (0 secs / 1.845 secs)
[1A[2KWARN: [36m'NG0914: The application is using zoneless change detection, but is still loading Zone.js. Consider removing Zone.js to get the full benefits of zoneless. In applications using the Angular CLI, Zone.js is typically included in the "polyfills" section of the angular.json file.'[39m
Chrome Headless 139.0.0.0 (Windows 10): Executed 122 of 1101[31m (3 FAILED)[39m (skipped 1) (0 secs / 1.845 secs)
WARN: 'NG0914: The application is using zoneless change detection, but is still loading Zone.js. Consider removing Zone.js to get the full benefits of zoneless. In applications using the Angular CLI, Zone.js is typically included in the "polyfills" section of the angular.json file.'
[1A[2KLOG: [36m'AuthService: Constructor called'[39m
Chrome Headless 139.0.0.0 (Windows 10): Executed 122 of 1101[31m (3 FAILED)[39m (skipped 1) (0 secs / 1.845 secs)
LOG: 'AuthService: Constructor called'
[1A[2KLOG: [36m'AuthService: Initializing authentication...'[39m
Chrome Headless 139.0.0.0 (Windows 10): Executed 122 of 1101[31m (3 FAILED)[39m (skipped 1) (0 secs / 1.845 secs)
LOG: 'AuthService: Initializing authentication...'
[1A[2KChrome Headless 139.0.0.0 (Windows 10): Executed 123 of 1101[31m (3 FAILED)[39m (skipped 1) (0 secs / 1.847 secs)
[1A[2KWARN: [36m'NG0914: The application is using zoneless change detection, but is still loading Zone.js. Consider removing Zone.js to get the full benefits of zoneless. In applications using the Angular CLI, Zone.js is typically included in the "polyfills" section of the angular.json file.'[39m
Chrome Headless 139.0.0.0 (Windows 10): Executed 123 of 1101[31m (3 FAILED)[39m (skipped 1) (0 secs / 1.847 secs)
WARN: 'NG0914: The application is using zoneless change detection, but is still loading Zone.js. Consider removing Zone.js to get the full benefits of zoneless. In applications using the Angular CLI, Zone.js is typically included in the "polyfills" section of the angular.json file.'
[1A[2KLOG: [36m'AuthService: Constructor called'[39m
Chrome Headless 139.0.0.0 (Windows 10): Executed 123 of 1101[31m (3 FAILED)[39m (skipped 1) (0 secs / 1.847 secs)
LOG: 'AuthService: Constructor called'
[1A[2KLOG: [36m'AuthService: Initializing authentication...'[39m
Chrome Headless 139.0.0.0 (Windows 10): Executed 123 of 1101[31m (3 FAILED)[39m (skipped 1) (0 secs / 1.847 secs)
LOG: 'AuthService: Initializing authentication...'
[1A[2KLOG: [36m'AuthService: Using stored user data for profile'[39m
Chrome Headless 139.0.0.0 (Windows 10): Executed 123 of 1101[31m (3 FAILED)[39m (skipped 1) (0 secs / 1.847 secs)
LOG: 'AuthService: Using stored user data for profile'
[1A[2KChrome Headless 139.0.0.0 (Windows 10): Executed 124 of 1101[31m (3 FAILED)[39m (skipped 1) (0 secs / 1.85 secs)
[1A[2KWARN: [36m'NG0914: The application is using zoneless change detection, but is still loading Zone.js. Consider removing Zone.js to get the full benefits of zoneless. In applications using the Angular CLI, Zone.js is typically included in the "polyfills" section of the angular.json file.'[39m
Chrome Headless 139.0.0.0 (Windows 10): Executed 124 of 1101[31m (3 FAILED)[39m (skipped 1) (0 secs / 1.85 secs)
WARN: 'NG0914: The application is using zoneless change detection, but is still loading Zone.js. Consider removing Zone.js to get the full benefits of zoneless. In applications using the Angular CLI, Zone.js is typically included in the "polyfills" section of the angular.json file.'
[1A[2KLOG: [36m'AuthService: Constructor called'[39m
Chrome Headless 139.0.0.0 (Windows 10): Executed 124 of 1101[31m (3 FAILED)[39m (skipped 1) (0 secs / 1.85 secs)
LOG: 'AuthService: Constructor called'
[1A[2KLOG: [36m'AuthService: Initializing authentication...'[39m
Chrome Headless 139.0.0.0 (Windows 10): Executed 124 of 1101[31m (3 FAILED)[39m (skipped 1) (0 secs / 1.85 secs)
LOG: 'AuthService: Initializing authentication...'
[1A[2KChrome Headless 139.0.0.0 (Windows 10): Executed 125 of 1101[31m (3 FAILED)[39m (skipped 1) (0 secs / 1.852 secs)
[1A[2KWARN: [36m'NG0914: The application is using zoneless change detection, but is still loading Zone.js. Consider removing Zone.js to get the full benefits of zoneless. In applications using the Angular CLI, Zone.js is typically included in the "polyfills" section of the angular.json file.'[39m
Chrome Headless 139.0.0.0 (Windows 10): Executed 125 of 1101[31m (3 FAILED)[39m (skipped 1) (0 secs / 1.852 secs)
WARN: 'NG0914: The application is using zoneless change detection, but is still loading Zone.js. Consider removing Zone.js to get the full benefits of zoneless. In applications using the Angular CLI, Zone.js is typically included in the "polyfills" section of the angular.json file.'
[1A[2KLOG: [36m'AuthService: Constructor called'[39m
Chrome Headless 139.0.0.0 (Windows 10): Executed 125 of 1101[31m (3 FAILED)[39m (skipped 1) (0 secs / 1.852 secs)
LOG: 'AuthService: Constructor called'
[1A[2KLOG: [36m'AuthService: Initializing authentication...'[39m
Chrome Headless 139.0.0.0 (Windows 10): Executed 125 of 1101[31m (3 FAILED)[39m (skipped 1) (0 secs / 1.852 secs)
LOG: 'AuthService: Initializing authentication...'
[1A[2KERROR: [36m'Auth Service Error:', Object{status: 400, error: Object{message: 'Email already exists'}}[39m
Chrome Headless 139.0.0.0 (Windows 10): Executed 125 of 1101[31m (3 FAILED)[39m (skipped 1) (0 secs / 1.852 secs)
ERROR: 'Auth Service Error:', Object{status: 400, error: Object{message: 'Email already exists'}}
[1A[2KChrome Headless 139.0.0.0 (Windows 10): Executed 126 of 1101[31m (3 FAILED)[39m (skipped 1) (0 secs / 1.854 secs)
[1A[2KWARN: [36m'NG0914: The application is using zoneless change detection, but is still loading Zone.js. Consider removing Zone.js to get the full benefits of zoneless. In applications using the Angular CLI, Zone.js is typically included in the "polyfills" section of the angular.json file.'[39m
Chrome Headless 139.0.0.0 (Windows 10): Executed 126 of 1101[31m (3 FAILED)[39m (skipped 1) (0 secs / 1.854 secs)
WARN: 'NG0914: The application is using zoneless change detection, but is still loading Zone.js. Consider removing Zone.js to get the full benefits of zoneless. In applications using the Angular CLI, Zone.js is typically included in the "polyfills" section of the angular.json file.'
[1A[2KLOG: [36m'AuthService: Constructor called'[39m
Chrome Headless 139.0.0.0 (Windows 10): Executed 126 of 1101[31m (3 FAILED)[39m (skipped 1) (0 secs / 1.854 secs)
LOG: 'AuthService: Constructor called'
[1A[2KLOG: [36m'AuthService: Initializing authentication...'[39m
Chrome Headless 139.0.0.0 (Windows 10): Executed 126 of 1101[31m (3 FAILED)[39m (skipped 1) (0 secs / 1.854 secs)
LOG: 'AuthService: Initializing authentication...'
[1A[2KLOG: [36m'AuthService: Token refreshed successfully'[39m
Chrome Headless 139.0.0.0 (Windows 10): Executed 126 of 1101[31m (3 FAILED)[39m (skipped 1) (0 secs / 1.854 secs)
LOG: 'AuthService: Token refreshed successfully'
[1A[2KChrome Headless 139.0.0.0 (Windows 10): Executed 127 of 1101[31m (3 FAILED)[39m (skipped 1) (0 secs / 1.856 secs)
[1A[2KWARN: [36m'NG0914: The application is using zoneless change detection, but is still loading Zone.js. Consider removing Zone.js to get the full benefits of zoneless. In applications using the Angular CLI, Zone.js is typically included in the "polyfills" section of the angular.json file.'[39m
Chrome Headless 139.0.0.0 (Windows 10): Executed 127 of 1101[31m (3 FAILED)[39m (skipped 1) (0 secs / 1.856 secs)
WARN: 'NG0914: The application is using zoneless change detection, but is still loading Zone.js. Consider removing Zone.js to get the full benefits of zoneless. In applications using the Angular CLI, Zone.js is typically included in the "polyfills" section of the angular.json file.'
[1A[2KLOG: [36m'AuthService: Constructor called'[39m
Chrome Headless 139.0.0.0 (Windows 10): Executed 127 of 1101[31m (3 FAILED)[39m (skipped 1) (0 secs / 1.856 secs)
LOG: 'AuthService: Constructor called'
[1A[2KLOG: [36m'AuthService: Initializing authentication...'[39m
Chrome Headless 139.0.0.0 (Windows 10): Executed 127 of 1101[31m (3 FAILED)[39m (skipped 1) (0 secs / 1.856 secs)
LOG: 'AuthService: Initializing authentication...'
[1A[2KERROR: [36m'AuthService: Token refresh failed:', Error: Refresh failed
Error: Refresh failed
    at errorFactory (http://localhost:9876/_karma_webpack_/webpack:/src/app/features/auth/services/auth.service.spec.ts:588:72)
    at Observable._subscribe (http://localhost:9876/_karma_webpack_/webpack:/node_modules/rxjs/dist/esm/internal/observable/throwError.js:5:51)
    at Observable._trySubscribe (http://localhost:9876/_karma_webpack_/webpack:/node_modules/rxjs/dist/esm/internal/Observable.js:37:25)
    at cb (http://localhost:9876/_karma_webpack_/webpack:/node_modules/rxjs/dist/esm/internal/Observable.js:31:30)
    at errorContext (http://localhost:9876/_karma_webpack_/webpack:/node_modules/rxjs/dist/esm/internal/util/errorContext.js:19:9)
    at Observable.subscribe (http://localhost:9876/_karma_webpack_/webpack:/node_modules/rxjs/dist/esm/internal/Observable.js:22:21)
    at AuthService.refreshTokenInternal (http://localhost:9876/_karma_webpack_/webpack:/src/app/features/auth/services/auth.service.ts:299:44)
    at UserContext.<anonymous> (http://localhost:9876/_karma_webpack_/webpack:/src/app/features/auth/services/auth.service.spec.ts:591:38)
    at QueueRunner.attempt (http://localhost:9876/base/node_modules/karma-jasmine/node_modules/jasmine-core/lib/jasmine-core/jasmine.js?86d98e11f43f2c8cfac9fb4806ed6c0aced74cbe:7632:40)
    at QueueRunner.run (http://localhost:9876/base/node_modules/karma-jasmine/node_modules/jasmine-core/lib/jasmine-core/jasmine.js?86d98e11f43f2c8cfac9fb4806ed6c0aced74cbe:7670:27)[39m
Chrome Headless 139.0.0.0 (Windows 10): Executed 127 of 1101[31m (3 FAILED)[39m (skipped 1) (0 secs / 1.856 secs)
ERROR: 'AuthService: Token refresh failed:', Error: Refresh failed
Error: Refresh failed
    at errorFactory (http://localhost:9876/_karma_webpack_/webpack:/src/app/features/auth/services/auth.service.spec.ts:588:72)
    at Observable._subscribe (http://localhost:9876/_karma_webpack_/webpack:/node_modules/rxjs/dist/esm/internal/observable/throwError.js:5:51)
    at Observable._trySubscribe (http://localhost:9876/_karma_webpack_/webpack:/node_modules/rxjs/dist/esm/internal/Observable.js:37:25)
    at cb (http://localhost:9876/_karma_webpack_/webpack:/node_modules/rxjs/dist/esm/internal/Observable.js:31:30)
    at errorContext (http://localhost:9876/_karma_webpack_/webpack:/node_modules/rxjs/dist/esm/internal/util/errorContext.js:19:9)
    at Observable.subscribe (http://localhost:9876/_karma_webpack_/webpack:/node_modules/rxjs/dist/esm/internal/Observable.js:22:21)
    at AuthService.refreshTokenInternal (http://localhost:9876/_karma_webpack_/webpack:/src/app/features/auth/services/auth.service.ts:299:44)
    at UserContext.<anonymous> (http://localhost:9876/_karma_webpack_/webpack:/src/app/features/auth/services/auth.service.spec.ts:591:38)
    at QueueRunner.attempt (http://localhost:9876/base/node_modules/karma-jasmine/node_modules/jasmine-core/lib/jasmine-core/jasmine.js?86d98e11f43f2c8cfac9fb4806ed6c0aced74cbe:7632:40)
    at QueueRunner.run (http://localhost:9876/base/node_modules/karma-jasmine/node_modules/jasmine-core/lib/jasmine-core/jasmine.js?86d98e11f43f2c8cfac9fb4806ed6c0aced74cbe:7670:27)
[1A[2KChrome Headless 139.0.0.0 (Windows 10): Executed 128 of 1101[31m (3 FAILED)[39m (skipped 1) (0 secs / 1.858 secs)
[1A[2KChrome Headless 139.0.0.0 (Windows 10): Executed 129 of 1101[31m (3 FAILED)[39m (skipped 1) (0 secs / 2.025 secs)
[1A[2KChrome Headless 139.0.0.0 (Windows 10): Executed 130 of 1101[31m (3 FAILED)[39m (skipped 1) (0 secs / 2.051 secs)
[1A[2KChrome Headless 139.0.0.0 (Windows 10): Executed 131 of 1101[31m (3 FAILED)[39m (skipped 1) (0 secs / 2.068 secs)
[1A[2KChrome Headless 139.0.0.0 (Windows 10): Executed 132 of 1101[31m (3 FAILED)[39m (skipped 1) (0 secs / 2.091 secs)
[1A[2KChrome Headless 139.0.0.0 (Windows 10): Executed 133 of 1101[31m (3 FAILED)[39m (skipped 1) (0 secs / 2.107 secs)
[1A[2KChrome Headless 139.0.0.0 (Windows 10): Executed 134 of 1101[31m (3 FAILED)[39m (skipped 1) (0 secs / 2.121 secs)
[1A[2KChrome Headless 139.0.0.0 (Windows 10): Executed 135 of 1101[31m (3 FAILED)[39m (skipped 1) (0 secs / 2.135 secs)
[1A[2KChrome Headless 139.0.0.0 (Windows 10): Executed 136 of 1101[31m (3 FAILED)[39m (skipped 1) (0 secs / 2.15 secs)
[1A[2KChrome Headless 139.0.0.0 (Windows 10): Executed 137 of 1101[31m (3 FAILED)[39m (skipped 1) (0 secs / 2.164 secs)
[1A[2KChrome Headless 139.0.0.0 (Windows 10): Executed 138 of 1101[31m (3 FAILED)[39m (skipped 1) (0 secs / 2.177 secs)
[1A[2KChrome Headless 139.0.0.0 (Windows 10): Executed 139 of 1101[31m (3 FAILED)[39m (skipped 1) (0 secs / 2.189 secs)
[1A[2KERROR: [36m'Error creating category:', Error: API Error
Error: API Error
    at errorFactory (http://localhost:9876/_karma_webpack_/webpack:/src/app/features/financial/components/category-form/category-form.spec.ts:171:69)
    at Observable._subscribe (http://localhost:9876/_karma_webpack_/webpack:/node_modules/rxjs/dist/esm/internal/observable/throwError.js:5:51)
    at Observable._trySubscribe (http://localhost:9876/_karma_webpack_/webpack:/node_modules/rxjs/dist/esm/internal/Observable.js:37:25)
    at cb (http://localhost:9876/_karma_webpack_/webpack:/node_modules/rxjs/dist/esm/internal/Observable.js:31:30)
    at errorContext (http://localhost:9876/_karma_webpack_/webpack:/node_modules/rxjs/dist/esm/internal/util/errorContext.js:19:9)
    at Observable.subscribe (http://localhost:9876/_karma_webpack_/webpack:/node_modules/rxjs/dist/esm/internal/Observable.js:22:21)
    at init (http://localhost:9876/_karma_webpack_/webpack:/node_modules/rxjs/dist/esm/internal/operators/takeUntil.js:8:38)
    at SafeSubscriber.call (http://localhost:9876/_karma_webpack_/webpack:/node_modules/rxjs/dist/esm/internal/util/lift.js:10:28)
    at cb (http://localhost:9876/_karma_webpack_/webpack:/node_modules/rxjs/dist/esm/internal/Observable.js:26:30)
    at errorContext (http://localhost:9876/_karma_webpack_/webpack:/node_modules/rxjs/dist/esm/internal/util/errorContext.js:19:9)[39m
Chrome Headless 139.0.0.0 (Windows 10): Executed 139 of 1101[31m (3 FAILED)[39m (skipped 1) (0 secs / 2.189 secs)
ERROR: 'Error creating category:', Error: API Error
Error: API Error
    at errorFactory (http://localhost:9876/_karma_webpack_/webpack:/src/app/features/financial/components/category-form/category-form.spec.ts:171:69)
    at Observable._subscribe (http://localhost:9876/_karma_webpack_/webpack:/node_modules/rxjs/dist/esm/internal/observable/throwError.js:5:51)
    at Observable._trySubscribe (http://localhost:9876/_karma_webpack_/webpack:/node_modules/rxjs/dist/esm/internal/Observable.js:37:25)
    at cb (http://localhost:9876/_karma_webpack_/webpack:/node_modules/rxjs/dist/esm/internal/Observable.js:31:30)
    at errorContext (http://localhost:9876/_karma_webpack_/webpack:/node_modules/rxjs/dist/esm/internal/util/errorContext.js:19:9)
    at Observable.subscribe (http://localhost:9876/_karma_webpack_/webpack:/node_modules/rxjs/dist/esm/internal/Observable.js:22:21)
    at init (http://localhost:9876/_karma_webpack_/webpack:/node_modules/rxjs/dist/esm/internal/operators/takeUntil.js:8:38)
    at SafeSubscriber.call (http://localhost:9876/_karma_webpack_/webpack:/node_modules/rxjs/dist/esm/internal/util/lift.js:10:28)
    at cb (http://localhost:9876/_karma_webpack_/webpack:/node_modules/rxjs/dist/esm/internal/Observable.js:26:30)
    at errorContext (http://localhost:9876/_karma_webpack_/webpack:/node_modules/rxjs/dist/esm/internal/util/errorContext.js:19:9)
[1A[2KChrome Headless 139.0.0.0 (Windows 10): Executed 140 of 1101[31m (3 FAILED)[39m (skipped 1) (0 secs / 2.201 secs)
[1A[2KChrome Headless 139.0.0.0 (Windows 10): Executed 141 of 1101[31m (3 FAILED)[39m (skipped 1) (0 secs / 2.213 secs)
[1A[2KChrome Headless 139.0.0.0 (Windows 10): Executed 142 of 1101[31m (3 FAILED)[39m (skipped 1) (0 secs / 2.224 secs)
[1A[2KChrome Headless 139.0.0.0 (Windows 10): Executed 143 of 1101[31m (3 FAILED)[39m (skipped 1) (0 secs / 2.235 secs)
[1A[2KChrome Headless 139.0.0.0 (Windows 10): Executed 144 of 1101[31m (3 FAILED)[39m (skipped 1) (0 secs / 2.246 secs)
[1A[2KChrome Headless 139.0.0.0 (Windows 10): Executed 145 of 1101[31m (3 FAILED)[39m (skipped 1) (0 secs / 2.307 secs)
[1A[2KChrome Headless 139.0.0.0 (Windows 10): Executed 146 of 1101[31m (3 FAILED)[39m (skipped 1) (0 secs / 2.31 secs)
[1A[2KERROR: [36m'Error loading transaction:', Error: API Error
Error: API Error
    at errorFactory (http://localhost:9876/_karma_webpack_/webpack:/src/app/features/financial/components/transaction-details/transaction-details.spec.ts:153:76)
    at Observable._subscribe (http://localhost:9876/_karma_webpack_/webpack:/node_modules/rxjs/dist/esm/internal/observable/throwError.js:5:51)
    at Observable._trySubscribe (http://localhost:9876/_karma_webpack_/webpack:/node_modules/rxjs/dist/esm/internal/Observable.js:37:25)
    at cb (http://localhost:9876/_karma_webpack_/webpack:/node_modules/rxjs/dist/esm/internal/Observable.js:31:30)
    at errorContext (http://localhost:9876/_karma_webpack_/webpack:/node_modules/rxjs/dist/esm/internal/util/errorContext.js:19:9)
    at Observable.subscribe (http://localhost:9876/_karma_webpack_/webpack:/node_modules/rxjs/dist/esm/internal/Observable.js:22:21)
    at onNext (http://localhost:9876/_karma_webpack_/webpack:/node_modules/rxjs/dist/esm/internal/operators/switchMap.js:14:51)
    at OperatorSubscriber._next (http://localhost:9876/_karma_webpack_/webpack:/node_modules/rxjs/dist/esm/internal/operators/OperatorSubscriber.js:13:21)
    at OperatorSubscriber.next (http://localhost:9876/_karma_webpack_/webpack:/node_modules/rxjs/dist/esm/internal/Subscriber.js:31:18)
    at Observable._subscribe (http://localhost:9876/_karma_webpack_/webpack:/node_modules/rxjs/dist/esm/internal/observable/innerFrom.js:51:24)[39m
Chrome Headless 139.0.0.0 (Windows 10): Executed 146 of 1101[31m (3 FAILED)[39m (skipped 1) (0 secs / 2.31 secs)
ERROR: 'Error loading transaction:', Error: API Error
Error: API Error
    at errorFactory (http://localhost:9876/_karma_webpack_/webpack:/src/app/features/financial/components/transaction-details/transaction-details.spec.ts:153:76)
    at Observable._subscribe (http://localhost:9876/_karma_webpack_/webpack:/node_modules/rxjs/dist/esm/internal/observable/throwError.js:5:51)
    at Observable._trySubscribe (http://localhost:9876/_karma_webpack_/webpack:/node_modules/rxjs/dist/esm/internal/Observable.js:37:25)
    at cb (http://localhost:9876/_karma_webpack_/webpack:/node_modules/rxjs/dist/esm/internal/Observable.js:31:30)
    at errorContext (http://localhost:9876/_karma_webpack_/webpack:/node_modules/rxjs/dist/esm/internal/util/errorContext.js:19:9)
    at Observable.subscribe (http://localhost:9876/_karma_webpack_/webpack:/node_modules/rxjs/dist/esm/internal/Observable.js:22:21)
    at onNext (http://localhost:9876/_karma_webpack_/webpack:/node_modules/rxjs/dist/esm/internal/operators/switchMap.js:14:51)
    at OperatorSubscriber._next (http://localhost:9876/_karma_webpack_/webpack:/node_modules/rxjs/dist/esm/internal/operators/OperatorSubscriber.js:13:21)
    at OperatorSubscriber.next (http://localhost:9876/_karma_webpack_/webpack:/node_modules/rxjs/dist/esm/internal/Subscriber.js:31:18)
    at Observable._subscribe (http://localhost:9876/_karma_webpack_/webpack:/node_modules/rxjs/dist/esm/internal/observable/innerFrom.js:51:24)
[1A[2KChrome Headless 139.0.0.0 (Windows 10): Executed 147 of 1101[31m (3 FAILED)[39m (skipped 1) (0 secs / 2.313 secs)
[1A[2KChrome Headless 139.0.0.0 (Windows 10): Executed 148 of 1101[31m (3 FAILED)[39m (skipped 1) (0 secs / 2.317 secs)
[1A[2KChrome Headless 139.0.0.0 (Windows 10): Executed 149 of 1101[31m (3 FAILED)[39m (skipped 1) (0 secs / 2.32 secs)
[1A[2KERROR: [36m'Error loading category:', Error: API Error
Error: API Error
    at errorFactory (http://localhost:9876/_karma_webpack_/webpack:/src/app/features/financial/components/transaction-details/transaction-details.spec.ts:183:70)
    at Observable._subscribe (http://localhost:9876/_karma_webpack_/webpack:/node_modules/rxjs/dist/esm/internal/observable/throwError.js:5:51)
    at Observable._trySubscribe (http://localhost:9876/_karma_webpack_/webpack:/node_modules/rxjs/dist/esm/internal/Observable.js:37:25)
    at cb (http://localhost:9876/_karma_webpack_/webpack:/node_modules/rxjs/dist/esm/internal/Observable.js:31:30)
    at errorContext (http://localhost:9876/_karma_webpack_/webpack:/node_modules/rxjs/dist/esm/internal/util/errorContext.js:19:9)
    at Observable.subscribe (http://localhost:9876/_karma_webpack_/webpack:/node_modules/rxjs/dist/esm/internal/Observable.js:22:21)
    at init (http://localhost:9876/_karma_webpack_/webpack:/node_modules/rxjs/dist/esm/internal/operators/takeUntil.js:8:38)
    at SafeSubscriber.call (http://localhost:9876/_karma_webpack_/webpack:/node_modules/rxjs/dist/esm/internal/util/lift.js:10:28)
    at cb (http://localhost:9876/_karma_webpack_/webpack:/node_modules/rxjs/dist/esm/internal/Observable.js:26:30)
    at errorContext (http://localhost:9876/_karma_webpack_/webpack:/node_modules/rxjs/dist/esm/internal/util/errorContext.js:19:9)[39m
Chrome Headless 139.0.0.0 (Windows 10): Executed 149 of 1101[31m (3 FAILED)[39m (skipped 1) (0 secs / 2.32 secs)
ERROR: 'Error loading category:', Error: API Error
Error: API Error
    at errorFactory (http://localhost:9876/_karma_webpack_/webpack:/src/app/features/financial/components/transaction-details/transaction-details.spec.ts:183:70)
    at Observable._subscribe (http://localhost:9876/_karma_webpack_/webpack:/node_modules/rxjs/dist/esm/internal/observable/throwError.js:5:51)
    at Observable._trySubscribe (http://localhost:9876/_karma_webpack_/webpack:/node_modules/rxjs/dist/esm/internal/Observable.js:37:25)
    at cb (http://localhost:9876/_karma_webpack_/webpack:/node_modules/rxjs/dist/esm/internal/Observable.js:31:30)
    at errorContext (http://localhost:9876/_karma_webpack_/webpack:/node_modules/rxjs/dist/esm/internal/util/errorContext.js:19:9)
    at Observable.subscribe (http://localhost:9876/_karma_webpack_/webpack:/node_modules/rxjs/dist/esm/internal/Observable.js:22:21)
    at init (http://localhost:9876/_karma_webpack_/webpack:/node_modules/rxjs/dist/esm/internal/operators/takeUntil.js:8:38)
    at SafeSubscriber.call (http://localhost:9876/_karma_webpack_/webpack:/node_modules/rxjs/dist/esm/internal/util/lift.js:10:28)
    at cb (http://localhost:9876/_karma_webpack_/webpack:/node_modules/rxjs/dist/esm/internal/Observable.js:26:30)
    at errorContext (http://localhost:9876/_karma_webpack_/webpack:/node_modules/rxjs/dist/esm/internal/util/errorContext.js:19:9)
[1A[2KERROR: [36m'Error loading subcategory:', Error: API Error
Error: API Error
    at errorFactory (http://localhost:9876/_karma_webpack_/webpack:/src/app/features/financial/components/transaction-details/transaction-details.spec.ts:183:70)
    at Observable._subscribe (http://localhost:9876/_karma_webpack_/webpack:/node_modules/rxjs/dist/esm/internal/observable/throwError.js:5:51)
    at Observable._trySubscribe (http://localhost:9876/_karma_webpack_/webpack:/node_modules/rxjs/dist/esm/internal/Observable.js:37:25)
    at cb (http://localhost:9876/_karma_webpack_/webpack:/node_modules/rxjs/dist/esm/internal/Observable.js:31:30)
    at errorContext (http://localhost:9876/_karma_webpack_/webpack:/node_modules/rxjs/dist/esm/internal/util/errorContext.js:19:9)
    at Observable.subscribe (http://localhost:9876/_karma_webpack_/webpack:/node_modules/rxjs/dist/esm/internal/Observable.js:22:21)
    at init (http://localhost:9876/_karma_webpack_/webpack:/node_modules/rxjs/dist/esm/internal/operators/takeUntil.js:8:38)
    at SafeSubscriber.call (http://localhost:9876/_karma_webpack_/webpack:/node_modules/rxjs/dist/esm/internal/util/lift.js:10:28)
    at cb (http://localhost:9876/_karma_webpack_/webpack:/node_modules/rxjs/dist/esm/internal/Observable.js:26:30)
    at errorContext (http://localhost:9876/_karma_webpack_/webpack:/node_modules/rxjs/dist/esm/internal/util/errorContext.js:19:9)[39m
Chrome Headless 139.0.0.0 (Windows 10): Executed 149 of 1101[31m (3 FAILED)[39m (skipped 1) (0 secs / 2.32 secs)
ERROR: 'Error loading subcategory:', Error: API Error
Error: API Error
    at errorFactory (http://localhost:9876/_karma_webpack_/webpack:/src/app/features/financial/components/transaction-details/transaction-details.spec.ts:183:70)
    at Observable._subscribe (http://localhost:9876/_karma_webpack_/webpack:/node_modules/rxjs/dist/esm/internal/observable/throwError.js:5:51)
    at Observable._trySubscribe (http://localhost:9876/_karma_webpack_/webpack:/node_modules/rxjs/dist/esm/internal/Observable.js:37:25)
    at cb (http://localhost:9876/_karma_webpack_/webpack:/node_modules/rxjs/dist/esm/internal/Observable.js:31:30)
    at errorContext (http://localhost:9876/_karma_webpack_/webpack:/node_modules/rxjs/dist/esm/internal/util/errorContext.js:19:9)
    at Observable.subscribe (http://localhost:9876/_karma_webpack_/webpack:/node_modules/rxjs/dist/esm/internal/Observable.js:22:21)
    at init (http://localhost:9876/_karma_webpack_/webpack:/node_modules/rxjs/dist/esm/internal/operators/takeUntil.js:8:38)
    at SafeSubscriber.call (http://localhost:9876/_karma_webpack_/webpack:/node_modules/rxjs/dist/esm/internal/util/lift.js:10:28)
    at cb (http://localhost:9876/_karma_webpack_/webpack:/node_modules/rxjs/dist/esm/internal/Observable.js:26:30)
    at errorContext (http://localhost:9876/_karma_webpack_/webpack:/node_modules/rxjs/dist/esm/internal/util/errorContext.js:19:9)
[1A[2KChrome Headless 139.0.0.0 (Windows 10): Executed 150 of 1101[31m (3 FAILED)[39m (skipped 1) (0 secs / 2.323 secs)
[1A[2KERROR: [36m'Error loading transaction:', TypeError: You provided 'undefined' where a stream was expected. You can provide an Observable, Promise, ReadableStream, Array, AsyncIterable, or Iterable.
TypeError: You provided 'undefined' where a stream was expected. You can provide an Observable, Promise, ReadableStream, Array, AsyncIterable, or Iterable.
    at createInvalidObservableTypeError (http://localhost:9876/_karma_webpack_/webpack:/node_modules/rxjs/dist/esm/internal/util/throwUnobservableError.js:2:12)
    at innerFrom (http://localhost:9876/_karma_webpack_/webpack:/node_modules/rxjs/dist/esm/internal/observable/innerFrom.js:37:43)
    at onNext (http://localhost:9876/_karma_webpack_/webpack:/node_modules/rxjs/dist/esm/internal/operators/switchMap.js:14:22)
    at OperatorSubscriber._next (http://localhost:9876/_karma_webpack_/webpack:/node_modules/rxjs/dist/esm/internal/operators/OperatorSubscriber.js:13:21)
    at OperatorSubscriber.next (http://localhost:9876/_karma_webpack_/webpack:/node_modules/rxjs/dist/esm/internal/Subscriber.js:31:18)
    at Observable._subscribe (http://localhost:9876/_karma_webpack_/webpack:/node_modules/rxjs/dist/esm/internal/observable/innerFrom.js:51:24)
    at Observable._trySubscribe (http://localhost:9876/_karma_webpack_/webpack:/node_modules/rxjs/dist/esm/internal/Observable.js:37:25)
    at cb (http://localhost:9876/_karma_webpack_/webpack:/node_modules/rxjs/dist/esm/internal/Observable.js:31:30)
    at errorContext (http://localhost:9876/_karma_webpack_/webpack:/node_modules/rxjs/dist/esm/internal/util/errorContext.js:19:9)
    at Observable.subscribe (http://localhost:9876/_karma_webpack_/webpack:/node_modules/rxjs/dist/esm/internal/Observable.js:22:21)[39m
Chrome Headless 139.0.0.0 (Windows 10): Executed 150 of 1101[31m (3 FAILED)[39m (skipped 1) (0 secs / 2.323 secs)
ERROR: 'Error loading transaction:', TypeError: You provided 'undefined' where a stream was expected. You can provide an Observable, Promise, ReadableStream, Array, AsyncIterable, or Iterable.
TypeError: You provided 'undefined' where a stream was expected. You can provide an Observable, Promise, ReadableStream, Array, AsyncIterable, or Iterable.
    at createInvalidObservableTypeError (http://localhost:9876/_karma_webpack_/webpack:/node_modules/rxjs/dist/esm/internal/util/throwUnobservableError.js:2:12)
    at innerFrom (http://localhost:9876/_karma_webpack_/webpack:/node_modules/rxjs/dist/esm/internal/observable/innerFrom.js:37:43)
    at onNext (http://localhost:9876/_karma_webpack_/webpack:/node_modules/rxjs/dist/esm/internal/operators/switchMap.js:14:22)
    at OperatorSubscriber._next (http://localhost:9876/_karma_webpack_/webpack:/node_modules/rxjs/dist/esm/internal/operators/OperatorSubscriber.js:13:21)
    at OperatorSubscriber.next (http://localhost:9876/_karma_webpack_/webpack:/node_modules/rxjs/dist/esm/internal/Subscriber.js:31:18)
    at Observable._subscribe (http://localhost:9876/_karma_webpack_/webpack:/node_modules/rxjs/dist/esm/internal/observable/innerFrom.js:51:24)
    at Observable._trySubscribe (http://localhost:9876/_karma_webpack_/webpack:/node_modules/rxjs/dist/esm/internal/Observable.js:37:25)
    at cb (http://localhost:9876/_karma_webpack_/webpack:/node_modules/rxjs/dist/esm/internal/Observable.js:31:30)
    at errorContext (http://localhost:9876/_karma_webpack_/webpack:/node_modules/rxjs/dist/esm/internal/util/errorContext.js:19:9)
    at Observable.subscribe (http://localhost:9876/_karma_webpack_/webpack:/node_modules/rxjs/dist/esm/internal/Observable.js:22:21)
[1A[2KChrome Headless 139.0.0.0 (Windows 10): Executed 151 of 1101[31m (3 FAILED)[39m (skipped 1) (0 secs / 2.357 secs)
[1A[2KERROR: [36m'Error loading transaction:', TypeError: You provided 'undefined' where a stream was expected. You can provide an Observable, Promise, ReadableStream, Array, AsyncIterable, or Iterable.
TypeError: You provided 'undefined' where a stream was expected. You can provide an Observable, Promise, ReadableStream, Array, AsyncIterable, or Iterable.
    at createInvalidObservableTypeError (http://localhost:9876/_karma_webpack_/webpack:/node_modules/rxjs/dist/esm/internal/util/throwUnobservableError.js:2:12)
    at innerFrom (http://localhost:9876/_karma_webpack_/webpack:/node_modules/rxjs/dist/esm/internal/observable/innerFrom.js:37:43)
    at onNext (http://localhost:9876/_karma_webpack_/webpack:/node_modules/rxjs/dist/esm/internal/operators/switchMap.js:14:22)
    at OperatorSubscriber._next (http://localhost:9876/_karma_webpack_/webpack:/node_modules/rxjs/dist/esm/internal/operators/OperatorSubscriber.js:13:21)
    at OperatorSubscriber.next (http://localhost:9876/_karma_webpack_/webpack:/node_modules/rxjs/dist/esm/internal/Subscriber.js:31:18)
    at Observable._subscribe (http://localhost:9876/_karma_webpack_/webpack:/node_modules/rxjs/dist/esm/internal/observable/innerFrom.js:51:24)
    at Observable._trySubscribe (http://localhost:9876/_karma_webpack_/webpack:/node_modules/rxjs/dist/esm/internal/Observable.js:37:25)
    at cb (http://localhost:9876/_karma_webpack_/webpack:/node_modules/rxjs/dist/esm/internal/Observable.js:31:30)
    at errorContext (http://localhost:9876/_karma_webpack_/webpack:/node_modules/rxjs/dist/esm/internal/util/errorContext.js:19:9)
    at Observable.subscribe (http://localhost:9876/_karma_webpack_/webpack:/node_modules/rxjs/dist/esm/internal/Observable.js:22:21)[39m
Chrome Headless 139.0.0.0 (Windows 10): Executed 151 of 1101[31m (3 FAILED)[39m (skipped 1) (0 secs / 2.357 secs)
ERROR: 'Error loading transaction:', TypeError: You provided 'undefined' where a stream was expected. You can provide an Observable, Promise, ReadableStream, Array, AsyncIterable, or Iterable.
TypeError: You provided 'undefined' where a stream was expected. You can provide an Observable, Promise, ReadableStream, Array, AsyncIterable, or Iterable.
    at createInvalidObservableTypeError (http://localhost:9876/_karma_webpack_/webpack:/node_modules/rxjs/dist/esm/internal/util/throwUnobservableError.js:2:12)
    at innerFrom (http://localhost:9876/_karma_webpack_/webpack:/node_modules/rxjs/dist/esm/internal/observable/innerFrom.js:37:43)
    at onNext (http://localhost:9876/_karma_webpack_/webpack:/node_modules/rxjs/dist/esm/internal/operators/switchMap.js:14:22)
    at OperatorSubscriber._next (http://localhost:9876/_karma_webpack_/webpack:/node_modules/rxjs/dist/esm/internal/operators/OperatorSubscriber.js:13:21)
    at OperatorSubscriber.next (http://localhost:9876/_karma_webpack_/webpack:/node_modules/rxjs/dist/esm/internal/Subscriber.js:31:18)
    at Observable._subscribe (http://localhost:9876/_karma_webpack_/webpack:/node_modules/rxjs/dist/esm/internal/observable/innerFrom.js:51:24)
    at Observable._trySubscribe (http://localhost:9876/_karma_webpack_/webpack:/node_modules/rxjs/dist/esm/internal/Observable.js:37:25)
    at cb (http://localhost:9876/_karma_webpack_/webpack:/node_modules/rxjs/dist/esm/internal/Observable.js:31:30)
    at errorContext (http://localhost:9876/_karma_webpack_/webpack:/node_modules/rxjs/dist/esm/internal/util/errorContext.js:19:9)
    at Observable.subscribe (http://localhost:9876/_karma_webpack_/webpack:/node_modules/rxjs/dist/esm/internal/Observable.js:22:21)
[1A[2KChrome Headless 139.0.0.0 (Windows 10): Executed 152 of 1101[31m (3 FAILED)[39m (skipped 1) (0 secs / 2.366 secs)
[1A[2KERROR: [36m'Error loading transaction:', TypeError: You provided 'undefined' where a stream was expected. You can provide an Observable, Promise, ReadableStream, Array, AsyncIterable, or Iterable.
TypeError: You provided 'undefined' where a stream was expected. You can provide an Observable, Promise, ReadableStream, Array, AsyncIterable, or Iterable.
    at createInvalidObservableTypeError (http://localhost:9876/_karma_webpack_/webpack:/node_modules/rxjs/dist/esm/internal/util/throwUnobservableError.js:2:12)
    at innerFrom (http://localhost:9876/_karma_webpack_/webpack:/node_modules/rxjs/dist/esm/internal/observable/innerFrom.js:37:43)
    at onNext (http://localhost:9876/_karma_webpack_/webpack:/node_modules/rxjs/dist/esm/internal/operators/switchMap.js:14:22)
    at OperatorSubscriber._next (http://localhost:9876/_karma_webpack_/webpack:/node_modules/rxjs/dist/esm/internal/operators/OperatorSubscriber.js:13:21)
    at OperatorSubscriber.next (http://localhost:9876/_karma_webpack_/webpack:/node_modules/rxjs/dist/esm/internal/Subscriber.js:31:18)
    at Observable._subscribe (http://localhost:9876/_karma_webpack_/webpack:/node_modules/rxjs/dist/esm/internal/observable/innerFrom.js:51:24)
    at Observable._trySubscribe (http://localhost:9876/_karma_webpack_/webpack:/node_modules/rxjs/dist/esm/internal/Observable.js:37:25)
    at cb (http://localhost:9876/_karma_webpack_/webpack:/node_modules/rxjs/dist/esm/internal/Observable.js:31:30)
    at errorContext (http://localhost:9876/_karma_webpack_/webpack:/node_modules/rxjs/dist/esm/internal/util/errorContext.js:19:9)
    at Observable.subscribe (http://localhost:9876/_karma_webpack_/webpack:/node_modules/rxjs/dist/esm/internal/Observable.js:22:21)[39m
Chrome Headless 139.0.0.0 (Windows 10): Executed 152 of 1101[31m (3 FAILED)[39m (skipped 1) (0 secs / 2.366 secs)
ERROR: 'Error loading transaction:', TypeError: You provided 'undefined' where a stream was expected. You can provide an Observable, Promise, ReadableStream, Array, AsyncIterable, or Iterable.
TypeError: You provided 'undefined' where a stream was expected. You can provide an Observable, Promise, ReadableStream, Array, AsyncIterable, or Iterable.
    at createInvalidObservableTypeError (http://localhost:9876/_karma_webpack_/webpack:/node_modules/rxjs/dist/esm/internal/util/throwUnobservableError.js:2:12)
    at innerFrom (http://localhost:9876/_karma_webpack_/webpack:/node_modules/rxjs/dist/esm/internal/observable/innerFrom.js:37:43)
    at onNext (http://localhost:9876/_karma_webpack_/webpack:/node_modules/rxjs/dist/esm/internal/operators/switchMap.js:14:22)
    at OperatorSubscriber._next (http://localhost:9876/_karma_webpack_/webpack:/node_modules/rxjs/dist/esm/internal/operators/OperatorSubscriber.js:13:21)
    at OperatorSubscriber.next (http://localhost:9876/_karma_webpack_/webpack:/node_modules/rxjs/dist/esm/internal/Subscriber.js:31:18)
    at Observable._subscribe (http://localhost:9876/_karma_webpack_/webpack:/node_modules/rxjs/dist/esm/internal/observable/innerFrom.js:51:24)
    at Observable._trySubscribe (http://localhost:9876/_karma_webpack_/webpack:/node_modules/rxjs/dist/esm/internal/Observable.js:37:25)
    at cb (http://localhost:9876/_karma_webpack_/webpack:/node_modules/rxjs/dist/esm/internal/Observable.js:31:30)
    at errorContext (http://localhost:9876/_karma_webpack_/webpack:/node_modules/rxjs/dist/esm/internal/util/errorContext.js:19:9)
    at Observable.subscribe (http://localhost:9876/_karma_webpack_/webpack:/node_modules/rxjs/dist/esm/internal/Observable.js:22:21)
[1A[2KChrome Headless 139.0.0.0 (Windows 10): Executed 153 of 1101[31m (3 FAILED)[39m (skipped 1) (0 secs / 2.375 secs)
[1A[2KERROR: [36m'Error loading transaction:', TypeError: You provided 'undefined' where a stream was expected. You can provide an Observable, Promise, ReadableStream, Array, AsyncIterable, or Iterable.
TypeError: You provided 'undefined' where a stream was expected. You can provide an Observable, Promise, ReadableStream, Array, AsyncIterable, or Iterable.
    at createInvalidObservableTypeError (http://localhost:9876/_karma_webpack_/webpack:/node_modules/rxjs/dist/esm/internal/util/throwUnobservableError.js:2:12)
    at innerFrom (http://localhost:9876/_karma_webpack_/webpack:/node_modules/rxjs/dist/esm/internal/observable/innerFrom.js:37:43)
    at onNext (http://localhost:9876/_karma_webpack_/webpack:/node_modules/rxjs/dist/esm/internal/operators/switchMap.js:14:22)
    at OperatorSubscriber._next (http://localhost:9876/_karma_webpack_/webpack:/node_modules/rxjs/dist/esm/internal/operators/OperatorSubscriber.js:13:21)
    at OperatorSubscriber.next (http://localhost:9876/_karma_webpack_/webpack:/node_modules/rxjs/dist/esm/internal/Subscriber.js:31:18)
    at Observable._subscribe (http://localhost:9876/_karma_webpack_/webpack:/node_modules/rxjs/dist/esm/internal/observable/innerFrom.js:51:24)
    at Observable._trySubscribe (http://localhost:9876/_karma_webpack_/webpack:/node_modules/rxjs/dist/esm/internal/Observable.js:37:25)
    at cb (http://localhost:9876/_karma_webpack_/webpack:/node_modules/rxjs/dist/esm/internal/Observable.js:31:30)
    at errorContext (http://localhost:9876/_karma_webpack_/webpack:/node_modules/rxjs/dist/esm/internal/util/errorContext.js:19:9)
    at Observable.subscribe (http://localhost:9876/_karma_webpack_/webpack:/node_modules/rxjs/dist/esm/internal/Observable.js:22:21)[39m
Chrome Headless 139.0.0.0 (Windows 10): Executed 153 of 1101[31m (3 FAILED)[39m (skipped 1) (0 secs / 2.375 secs)
ERROR: 'Error loading transaction:', TypeError: You provided 'undefined' where a stream was expected. You can provide an Observable, Promise, ReadableStream, Array, AsyncIterable, or Iterable.
TypeError: You provided 'undefined' where a stream was expected. You can provide an Observable, Promise, ReadableStream, Array, AsyncIterable, or Iterable.
    at createInvalidObservableTypeError (http://localhost:9876/_karma_webpack_/webpack:/node_modules/rxjs/dist/esm/internal/util/throwUnobservableError.js:2:12)
    at innerFrom (http://localhost:9876/_karma_webpack_/webpack:/node_modules/rxjs/dist/esm/internal/observable/innerFrom.js:37:43)
    at onNext (http://localhost:9876/_karma_webpack_/webpack:/node_modules/rxjs/dist/esm/internal/operators/switchMap.js:14:22)
    at OperatorSubscriber._next (http://localhost:9876/_karma_webpack_/webpack:/node_modules/rxjs/dist/esm/internal/operators/OperatorSubscriber.js:13:21)
    at OperatorSubscriber.next (http://localhost:9876/_karma_webpack_/webpack:/node_modules/rxjs/dist/esm/internal/Subscriber.js:31:18)
    at Observable._subscribe (http://localhost:9876/_karma_webpack_/webpack:/node_modules/rxjs/dist/esm/internal/observable/innerFrom.js:51:24)
    at Observable._trySubscribe (http://localhost:9876/_karma_webpack_/webpack:/node_modules/rxjs/dist/esm/internal/Observable.js:37:25)
    at cb (http://localhost:9876/_karma_webpack_/webpack:/node_modules/rxjs/dist/esm/internal/Observable.js:31:30)
    at errorContext (http://localhost:9876/_karma_webpack_/webpack:/node_modules/rxjs/dist/esm/internal/util/errorContext.js:19:9)
    at Observable.subscribe (http://localhost:9876/_karma_webpack_/webpack:/node_modules/rxjs/dist/esm/internal/Observable.js:22:21)
[1A[2KChrome Headless 139.0.0.0 (Windows 10): Executed 154 of 1101[31m (3 FAILED)[39m (skipped 1) (0 secs / 2.384 secs)
[1A[2KERROR: [36m'Error loading transaction:', TypeError: You provided 'undefined' where a stream was expected. You can provide an Observable, Promise, ReadableStream, Array, AsyncIterable, or Iterable.
TypeError: You provided 'undefined' where a stream was expected. You can provide an Observable, Promise, ReadableStream, Array, AsyncIterable, or Iterable.
    at createInvalidObservableTypeError (http://localhost:9876/_karma_webpack_/webpack:/node_modules/rxjs/dist/esm/internal/util/throwUnobservableError.js:2:12)
    at innerFrom (http://localhost:9876/_karma_webpack_/webpack:/node_modules/rxjs/dist/esm/internal/observable/innerFrom.js:37:43)
    at onNext (http://localhost:9876/_karma_webpack_/webpack:/node_modules/rxjs/dist/esm/internal/operators/switchMap.js:14:22)
    at OperatorSubscriber._next (http://localhost:9876/_karma_webpack_/webpack:/node_modules/rxjs/dist/esm/internal/operators/OperatorSubscriber.js:13:21)
    at OperatorSubscriber.next (http://localhost:9876/_karma_webpack_/webpack:/node_modules/rxjs/dist/esm/internal/Subscriber.js:31:18)
    at Observable._subscribe (http://localhost:9876/_karma_webpack_/webpack:/node_modules/rxjs/dist/esm/internal/observable/innerFrom.js:51:24)
    at Observable._trySubscribe (http://localhost:9876/_karma_webpack_/webpack:/node_modules/rxjs/dist/esm/internal/Observable.js:37:25)
    at cb (http://localhost:9876/_karma_webpack_/webpack:/node_modules/rxjs/dist/esm/internal/Observable.js:31:30)
    at errorContext (http://localhost:9876/_karma_webpack_/webpack:/node_modules/rxjs/dist/esm/internal/util/errorContext.js:19:9)
    at Observable.subscribe (http://localhost:9876/_karma_webpack_/webpack:/node_modules/rxjs/dist/esm/internal/Observable.js:22:21)[39m
Chrome Headless 139.0.0.0 (Windows 10): Executed 154 of 1101[31m (3 FAILED)[39m (skipped 1) (0 secs / 2.384 secs)
ERROR: 'Error loading transaction:', TypeError: You provided 'undefined' where a stream was expected. You can provide an Observable, Promise, ReadableStream, Array, AsyncIterable, or Iterable.
TypeError: You provided 'undefined' where a stream was expected. You can provide an Observable, Promise, ReadableStream, Array, AsyncIterable, or Iterable.
    at createInvalidObservableTypeError (http://localhost:9876/_karma_webpack_/webpack:/node_modules/rxjs/dist/esm/internal/util/throwUnobservableError.js:2:12)
    at innerFrom (http://localhost:9876/_karma_webpack_/webpack:/node_modules/rxjs/dist/esm/internal/observable/innerFrom.js:37:43)
    at onNext (http://localhost:9876/_karma_webpack_/webpack:/node_modules/rxjs/dist/esm/internal/operators/switchMap.js:14:22)
    at OperatorSubscriber._next (http://localhost:9876/_karma_webpack_/webpack:/node_modules/rxjs/dist/esm/internal/operators/OperatorSubscriber.js:13:21)
    at OperatorSubscriber.next (http://localhost:9876/_karma_webpack_/webpack:/node_modules/rxjs/dist/esm/internal/Subscriber.js:31:18)
    at Observable._subscribe (http://localhost:9876/_karma_webpack_/webpack:/node_modules/rxjs/dist/esm/internal/observable/innerFrom.js:51:24)
    at Observable._trySubscribe (http://localhost:9876/_karma_webpack_/webpack:/node_modules/rxjs/dist/esm/internal/Observable.js:37:25)
    at cb (http://localhost:9876/_karma_webpack_/webpack:/node_modules/rxjs/dist/esm/internal/Observable.js:31:30)
    at errorContext (http://localhost:9876/_karma_webpack_/webpack:/node_modules/rxjs/dist/esm/internal/util/errorContext.js:19:9)
    at Observable.subscribe (http://localhost:9876/_karma_webpack_/webpack:/node_modules/rxjs/dist/esm/internal/Observable.js:22:21)
[1A[2KChrome Headless 139.0.0.0 (Windows 10): Executed 155 of 1101[31m (3 FAILED)[39m (skipped 1) (0 secs / 2.394 secs)
[1A[2KERROR: [36m'Error loading transaction:', TypeError: You provided 'undefined' where a stream was expected. You can provide an Observable, Promise, ReadableStream, Array, AsyncIterable, or Iterable.
TypeError: You provided 'undefined' where a stream was expected. You can provide an Observable, Promise, ReadableStream, Array, AsyncIterable, or Iterable.
    at createInvalidObservableTypeError (http://localhost:9876/_karma_webpack_/webpack:/node_modules/rxjs/dist/esm/internal/util/throwUnobservableError.js:2:12)
    at innerFrom (http://localhost:9876/_karma_webpack_/webpack:/node_modules/rxjs/dist/esm/internal/observable/innerFrom.js:37:43)
    at onNext (http://localhost:9876/_karma_webpack_/webpack:/node_modules/rxjs/dist/esm/internal/operators/switchMap.js:14:22)
    at OperatorSubscriber._next (http://localhost:9876/_karma_webpack_/webpack:/node_modules/rxjs/dist/esm/internal/operators/OperatorSubscriber.js:13:21)
    at OperatorSubscriber.next (http://localhost:9876/_karma_webpack_/webpack:/node_modules/rxjs/dist/esm/internal/Subscriber.js:31:18)
    at Observable._subscribe (http://localhost:9876/_karma_webpack_/webpack:/node_modules/rxjs/dist/esm/internal/observable/innerFrom.js:51:24)
    at Observable._trySubscribe (http://localhost:9876/_karma_webpack_/webpack:/node_modules/rxjs/dist/esm/internal/Observable.js:37:25)
    at cb (http://localhost:9876/_karma_webpack_/webpack:/node_modules/rxjs/dist/esm/internal/Observable.js:31:30)
    at errorContext (http://localhost:9876/_karma_webpack_/webpack:/node_modules/rxjs/dist/esm/internal/util/errorContext.js:19:9)
    at Observable.subscribe (http://localhost:9876/_karma_webpack_/webpack:/node_modules/rxjs/dist/esm/internal/Observable.js:22:21)[39m
Chrome Headless 139.0.0.0 (Windows 10): Executed 155 of 1101[31m (3 FAILED)[39m (skipped 1) (0 secs / 2.394 secs)
ERROR: 'Error loading transaction:', TypeError: You provided 'undefined' where a stream was expected. You can provide an Observable, Promise, ReadableStream, Array, AsyncIterable, or Iterable.
TypeError: You provided 'undefined' where a stream was expected. You can provide an Observable, Promise, ReadableStream, Array, AsyncIterable, or Iterable.
    at createInvalidObservableTypeError (http://localhost:9876/_karma_webpack_/webpack:/node_modules/rxjs/dist/esm/internal/util/throwUnobservableError.js:2:12)
    at innerFrom (http://localhost:9876/_karma_webpack_/webpack:/node_modules/rxjs/dist/esm/internal/observable/innerFrom.js:37:43)
    at onNext (http://localhost:9876/_karma_webpack_/webpack:/node_modules/rxjs/dist/esm/internal/operators/switchMap.js:14:22)
    at OperatorSubscriber._next (http://localhost:9876/_karma_webpack_/webpack:/node_modules/rxjs/dist/esm/internal/operators/OperatorSubscriber.js:13:21)
    at OperatorSubscriber.next (http://localhost:9876/_karma_webpack_/webpack:/node_modules/rxjs/dist/esm/internal/Subscriber.js:31:18)
    at Observable._subscribe (http://localhost:9876/_karma_webpack_/webpack:/node_modules/rxjs/dist/esm/internal/observable/innerFrom.js:51:24)
    at Observable._trySubscribe (http://localhost:9876/_karma_webpack_/webpack:/node_modules/rxjs/dist/esm/internal/Observable.js:37:25)
    at cb (http://localhost:9876/_karma_webpack_/webpack:/node_modules/rxjs/dist/esm/internal/Observable.js:31:30)
    at errorContext (http://localhost:9876/_karma_webpack_/webpack:/node_modules/rxjs/dist/esm/internal/util/errorContext.js:19:9)
    at Observable.subscribe (http://localhost:9876/_karma_webpack_/webpack:/node_modules/rxjs/dist/esm/internal/Observable.js:22:21)
[1A[2KChrome Headless 139.0.0.0 (Windows 10): Executed 156 of 1101[31m (3 FAILED)[39m (skipped 1) (0 secs / 2.401 secs)
[1A[2KERROR: [36m'Error loading transaction:', TypeError: You provided 'undefined' where a stream was expected. You can provide an Observable, Promise, ReadableStream, Array, AsyncIterable, or Iterable.
TypeError: You provided 'undefined' where a stream was expected. You can provide an Observable, Promise, ReadableStream, Array, AsyncIterable, or Iterable.
    at createInvalidObservableTypeError (http://localhost:9876/_karma_webpack_/webpack:/node_modules/rxjs/dist/esm/internal/util/throwUnobservableError.js:2:12)
    at innerFrom (http://localhost:9876/_karma_webpack_/webpack:/node_modules/rxjs/dist/esm/internal/observable/innerFrom.js:37:43)
    at onNext (http://localhost:9876/_karma_webpack_/webpack:/node_modules/rxjs/dist/esm/internal/operators/switchMap.js:14:22)
    at OperatorSubscriber._next (http://localhost:9876/_karma_webpack_/webpack:/node_modules/rxjs/dist/esm/internal/operators/OperatorSubscriber.js:13:21)
    at OperatorSubscriber.next (http://localhost:9876/_karma_webpack_/webpack:/node_modules/rxjs/dist/esm/internal/Subscriber.js:31:18)
    at Observable._subscribe (http://localhost:9876/_karma_webpack_/webpack:/node_modules/rxjs/dist/esm/internal/observable/innerFrom.js:51:24)
    at Observable._trySubscribe (http://localhost:9876/_karma_webpack_/webpack:/node_modules/rxjs/dist/esm/internal/Observable.js:37:25)
    at cb (http://localhost:9876/_karma_webpack_/webpack:/node_modules/rxjs/dist/esm/internal/Observable.js:31:30)
    at errorContext (http://localhost:9876/_karma_webpack_/webpack:/node_modules/rxjs/dist/esm/internal/util/errorContext.js:19:9)
    at Observable.subscribe (http://localhost:9876/_karma_webpack_/webpack:/node_modules/rxjs/dist/esm/internal/Observable.js:22:21)[39m
Chrome Headless 139.0.0.0 (Windows 10): Executed 156 of 1101[31m (3 FAILED)[39m (skipped 1) (0 secs / 2.401 secs)
ERROR: 'Error loading transaction:', TypeError: You provided 'undefined' where a stream was expected. You can provide an Observable, Promise, ReadableStream, Array, AsyncIterable, or Iterable.
TypeError: You provided 'undefined' where a stream was expected. You can provide an Observable, Promise, ReadableStream, Array, AsyncIterable, or Iterable.
    at createInvalidObservableTypeError (http://localhost:9876/_karma_webpack_/webpack:/node_modules/rxjs/dist/esm/internal/util/throwUnobservableError.js:2:12)
    at innerFrom (http://localhost:9876/_karma_webpack_/webpack:/node_modules/rxjs/dist/esm/internal/observable/innerFrom.js:37:43)
    at onNext (http://localhost:9876/_karma_webpack_/webpack:/node_modules/rxjs/dist/esm/internal/operators/switchMap.js:14:22)
    at OperatorSubscriber._next (http://localhost:9876/_karma_webpack_/webpack:/node_modules/rxjs/dist/esm/internal/operators/OperatorSubscriber.js:13:21)
    at OperatorSubscriber.next (http://localhost:9876/_karma_webpack_/webpack:/node_modules/rxjs/dist/esm/internal/Subscriber.js:31:18)
    at Observable._subscribe (http://localhost:9876/_karma_webpack_/webpack:/node_modules/rxjs/dist/esm/internal/observable/innerFrom.js:51:24)
    at Observable._trySubscribe (http://localhost:9876/_karma_webpack_/webpack:/node_modules/rxjs/dist/esm/internal/Observable.js:37:25)
    at cb (http://localhost:9876/_karma_webpack_/webpack:/node_modules/rxjs/dist/esm/internal/Observable.js:31:30)
    at errorContext (http://localhost:9876/_karma_webpack_/webpack:/node_modules/rxjs/dist/esm/internal/util/errorContext.js:19:9)
    at Observable.subscribe (http://localhost:9876/_karma_webpack_/webpack:/node_modules/rxjs/dist/esm/internal/Observable.js:22:21)
[1A[2KChrome Headless 139.0.0.0 (Windows 10): Executed 157 of 1101[31m (3 FAILED)[39m (skipped 1) (0 secs / 2.408 secs)
[1A[2KERROR: [36m'Error loading transaction:', TypeError: You provided 'undefined' where a stream was expected. You can provide an Observable, Promise, ReadableStream, Array, AsyncIterable, or Iterable.
TypeError: You provided 'undefined' where a stream was expected. You can provide an Observable, Promise, ReadableStream, Array, AsyncIterable, or Iterable.
    at createInvalidObservableTypeError (http://localhost:9876/_karma_webpack_/webpack:/node_modules/rxjs/dist/esm/internal/util/throwUnobservableError.js:2:12)
    at innerFrom (http://localhost:9876/_karma_webpack_/webpack:/node_modules/rxjs/dist/esm/internal/observable/innerFrom.js:37:43)
    at onNext (http://localhost:9876/_karma_webpack_/webpack:/node_modules/rxjs/dist/esm/internal/operators/switchMap.js:14:22)
    at OperatorSubscriber._next (http://localhost:9876/_karma_webpack_/webpack:/node_modules/rxjs/dist/esm/internal/operators/OperatorSubscriber.js:13:21)
    at OperatorSubscriber.next (http://localhost:9876/_karma_webpack_/webpack:/node_modules/rxjs/dist/esm/internal/Subscriber.js:31:18)
    at Observable._subscribe (http://localhost:9876/_karma_webpack_/webpack:/node_modules/rxjs/dist/esm/internal/observable/innerFrom.js:51:24)
    at Observable._trySubscribe (http://localhost:9876/_karma_webpack_/webpack:/node_modules/rxjs/dist/esm/internal/Observable.js:37:25)
    at cb (http://localhost:9876/_karma_webpack_/webpack:/node_modules/rxjs/dist/esm/internal/Observable.js:31:30)
    at errorContext (http://localhost:9876/_karma_webpack_/webpack:/node_modules/rxjs/dist/esm/internal/util/errorContext.js:19:9)
    at Observable.subscribe (http://localhost:9876/_karma_webpack_/webpack:/node_modules/rxjs/dist/esm/internal/Observable.js:22:21)[39m
Chrome Headless 139.0.0.0 (Windows 10): Executed 157 of 1101[31m (3 FAILED)[39m (skipped 1) (0 secs / 2.408 secs)
ERROR: 'Error loading transaction:', TypeError: You provided 'undefined' where a stream was expected. You can provide an Observable, Promise, ReadableStream, Array, AsyncIterable, or Iterable.
TypeError: You provided 'undefined' where a stream was expected. You can provide an Observable, Promise, ReadableStream, Array, AsyncIterable, or Iterable.
    at createInvalidObservableTypeError (http://localhost:9876/_karma_webpack_/webpack:/node_modules/rxjs/dist/esm/internal/util/throwUnobservableError.js:2:12)
    at innerFrom (http://localhost:9876/_karma_webpack_/webpack:/node_modules/rxjs/dist/esm/internal/observable/innerFrom.js:37:43)
    at onNext (http://localhost:9876/_karma_webpack_/webpack:/node_modules/rxjs/dist/esm/internal/operators/switchMap.js:14:22)
    at OperatorSubscriber._next (http://localhost:9876/_karma_webpack_/webpack:/node_modules/rxjs/dist/esm/internal/operators/OperatorSubscriber.js:13:21)
    at OperatorSubscriber.next (http://localhost:9876/_karma_webpack_/webpack:/node_modules/rxjs/dist/esm/internal/Subscriber.js:31:18)
    at Observable._subscribe (http://localhost:9876/_karma_webpack_/webpack:/node_modules/rxjs/dist/esm/internal/observable/innerFrom.js:51:24)
    at Observable._trySubscribe (http://localhost:9876/_karma_webpack_/webpack:/node_modules/rxjs/dist/esm/internal/Observable.js:37:25)
    at cb (http://localhost:9876/_karma_webpack_/webpack:/node_modules/rxjs/dist/esm/internal/Observable.js:31:30)
    at errorContext (http://localhost:9876/_karma_webpack_/webpack:/node_modules/rxjs/dist/esm/internal/util/errorContext.js:19:9)
    at Observable.subscribe (http://localhost:9876/_karma_webpack_/webpack:/node_modules/rxjs/dist/esm/internal/Observable.js:22:21)
[1A[2KChrome Headless 139.0.0.0 (Windows 10): Executed 158 of 1101[31m (3 FAILED)[39m (skipped 1) (0 secs / 2.416 secs)
[1A[2KERROR: [36m'Error loading transaction:', TypeError: You provided 'undefined' where a stream was expected. You can provide an Observable, Promise, ReadableStream, Array, AsyncIterable, or Iterable.
TypeError: You provided 'undefined' where a stream was expected. You can provide an Observable, Promise, ReadableStream, Array, AsyncIterable, or Iterable.
    at createInvalidObservableTypeError (http://localhost:9876/_karma_webpack_/webpack:/node_modules/rxjs/dist/esm/internal/util/throwUnobservableError.js:2:12)
    at innerFrom (http://localhost:9876/_karma_webpack_/webpack:/node_modules/rxjs/dist/esm/internal/observable/innerFrom.js:37:43)
    at onNext (http://localhost:9876/_karma_webpack_/webpack:/node_modules/rxjs/dist/esm/internal/operators/switchMap.js:14:22)
    at OperatorSubscriber._next (http://localhost:9876/_karma_webpack_/webpack:/node_modules/rxjs/dist/esm/internal/operators/OperatorSubscriber.js:13:21)
    at OperatorSubscriber.next (http://localhost:9876/_karma_webpack_/webpack:/node_modules/rxjs/dist/esm/internal/Subscriber.js:31:18)
    at Observable._subscribe (http://localhost:9876/_karma_webpack_/webpack:/node_modules/rxjs/dist/esm/internal/observable/innerFrom.js:51:24)
    at Observable._trySubscribe (http://localhost:9876/_karma_webpack_/webpack:/node_modules/rxjs/dist/esm/internal/Observable.js:37:25)
    at cb (http://localhost:9876/_karma_webpack_/webpack:/node_modules/rxjs/dist/esm/internal/Observable.js:31:30)
    at errorContext (http://localhost:9876/_karma_webpack_/webpack:/node_modules/rxjs/dist/esm/internal/util/errorContext.js:19:9)
    at Observable.subscribe (http://localhost:9876/_karma_webpack_/webpack:/node_modules/rxjs/dist/esm/internal/Observable.js:22:21)[39m
Chrome Headless 139.0.0.0 (Windows 10): Executed 158 of 1101[31m (3 FAILED)[39m (skipped 1) (0 secs / 2.416 secs)
ERROR: 'Error loading transaction:', TypeError: You provided 'undefined' where a stream was expected. You can provide an Observable, Promise, ReadableStream, Array, AsyncIterable, or Iterable.
TypeError: You provided 'undefined' where a stream was expected. You can provide an Observable, Promise, ReadableStream, Array, AsyncIterable, or Iterable.
    at createInvalidObservableTypeError (http://localhost:9876/_karma_webpack_/webpack:/node_modules/rxjs/dist/esm/internal/util/throwUnobservableError.js:2:12)
    at innerFrom (http://localhost:9876/_karma_webpack_/webpack:/node_modules/rxjs/dist/esm/internal/observable/innerFrom.js:37:43)
    at onNext (http://localhost:9876/_karma_webpack_/webpack:/node_modules/rxjs/dist/esm/internal/operators/switchMap.js:14:22)
    at OperatorSubscriber._next (http://localhost:9876/_karma_webpack_/webpack:/node_modules/rxjs/dist/esm/internal/operators/OperatorSubscriber.js:13:21)
    at OperatorSubscriber.next (http://localhost:9876/_karma_webpack_/webpack:/node_modules/rxjs/dist/esm/internal/Subscriber.js:31:18)
    at Observable._subscribe (http://localhost:9876/_karma_webpack_/webpack:/node_modules/rxjs/dist/esm/internal/observable/innerFrom.js:51:24)
    at Observable._trySubscribe (http://localhost:9876/_karma_webpack_/webpack:/node_modules/rxjs/dist/esm/internal/Observable.js:37:25)
    at cb (http://localhost:9876/_karma_webpack_/webpack:/node_modules/rxjs/dist/esm/internal/Observable.js:31:30)
    at errorContext (http://localhost:9876/_karma_webpack_/webpack:/node_modules/rxjs/dist/esm/internal/util/errorContext.js:19:9)
    at Observable.subscribe (http://localhost:9876/_karma_webpack_/webpack:/node_modules/rxjs/dist/esm/internal/Observable.js:22:21)
[1A[2KChrome Headless 139.0.0.0 (Windows 10): Executed 159 of 1101[31m (3 FAILED)[39m (skipped 1) (0 secs / 2.423 secs)
[1A[2KERROR: [36m'Error loading transaction:', TypeError: You provided 'undefined' where a stream was expected. You can provide an Observable, Promise, ReadableStream, Array, AsyncIterable, or Iterable.
TypeError: You provided 'undefined' where a stream was expected. You can provide an Observable, Promise, ReadableStream, Array, AsyncIterable, or Iterable.
    at createInvalidObservableTypeError (http://localhost:9876/_karma_webpack_/webpack:/node_modules/rxjs/dist/esm/internal/util/throwUnobservableError.js:2:12)
    at innerFrom (http://localhost:9876/_karma_webpack_/webpack:/node_modules/rxjs/dist/esm/internal/observable/innerFrom.js:37:43)
    at onNext (http://localhost:9876/_karma_webpack_/webpack:/node_modules/rxjs/dist/esm/internal/operators/switchMap.js:14:22)
    at OperatorSubscriber._next (http://localhost:9876/_karma_webpack_/webpack:/node_modules/rxjs/dist/esm/internal/operators/OperatorSubscriber.js:13:21)
    at OperatorSubscriber.next (http://localhost:9876/_karma_webpack_/webpack:/node_modules/rxjs/dist/esm/internal/Subscriber.js:31:18)
    at Observable._subscribe (http://localhost:9876/_karma_webpack_/webpack:/node_modules/rxjs/dist/esm/internal/observable/innerFrom.js:51:24)
    at Observable._trySubscribe (http://localhost:9876/_karma_webpack_/webpack:/node_modules/rxjs/dist/esm/internal/Observable.js:37:25)
    at cb (http://localhost:9876/_karma_webpack_/webpack:/node_modules/rxjs/dist/esm/internal/Observable.js:31:30)
    at errorContext (http://localhost:9876/_karma_webpack_/webpack:/node_modules/rxjs/dist/esm/internal/util/errorContext.js:19:9)
    at Observable.subscribe (http://localhost:9876/_karma_webpack_/webpack:/node_modules/rxjs/dist/esm/internal/Observable.js:22:21)[39m
Chrome Headless 139.0.0.0 (Windows 10): Executed 159 of 1101[31m (3 FAILED)[39m (skipped 1) (0 secs / 2.423 secs)
ERROR: 'Error loading transaction:', TypeError: You provided 'undefined' where a stream was expected. You can provide an Observable, Promise, ReadableStream, Array, AsyncIterable, or Iterable.
TypeError: You provided 'undefined' where a stream was expected. You can provide an Observable, Promise, ReadableStream, Array, AsyncIterable, or Iterable.
    at createInvalidObservableTypeError (http://localhost:9876/_karma_webpack_/webpack:/node_modules/rxjs/dist/esm/internal/util/throwUnobservableError.js:2:12)
    at innerFrom (http://localhost:9876/_karma_webpack_/webpack:/node_modules/rxjs/dist/esm/internal/observable/innerFrom.js:37:43)
    at onNext (http://localhost:9876/_karma_webpack_/webpack:/node_modules/rxjs/dist/esm/internal/operators/switchMap.js:14:22)
    at OperatorSubscriber._next (http://localhost:9876/_karma_webpack_/webpack:/node_modules/rxjs/dist/esm/internal/operators/OperatorSubscriber.js:13:21)
    at OperatorSubscriber.next (http://localhost:9876/_karma_webpack_/webpack:/node_modules/rxjs/dist/esm/internal/Subscriber.js:31:18)
    at Observable._subscribe (http://localhost:9876/_karma_webpack_/webpack:/node_modules/rxjs/dist/esm/internal/observable/innerFrom.js:51:24)
    at Observable._trySubscribe (http://localhost:9876/_karma_webpack_/webpack:/node_modules/rxjs/dist/esm/internal/Observable.js:37:25)
    at cb (http://localhost:9876/_karma_webpack_/webpack:/node_modules/rxjs/dist/esm/internal/Observable.js:31:30)
    at errorContext (http://localhost:9876/_karma_webpack_/webpack:/node_modules/rxjs/dist/esm/internal/util/errorContext.js:19:9)
    at Observable.subscribe (http://localhost:9876/_karma_webpack_/webpack:/node_modules/rxjs/dist/esm/internal/Observable.js:22:21)
[1A[2K[31mChrome Headless 139.0.0.0 (Windows 10) TransactionDetailsComponent helper methods should get recurrence icon FAILED[39m
	Expected 'я┐╜я┐╜' to be ''.
	    at <Jasmine>
	    at UserContext.<anonymous> (src/app/features/financial/components/transaction-details/transaction-details.spec.ts:302:68)
	    at <Jasmine>
	Expected 'я┐╜я┐╜' to be ''.
	    at <Jasmine>
	    at UserContext.<anonymous> (src/app/features/financial/components/transaction-details/transaction-details.spec.ts:303:69)
	    at <Jasmine>
	Expected 'я┐╜я┐╜' to be ''.
	    at <Jasmine>
	    at UserContext.<anonymous> (src/app/features/financial/components/transaction-details/transaction-details.spec.ts:304:71)
	    at <Jasmine>
	Expected 'я┐╜я┐╜' to be ''.
	    at <Jasmine>
	    at UserContext.<anonymous> (src/app/features/financial/components/transaction-details/transaction-details.spec.ts:305:70)
	    at <Jasmine>
	Expected 'я┐╜я┐╜' to be ''.
	    at <Jasmine>
	    at UserContext.<anonymous> (src/app/features/financial/components/transaction-details/transaction-details.spec.ts:306:72)
	    at <Jasmine>
	Expected 'я┐╜я┐╜' to be ''.
	    at <Jasmine>
	    at UserContext.<anonymous> (src/app/features/financial/components/transaction-details/transaction-details.spec.ts:307:69)
	    at <Jasmine>
Chrome Headless 139.0.0.0 (Windows 10): Executed 160 of 1101[31m (4 FAILED)[39m (skipped 1) (0 secs / 2.434 secs)
[1A[2KERROR: [36m'Error loading transaction:', TypeError: You provided 'undefined' where a stream was expected. You can provide an Observable, Promise, ReadableStream, Array, AsyncIterable, or Iterable.
TypeError: You provided 'undefined' where a stream was expected. You can provide an Observable, Promise, ReadableStream, Array, AsyncIterable, or Iterable.
    at createInvalidObservableTypeError (http://localhost:9876/_karma_webpack_/webpack:/node_modules/rxjs/dist/esm/internal/util/throwUnobservableError.js:2:12)
    at innerFrom (http://localhost:9876/_karma_webpack_/webpack:/node_modules/rxjs/dist/esm/internal/observable/innerFrom.js:37:43)
    at onNext (http://localhost:9876/_karma_webpack_/webpack:/node_modules/rxjs/dist/esm/internal/operators/switchMap.js:14:22)
    at OperatorSubscriber._next (http://localhost:9876/_karma_webpack_/webpack:/node_modules/rxjs/dist/esm/internal/operators/OperatorSubscriber.js:13:21)
    at OperatorSubscriber.next (http://localhost:9876/_karma_webpack_/webpack:/node_modules/rxjs/dist/esm/internal/Subscriber.js:31:18)
    at Observable._subscribe (http://localhost:9876/_karma_webpack_/webpack:/node_modules/rxjs/dist/esm/internal/observable/innerFrom.js:51:24)
    at Observable._trySubscribe (http://localhost:9876/_karma_webpack_/webpack:/node_modules/rxjs/dist/esm/internal/Observable.js:37:25)
    at cb (http://localhost:9876/_karma_webpack_/webpack:/node_modules/rxjs/dist/esm/internal/Observable.js:31:30)
    at errorContext (http://localhost:9876/_karma_webpack_/webpack:/node_modules/rxjs/dist/esm/internal/util/errorContext.js:19:9)
    at Observable.subscribe (http://localhost:9876/_karma_webpack_/webpack:/node_modules/rxjs/dist/esm/internal/Observable.js:22:21)[39m
Chrome Headless 139.0.0.0 (Windows 10): Executed 160 of 1101[31m (4 FAILED)[39m (skipped 1) (0 secs / 2.434 secs)
ERROR: 'Error loading transaction:', TypeError: You provided 'undefined' where a stream was expected. You can provide an Observable, Promise, ReadableStream, Array, AsyncIterable, or Iterable.
TypeError: You provided 'undefined' where a stream was expected. You can provide an Observable, Promise, ReadableStream, Array, AsyncIterable, or Iterable.
    at createInvalidObservableTypeError (http://localhost:9876/_karma_webpack_/webpack:/node_modules/rxjs/dist/esm/internal/util/throwUnobservableError.js:2:12)
    at innerFrom (http://localhost:9876/_karma_webpack_/webpack:/node_modules/rxjs/dist/esm/internal/observable/innerFrom.js:37:43)
    at onNext (http://localhost:9876/_karma_webpack_/webpack:/node_modules/rxjs/dist/esm/internal/operators/switchMap.js:14:22)
    at OperatorSubscriber._next (http://localhost:9876/_karma_webpack_/webpack:/node_modules/rxjs/dist/esm/internal/operators/OperatorSubscriber.js:13:21)
    at OperatorSubscriber.next (http://localhost:9876/_karma_webpack_/webpack:/node_modules/rxjs/dist/esm/internal/Subscriber.js:31:18)
    at Observable._subscribe (http://localhost:9876/_karma_webpack_/webpack:/node_modules/rxjs/dist/esm/internal/observable/innerFrom.js:51:24)
    at Observable._trySubscribe (http://localhost:9876/_karma_webpack_/webpack:/node_modules/rxjs/dist/esm/internal/Observable.js:37:25)
    at cb (http://localhost:9876/_karma_webpack_/webpack:/node_modules/rxjs/dist/esm/internal/Observable.js:31:30)
    at errorContext (http://localhost:9876/_karma_webpack_/webpack:/node_modules/rxjs/dist/esm/internal/util/errorContext.js:19:9)
    at Observable.subscribe (http://localhost:9876/_karma_webpack_/webpack:/node_modules/rxjs/dist/esm/internal/Observable.js:22:21)
[1A[2KChrome Headless 139.0.0.0 (Windows 10): Executed 161 of 1101[31m (4 FAILED)[39m (skipped 1) (0 secs / 2.441 secs)
[1A[2KERROR: [36m'Error loading transaction:', TypeError: You provided 'undefined' where a stream was expected. You can provide an Observable, Promise, ReadableStream, Array, AsyncIterable, or Iterable.
TypeError: You provided 'undefined' where a stream was expected. You can provide an Observable, Promise, ReadableStream, Array, AsyncIterable, or Iterable.
    at createInvalidObservableTypeError (http://localhost:9876/_karma_webpack_/webpack:/node_modules/rxjs/dist/esm/internal/util/throwUnobservableError.js:2:12)
    at innerFrom (http://localhost:9876/_karma_webpack_/webpack:/node_modules/rxjs/dist/esm/internal/observable/innerFrom.js:37:43)
    at onNext (http://localhost:9876/_karma_webpack_/webpack:/node_modules/rxjs/dist/esm/internal/operators/switchMap.js:14:22)
    at OperatorSubscriber._next (http://localhost:9876/_karma_webpack_/webpack:/node_modules/rxjs/dist/esm/internal/operators/OperatorSubscriber.js:13:21)
    at OperatorSubscriber.next (http://localhost:9876/_karma_webpack_/webpack:/node_modules/rxjs/dist/esm/internal/Subscriber.js:31:18)
    at Observable._subscribe (http://localhost:9876/_karma_webpack_/webpack:/node_modules/rxjs/dist/esm/internal/observable/innerFrom.js:51:24)
    at Observable._trySubscribe (http://localhost:9876/_karma_webpack_/webpack:/node_modules/rxjs/dist/esm/internal/Observable.js:37:25)
    at cb (http://localhost:9876/_karma_webpack_/webpack:/node_modules/rxjs/dist/esm/internal/Observable.js:31:30)
    at errorContext (http://localhost:9876/_karma_webpack_/webpack:/node_modules/rxjs/dist/esm/internal/util/errorContext.js:19:9)
    at Observable.subscribe (http://localhost:9876/_karma_webpack_/webpack:/node_modules/rxjs/dist/esm/internal/Observable.js:22:21)[39m
Chrome Headless 139.0.0.0 (Windows 10): Executed 161 of 1101[31m (4 FAILED)[39m (skipped 1) (0 secs / 2.441 secs)
ERROR: 'Error loading transaction:', TypeError: You provided 'undefined' where a stream was expected. You can provide an Observable, Promise, ReadableStream, Array, AsyncIterable, or Iterable.
TypeError: You provided 'undefined' where a stream was expected. You can provide an Observable, Promise, ReadableStream, Array, AsyncIterable, or Iterable.
    at createInvalidObservableTypeError (http://localhost:9876/_karma_webpack_/webpack:/node_modules/rxjs/dist/esm/internal/util/throwUnobservableError.js:2:12)
    at innerFrom (http://localhost:9876/_karma_webpack_/webpack:/node_modules/rxjs/dist/esm/internal/observable/innerFrom.js:37:43)
    at onNext (http://localhost:9876/_karma_webpack_/webpack:/node_modules/rxjs/dist/esm/internal/operators/switchMap.js:14:22)
    at OperatorSubscriber._next (http://localhost:9876/_karma_webpack_/webpack:/node_modules/rxjs/dist/esm/internal/operators/OperatorSubscriber.js:13:21)
    at OperatorSubscriber.next (http://localhost:9876/_karma_webpack_/webpack:/node_modules/rxjs/dist/esm/internal/Subscriber.js:31:18)
    at Observable._subscribe (http://localhost:9876/_karma_webpack_/webpack:/node_modules/rxjs/dist/esm/internal/observable/innerFrom.js:51:24)
    at Observable._trySubscribe (http://localhost:9876/_karma_webpack_/webpack:/node_modules/rxjs/dist/esm/internal/Observable.js:37:25)
    at cb (http://localhost:9876/_karma_webpack_/webpack:/node_modules/rxjs/dist/esm/internal/Observable.js:31:30)
    at errorContext (http://localhost:9876/_karma_webpack_/webpack:/node_modules/rxjs/dist/esm/internal/util/errorContext.js:19:9)
    at Observable.subscribe (http://localhost:9876/_karma_webpack_/webpack:/node_modules/rxjs/dist/esm/internal/Observable.js:22:21)
[1A[2KChrome Headless 139.0.0.0 (Windows 10): Executed 162 of 1101[31m (4 FAILED)[39m (skipped 1) (0 secs / 2.448 secs)
[1A[2KERROR: [36m'Error loading transaction:', TypeError: You provided 'undefined' where a stream was expected. You can provide an Observable, Promise, ReadableStream, Array, AsyncIterable, or Iterable.
TypeError: You provided 'undefined' where a stream was expected. You can provide an Observable, Promise, ReadableStream, Array, AsyncIterable, or Iterable.
    at createInvalidObservableTypeError (http://localhost:9876/_karma_webpack_/webpack:/node_modules/rxjs/dist/esm/internal/util/throwUnobservableError.js:2:12)
    at innerFrom (http://localhost:9876/_karma_webpack_/webpack:/node_modules/rxjs/dist/esm/internal/observable/innerFrom.js:37:43)
    at onNext (http://localhost:9876/_karma_webpack_/webpack:/node_modules/rxjs/dist/esm/internal/operators/switchMap.js:14:22)
    at OperatorSubscriber._next (http://localhost:9876/_karma_webpack_/webpack:/node_modules/rxjs/dist/esm/internal/operators/OperatorSubscriber.js:13:21)
    at OperatorSubscriber.next (http://localhost:9876/_karma_webpack_/webpack:/node_modules/rxjs/dist/esm/internal/Subscriber.js:31:18)
    at Observable._subscribe (http://localhost:9876/_karma_webpack_/webpack:/node_modules/rxjs/dist/esm/internal/observable/innerFrom.js:51:24)
    at Observable._trySubscribe (http://localhost:9876/_karma_webpack_/webpack:/node_modules/rxjs/dist/esm/internal/Observable.js:37:25)
    at cb (http://localhost:9876/_karma_webpack_/webpack:/node_modules/rxjs/dist/esm/internal/Observable.js:31:30)
    at errorContext (http://localhost:9876/_karma_webpack_/webpack:/node_modules/rxjs/dist/esm/internal/util/errorContext.js:19:9)
    at Observable.subscribe (http://localhost:9876/_karma_webpack_/webpack:/node_modules/rxjs/dist/esm/internal/Observable.js:22:21)[39m
Chrome Headless 139.0.0.0 (Windows 10): Executed 162 of 1101[31m (4 FAILED)[39m (skipped 1) (0 secs / 2.448 secs)
ERROR: 'Error loading transaction:', TypeError: You provided 'undefined' where a stream was expected. You can provide an Observable, Promise, ReadableStream, Array, AsyncIterable, or Iterable.
TypeError: You provided 'undefined' where a stream was expected. You can provide an Observable, Promise, ReadableStream, Array, AsyncIterable, or Iterable.
    at createInvalidObservableTypeError (http://localhost:9876/_karma_webpack_/webpack:/node_modules/rxjs/dist/esm/internal/util/throwUnobservableError.js:2:12)
    at innerFrom (http://localhost:9876/_karma_webpack_/webpack:/node_modules/rxjs/dist/esm/internal/observable/innerFrom.js:37:43)
    at onNext (http://localhost:9876/_karma_webpack_/webpack:/node_modules/rxjs/dist/esm/internal/operators/switchMap.js:14:22)
    at OperatorSubscriber._next (http://localhost:9876/_karma_webpack_/webpack:/node_modules/rxjs/dist/esm/internal/operators/OperatorSubscriber.js:13:21)
    at OperatorSubscriber.next (http://localhost:9876/_karma_webpack_/webpack:/node_modules/rxjs/dist/esm/internal/Subscriber.js:31:18)
    at Observable._subscribe (http://localhost:9876/_karma_webpack_/webpack:/node_modules/rxjs/dist/esm/internal/observable/innerFrom.js:51:24)
    at Observable._trySubscribe (http://localhost:9876/_karma_webpack_/webpack:/node_modules/rxjs/dist/esm/internal/Observable.js:37:25)
    at cb (http://localhost:9876/_karma_webpack_/webpack:/node_modules/rxjs/dist/esm/internal/Observable.js:31:30)
    at errorContext (http://localhost:9876/_karma_webpack_/webpack:/node_modules/rxjs/dist/esm/internal/util/errorContext.js:19:9)
    at Observable.subscribe (http://localhost:9876/_karma_webpack_/webpack:/node_modules/rxjs/dist/esm/internal/Observable.js:22:21)
[1A[2KChrome Headless 139.0.0.0 (Windows 10): Executed 163 of 1101[31m (4 FAILED)[39m (skipped 1) (0 secs / 2.456 secs)
[1A[2KERROR: [36m'Error loading transaction:', TypeError: You provided 'undefined' where a stream was expected. You can provide an Observable, Promise, ReadableStream, Array, AsyncIterable, or Iterable.
TypeError: You provided 'undefined' where a stream was expected. You can provide an Observable, Promise, ReadableStream, Array, AsyncIterable, or Iterable.
    at createInvalidObservableTypeError (http://localhost:9876/_karma_webpack_/webpack:/node_modules/rxjs/dist/esm/internal/util/throwUnobservableError.js:2:12)
    at innerFrom (http://localhost:9876/_karma_webpack_/webpack:/node_modules/rxjs/dist/esm/internal/observable/innerFrom.js:37:43)
    at onNext (http://localhost:9876/_karma_webpack_/webpack:/node_modules/rxjs/dist/esm/internal/operators/switchMap.js:14:22)
    at OperatorSubscriber._next (http://localhost:9876/_karma_webpack_/webpack:/node_modules/rxjs/dist/esm/internal/operators/OperatorSubscriber.js:13:21)
    at OperatorSubscriber.next (http://localhost:9876/_karma_webpack_/webpack:/node_modules/rxjs/dist/esm/internal/Subscriber.js:31:18)
    at Observable._subscribe (http://localhost:9876/_karma_webpack_/webpack:/node_modules/rxjs/dist/esm/internal/observable/innerFrom.js:51:24)
    at Observable._trySubscribe (http://localhost:9876/_karma_webpack_/webpack:/node_modules/rxjs/dist/esm/internal/Observable.js:37:25)
    at cb (http://localhost:9876/_karma_webpack_/webpack:/node_modules/rxjs/dist/esm/internal/Observable.js:31:30)
    at errorContext (http://localhost:9876/_karma_webpack_/webpack:/node_modules/rxjs/dist/esm/internal/util/errorContext.js:19:9)
    at Observable.subscribe (http://localhost:9876/_karma_webpack_/webpack:/node_modules/rxjs/dist/esm/internal/Observable.js:22:21)[39m
Chrome Headless 139.0.0.0 (Windows 10): Executed 163 of 1101[31m (4 FAILED)[39m (skipped 1) (0 secs / 2.456 secs)
ERROR: 'Error loading transaction:', TypeError: You provided 'undefined' where a stream was expected. You can provide an Observable, Promise, ReadableStream, Array, AsyncIterable, or Iterable.
TypeError: You provided 'undefined' where a stream was expected. You can provide an Observable, Promise, ReadableStream, Array, AsyncIterable, or Iterable.
    at createInvalidObservableTypeError (http://localhost:9876/_karma_webpack_/webpack:/node_modules/rxjs/dist/esm/internal/util/throwUnobservableError.js:2:12)
    at innerFrom (http://localhost:9876/_karma_webpack_/webpack:/node_modules/rxjs/dist/esm/internal/observable/innerFrom.js:37:43)
    at onNext (http://localhost:9876/_karma_webpack_/webpack:/node_modules/rxjs/dist/esm/internal/operators/switchMap.js:14:22)
    at OperatorSubscriber._next (http://localhost:9876/_karma_webpack_/webpack:/node_modules/rxjs/dist/esm/internal/operators/OperatorSubscriber.js:13:21)
    at OperatorSubscriber.next (http://localhost:9876/_karma_webpack_/webpack:/node_modules/rxjs/dist/esm/internal/Subscriber.js:31:18)
    at Observable._subscribe (http://localhost:9876/_karma_webpack_/webpack:/node_modules/rxjs/dist/esm/internal/observable/innerFrom.js:51:24)
    at Observable._trySubscribe (http://localhost:9876/_karma_webpack_/webpack:/node_modules/rxjs/dist/esm/internal/Observable.js:37:25)
    at cb (http://localhost:9876/_karma_webpack_/webpack:/node_modules/rxjs/dist/esm/internal/Observable.js:31:30)
    at errorContext (http://localhost:9876/_karma_webpack_/webpack:/node_modules/rxjs/dist/esm/internal/util/errorContext.js:19:9)
    at Observable.subscribe (http://localhost:9876/_karma_webpack_/webpack:/node_modules/rxjs/dist/esm/internal/Observable.js:22:21)
[1A[2KChrome Headless 139.0.0.0 (Windows 10): Executed 164 of 1101[31m (4 FAILED)[39m (skipped 1) (0 secs / 2.465 secs)
[1A[2KERROR: [36m'Error loading transaction:', TypeError: You provided 'undefined' where a stream was expected. You can provide an Observable, Promise, ReadableStream, Array, AsyncIterable, or Iterable.
TypeError: You provided 'undefined' where a stream was expected. You can provide an Observable, Promise, ReadableStream, Array, AsyncIterable, or Iterable.
    at createInvalidObservableTypeError (http://localhost:9876/_karma_webpack_/webpack:/node_modules/rxjs/dist/esm/internal/util/throwUnobservableError.js:2:12)
    at innerFrom (http://localhost:9876/_karma_webpack_/webpack:/node_modules/rxjs/dist/esm/internal/observable/innerFrom.js:37:43)
    at onNext (http://localhost:9876/_karma_webpack_/webpack:/node_modules/rxjs/dist/esm/internal/operators/switchMap.js:14:22)
    at OperatorSubscriber._next (http://localhost:9876/_karma_webpack_/webpack:/node_modules/rxjs/dist/esm/internal/operators/OperatorSubscriber.js:13:21)
    at OperatorSubscriber.next (http://localhost:9876/_karma_webpack_/webpack:/node_modules/rxjs/dist/esm/internal/Subscriber.js:31:18)
    at Observable._subscribe (http://localhost:9876/_karma_webpack_/webpack:/node_modules/rxjs/dist/esm/internal/observable/innerFrom.js:51:24)
    at Observable._trySubscribe (http://localhost:9876/_karma_webpack_/webpack:/node_modules/rxjs/dist/esm/internal/Observable.js:37:25)
    at cb (http://localhost:9876/_karma_webpack_/webpack:/node_modules/rxjs/dist/esm/internal/Observable.js:31:30)
    at errorContext (http://localhost:9876/_karma_webpack_/webpack:/node_modules/rxjs/dist/esm/internal/util/errorContext.js:19:9)
    at Observable.subscribe (http://localhost:9876/_karma_webpack_/webpack:/node_modules/rxjs/dist/esm/internal/Observable.js:22:21)[39m
Chrome Headless 139.0.0.0 (Windows 10): Executed 164 of 1101[31m (4 FAILED)[39m (skipped 1) (0 secs / 2.465 secs)
ERROR: 'Error loading transaction:', TypeError: You provided 'undefined' where a stream was expected. You can provide an Observable, Promise, ReadableStream, Array, AsyncIterable, or Iterable.
TypeError: You provided 'undefined' where a stream was expected. You can provide an Observable, Promise, ReadableStream, Array, AsyncIterable, or Iterable.
    at createInvalidObservableTypeError (http://localhost:9876/_karma_webpack_/webpack:/node_modules/rxjs/dist/esm/internal/util/throwUnobservableError.js:2:12)
    at innerFrom (http://localhost:9876/_karma_webpack_/webpack:/node_modules/rxjs/dist/esm/internal/observable/innerFrom.js:37:43)
    at onNext (http://localhost:9876/_karma_webpack_/webpack:/node_modules/rxjs/dist/esm/internal/operators/switchMap.js:14:22)
    at OperatorSubscriber._next (http://localhost:9876/_karma_webpack_/webpack:/node_modules/rxjs/dist/esm/internal/operators/OperatorSubscriber.js:13:21)
    at OperatorSubscriber.next (http://localhost:9876/_karma_webpack_/webpack:/node_modules/rxjs/dist/esm/internal/Subscriber.js:31:18)
    at Observable._subscribe (http://localhost:9876/_karma_webpack_/webpack:/node_modules/rxjs/dist/esm/internal/observable/innerFrom.js:51:24)
    at Observable._trySubscribe (http://localhost:9876/_karma_webpack_/webpack:/node_modules/rxjs/dist/esm/internal/Observable.js:37:25)
    at cb (http://localhost:9876/_karma_webpack_/webpack:/node_modules/rxjs/dist/esm/internal/Observable.js:31:30)
    at errorContext (http://localhost:9876/_karma_webpack_/webpack:/node_modules/rxjs/dist/esm/internal/util/errorContext.js:19:9)
    at Observable.subscribe (http://localhost:9876/_karma_webpack_/webpack:/node_modules/rxjs/dist/esm/internal/Observable.js:22:21)
[1A[2KChrome Headless 139.0.0.0 (Windows 10): Executed 165 of 1101[31m (4 FAILED)[39m (skipped 1) (0 secs / 2.472 secs)
[1A[2KERROR: [36m'Error loading transaction:', TypeError: You provided 'undefined' where a stream was expected. You can provide an Observable, Promise, ReadableStream, Array, AsyncIterable, or Iterable.
TypeError: You provided 'undefined' where a stream was expected. You can provide an Observable, Promise, ReadableStream, Array, AsyncIterable, or Iterable.
    at createInvalidObservableTypeError (http://localhost:9876/_karma_webpack_/webpack:/node_modules/rxjs/dist/esm/internal/util/throwUnobservableError.js:2:12)
    at innerFrom (http://localhost:9876/_karma_webpack_/webpack:/node_modules/rxjs/dist/esm/internal/observable/innerFrom.js:37:43)
    at onNext (http://localhost:9876/_karma_webpack_/webpack:/node_modules/rxjs/dist/esm/internal/operators/switchMap.js:14:22)
    at OperatorSubscriber._next (http://localhost:9876/_karma_webpack_/webpack:/node_modules/rxjs/dist/esm/internal/operators/OperatorSubscriber.js:13:21)
    at OperatorSubscriber.next (http://localhost:9876/_karma_webpack_/webpack:/node_modules/rxjs/dist/esm/internal/Subscriber.js:31:18)
    at Observable._subscribe (http://localhost:9876/_karma_webpack_/webpack:/node_modules/rxjs/dist/esm/internal/observable/innerFrom.js:51:24)
    at Observable._trySubscribe (http://localhost:9876/_karma_webpack_/webpack:/node_modules/rxjs/dist/esm/internal/Observable.js:37:25)
    at cb (http://localhost:9876/_karma_webpack_/webpack:/node_modules/rxjs/dist/esm/internal/Observable.js:31:30)
    at errorContext (http://localhost:9876/_karma_webpack_/webpack:/node_modules/rxjs/dist/esm/internal/util/errorContext.js:19:9)
    at Observable.subscribe (http://localhost:9876/_karma_webpack_/webpack:/node_modules/rxjs/dist/esm/internal/Observable.js:22:21)[39m
Chrome Headless 139.0.0.0 (Windows 10): Executed 165 of 1101[31m (4 FAILED)[39m (skipped 1) (0 secs / 2.472 secs)
ERROR: 'Error loading transaction:', TypeError: You provided 'undefined' where a stream was expected. You can provide an Observable, Promise, ReadableStream, Array, AsyncIterable, or Iterable.
TypeError: You provided 'undefined' where a stream was expected. You can provide an Observable, Promise, ReadableStream, Array, AsyncIterable, or Iterable.
    at createInvalidObservableTypeError (http://localhost:9876/_karma_webpack_/webpack:/node_modules/rxjs/dist/esm/internal/util/throwUnobservableError.js:2:12)
    at innerFrom (http://localhost:9876/_karma_webpack_/webpack:/node_modules/rxjs/dist/esm/internal/observable/innerFrom.js:37:43)
    at onNext (http://localhost:9876/_karma_webpack_/webpack:/node_modules/rxjs/dist/esm/internal/operators/switchMap.js:14:22)
    at OperatorSubscriber._next (http://localhost:9876/_karma_webpack_/webpack:/node_modules/rxjs/dist/esm/internal/operators/OperatorSubscriber.js:13:21)
    at OperatorSubscriber.next (http://localhost:9876/_karma_webpack_/webpack:/node_modules/rxjs/dist/esm/internal/Subscriber.js:31:18)
    at Observable._subscribe (http://localhost:9876/_karma_webpack_/webpack:/node_modules/rxjs/dist/esm/internal/observable/innerFrom.js:51:24)
    at Observable._trySubscribe (http://localhost:9876/_karma_webpack_/webpack:/node_modules/rxjs/dist/esm/internal/Observable.js:37:25)
    at cb (http://localhost:9876/_karma_webpack_/webpack:/node_modules/rxjs/dist/esm/internal/Observable.js:31:30)
    at errorContext (http://localhost:9876/_karma_webpack_/webpack:/node_modules/rxjs/dist/esm/internal/util/errorContext.js:19:9)
    at Observable.subscribe (http://localhost:9876/_karma_webpack_/webpack:/node_modules/rxjs/dist/esm/internal/Observable.js:22:21)
[1A[2KChrome Headless 139.0.0.0 (Windows 10): Executed 166 of 1101[31m (4 FAILED)[39m (skipped 1) (0 secs / 2.479 secs)
[1A[2KERROR: [36m'Error loading transaction:', TypeError: You provided 'undefined' where a stream was expected. You can provide an Observable, Promise, ReadableStream, Array, AsyncIterable, or Iterable.
TypeError: You provided 'undefined' where a stream was expected. You can provide an Observable, Promise, ReadableStream, Array, AsyncIterable, or Iterable.
    at createInvalidObservableTypeError (http://localhost:9876/_karma_webpack_/webpack:/node_modules/rxjs/dist/esm/internal/util/throwUnobservableError.js:2:12)
    at innerFrom (http://localhost:9876/_karma_webpack_/webpack:/node_modules/rxjs/dist/esm/internal/observable/innerFrom.js:37:43)
    at onNext (http://localhost:9876/_karma_webpack_/webpack:/node_modules/rxjs/dist/esm/internal/operators/switchMap.js:14:22)
    at OperatorSubscriber._next (http://localhost:9876/_karma_webpack_/webpack:/node_modules/rxjs/dist/esm/internal/operators/OperatorSubscriber.js:13:21)
    at OperatorSubscriber.next (http://localhost:9876/_karma_webpack_/webpack:/node_modules/rxjs/dist/esm/internal/Subscriber.js:31:18)
    at Observable._subscribe (http://localhost:9876/_karma_webpack_/webpack:/node_modules/rxjs/dist/esm/internal/observable/innerFrom.js:51:24)
    at Observable._trySubscribe (http://localhost:9876/_karma_webpack_/webpack:/node_modules/rxjs/dist/esm/internal/Observable.js:37:25)
    at cb (http://localhost:9876/_karma_webpack_/webpack:/node_modules/rxjs/dist/esm/internal/Observable.js:31:30)
    at errorContext (http://localhost:9876/_karma_webpack_/webpack:/node_modules/rxjs/dist/esm/internal/util/errorContext.js:19:9)
    at Observable.subscribe (http://localhost:9876/_karma_webpack_/webpack:/node_modules/rxjs/dist/esm/internal/Observable.js:22:21)[39m
Chrome Headless 139.0.0.0 (Windows 10): Executed 166 of 1101[31m (4 FAILED)[39m (skipped 1) (0 secs / 2.479 secs)
ERROR: 'Error loading transaction:', TypeError: You provided 'undefined' where a stream was expected. You can provide an Observable, Promise, ReadableStream, Array, AsyncIterable, or Iterable.
TypeError: You provided 'undefined' where a stream was expected. You can provide an Observable, Promise, ReadableStream, Array, AsyncIterable, or Iterable.
    at createInvalidObservableTypeError (http://localhost:9876/_karma_webpack_/webpack:/node_modules/rxjs/dist/esm/internal/util/throwUnobservableError.js:2:12)
    at innerFrom (http://localhost:9876/_karma_webpack_/webpack:/node_modules/rxjs/dist/esm/internal/observable/innerFrom.js:37:43)
    at onNext (http://localhost:9876/_karma_webpack_/webpack:/node_modules/rxjs/dist/esm/internal/operators/switchMap.js:14:22)
    at OperatorSubscriber._next (http://localhost:9876/_karma_webpack_/webpack:/node_modules/rxjs/dist/esm/internal/operators/OperatorSubscriber.js:13:21)
    at OperatorSubscriber.next (http://localhost:9876/_karma_webpack_/webpack:/node_modules/rxjs/dist/esm/internal/Subscriber.js:31:18)
    at Observable._subscribe (http://localhost:9876/_karma_webpack_/webpack:/node_modules/rxjs/dist/esm/internal/observable/innerFrom.js:51:24)
    at Observable._trySubscribe (http://localhost:9876/_karma_webpack_/webpack:/node_modules/rxjs/dist/esm/internal/Observable.js:37:25)
    at cb (http://localhost:9876/_karma_webpack_/webpack:/node_modules/rxjs/dist/esm/internal/Observable.js:31:30)
    at errorContext (http://localhost:9876/_karma_webpack_/webpack:/node_modules/rxjs/dist/esm/internal/util/errorContext.js:19:9)
    at Observable.subscribe (http://localhost:9876/_karma_webpack_/webpack:/node_modules/rxjs/dist/esm/internal/Observable.js:22:21)
[1A[2KChrome Headless 139.0.0.0 (Windows 10): Executed 167 of 1101[31m (4 FAILED)[39m (skipped 1) (0 secs / 2.486 secs)
[1A[2KERROR: [36m'Error loading transaction:', TypeError: You provided 'undefined' where a stream was expected. You can provide an Observable, Promise, ReadableStream, Array, AsyncIterable, or Iterable.
TypeError: You provided 'undefined' where a stream was expected. You can provide an Observable, Promise, ReadableStream, Array, AsyncIterable, or Iterable.
    at createInvalidObservableTypeError (http://localhost:9876/_karma_webpack_/webpack:/node_modules/rxjs/dist/esm/internal/util/throwUnobservableError.js:2:12)
    at innerFrom (http://localhost:9876/_karma_webpack_/webpack:/node_modules/rxjs/dist/esm/internal/observable/innerFrom.js:37:43)
    at onNext (http://localhost:9876/_karma_webpack_/webpack:/node_modules/rxjs/dist/esm/internal/operators/switchMap.js:14:22)
    at OperatorSubscriber._next (http://localhost:9876/_karma_webpack_/webpack:/node_modules/rxjs/dist/esm/internal/operators/OperatorSubscriber.js:13:21)
    at OperatorSubscriber.next (http://localhost:9876/_karma_webpack_/webpack:/node_modules/rxjs/dist/esm/internal/Subscriber.js:31:18)
    at Observable._subscribe (http://localhost:9876/_karma_webpack_/webpack:/node_modules/rxjs/dist/esm/internal/observable/innerFrom.js:51:24)
    at Observable._trySubscribe (http://localhost:9876/_karma_webpack_/webpack:/node_modules/rxjs/dist/esm/internal/Observable.js:37:25)
    at cb (http://localhost:9876/_karma_webpack_/webpack:/node_modules/rxjs/dist/esm/internal/Observable.js:31:30)
    at errorContext (http://localhost:9876/_karma_webpack_/webpack:/node_modules/rxjs/dist/esm/internal/util/errorContext.js:19:9)
    at Observable.subscribe (http://localhost:9876/_karma_webpack_/webpack:/node_modules/rxjs/dist/esm/internal/Observable.js:22:21)[39m
Chrome Headless 139.0.0.0 (Windows 10): Executed 167 of 1101[31m (4 FAILED)[39m (skipped 1) (0 secs / 2.486 secs)
ERROR: 'Error loading transaction:', TypeError: You provided 'undefined' where a stream was expected. You can provide an Observable, Promise, ReadableStream, Array, AsyncIterable, or Iterable.
TypeError: You provided 'undefined' where a stream was expected. You can provide an Observable, Promise, ReadableStream, Array, AsyncIterable, or Iterable.
    at createInvalidObservableTypeError (http://localhost:9876/_karma_webpack_/webpack:/node_modules/rxjs/dist/esm/internal/util/throwUnobservableError.js:2:12)
    at innerFrom (http://localhost:9876/_karma_webpack_/webpack:/node_modules/rxjs/dist/esm/internal/observable/innerFrom.js:37:43)
    at onNext (http://localhost:9876/_karma_webpack_/webpack:/node_modules/rxjs/dist/esm/internal/operators/switchMap.js:14:22)
    at OperatorSubscriber._next (http://localhost:9876/_karma_webpack_/webpack:/node_modules/rxjs/dist/esm/internal/operators/OperatorSubscriber.js:13:21)
    at OperatorSubscriber.next (http://localhost:9876/_karma_webpack_/webpack:/node_modules/rxjs/dist/esm/internal/Subscriber.js:31:18)
    at Observable._subscribe (http://localhost:9876/_karma_webpack_/webpack:/node_modules/rxjs/dist/esm/internal/observable/innerFrom.js:51:24)
    at Observable._trySubscribe (http://localhost:9876/_karma_webpack_/webpack:/node_modules/rxjs/dist/esm/internal/Observable.js:37:25)
    at cb (http://localhost:9876/_karma_webpack_/webpack:/node_modules/rxjs/dist/esm/internal/Observable.js:31:30)
    at errorContext (http://localhost:9876/_karma_webpack_/webpack:/node_modules/rxjs/dist/esm/internal/util/errorContext.js:19:9)
    at Observable.subscribe (http://localhost:9876/_karma_webpack_/webpack:/node_modules/rxjs/dist/esm/internal/Observable.js:22:21)
[1A[2KChrome Headless 139.0.0.0 (Windows 10): Executed 168 of 1101[31m (4 FAILED)[39m (skipped 1) (0 secs / 2.494 secs)
[1A[2KERROR: [36m'Error loading transaction:', TypeError: You provided 'undefined' where a stream was expected. You can provide an Observable, Promise, ReadableStream, Array, AsyncIterable, or Iterable.
TypeError: You provided 'undefined' where a stream was expected. You can provide an Observable, Promise, ReadableStream, Array, AsyncIterable, or Iterable.
    at createInvalidObservableTypeError (http://localhost:9876/_karma_webpack_/webpack:/node_modules/rxjs/dist/esm/internal/util/throwUnobservableError.js:2:12)
    at innerFrom (http://localhost:9876/_karma_webpack_/webpack:/node_modules/rxjs/dist/esm/internal/observable/innerFrom.js:37:43)
    at onNext (http://localhost:9876/_karma_webpack_/webpack:/node_modules/rxjs/dist/esm/internal/operators/switchMap.js:14:22)
    at OperatorSubscriber._next (http://localhost:9876/_karma_webpack_/webpack:/node_modules/rxjs/dist/esm/internal/operators/OperatorSubscriber.js:13:21)
    at OperatorSubscriber.next (http://localhost:9876/_karma_webpack_/webpack:/node_modules/rxjs/dist/esm/internal/Subscriber.js:31:18)
    at Observable._subscribe (http://localhost:9876/_karma_webpack_/webpack:/node_modules/rxjs/dist/esm/internal/observable/innerFrom.js:51:24)
    at Observable._trySubscribe (http://localhost:9876/_karma_webpack_/webpack:/node_modules/rxjs/dist/esm/internal/Observable.js:37:25)
    at cb (http://localhost:9876/_karma_webpack_/webpack:/node_modules/rxjs/dist/esm/internal/Observable.js:31:30)
    at errorContext (http://localhost:9876/_karma_webpack_/webpack:/node_modules/rxjs/dist/esm/internal/util/errorContext.js:19:9)
    at Observable.subscribe (http://localhost:9876/_karma_webpack_/webpack:/node_modules/rxjs/dist/esm/internal/Observable.js:22:21)[39m
Chrome Headless 139.0.0.0 (Windows 10): Executed 168 of 1101[31m (4 FAILED)[39m (skipped 1) (0 secs / 2.494 secs)
ERROR: 'Error loading transaction:', TypeError: You provided 'undefined' where a stream was expected. You can provide an Observable, Promise, ReadableStream, Array, AsyncIterable, or Iterable.
TypeError: You provided 'undefined' where a stream was expected. You can provide an Observable, Promise, ReadableStream, Array, AsyncIterable, or Iterable.
    at createInvalidObservableTypeError (http://localhost:9876/_karma_webpack_/webpack:/node_modules/rxjs/dist/esm/internal/util/throwUnobservableError.js:2:12)
    at innerFrom (http://localhost:9876/_karma_webpack_/webpack:/node_modules/rxjs/dist/esm/internal/observable/innerFrom.js:37:43)
    at onNext (http://localhost:9876/_karma_webpack_/webpack:/node_modules/rxjs/dist/esm/internal/operators/switchMap.js:14:22)
    at OperatorSubscriber._next (http://localhost:9876/_karma_webpack_/webpack:/node_modules/rxjs/dist/esm/internal/operators/OperatorSubscriber.js:13:21)
    at OperatorSubscriber.next (http://localhost:9876/_karma_webpack_/webpack:/node_modules/rxjs/dist/esm/internal/Subscriber.js:31:18)
    at Observable._subscribe (http://localhost:9876/_karma_webpack_/webpack:/node_modules/rxjs/dist/esm/internal/observable/innerFrom.js:51:24)
    at Observable._trySubscribe (http://localhost:9876/_karma_webpack_/webpack:/node_modules/rxjs/dist/esm/internal/Observable.js:37:25)
    at cb (http://localhost:9876/_karma_webpack_/webpack:/node_modules/rxjs/dist/esm/internal/Observable.js:31:30)
    at errorContext (http://localhost:9876/_karma_webpack_/webpack:/node_modules/rxjs/dist/esm/internal/util/errorContext.js:19:9)
    at Observable.subscribe (http://localhost:9876/_karma_webpack_/webpack:/node_modules/rxjs/dist/esm/internal/Observable.js:22:21)
[1A[2KChrome Headless 139.0.0.0 (Windows 10): Executed 169 of 1101[31m (4 FAILED)[39m (skipped 1) (0 secs / 2.5 secs)
[1A[2KERROR: [36m'Error loading transaction:', TypeError: You provided 'undefined' where a stream was expected. You can provide an Observable, Promise, ReadableStream, Array, AsyncIterable, or Iterable.
TypeError: You provided 'undefined' where a stream was expected. You can provide an Observable, Promise, ReadableStream, Array, AsyncIterable, or Iterable.
    at createInvalidObservableTypeError (http://localhost:9876/_karma_webpack_/webpack:/node_modules/rxjs/dist/esm/internal/util/throwUnobservableError.js:2:12)
    at innerFrom (http://localhost:9876/_karma_webpack_/webpack:/node_modules/rxjs/dist/esm/internal/observable/innerFrom.js:37:43)
    at onNext (http://localhost:9876/_karma_webpack_/webpack:/node_modules/rxjs/dist/esm/internal/operators/switchMap.js:14:22)
    at OperatorSubscriber._next (http://localhost:9876/_karma_webpack_/webpack:/node_modules/rxjs/dist/esm/internal/operators/OperatorSubscriber.js:13:21)
    at OperatorSubscriber.next (http://localhost:9876/_karma_webpack_/webpack:/node_modules/rxjs/dist/esm/internal/Subscriber.js:31:18)
    at Observable._subscribe (http://localhost:9876/_karma_webpack_/webpack:/node_modules/rxjs/dist/esm/internal/observable/innerFrom.js:51:24)
    at Observable._trySubscribe (http://localhost:9876/_karma_webpack_/webpack:/node_modules/rxjs/dist/esm/internal/Observable.js:37:25)
    at cb (http://localhost:9876/_karma_webpack_/webpack:/node_modules/rxjs/dist/esm/internal/Observable.js:31:30)
    at errorContext (http://localhost:9876/_karma_webpack_/webpack:/node_modules/rxjs/dist/esm/internal/util/errorContext.js:19:9)
    at Observable.subscribe (http://localhost:9876/_karma_webpack_/webpack:/node_modules/rxjs/dist/esm/internal/Observable.js:22:21)[39m
Chrome Headless 139.0.0.0 (Windows 10): Executed 169 of 1101[31m (4 FAILED)[39m (skipped 1) (0 secs / 2.5 secs)
ERROR: 'Error loading transaction:', TypeError: You provided 'undefined' where a stream was expected. You can provide an Observable, Promise, ReadableStream, Array, AsyncIterable, or Iterable.
TypeError: You provided 'undefined' where a stream was expected. You can provide an Observable, Promise, ReadableStream, Array, AsyncIterable, or Iterable.
    at createInvalidObservableTypeError (http://localhost:9876/_karma_webpack_/webpack:/node_modules/rxjs/dist/esm/internal/util/throwUnobservableError.js:2:12)
    at innerFrom (http://localhost:9876/_karma_webpack_/webpack:/node_modules/rxjs/dist/esm/internal/observable/innerFrom.js:37:43)
    at onNext (http://localhost:9876/_karma_webpack_/webpack:/node_modules/rxjs/dist/esm/internal/operators/switchMap.js:14:22)
    at OperatorSubscriber._next (http://localhost:9876/_karma_webpack_/webpack:/node_modules/rxjs/dist/esm/internal/operators/OperatorSubscriber.js:13:21)
    at OperatorSubscriber.next (http://localhost:9876/_karma_webpack_/webpack:/node_modules/rxjs/dist/esm/internal/Subscriber.js:31:18)
    at Observable._subscribe (http://localhost:9876/_karma_webpack_/webpack:/node_modules/rxjs/dist/esm/internal/observable/innerFrom.js:51:24)
    at Observable._trySubscribe (http://localhost:9876/_karma_webpack_/webpack:/node_modules/rxjs/dist/esm/internal/Observable.js:37:25)
    at cb (http://localhost:9876/_karma_webpack_/webpack:/node_modules/rxjs/dist/esm/internal/Observable.js:31:30)
    at errorContext (http://localhost:9876/_karma_webpack_/webpack:/node_modules/rxjs/dist/esm/internal/util/errorContext.js:19:9)
    at Observable.subscribe (http://localhost:9876/_karma_webpack_/webpack:/node_modules/rxjs/dist/esm/internal/Observable.js:22:21)
[1A[2KChrome Headless 139.0.0.0 (Windows 10): Executed 170 of 1101[31m (4 FAILED)[39m (skipped 1) (0 secs / 2.509 secs)
[1A[2KERROR: [36m'Error loading transaction:', TypeError: You provided 'undefined' where a stream was expected. You can provide an Observable, Promise, ReadableStream, Array, AsyncIterable, or Iterable.
TypeError: You provided 'undefined' where a stream was expected. You can provide an Observable, Promise, ReadableStream, Array, AsyncIterable, or Iterable.
    at createInvalidObservableTypeError (http://localhost:9876/_karma_webpack_/webpack:/node_modules/rxjs/dist/esm/internal/util/throwUnobservableError.js:2:12)
    at innerFrom (http://localhost:9876/_karma_webpack_/webpack:/node_modules/rxjs/dist/esm/internal/observable/innerFrom.js:37:43)
    at onNext (http://localhost:9876/_karma_webpack_/webpack:/node_modules/rxjs/dist/esm/internal/operators/switchMap.js:14:22)
    at OperatorSubscriber._next (http://localhost:9876/_karma_webpack_/webpack:/node_modules/rxjs/dist/esm/internal/operators/OperatorSubscriber.js:13:21)
    at OperatorSubscriber.next (http://localhost:9876/_karma_webpack_/webpack:/node_modules/rxjs/dist/esm/internal/Subscriber.js:31:18)
    at Observable._subscribe (http://localhost:9876/_karma_webpack_/webpack:/node_modules/rxjs/dist/esm/internal/observable/innerFrom.js:51:24)
    at Observable._trySubscribe (http://localhost:9876/_karma_webpack_/webpack:/node_modules/rxjs/dist/esm/internal/Observable.js:37:25)
    at cb (http://localhost:9876/_karma_webpack_/webpack:/node_modules/rxjs/dist/esm/internal/Observable.js:31:30)
    at errorContext (http://localhost:9876/_karma_webpack_/webpack:/node_modules/rxjs/dist/esm/internal/util/errorContext.js:19:9)
    at Observable.subscribe (http://localhost:9876/_karma_webpack_/webpack:/node_modules/rxjs/dist/esm/internal/Observable.js:22:21)[39m
Chrome Headless 139.0.0.0 (Windows 10): Executed 170 of 1101[31m (4 FAILED)[39m (skipped 1) (0 secs / 2.509 secs)
ERROR: 'Error loading transaction:', TypeError: You provided 'undefined' where a stream was expected. You can provide an Observable, Promise, ReadableStream, Array, AsyncIterable, or Iterable.
TypeError: You provided 'undefined' where a stream was expected. You can provide an Observable, Promise, ReadableStream, Array, AsyncIterable, or Iterable.
    at createInvalidObservableTypeError (http://localhost:9876/_karma_webpack_/webpack:/node_modules/rxjs/dist/esm/internal/util/throwUnobservableError.js:2:12)
    at innerFrom (http://localhost:9876/_karma_webpack_/webpack:/node_modules/rxjs/dist/esm/internal/observable/innerFrom.js:37:43)
    at onNext (http://localhost:9876/_karma_webpack_/webpack:/node_modules/rxjs/dist/esm/internal/operators/switchMap.js:14:22)
    at OperatorSubscriber._next (http://localhost:9876/_karma_webpack_/webpack:/node_modules/rxjs/dist/esm/internal/operators/OperatorSubscriber.js:13:21)
    at OperatorSubscriber.next (http://localhost:9876/_karma_webpack_/webpack:/node_modules/rxjs/dist/esm/internal/Subscriber.js:31:18)
    at Observable._subscribe (http://localhost:9876/_karma_webpack_/webpack:/node_modules/rxjs/dist/esm/internal/observable/innerFrom.js:51:24)
    at Observable._trySubscribe (http://localhost:9876/_karma_webpack_/webpack:/node_modules/rxjs/dist/esm/internal/Observable.js:37:25)
    at cb (http://localhost:9876/_karma_webpack_/webpack:/node_modules/rxjs/dist/esm/internal/Observable.js:31:30)
    at errorContext (http://localhost:9876/_karma_webpack_/webpack:/node_modules/rxjs/dist/esm/internal/util/errorContext.js:19:9)
    at Observable.subscribe (http://localhost:9876/_karma_webpack_/webpack:/node_modules/rxjs/dist/esm/internal/Observable.js:22:21)
[1A[2KChrome Headless 139.0.0.0 (Windows 10): Executed 171 of 1101[31m (4 FAILED)[39m (skipped 1) (0 secs / 2.517 secs)
[1A[2KERROR: [36m'Error loading transaction:', TypeError: You provided 'undefined' where a stream was expected. You can provide an Observable, Promise, ReadableStream, Array, AsyncIterable, or Iterable.
TypeError: You provided 'undefined' where a stream was expected. You can provide an Observable, Promise, ReadableStream, Array, AsyncIterable, or Iterable.
    at createInvalidObservableTypeError (http://localhost:9876/_karma_webpack_/webpack:/node_modules/rxjs/dist/esm/internal/util/throwUnobservableError.js:2:12)
    at innerFrom (http://localhost:9876/_karma_webpack_/webpack:/node_modules/rxjs/dist/esm/internal/observable/innerFrom.js:37:43)
    at onNext (http://localhost:9876/_karma_webpack_/webpack:/node_modules/rxjs/dist/esm/internal/operators/switchMap.js:14:22)
    at OperatorSubscriber._next (http://localhost:9876/_karma_webpack_/webpack:/node_modules/rxjs/dist/esm/internal/operators/OperatorSubscriber.js:13:21)
    at OperatorSubscriber.next (http://localhost:9876/_karma_webpack_/webpack:/node_modules/rxjs/dist/esm/internal/Subscriber.js:31:18)
    at Observable._subscribe (http://localhost:9876/_karma_webpack_/webpack:/node_modules/rxjs/dist/esm/internal/observable/innerFrom.js:51:24)
    at Observable._trySubscribe (http://localhost:9876/_karma_webpack_/webpack:/node_modules/rxjs/dist/esm/internal/Observable.js:37:25)
    at cb (http://localhost:9876/_karma_webpack_/webpack:/node_modules/rxjs/dist/esm/internal/Observable.js:31:30)
    at errorContext (http://localhost:9876/_karma_webpack_/webpack:/node_modules/rxjs/dist/esm/internal/util/errorContext.js:19:9)
    at Observable.subscribe (http://localhost:9876/_karma_webpack_/webpack:/node_modules/rxjs/dist/esm/internal/Observable.js:22:21)[39m
Chrome Headless 139.0.0.0 (Windows 10): Executed 171 of 1101[31m (4 FAILED)[39m (skipped 1) (0 secs / 2.517 secs)
ERROR: 'Error loading transaction:', TypeError: You provided 'undefined' where a stream was expected. You can provide an Observable, Promise, ReadableStream, Array, AsyncIterable, or Iterable.
TypeError: You provided 'undefined' where a stream was expected. You can provide an Observable, Promise, ReadableStream, Array, AsyncIterable, or Iterable.
    at createInvalidObservableTypeError (http://localhost:9876/_karma_webpack_/webpack:/node_modules/rxjs/dist/esm/internal/util/throwUnobservableError.js:2:12)
    at innerFrom (http://localhost:9876/_karma_webpack_/webpack:/node_modules/rxjs/dist/esm/internal/observable/innerFrom.js:37:43)
    at onNext (http://localhost:9876/_karma_webpack_/webpack:/node_modules/rxjs/dist/esm/internal/operators/switchMap.js:14:22)
    at OperatorSubscriber._next (http://localhost:9876/_karma_webpack_/webpack:/node_modules/rxjs/dist/esm/internal/operators/OperatorSubscriber.js:13:21)
    at OperatorSubscriber.next (http://localhost:9876/_karma_webpack_/webpack:/node_modules/rxjs/dist/esm/internal/Subscriber.js:31:18)
    at Observable._subscribe (http://localhost:9876/_karma_webpack_/webpack:/node_modules/rxjs/dist/esm/internal/observable/innerFrom.js:51:24)
    at Observable._trySubscribe (http://localhost:9876/_karma_webpack_/webpack:/node_modules/rxjs/dist/esm/internal/Observable.js:37:25)
    at cb (http://localhost:9876/_karma_webpack_/webpack:/node_modules/rxjs/dist/esm/internal/Observable.js:31:30)
    at errorContext (http://localhost:9876/_karma_webpack_/webpack:/node_modules/rxjs/dist/esm/internal/util/errorContext.js:19:9)
    at Observable.subscribe (http://localhost:9876/_karma_webpack_/webpack:/node_modules/rxjs/dist/esm/internal/Observable.js:22:21)
[1A[2KChrome Headless 139.0.0.0 (Windows 10): Executed 172 of 1101[31m (4 FAILED)[39m (skipped 1) (0 secs / 2.523 secs)
[1A[2KERROR: [36m'Error loading transaction:', TypeError: You provided 'undefined' where a stream was expected. You can provide an Observable, Promise, ReadableStream, Array, AsyncIterable, or Iterable.
TypeError: You provided 'undefined' where a stream was expected. You can provide an Observable, Promise, ReadableStream, Array, AsyncIterable, or Iterable.
    at createInvalidObservableTypeError (http://localhost:9876/_karma_webpack_/webpack:/node_modules/rxjs/dist/esm/internal/util/throwUnobservableError.js:2:12)
    at innerFrom (http://localhost:9876/_karma_webpack_/webpack:/node_modules/rxjs/dist/esm/internal/observable/innerFrom.js:37:43)
    at onNext (http://localhost:9876/_karma_webpack_/webpack:/node_modules/rxjs/dist/esm/internal/operators/switchMap.js:14:22)
    at OperatorSubscriber._next (http://localhost:9876/_karma_webpack_/webpack:/node_modules/rxjs/dist/esm/internal/operators/OperatorSubscriber.js:13:21)
    at OperatorSubscriber.next (http://localhost:9876/_karma_webpack_/webpack:/node_modules/rxjs/dist/esm/internal/Subscriber.js:31:18)
    at Observable._subscribe (http://localhost:9876/_karma_webpack_/webpack:/node_modules/rxjs/dist/esm/internal/observable/innerFrom.js:51:24)
    at Observable._trySubscribe (http://localhost:9876/_karma_webpack_/webpack:/node_modules/rxjs/dist/esm/internal/Observable.js:37:25)
    at cb (http://localhost:9876/_karma_webpack_/webpack:/node_modules/rxjs/dist/esm/internal/Observable.js:31:30)
    at errorContext (http://localhost:9876/_karma_webpack_/webpack:/node_modules/rxjs/dist/esm/internal/util/errorContext.js:19:9)
    at Observable.subscribe (http://localhost:9876/_karma_webpack_/webpack:/node_modules/rxjs/dist/esm/internal/Observable.js:22:21)[39m
Chrome Headless 139.0.0.0 (Windows 10): Executed 172 of 1101[31m (4 FAILED)[39m (skipped 1) (0 secs / 2.523 secs)
ERROR: 'Error loading transaction:', TypeError: You provided 'undefined' where a stream was expected. You can provide an Observable, Promise, ReadableStream, Array, AsyncIterable, or Iterable.
TypeError: You provided 'undefined' where a stream was expected. You can provide an Observable, Promise, ReadableStream, Array, AsyncIterable, or Iterable.
    at createInvalidObservableTypeError (http://localhost:9876/_karma_webpack_/webpack:/node_modules/rxjs/dist/esm/internal/util/throwUnobservableError.js:2:12)
    at innerFrom (http://localhost:9876/_karma_webpack_/webpack:/node_modules/rxjs/dist/esm/internal/observable/innerFrom.js:37:43)
    at onNext (http://localhost:9876/_karma_webpack_/webpack:/node_modules/rxjs/dist/esm/internal/operators/switchMap.js:14:22)
    at OperatorSubscriber._next (http://localhost:9876/_karma_webpack_/webpack:/node_modules/rxjs/dist/esm/internal/operators/OperatorSubscriber.js:13:21)
    at OperatorSubscriber.next (http://localhost:9876/_karma_webpack_/webpack:/node_modules/rxjs/dist/esm/internal/Subscriber.js:31:18)
    at Observable._subscribe (http://localhost:9876/_karma_webpack_/webpack:/node_modules/rxjs/dist/esm/internal/observable/innerFrom.js:51:24)
    at Observable._trySubscribe (http://localhost:9876/_karma_webpack_/webpack:/node_modules/rxjs/dist/esm/internal/Observable.js:37:25)
    at cb (http://localhost:9876/_karma_webpack_/webpack:/node_modules/rxjs/dist/esm/internal/Observable.js:31:30)
    at errorContext (http://localhost:9876/_karma_webpack_/webpack:/node_modules/rxjs/dist/esm/internal/util/errorContext.js:19:9)
    at Observable.subscribe (http://localhost:9876/_karma_webpack_/webpack:/node_modules/rxjs/dist/esm/internal/Observable.js:22:21)
[1A[2KChrome Headless 139.0.0.0 (Windows 10): Executed 173 of 1101[31m (4 FAILED)[39m (skipped 1) (0 secs / 2.531 secs)
[1A[2KERROR: [36m'Error loading transaction:', TypeError: You provided 'undefined' where a stream was expected. You can provide an Observable, Promise, ReadableStream, Array, AsyncIterable, or Iterable.
TypeError: You provided 'undefined' where a stream was expected. You can provide an Observable, Promise, ReadableStream, Array, AsyncIterable, or Iterable.
    at createInvalidObservableTypeError (http://localhost:9876/_karma_webpack_/webpack:/node_modules/rxjs/dist/esm/internal/util/throwUnobservableError.js:2:12)
    at innerFrom (http://localhost:9876/_karma_webpack_/webpack:/node_modules/rxjs/dist/esm/internal/observable/innerFrom.js:37:43)
    at onNext (http://localhost:9876/_karma_webpack_/webpack:/node_modules/rxjs/dist/esm/internal/operators/switchMap.js:14:22)
    at OperatorSubscriber._next (http://localhost:9876/_karma_webpack_/webpack:/node_modules/rxjs/dist/esm/internal/operators/OperatorSubscriber.js:13:21)
    at OperatorSubscriber.next (http://localhost:9876/_karma_webpack_/webpack:/node_modules/rxjs/dist/esm/internal/Subscriber.js:31:18)
    at Observable._subscribe (http://localhost:9876/_karma_webpack_/webpack:/node_modules/rxjs/dist/esm/internal/observable/innerFrom.js:51:24)
    at Observable._trySubscribe (http://localhost:9876/_karma_webpack_/webpack:/node_modules/rxjs/dist/esm/internal/Observable.js:37:25)
    at cb (http://localhost:9876/_karma_webpack_/webpack:/node_modules/rxjs/dist/esm/internal/Observable.js:31:30)
    at errorContext (http://localhost:9876/_karma_webpack_/webpack:/node_modules/rxjs/dist/esm/internal/util/errorContext.js:19:9)
    at Observable.subscribe (http://localhost:9876/_karma_webpack_/webpack:/node_modules/rxjs/dist/esm/internal/Observable.js:22:21)[39m
Chrome Headless 139.0.0.0 (Windows 10): Executed 173 of 1101[31m (4 FAILED)[39m (skipped 1) (0 secs / 2.531 secs)
ERROR: 'Error loading transaction:', TypeError: You provided 'undefined' where a stream was expected. You can provide an Observable, Promise, ReadableStream, Array, AsyncIterable, or Iterable.
TypeError: You provided 'undefined' where a stream was expected. You can provide an Observable, Promise, ReadableStream, Array, AsyncIterable, or Iterable.
    at createInvalidObservableTypeError (http://localhost:9876/_karma_webpack_/webpack:/node_modules/rxjs/dist/esm/internal/util/throwUnobservableError.js:2:12)
    at innerFrom (http://localhost:9876/_karma_webpack_/webpack:/node_modules/rxjs/dist/esm/internal/observable/innerFrom.js:37:43)
    at onNext (http://localhost:9876/_karma_webpack_/webpack:/node_modules/rxjs/dist/esm/internal/operators/switchMap.js:14:22)
    at OperatorSubscriber._next (http://localhost:9876/_karma_webpack_/webpack:/node_modules/rxjs/dist/esm/internal/operators/OperatorSubscriber.js:13:21)
    at OperatorSubscriber.next (http://localhost:9876/_karma_webpack_/webpack:/node_modules/rxjs/dist/esm/internal/Subscriber.js:31:18)
    at Observable._subscribe (http://localhost:9876/_karma_webpack_/webpack:/node_modules/rxjs/dist/esm/internal/observable/innerFrom.js:51:24)
    at Observable._trySubscribe (http://localhost:9876/_karma_webpack_/webpack:/node_modules/rxjs/dist/esm/internal/Observable.js:37:25)
    at cb (http://localhost:9876/_karma_webpack_/webpack:/node_modules/rxjs/dist/esm/internal/Observable.js:31:30)
    at errorContext (http://localhost:9876/_karma_webpack_/webpack:/node_modules/rxjs/dist/esm/internal/util/errorContext.js:19:9)
    at Observable.subscribe (http://localhost:9876/_karma_webpack_/webpack:/node_modules/rxjs/dist/esm/internal/Observable.js:22:21)
[1A[2KChrome Headless 139.0.0.0 (Windows 10): Executed 174 of 1101[31m (4 FAILED)[39m (skipped 1) (0 secs / 2.537 secs)
[1A[2KERROR: [36m'Error loading transaction:', TypeError: You provided 'undefined' where a stream was expected. You can provide an Observable, Promise, ReadableStream, Array, AsyncIterable, or Iterable.
TypeError: You provided 'undefined' where a stream was expected. You can provide an Observable, Promise, ReadableStream, Array, AsyncIterable, or Iterable.
    at createInvalidObservableTypeError (http://localhost:9876/_karma_webpack_/webpack:/node_modules/rxjs/dist/esm/internal/util/throwUnobservableError.js:2:12)
    at innerFrom (http://localhost:9876/_karma_webpack_/webpack:/node_modules/rxjs/dist/esm/internal/observable/innerFrom.js:37:43)
    at onNext (http://localhost:9876/_karma_webpack_/webpack:/node_modules/rxjs/dist/esm/internal/operators/switchMap.js:14:22)
    at OperatorSubscriber._next (http://localhost:9876/_karma_webpack_/webpack:/node_modules/rxjs/dist/esm/internal/operators/OperatorSubscriber.js:13:21)
    at OperatorSubscriber.next (http://localhost:9876/_karma_webpack_/webpack:/node_modules/rxjs/dist/esm/internal/Subscriber.js:31:18)
    at Observable._subscribe (http://localhost:9876/_karma_webpack_/webpack:/node_modules/rxjs/dist/esm/internal/observable/innerFrom.js:51:24)
    at Observable._trySubscribe (http://localhost:9876/_karma_webpack_/webpack:/node_modules/rxjs/dist/esm/internal/Observable.js:37:25)
    at cb (http://localhost:9876/_karma_webpack_/webpack:/node_modules/rxjs/dist/esm/internal/Observable.js:31:30)
    at errorContext (http://localhost:9876/_karma_webpack_/webpack:/node_modules/rxjs/dist/esm/internal/util/errorContext.js:19:9)
    at Observable.subscribe (http://localhost:9876/_karma_webpack_/webpack:/node_modules/rxjs/dist/esm/internal/Observable.js:22:21)[39m
Chrome Headless 139.0.0.0 (Windows 10): Executed 174 of 1101[31m (4 FAILED)[39m (skipped 1) (0 secs / 2.537 secs)
ERROR: 'Error loading transaction:', TypeError: You provided 'undefined' where a stream was expected. You can provide an Observable, Promise, ReadableStream, Array, AsyncIterable, or Iterable.
TypeError: You provided 'undefined' where a stream was expected. You can provide an Observable, Promise, ReadableStream, Array, AsyncIterable, or Iterable.
    at createInvalidObservableTypeError (http://localhost:9876/_karma_webpack_/webpack:/node_modules/rxjs/dist/esm/internal/util/throwUnobservableError.js:2:12)
    at innerFrom (http://localhost:9876/_karma_webpack_/webpack:/node_modules/rxjs/dist/esm/internal/observable/innerFrom.js:37:43)
    at onNext (http://localhost:9876/_karma_webpack_/webpack:/node_modules/rxjs/dist/esm/internal/operators/switchMap.js:14:22)
    at OperatorSubscriber._next (http://localhost:9876/_karma_webpack_/webpack:/node_modules/rxjs/dist/esm/internal/operators/OperatorSubscriber.js:13:21)
    at OperatorSubscriber.next (http://localhost:9876/_karma_webpack_/webpack:/node_modules/rxjs/dist/esm/internal/Subscriber.js:31:18)
    at Observable._subscribe (http://localhost:9876/_karma_webpack_/webpack:/node_modules/rxjs/dist/esm/internal/observable/innerFrom.js:51:24)
    at Observable._trySubscribe (http://localhost:9876/_karma_webpack_/webpack:/node_modules/rxjs/dist/esm/internal/Observable.js:37:25)
    at cb (http://localhost:9876/_karma_webpack_/webpack:/node_modules/rxjs/dist/esm/internal/Observable.js:31:30)
    at errorContext (http://localhost:9876/_karma_webpack_/webpack:/node_modules/rxjs/dist/esm/internal/util/errorContext.js:19:9)
    at Observable.subscribe (http://localhost:9876/_karma_webpack_/webpack:/node_modules/rxjs/dist/esm/internal/Observable.js:22:21)
[1A[2KChrome Headless 139.0.0.0 (Windows 10): Executed 175 of 1101[31m (4 FAILED)[39m (skipped 1) (0 secs / 2.544 secs)
[1A[2KERROR: [36m'Error loading transaction:', TypeError: You provided 'undefined' where a stream was expected. You can provide an Observable, Promise, ReadableStream, Array, AsyncIterable, or Iterable.
TypeError: You provided 'undefined' where a stream was expected. You can provide an Observable, Promise, ReadableStream, Array, AsyncIterable, or Iterable.
    at createInvalidObservableTypeError (http://localhost:9876/_karma_webpack_/webpack:/node_modules/rxjs/dist/esm/internal/util/throwUnobservableError.js:2:12)
    at innerFrom (http://localhost:9876/_karma_webpack_/webpack:/node_modules/rxjs/dist/esm/internal/observable/innerFrom.js:37:43)
    at onNext (http://localhost:9876/_karma_webpack_/webpack:/node_modules/rxjs/dist/esm/internal/operators/switchMap.js:14:22)
    at OperatorSubscriber._next (http://localhost:9876/_karma_webpack_/webpack:/node_modules/rxjs/dist/esm/internal/operators/OperatorSubscriber.js:13:21)
    at OperatorSubscriber.next (http://localhost:9876/_karma_webpack_/webpack:/node_modules/rxjs/dist/esm/internal/Subscriber.js:31:18)
    at Observable._subscribe (http://localhost:9876/_karma_webpack_/webpack:/node_modules/rxjs/dist/esm/internal/observable/innerFrom.js:51:24)
    at Observable._trySubscribe (http://localhost:9876/_karma_webpack_/webpack:/node_modules/rxjs/dist/esm/internal/Observable.js:37:25)
    at cb (http://localhost:9876/_karma_webpack_/webpack:/node_modules/rxjs/dist/esm/internal/Observable.js:31:30)
    at errorContext (http://localhost:9876/_karma_webpack_/webpack:/node_modules/rxjs/dist/esm/internal/util/errorContext.js:19:9)
    at Observable.subscribe (http://localhost:9876/_karma_webpack_/webpack:/node_modules/rxjs/dist/esm/internal/Observable.js:22:21)[39m
Chrome Headless 139.0.0.0 (Windows 10): Executed 175 of 1101[31m (4 FAILED)[39m (skipped 1) (0 secs / 2.544 secs)
ERROR: 'Error loading transaction:', TypeError: You provided 'undefined' where a stream was expected. You can provide an Observable, Promise, ReadableStream, Array, AsyncIterable, or Iterable.
TypeError: You provided 'undefined' where a stream was expected. You can provide an Observable, Promise, ReadableStream, Array, AsyncIterable, or Iterable.
    at createInvalidObservableTypeError (http://localhost:9876/_karma_webpack_/webpack:/node_modules/rxjs/dist/esm/internal/util/throwUnobservableError.js:2:12)
    at innerFrom (http://localhost:9876/_karma_webpack_/webpack:/node_modules/rxjs/dist/esm/internal/observable/innerFrom.js:37:43)
    at onNext (http://localhost:9876/_karma_webpack_/webpack:/node_modules/rxjs/dist/esm/internal/operators/switchMap.js:14:22)
    at OperatorSubscriber._next (http://localhost:9876/_karma_webpack_/webpack:/node_modules/rxjs/dist/esm/internal/operators/OperatorSubscriber.js:13:21)
    at OperatorSubscriber.next (http://localhost:9876/_karma_webpack_/webpack:/node_modules/rxjs/dist/esm/internal/Subscriber.js:31:18)
    at Observable._subscribe (http://localhost:9876/_karma_webpack_/webpack:/node_modules/rxjs/dist/esm/internal/observable/innerFrom.js:51:24)
    at Observable._trySubscribe (http://localhost:9876/_karma_webpack_/webpack:/node_modules/rxjs/dist/esm/internal/Observable.js:37:25)
    at cb (http://localhost:9876/_karma_webpack_/webpack:/node_modules/rxjs/dist/esm/internal/Observable.js:31:30)
    at errorContext (http://localhost:9876/_karma_webpack_/webpack:/node_modules/rxjs/dist/esm/internal/util/errorContext.js:19:9)
    at Observable.subscribe (http://localhost:9876/_karma_webpack_/webpack:/node_modules/rxjs/dist/esm/internal/Observable.js:22:21)
[1A[2KChrome Headless 139.0.0.0 (Windows 10): Executed 176 of 1101[31m (4 FAILED)[39m (skipped 1) (0 secs / 2.558 secs)
[1A[2KERROR: [36m'Error loading transaction:', TypeError: You provided 'undefined' where a stream was expected. You can provide an Observable, Promise, ReadableStream, Array, AsyncIterable, or Iterable.
TypeError: You provided 'undefined' where a stream was expected. You can provide an Observable, Promise, ReadableStream, Array, AsyncIterable, or Iterable.
    at createInvalidObservableTypeError (http://localhost:9876/_karma_webpack_/webpack:/node_modules/rxjs/dist/esm/internal/util/throwUnobservableError.js:2:12)
    at innerFrom (http://localhost:9876/_karma_webpack_/webpack:/node_modules/rxjs/dist/esm/internal/observable/innerFrom.js:37:43)
    at onNext (http://localhost:9876/_karma_webpack_/webpack:/node_modules/rxjs/dist/esm/internal/operators/switchMap.js:14:22)
    at OperatorSubscriber._next (http://localhost:9876/_karma_webpack_/webpack:/node_modules/rxjs/dist/esm/internal/operators/OperatorSubscriber.js:13:21)
    at OperatorSubscriber.next (http://localhost:9876/_karma_webpack_/webpack:/node_modules/rxjs/dist/esm/internal/Subscriber.js:31:18)
    at Observable._subscribe (http://localhost:9876/_karma_webpack_/webpack:/node_modules/rxjs/dist/esm/internal/observable/innerFrom.js:51:24)
    at Observable._trySubscribe (http://localhost:9876/_karma_webpack_/webpack:/node_modules/rxjs/dist/esm/internal/Observable.js:37:25)
    at cb (http://localhost:9876/_karma_webpack_/webpack:/node_modules/rxjs/dist/esm/internal/Observable.js:31:30)
    at errorContext (http://localhost:9876/_karma_webpack_/webpack:/node_modules/rxjs/dist/esm/internal/util/errorContext.js:19:9)
    at Observable.subscribe (http://localhost:9876/_karma_webpack_/webpack:/node_modules/rxjs/dist/esm/internal/Observable.js:22:21)[39m
Chrome Headless 139.0.0.0 (Windows 10): Executed 176 of 1101[31m (4 FAILED)[39m (skipped 1) (0 secs / 2.558 secs)
ERROR: 'Error loading transaction:', TypeError: You provided 'undefined' where a stream was expected. You can provide an Observable, Promise, ReadableStream, Array, AsyncIterable, or Iterable.
TypeError: You provided 'undefined' where a stream was expected. You can provide an Observable, Promise, ReadableStream, Array, AsyncIterable, or Iterable.
    at createInvalidObservableTypeError (http://localhost:9876/_karma_webpack_/webpack:/node_modules/rxjs/dist/esm/internal/util/throwUnobservableError.js:2:12)
    at innerFrom (http://localhost:9876/_karma_webpack_/webpack:/node_modules/rxjs/dist/esm/internal/observable/innerFrom.js:37:43)
    at onNext (http://localhost:9876/_karma_webpack_/webpack:/node_modules/rxjs/dist/esm/internal/operators/switchMap.js:14:22)
    at OperatorSubscriber._next (http://localhost:9876/_karma_webpack_/webpack:/node_modules/rxjs/dist/esm/internal/operators/OperatorSubscriber.js:13:21)
    at OperatorSubscriber.next (http://localhost:9876/_karma_webpack_/webpack:/node_modules/rxjs/dist/esm/internal/Subscriber.js:31:18)
    at Observable._subscribe (http://localhost:9876/_karma_webpack_/webpack:/node_modules/rxjs/dist/esm/internal/observable/innerFrom.js:51:24)
    at Observable._trySubscribe (http://localhost:9876/_karma_webpack_/webpack:/node_modules/rxjs/dist/esm/internal/Observable.js:37:25)
    at cb (http://localhost:9876/_karma_webpack_/webpack:/node_modules/rxjs/dist/esm/internal/Observable.js:31:30)
    at errorContext (http://localhost:9876/_karma_webpack_/webpack:/node_modules/rxjs/dist/esm/internal/util/errorContext.js:19:9)
    at Observable.subscribe (http://localhost:9876/_karma_webpack_/webpack:/node_modules/rxjs/dist/esm/internal/Observable.js:22:21)
[1A[2KChrome Headless 139.0.0.0 (Windows 10): Executed 177 of 1101[31m (4 FAILED)[39m (skipped 1) (0 secs / 2.565 secs)
[1A[2KChrome Headless 139.0.0.0 (Windows 10): Executed 178 of 1101[31m (4 FAILED)[39m (skipped 1) (0 secs / 2.567 secs)
[1A[2KChrome Headless 139.0.0.0 (Windows 10): Executed 179 of 1101[31m (4 FAILED)[39m (skipped 1) (0 secs / 2.57 secs)
[1A[2KChrome Headless 139.0.0.0 (Windows 10): Executed 180 of 1101[31m (4 FAILED)[39m (skipped 1) (0 secs / 2.572 secs)
[1A[2KChrome Headless 139.0.0.0 (Windows 10): Executed 181 of 1101[31m (4 FAILED)[39m (skipped 1) (0 secs / 2.575 secs)
[1A[2KChrome Headless 139.0.0.0 (Windows 10): Executed 182 of 1101[31m (4 FAILED)[39m (skipped 1) (0 secs / 2.577 secs)
[1A[2KChrome Headless 139.0.0.0 (Windows 10): Executed 183 of 1101[31m (4 FAILED)[39m (skipped 1) (0 secs / 2.579 secs)
[1A[2KChrome Headless 139.0.0.0 (Windows 10): Executed 184 of 1101[31m (4 FAILED)[39m (skipped 1) (0 secs / 2.582 secs)
[1A[2KChrome Headless 139.0.0.0 (Windows 10): Executed 185 of 1101[31m (4 FAILED)[39m (skipped 1) (0 secs / 2.584 secs)
[1A[2KChrome Headless 139.0.0.0 (Windows 10): Executed 186 of 1101[31m (4 FAILED)[39m (skipped 1) (0 secs / 2.586 secs)
[1A[2KChrome Headless 139.0.0.0 (Windows 10): Executed 187 of 1101[31m (4 FAILED)[39m (skipped 1) (0 secs / 2.589 secs)
[1A[2KERROR: [36m'Error deleting transaction:', Error: Delete failed
Error: Delete failed
    at errorFactory (http://localhost:9876/_karma_webpack_/webpack:/src/app/features/financial/components/transaction-details/transaction-details.spec.ts:220:75)
    at Observable._subscribe (http://localhost:9876/_karma_webpack_/webpack:/node_modules/rxjs/dist/esm/internal/observable/throwError.js:5:51)
    at Observable._trySubscribe (http://localhost:9876/_karma_webpack_/webpack:/node_modules/rxjs/dist/esm/internal/Observable.js:37:25)
    at cb (http://localhost:9876/_karma_webpack_/webpack:/node_modules/rxjs/dist/esm/internal/Observable.js:31:30)
    at errorContext (http://localhost:9876/_karma_webpack_/webpack:/node_modules/rxjs/dist/esm/internal/util/errorContext.js:19:9)
    at Observable.subscribe (http://localhost:9876/_karma_webpack_/webpack:/node_modules/rxjs/dist/esm/internal/Observable.js:22:21)
    at init (http://localhost:9876/_karma_webpack_/webpack:/node_modules/rxjs/dist/esm/internal/operators/takeUntil.js:8:38)
    at SafeSubscriber.call (http://localhost:9876/_karma_webpack_/webpack:/node_modules/rxjs/dist/esm/internal/util/lift.js:10:28)
    at cb (http://localhost:9876/_karma_webpack_/webpack:/node_modules/rxjs/dist/esm/internal/Observable.js:26:30)
    at errorContext (http://localhost:9876/_karma_webpack_/webpack:/node_modules/rxjs/dist/esm/internal/util/errorContext.js:19:9)[39m
Chrome Headless 139.0.0.0 (Windows 10): Executed 187 of 1101[31m (4 FAILED)[39m (skipped 1) (0 secs / 2.589 secs)
ERROR: 'Error deleting transaction:', Error: Delete failed
Error: Delete failed
    at errorFactory (http://localhost:9876/_karma_webpack_/webpack:/src/app/features/financial/components/transaction-details/transaction-details.spec.ts:220:75)
    at Observable._subscribe (http://localhost:9876/_karma_webpack_/webpack:/node_modules/rxjs/dist/esm/internal/observable/throwError.js:5:51)
    at Observable._trySubscribe (http://localhost:9876/_karma_webpack_/webpack:/node_modules/rxjs/dist/esm/internal/Observable.js:37:25)
    at cb (http://localhost:9876/_karma_webpack_/webpack:/node_modules/rxjs/dist/esm/internal/Observable.js:31:30)
    at errorContext (http://localhost:9876/_karma_webpack_/webpack:/node_modules/rxjs/dist/esm/internal/util/errorContext.js:19:9)
    at Observable.subscribe (http://localhost:9876/_karma_webpack_/webpack:/node_modules/rxjs/dist/esm/internal/Observable.js:22:21)
    at init (http://localhost:9876/_karma_webpack_/webpack:/node_modules/rxjs/dist/esm/internal/operators/takeUntil.js:8:38)
    at SafeSubscriber.call (http://localhost:9876/_karma_webpack_/webpack:/node_modules/rxjs/dist/esm/internal/util/lift.js:10:28)
    at cb (http://localhost:9876/_karma_webpack_/webpack:/node_modules/rxjs/dist/esm/internal/Observable.js:26:30)
    at errorContext (http://localhost:9876/_karma_webpack_/webpack:/node_modules/rxjs/dist/esm/internal/util/errorContext.js:19:9)
[1A[2KChrome Headless 139.0.0.0 (Windows 10): Executed 188 of 1101[31m (4 FAILED)[39m (skipped 1) (0 secs / 2.592 secs)
[1A[2KChrome Headless 139.0.0.0 (Windows 10): Executed 189 of 1101[31m (4 FAILED)[39m (skipped 1) (0 secs / 2.594 secs)
[1A[2KChrome Headless 139.0.0.0 (Windows 10): Executed 190 of 1101[31m (4 FAILED)[39m (skipped 1) (0 secs / 2.595 secs)
[1A[2KChrome Headless 139.0.0.0 (Windows 10): Executed 191 of 1101[31m (4 FAILED)[39m (skipped 1) (0 secs / 2.597 secs)
[1A[2KChrome Headless 139.0.0.0 (Windows 10): Executed 192 of 1101[31m (4 FAILED)[39m (skipped 1) (0 secs / 2.598 secs)
[1A[2KChrome Headless 139.0.0.0 (Windows 10): Executed 193 of 1101[31m (4 FAILED)[39m (skipped 1) (0 secs / 2.599 secs)
[1A[2KChrome Headless 139.0.0.0 (Windows 10): Executed 194 of 1101[31m (4 FAILED)[39m (skipped 1) (0 secs / 2.6 secs)
[1A[2KChrome Headless 139.0.0.0 (Windows 10): Executed 195 of 1101[31m (4 FAILED)[39m (skipped 1) (0 secs / 2.601 secs)
[1A[2KChrome Headless 139.0.0.0 (Windows 10): Executed 196 of 1101[31m (4 FAILED)[39m (skipped 1) (0 secs / 2.603 secs)
[1A[2KChrome Headless 139.0.0.0 (Windows 10): Executed 197 of 1101[31m (4 FAILED)[39m (skipped 1) (0 secs / 2.604 secs)
[1A[2KChrome Headless 139.0.0.0 (Windows 10): Executed 198 of 1101[31m (4 FAILED)[39m (skipped 1) (0 secs / 2.606 secs)
[1A[2KChrome Headless 139.0.0.0 (Windows 10): Executed 199 of 1101[31m (4 FAILED)[39m (skipped 1) (0 secs / 2.607 secs)
[1A[2KChrome Headless 139.0.0.0 (Windows 10): Executed 200 of 1101[31m (4 FAILED)[39m (skipped 1) (0 secs / 2.608 secs)
[1A[2KChrome Headless 139.0.0.0 (Windows 10): Executed 201 of 1101[31m (4 FAILED)[39m (skipped 1) (0 secs / 2.61 secs)
[1A[2KChrome Headless 139.0.0.0 (Windows 10): Executed 202 of 1101[31m (4 FAILED)[39m (skipped 1) (0 secs / 2.611 secs)
[1A[2KChrome Headless 139.0.0.0 (Windows 10): Executed 203 of 1101[31m (4 FAILED)[39m (skipped 1) (0 secs / 2.613 secs)
[1A[2KChrome Headless 139.0.0.0 (Windows 10): Executed 204 of 1101[31m (4 FAILED)[39m (skipped 1) (0 secs / 2.614 secs)
[1A[2KChrome Headless 139.0.0.0 (Windows 10): Executed 205 of 1101[31m (4 FAILED)[39m (skipped 1) (0 secs / 2.615 secs)
[1A[2KChrome Headless 139.0.0.0 (Windows 10): Executed 206 of 1101[31m (4 FAILED)[39m (skipped 1) (0 secs / 2.617 secs)
[1A[2KChrome Headless 139.0.0.0 (Windows 10): Executed 207 of 1101[31m (4 FAILED)[39m (skipped 1) (0 secs / 2.618 secs)
[1A[2KChrome Headless 139.0.0.0 (Windows 10): Executed 208 of 1101[31m (4 FAILED)[39m (skipped 1) (0 secs / 2.62 secs)
[1A[2KChrome Headless 139.0.0.0 (Windows 10): Executed 209 of 1101[31m (4 FAILED)[39m (skipped 1) (0 secs / 2.622 secs)
[1A[2KChrome Headless 139.0.0.0 (Windows 10): Executed 210 of 1101[31m (4 FAILED)[39m (skipped 1) (0 secs / 2.623 secs)
[1A[2KChrome Headless 139.0.0.0 (Windows 10): Executed 211 of 1101[31m (4 FAILED)[39m (skipped 1) (0 secs / 2.624 secs)
[1A[2KChrome Headless 139.0.0.0 (Windows 10): Executed 212 of 1101[31m (4 FAILED)[39m (skipped 1) (0 secs / 2.625 secs)
[1A[2KChrome Headless 139.0.0.0 (Windows 10): Executed 213 of 1101[31m (4 FAILED)[39m (skipped 1) (0 secs / 2.627 secs)
[1A[2KChrome Headless 139.0.0.0 (Windows 10): Executed 214 of 1101[31m (4 FAILED)[39m (skipped 1) (0 secs / 2.628 secs)
[1A[2KChrome Headless 139.0.0.0 (Windows 10): Executed 215 of 1101[31m (4 FAILED)[39m (skipped 1) (0 secs / 2.63 secs)
[1A[2KChrome Headless 139.0.0.0 (Windows 10): Executed 216 of 1101[31m (4 FAILED)[39m (skipped 1) (0 secs / 2.635 secs)
[1A[2KChrome Headless 139.0.0.0 (Windows 10): Executed 217 of 1101[31m (4 FAILED)[39m (skipped 1) (0 secs / 2.638 secs)
[1A[2KChrome Headless 139.0.0.0 (Windows 10): Executed 218 of 1101[31m (4 FAILED)[39m (skipped 1) (0 secs / 2.639 secs)
[1A[2KChrome Headless 139.0.0.0 (Windows 10): Executed 219 of 1101[31m (4 FAILED)[39m (skipped 1) (0 secs / 2.64 secs)
[1A[2KChrome Headless 139.0.0.0 (Windows 10): Executed 220 of 1101[31m (4 FAILED)[39m (skipped 1) (0 secs / 2.642 secs)
[1A[2KChrome Headless 139.0.0.0 (Windows 10): Executed 221 of 1101[31m (4 FAILED)[39m (skipped 1) (0 secs / 2.643 secs)
[1A[2KChrome Headless 139.0.0.0 (Windows 10): Executed 222 of 1101[31m (4 FAILED)[39m (skipped 1) (0 secs / 2.644 secs)
[1A[2KChrome Headless 139.0.0.0 (Windows 10): Executed 223 of 1101[31m (4 FAILED)[39m (skipped 1) (0 secs / 2.645 secs)
[1A[2KChrome Headless 139.0.0.0 (Windows 10): Executed 224 of 1101[31m (4 FAILED)[39m (skipped 1) (0 secs / 2.647 secs)
[1A[2KChrome Headless 139.0.0.0 (Windows 10): Executed 225 of 1101[31m (4 FAILED)[39m (skipped 1) (0 secs / 2.649 secs)
[1A[2KChrome Headless 139.0.0.0 (Windows 10): Executed 226 of 1101[31m (4 FAILED)[39m (skipped 1) (0 secs / 2.65 secs)
[1A[2KChrome Headless 139.0.0.0 (Windows 10): Executed 227 of 1101[31m (4 FAILED)[39m (skipped 1) (0 secs / 2.652 secs)
[1A[2KChrome Headless 139.0.0.0 (Windows 10): Executed 228 of 1101[31m (4 FAILED)[39m (skipped 1) (0 secs / 2.653 secs)
[1A[2KChrome Headless 139.0.0.0 (Windows 10): Executed 229 of 1101[31m (4 FAILED)[39m (skipped 1) (0 secs / 2.654 secs)
[1A[2KChrome Headless 139.0.0.0 (Windows 10): Executed 230 of 1101[31m (4 FAILED)[39m (skipped 1) (0 secs / 2.655 secs)
[1A[2KChrome Headless 139.0.0.0 (Windows 10): Executed 231 of 1101[31m (4 FAILED)[39m (skipped 1) (0 secs / 2.656 secs)
[1A[2KChrome Headless 139.0.0.0 (Windows 10): Executed 232 of 1101[31m (4 FAILED)[39m (skipped 1) (0 secs / 2.657 secs)
[1A[2KChrome Headless 139.0.0.0 (Windows 10): Executed 233 of 1101[31m (4 FAILED)[39m (skipped 1) (0 secs / 2.659 secs)
[1A[2KChrome Headless 139.0.0.0 (Windows 10): Executed 234 of 1101[31m (4 FAILED)[39m (skipped 1) (0 secs / 2.662 secs)
[1A[2KChrome Headless 139.0.0.0 (Windows 10): Executed 235 of 1101[31m (4 FAILED)[39m (skipped 1) (0 secs / 2.664 secs)
[1A[2KChrome Headless 139.0.0.0 (Windows 10): Executed 236 of 1101[31m (4 FAILED)[39m (skipped 1) (0 secs / 2.665 secs)
[1A[2KChrome Headless 139.0.0.0 (Windows 10): Executed 237 of 1101[31m (4 FAILED)[39m (skipped 1) (0 secs / 2.667 secs)
[1A[2KChrome Headless 139.0.0.0 (Windows 10): Executed 238 of 1101[31m (4 FAILED)[39m (skipped 1) (0 secs / 2.669 secs)
[1A[2KChrome Headless 139.0.0.0 (Windows 10): Executed 239 of 1101[31m (4 FAILED)[39m (skipped 1) (0 secs / 2.671 secs)
[1A[2KChrome Headless 139.0.0.0 (Windows 10): Executed 240 of 1101[31m (4 FAILED)[39m (skipped 1) (0 secs / 2.673 secs)
[1A[2KERROR: [36m'Error loading notification settings:', SyntaxError: Unexpected token 'i', "invalid-json" is not valid JSON
SyntaxError: Unexpected token 'i', "invalid-json" is not valid JSON
    at JSON.parse (<anonymous>)
    at BudgetNotificationService.loadSettings (http://localhost:9876/_karma_webpack_/webpack:/src/app/core/services/budget-notification.service.ts:203:31)
    at new BudgetNotificationService (http://localhost:9876/_karma_webpack_/webpack:/src/app/core/services/budget-notification.service.ts:34:10)
    at UserContext.<anonymous> (http://localhost:9876/_karma_webpack_/webpack:/src/app/core/services/budget-notification.service.spec.ts:226:26)
    at QueueRunner.attempt (http://localhost:9876/base/node_modules/karma-jasmine/node_modules/jasmine-core/lib/jasmine-core/jasmine.js?86d98e11f43f2c8cfac9fb4806ed6c0aced74cbe:7632:40)
    at QueueRunner.run (http://localhost:9876/base/node_modules/karma-jasmine/node_modules/jasmine-core/lib/jasmine-core/jasmine.js?86d98e11f43f2c8cfac9fb4806ed6c0aced74cbe:7670:27)
    at runNext (http://localhost:9876/base/node_modules/karma-jasmine/node_modules/jasmine-core/lib/jasmine-core/jasmine.js?86d98e11f43f2c8cfac9fb4806ed6c0aced74cbe:7574:16)
    at http://localhost:9876/base/node_modules/karma-jasmine/node_modules/jasmine-core/lib/jasmine-core/jasmine.js?86d98e11f43f2c8cfac9fb4806ed6c0aced74cbe:7580:11
    at apply (http://localhost:9876/base/node_modules/karma-jasmine/node_modules/jasmine-core/lib/jasmine-core/jasmine.js?86d98e11f43f2c8cfac9fb4806ed6c0aced74cbe:7466:9)
    at _ZoneDelegate.invoke (http://localhost:9876/_karma_webpack_/webpack:/node_modules/zone.js/fesm2015/zone.js:398:28)[39m
Chrome Headless 139.0.0.0 (Windows 10): Executed 240 of 1101[31m (4 FAILED)[39m (skipped 1) (0 secs / 2.673 secs)
ERROR: 'Error loading notification settings:', SyntaxError: Unexpected token 'i', "invalid-json" is not valid JSON
SyntaxError: Unexpected token 'i', "invalid-json" is not valid JSON
    at JSON.parse (<anonymous>)
    at BudgetNotificationService.loadSettings (http://localhost:9876/_karma_webpack_/webpack:/src/app/core/services/budget-notification.service.ts:203:31)
    at new BudgetNotificationService (http://localhost:9876/_karma_webpack_/webpack:/src/app/core/services/budget-notification.service.ts:34:10)
    at UserContext.<anonymous> (http://localhost:9876/_karma_webpack_/webpack:/src/app/core/services/budget-notification.service.spec.ts:226:26)
    at QueueRunner.attempt (http://localhost:9876/base/node_modules/karma-jasmine/node_modules/jasmine-core/lib/jasmine-core/jasmine.js?86d98e11f43f2c8cfac9fb4806ed6c0aced74cbe:7632:40)
    at QueueRunner.run (http://localhost:9876/base/node_modules/karma-jasmine/node_modules/jasmine-core/lib/jasmine-core/jasmine.js?86d98e11f43f2c8cfac9fb4806ed6c0aced74cbe:7670:27)
    at runNext (http://localhost:9876/base/node_modules/karma-jasmine/node_modules/jasmine-core/lib/jasmine-core/jasmine.js?86d98e11f43f2c8cfac9fb4806ed6c0aced74cbe:7574:16)
    at http://localhost:9876/base/node_modules/karma-jasmine/node_modules/jasmine-core/lib/jasmine-core/jasmine.js?86d98e11f43f2c8cfac9fb4806ed6c0aced74cbe:7580:11
    at apply (http://localhost:9876/base/node_modules/karma-jasmine/node_modules/jasmine-core/lib/jasmine-core/jasmine.js?86d98e11f43f2c8cfac9fb4806ed6c0aced74cbe:7466:9)
    at _ZoneDelegate.invoke (http://localhost:9876/_karma_webpack_/webpack:/node_modules/zone.js/fesm2015/zone.js:398:28)
[1A[2KChrome Headless 139.0.0.0 (Windows 10): Executed 241 of 1101[31m (4 FAILED)[39m (skipped 1) (0 secs / 2.675 secs)
[1A[2KChrome Headless 139.0.0.0 (Windows 10): Executed 242 of 1101[31m (4 FAILED)[39m (skipped 1) (0 secs / 2.678 secs)
[1A[2KChrome Headless 139.0.0.0 (Windows 10): Executed 243 of 1101[31m (4 FAILED)[39m (skipped 1) (0 secs / 2.68 secs)
[1A[2KChrome Headless 139.0.0.0 (Windows 10): Executed 244 of 1101[31m (4 FAILED)[39m (skipped 1) (0 secs / 2.729 secs)
[1A[2KChrome Headless 139.0.0.0 (Windows 10): Executed 245 of 1101[31m (4 FAILED)[39m (skipped 1) (0 secs / 2.738 secs)
[1A[2KChrome Headless 139.0.0.0 (Windows 10): Executed 246 of 1101[31m (4 FAILED)[39m (skipped 1) (0 secs / 2.746 secs)
[1A[2KChrome Headless 139.0.0.0 (Windows 10): Executed 247 of 1101[31m (4 FAILED)[39m (skipped 1) (0 secs / 2.752 secs)
[1A[2KChrome Headless 139.0.0.0 (Windows 10): Executed 248 of 1101[31m (4 FAILED)[39m (skipped 1) (0 secs / 2.76 secs)
[1A[2KChrome Headless 139.0.0.0 (Windows 10): Executed 249 of 1101[31m (4 FAILED)[39m (skipped 1) (0 secs / 2.767 secs)
[1A[2KERROR: [36m'Error loading categories:', Error: API Error
Error: API Error
    at errorFactory (http://localhost:9876/_karma_webpack_/webpack:/src/app/features/financial/components/category-tree/category-tree.spec.ts:284:72)
    at Observable._subscribe (http://localhost:9876/_karma_webpack_/webpack:/node_modules/rxjs/dist/esm/internal/observable/throwError.js:5:51)
    at Observable._trySubscribe (http://localhost:9876/_karma_webpack_/webpack:/node_modules/rxjs/dist/esm/internal/Observable.js:37:25)
    at cb (http://localhost:9876/_karma_webpack_/webpack:/node_modules/rxjs/dist/esm/internal/Observable.js:31:30)
    at errorContext (http://localhost:9876/_karma_webpack_/webpack:/node_modules/rxjs/dist/esm/internal/util/errorContext.js:19:9)
    at Observable.subscribe (http://localhost:9876/_karma_webpack_/webpack:/node_modules/rxjs/dist/esm/internal/Observable.js:22:21)
    at init (http://localhost:9876/_karma_webpack_/webpack:/node_modules/rxjs/dist/esm/internal/operators/takeUntil.js:8:38)
    at SafeSubscriber.call (http://localhost:9876/_karma_webpack_/webpack:/node_modules/rxjs/dist/esm/internal/util/lift.js:10:28)
    at cb (http://localhost:9876/_karma_webpack_/webpack:/node_modules/rxjs/dist/esm/internal/Observable.js:26:30)
    at errorContext (http://localhost:9876/_karma_webpack_/webpack:/node_modules/rxjs/dist/esm/internal/util/errorContext.js:19:9)[39m
Chrome Headless 139.0.0.0 (Windows 10): Executed 249 of 1101[31m (4 FAILED)[39m (skipped 1) (0 secs / 2.767 secs)
ERROR: 'Error loading categories:', Error: API Error
Error: API Error
    at errorFactory (http://localhost:9876/_karma_webpack_/webpack:/src/app/features/financial/components/category-tree/category-tree.spec.ts:284:72)
    at Observable._subscribe (http://localhost:9876/_karma_webpack_/webpack:/node_modules/rxjs/dist/esm/internal/observable/throwError.js:5:51)
    at Observable._trySubscribe (http://localhost:9876/_karma_webpack_/webpack:/node_modules/rxjs/dist/esm/internal/Observable.js:37:25)
    at cb (http://localhost:9876/_karma_webpack_/webpack:/node_modules/rxjs/dist/esm/internal/Observable.js:31:30)
    at errorContext (http://localhost:9876/_karma_webpack_/webpack:/node_modules/rxjs/dist/esm/internal/util/errorContext.js:19:9)
    at Observable.subscribe (http://localhost:9876/_karma_webpack_/webpack:/node_modules/rxjs/dist/esm/internal/Observable.js:22:21)
    at init (http://localhost:9876/_karma_webpack_/webpack:/node_modules/rxjs/dist/esm/internal/operators/takeUntil.js:8:38)
    at SafeSubscriber.call (http://localhost:9876/_karma_webpack_/webpack:/node_modules/rxjs/dist/esm/internal/util/lift.js:10:28)
    at cb (http://localhost:9876/_karma_webpack_/webpack:/node_modules/rxjs/dist/esm/internal/Observable.js:26:30)
    at errorContext (http://localhost:9876/_karma_webpack_/webpack:/node_modules/rxjs/dist/esm/internal/util/errorContext.js:19:9)
[1A[2KChrome Headless 139.0.0.0 (Windows 10): Executed 250 of 1101[31m (4 FAILED)[39m (skipped 1) (0 secs / 2.774 secs)
[1A[2KChrome Headless 139.0.0.0 (Windows 10): Executed 251 of 1101[31m (4 FAILED)[39m (skipped 1) (0 secs / 2.781 secs)
[1A[2KChrome Headless 139.0.0.0 (Windows 10): Executed 252 of 1101[31m (4 FAILED)[39m (skipped 1) (0 secs / 2.787 secs)
[1A[2KChrome Headless 139.0.0.0 (Windows 10): Executed 253 of 1101[31m (4 FAILED)[39m (skipped 1) (0 secs / 2.797 secs)
[1A[2KLOG: [36m'Moving Food & Dining under Restaurants'[39m
Chrome Headless 139.0.0.0 (Windows 10): Executed 253 of 1101[31m (4 FAILED)[39m (skipped 1) (0 secs / 2.797 secs)
LOG: 'Moving Food & Dining under Restaurants'
[1A[2KChrome Headless 139.0.0.0 (Windows 10): Executed 254 of 1101[31m (4 FAILED)[39m (skipped 1) (0 secs / 2.806 secs)
[1A[2KChrome Headless 139.0.0.0 (Windows 10): Executed 255 of 1101[31m (4 FAILED)[39m (skipped 1) (0 secs / 2.818 secs)
[1A[2KChrome Headless 139.0.0.0 (Windows 10): Executed 256 of 1101[31m (4 FAILED)[39m (skipped 1) (0 secs / 2.826 secs)
[1A[2KChrome Headless 139.0.0.0 (Windows 10): Executed 257 of 1101[31m (4 FAILED)[39m (skipped 1) (0 secs / 2.833 secs)
[1A[2KChrome Headless 139.0.0.0 (Windows 10): Executed 258 of 1101[31m (4 FAILED)[39m (skipped 1) (0 secs / 2.842 secs)
[1A[2KChrome Headless 139.0.0.0 (Windows 10): Executed 259 of 1101[31m (4 FAILED)[39m (skipped 1) (0 secs / 2.851 secs)
[1A[2KChrome Headless 139.0.0.0 (Windows 10): Executed 260 of 1101[31m (4 FAILED)[39m (skipped 1) (0 secs / 2.863 secs)
[1A[2KChrome Headless 139.0.0.0 (Windows 10): Executed 261 of 1101[31m (4 FAILED)[39m (skipped 1) (0 secs / 2.874 secs)
[1A[2KChrome Headless 139.0.0.0 (Windows 10): Executed 262 of 1101[31m (4 FAILED)[39m (skipped 1) (0 secs / 2.884 secs)
[1A[2KChrome Headless 139.0.0.0 (Windows 10): Executed 263 of 1101[31m (4 FAILED)[39m (skipped 1) (0 secs / 2.893 secs)
[1A[2KChrome Headless 139.0.0.0 (Windows 10): Executed 264 of 1101[31m (4 FAILED)[39m (skipped 1) (0 secs / 2.903 secs)
[1A[2KChrome Headless 139.0.0.0 (Windows 10): Executed 265 of 1101[31m (4 FAILED)[39m (skipped 1) (0 secs / 2.911 secs)
[1A[2KChrome Headless 139.0.0.0 (Windows 10): Executed 266 of 1101[31m (4 FAILED)[39m (skipped 1) (0 secs / 2.978 secs)
[1A[2KChrome Headless 139.0.0.0 (Windows 10): Executed 267 of 1101[31m (4 FAILED)[39m (skipped 1) (0 secs / 2.987 secs)
[1A[2KChrome Headless 139.0.0.0 (Windows 10): Executed 268 of 1101[31m (4 FAILED)[39m (skipped 1) (0 secs / 2.996 secs)
[1A[2KChrome Headless 139.0.0.0 (Windows 10): Executed 269 of 1101[31m (4 FAILED)[39m (skipped 1) (0 secs / 3.004 secs)
[1A[2KChrome Headless 139.0.0.0 (Windows 10): Executed 270 of 1101[31m (4 FAILED)[39m (skipped 1) (0 secs / 3.013 secs)
[1A[2KChrome Headless 139.0.0.0 (Windows 10): Executed 271 of 1101[31m (4 FAILED)[39m (skipped 1) (0 secs / 3.021 secs)
[1A[2KChrome Headless 139.0.0.0 (Windows 10): Executed 272 of 1101[31m (4 FAILED)[39m (skipped 1) (0 secs / 3.03 secs)
[1A[2KChrome Headless 139.0.0.0 (Windows 10): Executed 273 of 1101[31m (4 FAILED)[39m (skipped 1) (0 secs / 3.041 secs)
[1A[2KChrome Headless 139.0.0.0 (Windows 10): Executed 274 of 1101[31m (4 FAILED)[39m (skipped 1) (0 secs / 3.049 secs)
[1A[2KChrome Headless 139.0.0.0 (Windows 10): Executed 275 of 1101[31m (4 FAILED)[39m (skipped 1) (0 secs / 3.056 secs)
[1A[2KChrome Headless 139.0.0.0 (Windows 10): Executed 276 of 1101[31m (4 FAILED)[39m (skipped 1) (0 secs / 3.065 secs)
[1A[2KChrome Headless 139.0.0.0 (Windows 10): Executed 277 of 1101[31m (4 FAILED)[39m (skipped 1) (0 secs / 3.074 secs)
[1A[2KChrome Headless 139.0.0.0 (Windows 10): Executed 278 of 1101[31m (4 FAILED)[39m (skipped 1) (0 secs / 3.082 secs)
[1A[2KChrome Headless 139.0.0.0 (Windows 10): Executed 279 of 1101[31m (4 FAILED)[39m (skipped 1) (0 secs / 3.09 secs)
[1A[2KLOG: [36m'Exporting transactions...'[39m
Chrome Headless 139.0.0.0 (Windows 10): Executed 279 of 1101[31m (4 FAILED)[39m (skipped 1) (0 secs / 3.09 secs)
LOG: 'Exporting transactions...'
[1A[2KChrome Headless 139.0.0.0 (Windows 10): Executed 280 of 1101[31m (4 FAILED)[39m (skipped 1) (0 secs / 5.213 secs)
[1A[2KChrome Headless 139.0.0.0 (Windows 10): Executed 281 of 1101[31m (4 FAILED)[39m (skipped 1) (0 secs / 5.225 secs)
[1A[2KChrome Headless 139.0.0.0 (Windows 10): Executed 282 of 1101[31m (4 FAILED)[39m (skipped 1) (0 secs / 5.232 secs)
[1A[2KChrome Headless 139.0.0.0 (Windows 10): Executed 283 of 1101[31m (4 FAILED)[39m (skipped 1) (0 secs / 5.592 secs)
[1A[2KChrome Headless 139.0.0.0 (Windows 10): Executed 284 of 1101[31m (4 FAILED)[39m (skipped 1) (0 secs / 5.6 secs)
[1A[2KERROR: [36m'Error deleting transaction:', Error: API Error
Error: API Error
    at errorFactory (http://localhost:9876/_karma_webpack_/webpack:/src/app/features/financial/components/transaction-list/transaction-list.spec.ts:263:77)
    at Observable._subscribe (http://localhost:9876/_karma_webpack_/webpack:/node_modules/rxjs/dist/esm/internal/observable/throwError.js:5:51)
    at Observable._trySubscribe (http://localhost:9876/_karma_webpack_/webpack:/node_modules/rxjs/dist/esm/internal/Observable.js:37:25)
    at cb (http://localhost:9876/_karma_webpack_/webpack:/node_modules/rxjs/dist/esm/internal/Observable.js:31:30)
    at errorContext (http://localhost:9876/_karma_webpack_/webpack:/node_modules/rxjs/dist/esm/internal/util/errorContext.js:19:9)
    at Observable.subscribe (http://localhost:9876/_karma_webpack_/webpack:/node_modules/rxjs/dist/esm/internal/Observable.js:22:21)
    at init (http://localhost:9876/_karma_webpack_/webpack:/node_modules/rxjs/dist/esm/internal/operators/takeUntil.js:8:38)
    at SafeSubscriber.call (http://localhost:9876/_karma_webpack_/webpack:/node_modules/rxjs/dist/esm/internal/util/lift.js:10:28)
    at cb (http://localhost:9876/_karma_webpack_/webpack:/node_modules/rxjs/dist/esm/internal/Observable.js:26:30)
    at errorContext (http://localhost:9876/_karma_webpack_/webpack:/node_modules/rxjs/dist/esm/internal/util/errorContext.js:19:9)[39m
Chrome Headless 139.0.0.0 (Windows 10): Executed 284 of 1101[31m (4 FAILED)[39m (skipped 1) (0 secs / 5.6 secs)
ERROR: 'Error deleting transaction:', Error: API Error
Error: API Error
    at errorFactory (http://localhost:9876/_karma_webpack_/webpack:/src/app/features/financial/components/transaction-list/transaction-list.spec.ts:263:77)
    at Observable._subscribe (http://localhost:9876/_karma_webpack_/webpack:/node_modules/rxjs/dist/esm/internal/observable/throwError.js:5:51)
    at Observable._trySubscribe (http://localhost:9876/_karma_webpack_/webpack:/node_modules/rxjs/dist/esm/internal/Observable.js:37:25)
    at cb (http://localhost:9876/_karma_webpack_/webpack:/node_modules/rxjs/dist/esm/internal/Observable.js:31:30)
    at errorContext (http://localhost:9876/_karma_webpack_/webpack:/node_modules/rxjs/dist/esm/internal/util/errorContext.js:19:9)
    at Observable.subscribe (http://localhost:9876/_karma_webpack_/webpack:/node_modules/rxjs/dist/esm/internal/Observable.js:22:21)
    at init (http://localhost:9876/_karma_webpack_/webpack:/node_modules/rxjs/dist/esm/internal/operators/takeUntil.js:8:38)
    at SafeSubscriber.call (http://localhost:9876/_karma_webpack_/webpack:/node_modules/rxjs/dist/esm/internal/util/lift.js:10:28)
    at cb (http://localhost:9876/_karma_webpack_/webpack:/node_modules/rxjs/dist/esm/internal/Observable.js:26:30)
    at errorContext (http://localhost:9876/_karma_webpack_/webpack:/node_modules/rxjs/dist/esm/internal/util/errorContext.js:19:9)
[1A[2KChrome Headless 139.0.0.0 (Windows 10): Executed 285 of 1101[31m (4 FAILED)[39m (skipped 1) (0 secs / 5.611 secs)
[1A[2KERROR: [36m'Error loading transactions:', Error: API Error
Error: API Error
    at errorFactory (http://localhost:9876/_karma_webpack_/webpack:/src/app/features/financial/components/transaction-list/transaction-list.spec.ts:239:79)
    at Observable._subscribe (http://localhost:9876/_karma_webpack_/webpack:/node_modules/rxjs/dist/esm/internal/observable/throwError.js:5:51)
    at Observable._trySubscribe (http://localhost:9876/_karma_webpack_/webpack:/node_modules/rxjs/dist/esm/internal/Observable.js:37:25)
    at cb (http://localhost:9876/_karma_webpack_/webpack:/node_modules/rxjs/dist/esm/internal/Observable.js:31:30)
    at errorContext (http://localhost:9876/_karma_webpack_/webpack:/node_modules/rxjs/dist/esm/internal/util/errorContext.js:19:9)
    at Observable.subscribe (http://localhost:9876/_karma_webpack_/webpack:/node_modules/rxjs/dist/esm/internal/Observable.js:22:21)
    at init (http://localhost:9876/_karma_webpack_/webpack:/node_modules/rxjs/dist/esm/internal/operators/takeUntil.js:8:38)
    at SafeSubscriber.call (http://localhost:9876/_karma_webpack_/webpack:/node_modules/rxjs/dist/esm/internal/util/lift.js:10:28)
    at cb (http://localhost:9876/_karma_webpack_/webpack:/node_modules/rxjs/dist/esm/internal/Observable.js:26:30)
    at errorContext (http://localhost:9876/_karma_webpack_/webpack:/node_modules/rxjs/dist/esm/internal/util/errorContext.js:19:9)[39m
Chrome Headless 139.0.0.0 (Windows 10): Executed 285 of 1101[31m (4 FAILED)[39m (skipped 1) (0 secs / 5.611 secs)
ERROR: 'Error loading transactions:', Error: API Error
Error: API Error
    at errorFactory (http://localhost:9876/_karma_webpack_/webpack:/src/app/features/financial/components/transaction-list/transaction-list.spec.ts:239:79)
    at Observable._subscribe (http://localhost:9876/_karma_webpack_/webpack:/node_modules/rxjs/dist/esm/internal/observable/throwError.js:5:51)
    at Observable._trySubscribe (http://localhost:9876/_karma_webpack_/webpack:/node_modules/rxjs/dist/esm/internal/Observable.js:37:25)
    at cb (http://localhost:9876/_karma_webpack_/webpack:/node_modules/rxjs/dist/esm/internal/Observable.js:31:30)
    at errorContext (http://localhost:9876/_karma_webpack_/webpack:/node_modules/rxjs/dist/esm/internal/util/errorContext.js:19:9)
    at Observable.subscribe (http://localhost:9876/_karma_webpack_/webpack:/node_modules/rxjs/dist/esm/internal/Observable.js:22:21)
    at init (http://localhost:9876/_karma_webpack_/webpack:/node_modules/rxjs/dist/esm/internal/operators/takeUntil.js:8:38)
    at SafeSubscriber.call (http://localhost:9876/_karma_webpack_/webpack:/node_modules/rxjs/dist/esm/internal/util/lift.js:10:28)
    at cb (http://localhost:9876/_karma_webpack_/webpack:/node_modules/rxjs/dist/esm/internal/Observable.js:26:30)
    at errorContext (http://localhost:9876/_karma_webpack_/webpack:/node_modules/rxjs/dist/esm/internal/util/errorContext.js:19:9)
[1A[2KChrome Headless 139.0.0.0 (Windows 10): Executed 286 of 1101[31m (4 FAILED)[39m (skipped 1) (0 secs / 5.976 secs)
[1A[2KERROR: [36m'Error loading categories:', Error: API Error
Error: API Error
    at errorFactory (http://localhost:9876/_karma_webpack_/webpack:/src/app/features/financial/components/transaction-list/transaction-list.spec.ts:253:74)
    at Observable._subscribe (http://localhost:9876/_karma_webpack_/webpack:/node_modules/rxjs/dist/esm/internal/observable/throwError.js:5:51)
    at Observable._trySubscribe (http://localhost:9876/_karma_webpack_/webpack:/node_modules/rxjs/dist/esm/internal/Observable.js:37:25)
    at cb (http://localhost:9876/_karma_webpack_/webpack:/node_modules/rxjs/dist/esm/internal/Observable.js:31:30)
    at errorContext (http://localhost:9876/_karma_webpack_/webpack:/node_modules/rxjs/dist/esm/internal/util/errorContext.js:19:9)
    at Observable.subscribe (http://localhost:9876/_karma_webpack_/webpack:/node_modules/rxjs/dist/esm/internal/Observable.js:22:21)
    at init (http://localhost:9876/_karma_webpack_/webpack:/node_modules/rxjs/dist/esm/internal/operators/takeUntil.js:8:38)
    at SafeSubscriber.call (http://localhost:9876/_karma_webpack_/webpack:/node_modules/rxjs/dist/esm/internal/util/lift.js:10:28)
    at cb (http://localhost:9876/_karma_webpack_/webpack:/node_modules/rxjs/dist/esm/internal/Observable.js:26:30)
    at errorContext (http://localhost:9876/_karma_webpack_/webpack:/node_modules/rxjs/dist/esm/internal/util/errorContext.js:19:9)[39m
Chrome Headless 139.0.0.0 (Windows 10): Executed 286 of 1101[31m (4 FAILED)[39m (skipped 1) (0 secs / 5.976 secs)
ERROR: 'Error loading categories:', Error: API Error
Error: API Error
    at errorFactory (http://localhost:9876/_karma_webpack_/webpack:/src/app/features/financial/components/transaction-list/transaction-list.spec.ts:253:74)
    at Observable._subscribe (http://localhost:9876/_karma_webpack_/webpack:/node_modules/rxjs/dist/esm/internal/observable/throwError.js:5:51)
    at Observable._trySubscribe (http://localhost:9876/_karma_webpack_/webpack:/node_modules/rxjs/dist/esm/internal/Observable.js:37:25)
    at cb (http://localhost:9876/_karma_webpack_/webpack:/node_modules/rxjs/dist/esm/internal/Observable.js:31:30)
    at errorContext (http://localhost:9876/_karma_webpack_/webpack:/node_modules/rxjs/dist/esm/internal/util/errorContext.js:19:9)
    at Observable.subscribe (http://localhost:9876/_karma_webpack_/webpack:/node_modules/rxjs/dist/esm/internal/Observable.js:22:21)
    at init (http://localhost:9876/_karma_webpack_/webpack:/node_modules/rxjs/dist/esm/internal/operators/takeUntil.js:8:38)
    at SafeSubscriber.call (http://localhost:9876/_karma_webpack_/webpack:/node_modules/rxjs/dist/esm/internal/util/lift.js:10:28)
    at cb (http://localhost:9876/_karma_webpack_/webpack:/node_modules/rxjs/dist/esm/internal/Observable.js:26:30)
    at errorContext (http://localhost:9876/_karma_webpack_/webpack:/node_modules/rxjs/dist/esm/internal/util/errorContext.js:19:9)
[1A[2KChrome Headless 139.0.0.0 (Windows 10): Executed 287 of 1101[31m (4 FAILED)[39m (skipped 1) (0 secs / 5.984 secs)
[1A[2KChrome Headless 139.0.0.0 (Windows 10): Executed 288 of 1101[31m (4 FAILED)[39m (skipped 1) (0 secs / 5.994 secs)
[1A[2KChrome Headless 139.0.0.0 (Windows 10): Executed 289 of 1101[31m (4 FAILED)[39m (skipped 1) (0 secs / 6.001 secs)
[1A[2KChrome Headless 139.0.0.0 (Windows 10): Executed 290 of 1101[31m (4 FAILED)[39m (skipped 1) (0 secs / 6.009 secs)
[1A[2KChrome Headless 139.0.0.0 (Windows 10): Executed 291 of 1101[31m (4 FAILED)[39m (skipped 1) (0 secs / 6.017 secs)
[1A[2KChrome Headless 139.0.0.0 (Windows 10): Executed 292 of 1101[31m (4 FAILED)[39m (skipped 1) (0 secs / 6.025 secs)
[1A[2KChrome Headless 139.0.0.0 (Windows 10): Executed 293 of 1101[31m (4 FAILED)[39m (skipped 1) (0 secs / 6.033 secs)
[1A[2KChrome Headless 139.0.0.0 (Windows 10): Executed 294 of 1101[31m (4 FAILED)[39m (skipped 1) (0 secs / 6.041 secs)
[1A[2KChrome Headless 139.0.0.0 (Windows 10): Executed 295 of 1101[31m (4 FAILED)[39m (skipped 1) (0 secs / 6.048 secs)
[1A[2KChrome Headless 139.0.0.0 (Windows 10): Executed 296 of 1101[31m (4 FAILED)[39m (skipped 1) (0 secs / 6.055 secs)
[1A[2KChrome Headless 139.0.0.0 (Windows 10): Executed 297 of 1101[31m (4 FAILED)[39m (skipped 1) (0 secs / 6.062 secs)
[1A[2KChrome Headless 139.0.0.0 (Windows 10): Executed 298 of 1101[31m (4 FAILED)[39m (skipped 1) (0 secs / 6.071 secs)
[1A[2KChrome Headless 139.0.0.0 (Windows 10): Executed 299 of 1101[31m (4 FAILED)[39m (skipped 1) (0 secs / 6.079 secs)
[1A[2KChrome Headless 139.0.0.0 (Windows 10): Executed 300 of 1101[31m (4 FAILED)[39m (skipped 1) (0 secs / 6.136 secs)
[1A[2KChrome Headless 139.0.0.0 (Windows 10): Executed 301 of 1101[31m (4 FAILED)[39m (skipped 1) (0 secs / 6.144 secs)
[1A[2KChrome Headless 139.0.0.0 (Windows 10): Executed 302 of 1101[31m (4 FAILED)[39m (skipped 1) (0 secs / 6.152 secs)
[1A[2KChrome Headless 139.0.0.0 (Windows 10): Executed 303 of 1101[31m (4 FAILED)[39m (skipped 1) (0 secs / 6.16 secs)
[1A[2KChrome Headless 139.0.0.0 (Windows 10): Executed 304 of 1101[31m (4 FAILED)[39m (skipped 1) (0 secs / 6.168 secs)
[1A[2KChrome Headless 139.0.0.0 (Windows 10): Executed 305 of 1101[31m (4 FAILED)[39m (skipped 1) (0 secs / 6.175 secs)
[1A[2KChrome Headless 139.0.0.0 (Windows 10): Executed 306 of 1101[31m (4 FAILED)[39m (skipped 1) (0 secs / 6.183 secs)
[1A[2KChrome Headless 139.0.0.0 (Windows 10): Executed 307 of 1101[31m (4 FAILED)[39m (skipped 1) (0 secs / 6.19 secs)
[1A[2KChrome Headless 139.0.0.0 (Windows 10): Executed 308 of 1101[31m (4 FAILED)[39m (skipped 1) (0 secs / 6.199 secs)
[1A[2KChrome Headless 139.0.0.0 (Windows 10): Executed 309 of 1101[31m (4 FAILED)[39m (skipped 1) (0 secs / 6.207 secs)
[1A[2KChrome Headless 139.0.0.0 (Windows 10): Executed 310 of 1101[31m (4 FAILED)[39m (skipped 1) (0 secs / 6.215 secs)
[1A[2KChrome Headless 139.0.0.0 (Windows 10): Executed 311 of 1101[31m (4 FAILED)[39m (skipped 1) (0 secs / 6.245 secs)
[1A[2KChrome Headless 139.0.0.0 (Windows 10): Executed 312 of 1101[31m (4 FAILED)[39m (skipped 1) (0 secs / 6.247 secs)
[1A[2KChrome Headless 139.0.0.0 (Windows 10): Executed 313 of 1101[31m (4 FAILED)[39m (skipped 1) (0 secs / 6.249 secs)
[1A[2KChrome Headless 139.0.0.0 (Windows 10): Executed 314 of 1101[31m (4 FAILED)[39m (skipped 1) (0 secs / 6.251 secs)
[1A[2KChrome Headless 139.0.0.0 (Windows 10): Executed 315 of 1101[31m (4 FAILED)[39m (skipped 1) (0 secs / 6.253 secs)
[1A[2KChrome Headless 139.0.0.0 (Windows 10): Executed 316 of 1101[31m (4 FAILED)[39m (skipped 1) (0 secs / 6.255 secs)
[1A[2KChrome Headless 139.0.0.0 (Windows 10): Executed 317 of 1101[31m (4 FAILED)[39m (skipped 1) (0 secs / 6.258 secs)
[1A[2KChrome Headless 139.0.0.0 (Windows 10): Executed 318 of 1101[31m (4 FAILED)[39m (skipped 1) (0 secs / 6.261 secs)
[1A[2KChrome Headless 139.0.0.0 (Windows 10): Executed 319 of 1101[31m (4 FAILED)[39m (skipped 1) (0 secs / 6.263 secs)
[1A[2KChrome Headless 139.0.0.0 (Windows 10): Executed 320 of 1101[31m (4 FAILED)[39m (skipped 1) (0 secs / 6.265 secs)
[1A[2KChrome Headless 139.0.0.0 (Windows 10): Executed 321 of 1101[31m (4 FAILED)[39m (skipped 1) (0 secs / 6.267 secs)
[1A[2KChrome Headless 139.0.0.0 (Windows 10): Executed 322 of 1101[31m (4 FAILED)[39m (skipped 1) (0 secs / 6.269 secs)
[1A[2KChrome Headless 139.0.0.0 (Windows 10): Executed 323 of 1101[31m (4 FAILED)[39m (skipped 1) (0 secs / 6.271 secs)
[1A[2KChrome Headless 139.0.0.0 (Windows 10): Executed 324 of 1101[31m (4 FAILED)[39m (skipped 1) (0 secs / 6.273 secs)
[1A[2KChrome Headless 139.0.0.0 (Windows 10): Executed 325 of 1101[31m (4 FAILED)[39m (skipped 1) (0 secs / 6.275 secs)
[1A[2KChrome Headless 139.0.0.0 (Windows 10): Executed 326 of 1101[31m (4 FAILED)[39m (skipped 1) (0 secs / 6.277 secs)
[1A[2KChrome Headless 139.0.0.0 (Windows 10): Executed 327 of 1101[31m (4 FAILED)[39m (skipped 1) (0 secs / 6.28 secs)
[1A[2KChrome Headless 139.0.0.0 (Windows 10): Executed 328 of 1101[31m (4 FAILED)[39m (skipped 1) (0 secs / 6.282 secs)
[1A[2KChrome Headless 139.0.0.0 (Windows 10): Executed 329 of 1101[31m (4 FAILED)[39m (skipped 1) (0 secs / 6.284 secs)
[1A[2KChrome Headless 139.0.0.0 (Windows 10): Executed 330 of 1101[31m (4 FAILED)[39m (skipped 1) (0 secs / 6.286 secs)
[1A[2KChrome Headless 139.0.0.0 (Windows 10): Executed 331 of 1101[31m (4 FAILED)[39m (skipped 1) (0 secs / 6.288 secs)
[1A[2KChrome Headless 139.0.0.0 (Windows 10): Executed 332 of 1101[31m (4 FAILED)[39m (skipped 1) (0 secs / 6.291 secs)
[1A[2KChrome Headless 139.0.0.0 (Windows 10): Executed 333 of 1101[31m (4 FAILED)[39m (skipped 1) (0 secs / 6.293 secs)
[1A[2KChrome Headless 139.0.0.0 (Windows 10): Executed 334 of 1101[31m (4 FAILED)[39m (skipped 1) (0 secs / 6.295 secs)
[1A[2KChrome Headless 139.0.0.0 (Windows 10): Executed 335 of 1101[31m (4 FAILED)[39m (skipped 1) (0 secs / 6.297 secs)
[1A[2KChrome Headless 139.0.0.0 (Windows 10): Executed 336 of 1101[31m (4 FAILED)[39m (skipped 1) (0 secs / 6.298 secs)
[1A[2KChrome Headless 139.0.0.0 (Windows 10): Executed 337 of 1101[31m (4 FAILED)[39m (skipped 1) (0 secs / 6.3 secs)
[1A[2KChrome Headless 139.0.0.0 (Windows 10): Executed 338 of 1101[31m (4 FAILED)[39m (skipped 1) (0 secs / 6.302 secs)
[1A[2KWARN: [36m'NG0914: The application is using zoneless change detection, but is still loading Zone.js. Consider removing Zone.js to get the full benefits of zoneless. In applications using the Angular CLI, Zone.js is typically included in the "polyfills" section of the angular.json file.'[39m
Chrome Headless 139.0.0.0 (Windows 10): Executed 338 of 1101[31m (4 FAILED)[39m (skipped 1) (0 secs / 6.302 secs)
WARN: 'NG0914: The application is using zoneless change detection, but is still loading Zone.js. Consider removing Zone.js to get the full benefits of zoneless. In applications using the Angular CLI, Zone.js is typically included in the "polyfills" section of the angular.json file.'
[1A[2KLOG: [36m'AuthService: Constructor called'[39m
Chrome Headless 139.0.0.0 (Windows 10): Executed 338 of 1101[31m (4 FAILED)[39m (skipped 1) (0 secs / 6.302 secs)
LOG: 'AuthService: Constructor called'
[1A[2KLOG: [36m'AuthService: Initializing authentication...'[39m
Chrome Headless 139.0.0.0 (Windows 10): Executed 338 of 1101[31m (4 FAILED)[39m (skipped 1) (0 secs / 6.302 secs)
LOG: 'AuthService: Initializing authentication...'
[1A[2KChrome Headless 139.0.0.0 (Windows 10): Executed 339 of 1101[31m (4 FAILED)[39m (skipped 1) (0 secs / 6.308 secs)
[1A[2KWARN: [36m'NG0914: The application is using zoneless change detection, but is still loading Zone.js. Consider removing Zone.js to get the full benefits of zoneless. In applications using the Angular CLI, Zone.js is typically included in the "polyfills" section of the angular.json file.'[39m
Chrome Headless 139.0.0.0 (Windows 10): Executed 339 of 1101[31m (4 FAILED)[39m (skipped 1) (0 secs / 6.308 secs)
WARN: 'NG0914: The application is using zoneless change detection, but is still loading Zone.js. Consider removing Zone.js to get the full benefits of zoneless. In applications using the Angular CLI, Zone.js is typically included in the "polyfills" section of the angular.json file.'
[1A[2KLOG: [36m'AuthService: Constructor called'[39m
Chrome Headless 139.0.0.0 (Windows 10): Executed 339 of 1101[31m (4 FAILED)[39m (skipped 1) (0 secs / 6.308 secs)
LOG: 'AuthService: Constructor called'
[1A[2KLOG: [36m'AuthService: Initializing authentication...'[39m
Chrome Headless 139.0.0.0 (Windows 10): Executed 339 of 1101[31m (4 FAILED)[39m (skipped 1) (0 secs / 6.308 secs)
LOG: 'AuthService: Initializing authentication...'
[1A[2KChrome Headless 139.0.0.0 (Windows 10): Executed 340 of 1101[31m (4 FAILED)[39m (skipped 1) (0 secs / 6.31 secs)
[1A[2KChrome Headless 139.0.0.0 (Windows 10): Executed 341 of 1101[31m (4 FAILED)[39m (skipped 1) (0 secs / 6.325 secs)
[1A[2KChrome Headless 139.0.0.0 (Windows 10): Executed 342 of 1101[31m (4 FAILED)[39m (skipped 1) (0 secs / 6.327 secs)
[1A[2KChrome Headless 139.0.0.0 (Windows 10): Executed 343 of 1101[31m (4 FAILED)[39m (skipped 1) (0 secs / 6.329 secs)
[1A[2KChrome Headless 139.0.0.0 (Windows 10): Executed 344 of 1101[31m (4 FAILED)[39m (skipped 1) (0 secs / 6.331 secs)
[1A[2KChrome Headless 139.0.0.0 (Windows 10): Executed 345 of 1101[31m (4 FAILED)[39m (skipped 1) (0 secs / 6.333 secs)
[1A[2KChrome Headless 139.0.0.0 (Windows 10): Executed 346 of 1101[31m (4 FAILED)[39m (skipped 1) (0 secs / 6.335 secs)
[1A[2KChrome Headless 139.0.0.0 (Windows 10): Executed 347 of 1101[31m (4 FAILED)[39m (skipped 1) (0 secs / 6.336 secs)
[1A[2KChrome Headless 139.0.0.0 (Windows 10): Executed 348 of 1101[31m (4 FAILED)[39m (skipped 1) (0 secs / 6.338 secs)
[1A[2KChrome Headless 139.0.0.0 (Windows 10): Executed 349 of 1101[31m (4 FAILED)[39m (skipped 1) (0 secs / 6.344 secs)
[1A[2KChrome Headless 139.0.0.0 (Windows 10): Executed 350 of 1101[31m (4 FAILED)[39m (skipped 1) (0 secs / 6.346 secs)
[1A[2KChrome Headless 139.0.0.0 (Windows 10): Executed 351 of 1101[31m (4 FAILED)[39m (skipped 1) (0 secs / 6.352 secs)
[1A[2KChrome Headless 139.0.0.0 (Windows 10): Executed 352 of 1101[31m (4 FAILED)[39m (skipped 1) (0 secs / 6.354 secs)
[1A[2KChrome Headless 139.0.0.0 (Windows 10): Executed 353 of 1101[31m (4 FAILED)[39m (skipped 1) (0 secs / 6.356 secs)
[1A[2KChrome Headless 139.0.0.0 (Windows 10): Executed 354 of 1101[31m (4 FAILED)[39m (skipped 1) (0 secs / 6.359 secs)
[1A[2KChrome Headless 139.0.0.0 (Windows 10): Executed 355 of 1101[31m (4 FAILED)[39m (skipped 1) (0 secs / 6.361 secs)
[1A[2KChrome Headless 139.0.0.0 (Windows 10): Executed 356 of 1101[31m (4 FAILED)[39m (skipped 1) (0 secs / 6.363 secs)
[1A[2KChrome Headless 139.0.0.0 (Windows 10): Executed 357 of 1101[31m (4 FAILED)[39m (skipped 1) (0 secs / 6.368 secs)
[1A[2KChrome Headless 139.0.0.0 (Windows 10): Executed 358 of 1101[31m (4 FAILED)[39m (skipped 1) (0 secs / 6.371 secs)
[1A[2KChrome Headless 139.0.0.0 (Windows 10): Executed 359 of 1101[31m (4 FAILED)[39m (skipped 1) (0 secs / 6.376 secs)
[1A[2KChrome Headless 139.0.0.0 (Windows 10): Executed 360 of 1101[31m (4 FAILED)[39m (skipped 1) (0 secs / 6.377 secs)
[1A[2KChrome Headless 139.0.0.0 (Windows 10): Executed 361 of 1101[31m (4 FAILED)[39m (skipped 1) (0 secs / 6.379 secs)
[1A[2KChrome Headless 139.0.0.0 (Windows 10): Executed 362 of 1101[31m (4 FAILED)[39m (skipped 1) (0 secs / 6.381 secs)
[1A[2KChrome Headless 139.0.0.0 (Windows 10): Executed 363 of 1101[31m (4 FAILED)[39m (skipped 1) (0 secs / 6.384 secs)
[1A[2KChrome Headless 139.0.0.0 (Windows 10): Executed 364 of 1101[31m (4 FAILED)[39m (skipped 1) (0 secs / 6.386 secs)
[1A[2KChrome Headless 139.0.0.0 (Windows 10): Executed 365 of 1101[31m (4 FAILED)[39m (skipped 1) (0 secs / 6.388 secs)
[1A[2KChrome Headless 139.0.0.0 (Windows 10): Executed 366 of 1101[31m (4 FAILED)[39m (skipped 1) (0 secs / 6.39 secs)
[1A[2KChrome Headless 139.0.0.0 (Windows 10): Executed 367 of 1101[31m (4 FAILED)[39m (skipped 1) (0 secs / 6.392 secs)
[1A[2KChrome Headless 139.0.0.0 (Windows 10): Executed 368 of 1101[31m (4 FAILED)[39m (skipped 1) (0 secs / 6.394 secs)
[1A[2KChrome Headless 139.0.0.0 (Windows 10): Executed 369 of 1101[31m (4 FAILED)[39m (skipped 1) (0 secs / 6.398 secs)
[1A[2KChrome Headless 139.0.0.0 (Windows 10): Executed 370 of 1101[31m (4 FAILED)[39m (skipped 1) (0 secs / 6.4 secs)
[1A[2KChrome Headless 139.0.0.0 (Windows 10): Executed 371 of 1101[31m (4 FAILED)[39m (skipped 1) (0 secs / 6.402 secs)
[1A[2KChrome Headless 139.0.0.0 (Windows 10): Executed 372 of 1101[31m (4 FAILED)[39m (skipped 1) (0 secs / 6.404 secs)
[1A[2KChrome Headless 139.0.0.0 (Windows 10): Executed 373 of 1101[31m (4 FAILED)[39m (skipped 1) (0 secs / 6.406 secs)
[1A[2KChrome Headless 139.0.0.0 (Windows 10): Executed 374 of 1101[31m (4 FAILED)[39m (skipped 1) (0 secs / 6.408 secs)
[1A[2KChrome Headless 139.0.0.0 (Windows 10): Executed 375 of 1101[31m (4 FAILED)[39m (skipped 1) (0 secs / 6.41 secs)
[1A[2KChrome Headless 139.0.0.0 (Windows 10): Executed 376 of 1101[31m (4 FAILED)[39m (skipped 1) (0 secs / 6.412 secs)
[1A[2KChrome Headless 139.0.0.0 (Windows 10): Executed 377 of 1101[31m (4 FAILED)[39m (skipped 1) (0 secs / 6.414 secs)
[1A[2KChrome Headless 139.0.0.0 (Windows 10): Executed 378 of 1101[31m (4 FAILED)[39m (skipped 1) (0 secs / 6.416 secs)
[1A[2KChrome Headless 139.0.0.0 (Windows 10): Executed 379 of 1101[31m (4 FAILED)[39m (skipped 1) (0 secs / 6.615 secs)
[1A[2KChrome Headless 139.0.0.0 (Windows 10): Executed 380 of 1101[31m (4 FAILED)[39m (skipped 1) (0 secs / 6.618 secs)
[1A[2KChrome Headless 139.0.0.0 (Windows 10): Executed 381 of 1101[31m (4 FAILED)[39m (skipped 1) (0 secs / 6.621 secs)
[1A[2KChrome Headless 139.0.0.0 (Windows 10): Executed 382 of 1101[31m (4 FAILED)[39m (skipped 1) (0 secs / 6.623 secs)
[1A[2KChrome Headless 139.0.0.0 (Windows 10): Executed 383 of 1101[31m (4 FAILED)[39m (skipped 1) (0 secs / 6.625 secs)
[1A[2KChrome Headless 139.0.0.0 (Windows 10): Executed 384 of 1101[31m (4 FAILED)[39m (skipped 1) (0 secs / 6.627 secs)
[1A[2KChrome Headless 139.0.0.0 (Windows 10): Executed 385 of 1101[31m (4 FAILED)[39m (skipped 1) (0 secs / 6.628 secs)
[1A[2KChrome Headless 139.0.0.0 (Windows 10): Executed 386 of 1101[31m (4 FAILED)[39m (skipped 1) (0 secs / 6.629 secs)
[1A[2KChrome Headless 139.0.0.0 (Windows 10): Executed 387 of 1101[31m (4 FAILED)[39m (skipped 1) (0 secs / 6.629 secs)
[1A[2KChrome Headless 139.0.0.0 (Windows 10): Executed 388 of 1101[31m (4 FAILED)[39m (skipped 1) (0 secs / 6.63 secs)
[1A[2KChrome Headless 139.0.0.0 (Windows 10): Executed 389 of 1101[31m (4 FAILED)[39m (skipped 1) (0 secs / 6.63 secs)
[1A[2KChrome Headless 139.0.0.0 (Windows 10): Executed 390 of 1101[31m (4 FAILED)[39m (skipped 1) (0 secs / 6.63 secs)
[1A[2KChrome Headless 139.0.0.0 (Windows 10): Executed 391 of 1101[31m (4 FAILED)[39m (skipped 1) (0 secs / 6.631 secs)
[1A[2KChrome Headless 139.0.0.0 (Windows 10): Executed 392 of 1101[31m (4 FAILED)[39m (skipped 1) (0 secs / 6.631 secs)
[1A[2KChrome Headless 139.0.0.0 (Windows 10): Executed 393 of 1101[31m (4 FAILED)[39m (skipped 1) (0 secs / 6.631 secs)
[1A[2KChrome Headless 139.0.0.0 (Windows 10): Executed 394 of 1101[31m (4 FAILED)[39m (skipped 1) (0 secs / 6.631 secs)
[1A[2KChrome Headless 139.0.0.0 (Windows 10): Executed 395 of 1101[31m (4 FAILED)[39m (skipped 1) (0 secs / 6.631 secs)
[1A[2KChrome Headless 139.0.0.0 (Windows 10): Executed 396 of 1101[31m (4 FAILED)[39m (skipped 1) (0 secs / 6.631 secs)
[1A[2KChrome Headless 139.0.0.0 (Windows 10): Executed 397 of 1101[31m (4 FAILED)[39m (skipped 1) (0 secs / 6.631 secs)
[1A[2KChrome Headless 139.0.0.0 (Windows 10): Executed 398 of 1101[31m (4 FAILED)[39m (skipped 1) (0 secs / 6.631 secs)
[1A[2KChrome Headless 139.0.0.0 (Windows 10): Executed 399 of 1101[31m (4 FAILED)[39m (skipped 1) (0 secs / 6.632 secs)
[1A[2KChrome Headless 139.0.0.0 (Windows 10): Executed 400 of 1101[31m (4 FAILED)[39m (skipped 1) (0 secs / 6.632 secs)
[1A[2KChrome Headless 139.0.0.0 (Windows 10): Executed 401 of 1101[31m (4 FAILED)[39m (skipped 1) (0 secs / 6.632 secs)
[1A[2KChrome Headless 139.0.0.0 (Windows 10): Executed 402 of 1101[31m (4 FAILED)[39m (skipped 1) (0 secs / 6.632 secs)
[1A[2KChrome Headless 139.0.0.0 (Windows 10): Executed 403 of 1101[31m (4 FAILED)[39m (skipped 1) (0 secs / 6.633 secs)
[1A[2KChrome Headless 139.0.0.0 (Windows 10): Executed 404 of 1101[31m (4 FAILED)[39m (skipped 1) (0 secs / 6.634 secs)
[1A[2KChrome Headless 139.0.0.0 (Windows 10): Executed 405 of 1101[31m (4 FAILED)[39m (skipped 1) (0 secs / 6.634 secs)
[1A[2KChrome Headless 139.0.0.0 (Windows 10): Executed 406 of 1101[31m (4 FAILED)[39m (skipped 1) (0 secs / 6.634 secs)
[1A[2KChrome Headless 139.0.0.0 (Windows 10): Executed 407 of 1101[31m (4 FAILED)[39m (skipped 1) (0 secs / 6.634 secs)
[1A[2KChrome Headless 139.0.0.0 (Windows 10): Executed 408 of 1101[31m (4 FAILED)[39m (skipped 1) (0 secs / 6.634 secs)
[1A[2KChrome Headless 139.0.0.0 (Windows 10): Executed 409 of 1101[31m (4 FAILED)[39m (skipped 1) (0 secs / 6.634 secs)
[1A[2KChrome Headless 139.0.0.0 (Windows 10): Executed 410 of 1101[31m (4 FAILED)[39m (skipped 1) (0 secs / 6.635 secs)
[1A[2KChrome Headless 139.0.0.0 (Windows 10): Executed 411 of 1101[31m (4 FAILED)[39m (skipped 1) (0 secs / 6.635 secs)
[1A[2KChrome Headless 139.0.0.0 (Windows 10): Executed 412 of 1101[31m (4 FAILED)[39m (skipped 1) (0 secs / 6.636 secs)
[1A[2KChrome Headless 139.0.0.0 (Windows 10): Executed 413 of 1101[31m (4 FAILED)[39m (skipped 1) (0 secs / 6.636 secs)
[1A[2KChrome Headless 139.0.0.0 (Windows 10): Executed 414 of 1101[31m (4 FAILED)[39m (skipped 1) (0 secs / 6.637 secs)
[1A[2KChrome Headless 139.0.0.0 (Windows 10): Executed 415 of 1101[31m (4 FAILED)[39m (skipped 1) (0 secs / 6.637 secs)
[1A[2KChrome Headless 139.0.0.0 (Windows 10): Executed 416 of 1101[31m (4 FAILED)[39m (skipped 1) (0 secs / 6.638 secs)
[1A[2KChrome Headless 139.0.0.0 (Windows 10): Executed 417 of 1101[31m (4 FAILED)[39m (skipped 1) (0 secs / 6.638 secs)
[1A[2KChrome Headless 139.0.0.0 (Windows 10): Executed 418 of 1101[31m (4 FAILED)[39m (skipped 1) (0 secs / 6.638 secs)
[1A[2KChrome Headless 139.0.0.0 (Windows 10): Executed 419 of 1101[31m (4 FAILED)[39m (skipped 1) (0 secs / 6.638 secs)
[1A[2KChrome Headless 139.0.0.0 (Windows 10): Executed 420 of 1101[31m (4 FAILED)[39m (skipped 1) (0 secs / 6.638 secs)
[1A[2KChrome Headless 139.0.0.0 (Windows 10): Executed 421 of 1101[31m (4 FAILED)[39m (skipped 1) (0 secs / 6.638 secs)
[1A[2KChrome Headless 139.0.0.0 (Windows 10): Executed 422 of 1101[31m (4 FAILED)[39m (skipped 1) (0 secs / 6.639 secs)
[1A[2KChrome Headless 139.0.0.0 (Windows 10): Executed 423 of 1101[31m (4 FAILED)[39m (skipped 1) (0 secs / 6.639 secs)
[1A[2KChrome Headless 139.0.0.0 (Windows 10): Executed 424 of 1101[31m (4 FAILED)[39m (skipped 1) (0 secs / 6.64 secs)
[1A[2KChrome Headless 139.0.0.0 (Windows 10): Executed 425 of 1101[31m (4 FAILED)[39m (skipped 1) (0 secs / 6.641 secs)
[1A[2KChrome Headless 139.0.0.0 (Windows 10): Executed 426 of 1101[31m (4 FAILED)[39m (skipped 1) (0 secs / 6.641 secs)
[1A[2KChrome Headless 139.0.0.0 (Windows 10): Executed 427 of 1101[31m (4 FAILED)[39m (skipped 1) (0 secs / 6.642 secs)
[1A[2KChrome Headless 139.0.0.0 (Windows 10): Executed 428 of 1101[31m (4 FAILED)[39m (skipped 1) (0 secs / 6.685 secs)
[1A[2KERROR: [36m'Error loading categories:', Error: API Error
Error: API Error
    at errorFactory (http://localhost:9876/_karma_webpack_/webpack:/src/app/features/financial/components/transaction-form/transaction-form.spec.ts:281:76)
    at Observable._subscribe (http://localhost:9876/_karma_webpack_/webpack:/node_modules/rxjs/dist/esm/internal/observable/throwError.js:5:51)
    at Observable._trySubscribe (http://localhost:9876/_karma_webpack_/webpack:/node_modules/rxjs/dist/esm/internal/Observable.js:37:25)
    at cb (http://localhost:9876/_karma_webpack_/webpack:/node_modules/rxjs/dist/esm/internal/Observable.js:31:30)
    at errorContext (http://localhost:9876/_karma_webpack_/webpack:/node_modules/rxjs/dist/esm/internal/util/errorContext.js:19:9)
    at Observable.subscribe (http://localhost:9876/_karma_webpack_/webpack:/node_modules/rxjs/dist/esm/internal/Observable.js:22:21)
    at init (http://localhost:9876/_karma_webpack_/webpack:/node_modules/rxjs/dist/esm/internal/operators/takeUntil.js:8:38)
    at SafeSubscriber.call (http://localhost:9876/_karma_webpack_/webpack:/node_modules/rxjs/dist/esm/internal/util/lift.js:10:28)
    at cb (http://localhost:9876/_karma_webpack_/webpack:/node_modules/rxjs/dist/esm/internal/Observable.js:26:30)
    at errorContext (http://localhost:9876/_karma_webpack_/webpack:/node_modules/rxjs/dist/esm/internal/util/errorContext.js:19:9)[39m
Chrome Headless 139.0.0.0 (Windows 10): Executed 428 of 1101[31m (4 FAILED)[39m (skipped 1) (0 secs / 6.685 secs)
ERROR: 'Error loading categories:', Error: API Error
Error: API Error
    at errorFactory (http://localhost:9876/_karma_webpack_/webpack:/src/app/features/financial/components/transaction-form/transaction-form.spec.ts:281:76)
    at Observable._subscribe (http://localhost:9876/_karma_webpack_/webpack:/node_modules/rxjs/dist/esm/internal/observable/throwError.js:5:51)
    at Observable._trySubscribe (http://localhost:9876/_karma_webpack_/webpack:/node_modules/rxjs/dist/esm/internal/Observable.js:37:25)
    at cb (http://localhost:9876/_karma_webpack_/webpack:/node_modules/rxjs/dist/esm/internal/Observable.js:31:30)
    at errorContext (http://localhost:9876/_karma_webpack_/webpack:/node_modules/rxjs/dist/esm/internal/util/errorContext.js:19:9)
    at Observable.subscribe (http://localhost:9876/_karma_webpack_/webpack:/node_modules/rxjs/dist/esm/internal/Observable.js:22:21)
    at init (http://localhost:9876/_karma_webpack_/webpack:/node_modules/rxjs/dist/esm/internal/operators/takeUntil.js:8:38)
    at SafeSubscriber.call (http://localhost:9876/_karma_webpack_/webpack:/node_modules/rxjs/dist/esm/internal/util/lift.js:10:28)
    at cb (http://localhost:9876/_karma_webpack_/webpack:/node_modules/rxjs/dist/esm/internal/Observable.js:26:30)
    at errorContext (http://localhost:9876/_karma_webpack_/webpack:/node_modules/rxjs/dist/esm/internal/util/errorContext.js:19:9)
[1A[2KChrome Headless 139.0.0.0 (Windows 10): Executed 429 of 1101[31m (4 FAILED)[39m (skipped 1) (0 secs / 6.694 secs)
[1A[2KChrome Headless 139.0.0.0 (Windows 10): Executed 430 of 1101[31m (4 FAILED)[39m (skipped 1) (0 secs / 6.699 secs)
[1A[2KChrome Headless 139.0.0.0 (Windows 10): Executed 431 of 1101[31m (4 FAILED)[39m (skipped 1) (0 secs / 6.704 secs)
[1A[2KChrome Headless 139.0.0.0 (Windows 10): Executed 432 of 1101[31m (4 FAILED)[39m (skipped 1) (0 secs / 6.707 secs)
[1A[2KChrome Headless 139.0.0.0 (Windows 10): Executed 433 of 1101[31m (4 FAILED)[39m (skipped 1) (0 secs / 6.711 secs)
[1A[2KChrome Headless 139.0.0.0 (Windows 10): Executed 434 of 1101[31m (4 FAILED)[39m (skipped 1) (0 secs / 6.715 secs)
[1A[2KChrome Headless 139.0.0.0 (Windows 10): Executed 435 of 1101[31m (4 FAILED)[39m (skipped 1) (0 secs / 6.72 secs)
[1A[2KChrome Headless 139.0.0.0 (Windows 10): Executed 436 of 1101[31m (4 FAILED)[39m (skipped 1) (0 secs / 6.724 secs)
[1A[2KChrome Headless 139.0.0.0 (Windows 10): Executed 437 of 1101[31m (4 FAILED)[39m (skipped 1) (0 secs / 6.729 secs)
[1A[2KChrome Headless 139.0.0.0 (Windows 10): Executed 438 of 1101[31m (4 FAILED)[39m (skipped 1) (0 secs / 6.735 secs)
[1A[2KChrome Headless 139.0.0.0 (Windows 10): Executed 439 of 1101[31m (4 FAILED)[39m (skipped 1) (0 secs / 6.74 secs)
[1A[2KChrome Headless 139.0.0.0 (Windows 10): Executed 440 of 1101[31m (4 FAILED)[39m (skipped 1) (0 secs / 6.744 secs)
[1A[2KChrome Headless 139.0.0.0 (Windows 10): Executed 441 of 1101[31m (4 FAILED)[39m (skipped 1) (0 secs / 6.749 secs)
[1A[2KChrome Headless 139.0.0.0 (Windows 10): Executed 442 of 1101[31m (4 FAILED)[39m (skipped 1) (0 secs / 6.754 secs)
[1A[2KChrome Headless 139.0.0.0 (Windows 10): Executed 443 of 1101[31m (4 FAILED)[39m (skipped 1) (0 secs / 6.758 secs)
[1A[2KChrome Headless 139.0.0.0 (Windows 10): Executed 444 of 1101[31m (4 FAILED)[39m (skipped 1) (0 secs / 6.763 secs)
[1A[2KChrome Headless 139.0.0.0 (Windows 10): Executed 445 of 1101[31m (4 FAILED)[39m (skipped 1) (0 secs / 6.769 secs)
[1A[2KChrome Headless 139.0.0.0 (Windows 10): Executed 446 of 1101[31m (4 FAILED)[39m (skipped 1) (0 secs / 6.774 secs)
[1A[2KChrome Headless 139.0.0.0 (Windows 10): Executed 447 of 1101[31m (4 FAILED)[39m (skipped 1) (0 secs / 6.78 secs)
[1A[2KChrome Headless 139.0.0.0 (Windows 10): Executed 448 of 1101[31m (4 FAILED)[39m (skipped 1) (0 secs / 6.785 secs)
[1A[2KChrome Headless 139.0.0.0 (Windows 10): Executed 449 of 1101[31m (4 FAILED)[39m (skipped 1) (0 secs / 6.791 secs)
[1A[2KChrome Headless 139.0.0.0 (Windows 10): Executed 450 of 1101[31m (4 FAILED)[39m (skipped 1) (0 secs / 6.797 secs)
[1A[2KChrome Headless 139.0.0.0 (Windows 10): Executed 451 of 1101[31m (4 FAILED)[39m (skipped 1) (0 secs / 6.802 secs)
[1A[2KChrome Headless 139.0.0.0 (Windows 10): Executed 452 of 1101[31m (4 FAILED)[39m (skipped 1) (0 secs / 6.806 secs)
[1A[2KChrome Headless 139.0.0.0 (Windows 10): Executed 453 of 1101[31m (4 FAILED)[39m (skipped 1) (0 secs / 6.81 secs)
[1A[2KChrome Headless 139.0.0.0 (Windows 10): Executed 454 of 1101[31m (4 FAILED)[39m (skipped 1) (0 secs / 6.816 secs)
[1A[2KChrome Headless 139.0.0.0 (Windows 10): Executed 455 of 1101[31m (4 FAILED)[39m (skipped 1) (0 secs / 6.82 secs)
[1A[2KChrome Headless 139.0.0.0 (Windows 10): Executed 456 of 1101[31m (4 FAILED)[39m (skipped 1) (0 secs / 6.827 secs)
[1A[2KChrome Headless 139.0.0.0 (Windows 10): Executed 457 of 1101[31m (4 FAILED)[39m (skipped 1) (0 secs / 6.831 secs)
[1A[2KChrome Headless 139.0.0.0 (Windows 10): Executed 458 of 1101[31m (4 FAILED)[39m (skipped 1) (0 secs / 6.834 secs)
[1A[2KChrome Headless 139.0.0.0 (Windows 10): Executed 459 of 1101[31m (4 FAILED)[39m (skipped 1) (0 secs / 6.838 secs)
[1A[2KChrome Headless 139.0.0.0 (Windows 10): Executed 460 of 1101[31m (4 FAILED)[39m (skipped 1) (0 secs / 6.845 secs)
[1A[2KChrome Headless 139.0.0.0 (Windows 10): Executed 461 of 1101[31m (4 FAILED)[39m (skipped 1) (0 secs / 6.852 secs)
[1A[2KChrome Headless 139.0.0.0 (Windows 10): Executed 462 of 1101[31m (4 FAILED)[39m (skipped 1) (0 secs / 6.859 secs)
[1A[2KChrome Headless 139.0.0.0 (Windows 10): Executed 463 of 1101[31m (4 FAILED)[39m (skipped 1) (0 secs / 6.865 secs)
[1A[2KERROR: [36m'Error creating transaction:', Error: API Error
Error: API Error
    at errorFactory (http://localhost:9876/_karma_webpack_/webpack:/src/app/features/financial/components/transaction-form/transaction-form.spec.ts:409:79)
    at Observable._subscribe (http://localhost:9876/_karma_webpack_/webpack:/node_modules/rxjs/dist/esm/internal/observable/throwError.js:5:51)
    at Observable._trySubscribe (http://localhost:9876/_karma_webpack_/webpack:/node_modules/rxjs/dist/esm/internal/Observable.js:37:25)
    at cb (http://localhost:9876/_karma_webpack_/webpack:/node_modules/rxjs/dist/esm/internal/Observable.js:31:30)
    at errorContext (http://localhost:9876/_karma_webpack_/webpack:/node_modules/rxjs/dist/esm/internal/util/errorContext.js:19:9)
    at Observable.subscribe (http://localhost:9876/_karma_webpack_/webpack:/node_modules/rxjs/dist/esm/internal/Observable.js:22:21)
    at init (http://localhost:9876/_karma_webpack_/webpack:/node_modules/rxjs/dist/esm/internal/operators/takeUntil.js:8:38)
    at SafeSubscriber.call (http://localhost:9876/_karma_webpack_/webpack:/node_modules/rxjs/dist/esm/internal/util/lift.js:10:28)
    at cb (http://localhost:9876/_karma_webpack_/webpack:/node_modules/rxjs/dist/esm/internal/Observable.js:26:30)
    at errorContext (http://localhost:9876/_karma_webpack_/webpack:/node_modules/rxjs/dist/esm/internal/util/errorContext.js:19:9)[39m
Chrome Headless 139.0.0.0 (Windows 10): Executed 463 of 1101[31m (4 FAILED)[39m (skipped 1) (0 secs / 6.865 secs)
ERROR: 'Error creating transaction:', Error: API Error
Error: API Error
    at errorFactory (http://localhost:9876/_karma_webpack_/webpack:/src/app/features/financial/components/transaction-form/transaction-form.spec.ts:409:79)
    at Observable._subscribe (http://localhost:9876/_karma_webpack_/webpack:/node_modules/rxjs/dist/esm/internal/observable/throwError.js:5:51)
    at Observable._trySubscribe (http://localhost:9876/_karma_webpack_/webpack:/node_modules/rxjs/dist/esm/internal/Observable.js:37:25)
    at cb (http://localhost:9876/_karma_webpack_/webpack:/node_modules/rxjs/dist/esm/internal/Observable.js:31:30)
    at errorContext (http://localhost:9876/_karma_webpack_/webpack:/node_modules/rxjs/dist/esm/internal/util/errorContext.js:19:9)
    at Observable.subscribe (http://localhost:9876/_karma_webpack_/webpack:/node_modules/rxjs/dist/esm/internal/Observable.js:22:21)
    at init (http://localhost:9876/_karma_webpack_/webpack:/node_modules/rxjs/dist/esm/internal/operators/takeUntil.js:8:38)
    at SafeSubscriber.call (http://localhost:9876/_karma_webpack_/webpack:/node_modules/rxjs/dist/esm/internal/util/lift.js:10:28)
    at cb (http://localhost:9876/_karma_webpack_/webpack:/node_modules/rxjs/dist/esm/internal/Observable.js:26:30)
    at errorContext (http://localhost:9876/_karma_webpack_/webpack:/node_modules/rxjs/dist/esm/internal/util/errorContext.js:19:9)
[1A[2KChrome Headless 139.0.0.0 (Windows 10): Executed 464 of 1101[31m (4 FAILED)[39m (skipped 1) (0 secs / 6.87 secs)
[1A[2KChrome Headless 139.0.0.0 (Windows 10): Executed 465 of 1101[31m (4 FAILED)[39m (skipped 1) (0 secs / 6.873 secs)
[1A[2KChrome Headless 139.0.0.0 (Windows 10): Executed 466 of 1101[31m (4 FAILED)[39m (skipped 1) (0 secs / 6.883 secs)
[1A[2KChrome Headless 139.0.0.0 (Windows 10): Executed 467 of 1101[31m (4 FAILED)[39m (skipped 1) (0 secs / 6.886 secs)
[1A[2KChrome Headless 139.0.0.0 (Windows 10): Executed 468 of 1101[31m (4 FAILED)[39m (skipped 1) (0 secs / 6.89 secs)
[1A[2KChrome Headless 139.0.0.0 (Windows 10): Executed 469 of 1101[31m (4 FAILED)[39m (skipped 1) (0 secs / 6.894 secs)
[1A[2KChrome Headless 139.0.0.0 (Windows 10): Executed 470 of 1101[31m (4 FAILED)[39m (skipped 1) (0 secs / 6.897 secs)
[1A[2KChrome Headless 139.0.0.0 (Windows 10): Executed 471 of 1101[31m (4 FAILED)[39m (skipped 1) (0 secs / 6.9 secs)
[1A[2KChrome Headless 139.0.0.0 (Windows 10): Executed 472 of 1101[31m (4 FAILED)[39m (skipped 1) (0 secs / 6.906 secs)
[1A[2KChrome Headless 139.0.0.0 (Windows 10): Executed 473 of 1101[31m (4 FAILED)[39m (skipped 1) (0 secs / 6.909 secs)
[1A[2KChrome Headless 139.0.0.0 (Windows 10): Executed 474 of 1101[31m (4 FAILED)[39m (skipped 1) (0 secs / 6.913 secs)
[1A[2KChrome Headless 139.0.0.0 (Windows 10): Executed 475 of 1101[31m (4 FAILED)[39m (skipped 1) (0 secs / 6.917 secs)
[1A[2KChrome Headless 139.0.0.0 (Windows 10): Executed 476 of 1101[31m (4 FAILED)[39m (skipped 1) (0 secs / 6.92 secs)
[1A[2KChrome Headless 139.0.0.0 (Windows 10): Executed 477 of 1101[31m (4 FAILED)[39m (skipped 1) (0 secs / 6.924 secs)
[1A[2KChrome Headless 139.0.0.0 (Windows 10): Executed 478 of 1101[31m (4 FAILED)[39m (skipped 1) (0 secs / 6.927 secs)
[1A[2KChrome Headless 139.0.0.0 (Windows 10): Executed 479 of 1101[31m (4 FAILED)[39m (skipped 1) (0 secs / 6.93 secs)
[1A[2KChrome Headless 139.0.0.0 (Windows 10): Executed 480 of 1101[31m (4 FAILED)[39m (skipped 1) (0 secs / 6.933 secs)
[1A[2KChrome Headless 139.0.0.0 (Windows 10): Executed 481 of 1101[31m (4 FAILED)[39m (skipped 1) (0 secs / 6.936 secs)
[1A[2KChrome Headless 139.0.0.0 (Windows 10): Executed 482 of 1101[31m (4 FAILED)[39m (skipped 1) (0 secs / 6.94 secs)
[1A[2KChrome Headless 139.0.0.0 (Windows 10): Executed 483 of 1101[31m (4 FAILED)[39m (skipped 1) (0 secs / 6.944 secs)
[1A[2KChrome Headless 139.0.0.0 (Windows 10): Executed 484 of 1101[31m (4 FAILED)[39m (skipped 1) (0 secs / 6.947 secs)
[1A[2KChrome Headless 139.0.0.0 (Windows 10): Executed 485 of 1101[31m (4 FAILED)[39m (skipped 1) (0 secs / 6.95 secs)
[1A[2KChrome Headless 139.0.0.0 (Windows 10): Executed 486 of 1101[31m (4 FAILED)[39m (skipped 1) (0 secs / 6.954 secs)
[1A[2KChrome Headless 139.0.0.0 (Windows 10): Executed 487 of 1101[31m (4 FAILED)[39m (skipped 1) (0 secs / 6.956 secs)
[1A[2KChrome Headless 139.0.0.0 (Windows 10): Executed 488 of 1101[31m (4 FAILED)[39m (skipped 1) (0 secs / 6.959 secs)
[1A[2KChrome Headless 139.0.0.0 (Windows 10): Executed 489 of 1101[31m (4 FAILED)[39m (skipped 1) (0 secs / 6.963 secs)
[1A[2KChrome Headless 139.0.0.0 (Windows 10): Executed 490 of 1101[31m (4 FAILED)[39m (skipped 1) (0 secs / 6.966 secs)
[1A[2KChrome Headless 139.0.0.0 (Windows 10): Executed 491 of 1101[31m (4 FAILED)[39m (skipped 1) (0 secs / 6.97 secs)
[1A[2KChrome Headless 139.0.0.0 (Windows 10): Executed 492 of 1101[31m (4 FAILED)[39m (skipped 1) (0 secs / 6.974 secs)
[1A[2KChrome Headless 139.0.0.0 (Windows 10): Executed 493 of 1101[31m (4 FAILED)[39m (skipped 1) (0 secs / 6.978 secs)
[1A[2KChrome Headless 139.0.0.0 (Windows 10): Executed 494 of 1101[31m (4 FAILED)[39m (skipped 1) (0 secs / 6.981 secs)
[1A[2KChrome Headless 139.0.0.0 (Windows 10): Executed 495 of 1101[31m (4 FAILED)[39m (skipped 1) (0 secs / 6.984 secs)
[1A[2KChrome Headless 139.0.0.0 (Windows 10): Executed 496 of 1101[31m (4 FAILED)[39m (skipped 1) (0 secs / 6.987 secs)
[1A[2KChrome Headless 139.0.0.0 (Windows 10): Executed 497 of 1101[31m (4 FAILED)[39m (skipped 1) (0 secs / 6.99 secs)
[1A[2KChrome Headless 139.0.0.0 (Windows 10): Executed 498 of 1101[31m (4 FAILED)[39m (skipped 1) (0 secs / 6.996 secs)
[1A[2KChrome Headless 139.0.0.0 (Windows 10): Executed 499 of 1101[31m (4 FAILED)[39m (skipped 1) (0 secs / 6.999 secs)
[1A[2KChrome Headless 139.0.0.0 (Windows 10): Executed 500 of 1101[31m (4 FAILED)[39m (skipped 1) (0 secs / 7 secs)
[1A[2KChrome Headless 139.0.0.0 (Windows 10): Executed 501 of 1101[31m (4 FAILED)[39m (skipped 1) (0 secs / 7.002 secs)
[1A[2KChrome Headless 139.0.0.0 (Windows 10): Executed 502 of 1101[31m (4 FAILED)[39m (skipped 1) (0 secs / 7.004 secs)
[1A[2KChrome Headless 139.0.0.0 (Windows 10): Executed 503 of 1101[31m (4 FAILED)[39m (skipped 1) (0 secs / 7.007 secs)
[1A[2KChrome Headless 139.0.0.0 (Windows 10): Executed 504 of 1101[31m (4 FAILED)[39m (skipped 1) (0 secs / 7.009 secs)
[1A[2KChrome Headless 139.0.0.0 (Windows 10): Executed 505 of 1101[31m (4 FAILED)[39m (skipped 1) (0 secs / 7.01 secs)
[1A[2KChrome Headless 139.0.0.0 (Windows 10): Executed 506 of 1101[31m (4 FAILED)[39m (skipped 1) (0 secs / 7.011 secs)
[1A[2KChrome Headless 139.0.0.0 (Windows 10): Executed 507 of 1101[31m (4 FAILED)[39m (skipped 1) (0 secs / 7.012 secs)
[1A[2KChrome Headless 139.0.0.0 (Windows 10): Executed 508 of 1101[31m (4 FAILED)[39m (skipped 1) (0 secs / 7.021 secs)
[1A[2KChrome Headless 139.0.0.0 (Windows 10): Executed 509 of 1101[31m (4 FAILED)[39m (skipped 1) (0 secs / 7.024 secs)
[1A[2KChrome Headless 139.0.0.0 (Windows 10): Executed 510 of 1101[31m (4 FAILED)[39m (skipped 1) (0 secs / 7.026 secs)
[1A[2KChrome Headless 139.0.0.0 (Windows 10): Executed 511 of 1101[31m (4 FAILED)[39m (skipped 1) (0 secs / 7.028 secs)
[1A[2KChrome Headless 139.0.0.0 (Windows 10): Executed 512 of 1101[31m (4 FAILED)[39m (skipped 1) (0 secs / 7.03 secs)
[1A[2KChrome Headless 139.0.0.0 (Windows 10): Executed 513 of 1101[31m (4 FAILED)[39m (skipped 1) (0 secs / 7.032 secs)
[1A[2KChrome Headless 139.0.0.0 (Windows 10): Executed 514 of 1101[31m (4 FAILED)[39m (skipped 1) (0 secs / 7.033 secs)
[1A[2KChrome Headless 139.0.0.0 (Windows 10): Executed 515 of 1101[31m (4 FAILED)[39m (skipped 1) (0 secs / 7.035 secs)
[1A[2KChrome Headless 139.0.0.0 (Windows 10): Executed 516 of 1101[31m (4 FAILED)[39m (skipped 1) (0 secs / 7.036 secs)
[1A[2KChrome Headless 139.0.0.0 (Windows 10): Executed 517 of 1101[31m (4 FAILED)[39m (skipped 1) (0 secs / 7.037 secs)
[1A[2KChrome Headless 139.0.0.0 (Windows 10): Executed 518 of 1101[31m (4 FAILED)[39m (skipped 1) (0 secs / 7.038 secs)
[1A[2KChrome Headless 139.0.0.0 (Windows 10): Executed 519 of 1101[31m (4 FAILED)[39m (skipped 1) (0 secs / 7.039 secs)
[1A[2KChrome Headless 139.0.0.0 (Windows 10): Executed 520 of 1101[31m (4 FAILED)[39m (skipped 1) (0 secs / 7.04 secs)
[1A[2KChrome Headless 139.0.0.0 (Windows 10): Executed 521 of 1101[31m (4 FAILED)[39m (skipped 1) (0 secs / 7.041 secs)
[1A[2KChrome Headless 139.0.0.0 (Windows 10): Executed 522 of 1101[31m (4 FAILED)[39m (skipped 1) (0 secs / 7.042 secs)
[1A[2KChrome Headless 139.0.0.0 (Windows 10): Executed 523 of 1101[31m (4 FAILED)[39m (skipped 1) (0 secs / 7.044 secs)
[1A[2KWARN: [36m'NG0914: The application is using zoneless change detection, but is still loading Zone.js. Consider removing Zone.js to get the full benefits of zoneless. In applications using the Angular CLI, Zone.js is typically included in the "polyfills" section of the angular.json file.'[39m
Chrome Headless 139.0.0.0 (Windows 10): Executed 523 of 1101[31m (4 FAILED)[39m (skipped 1) (0 secs / 7.044 secs)
WARN: 'NG0914: The application is using zoneless change detection, but is still loading Zone.js. Consider removing Zone.js to get the full benefits of zoneless. In applications using the Angular CLI, Zone.js is typically included in the "polyfills" section of the angular.json file.'
[1A[2KChrome Headless 139.0.0.0 (Windows 10): Executed 524 of 1101[31m (4 FAILED)[39m (skipped 1) (0 secs / 7.046 secs)
[1A[2KWARN: [36m'NG0914: The application is using zoneless change detection, but is still loading Zone.js. Consider removing Zone.js to get the full benefits of zoneless. In applications using the Angular CLI, Zone.js is typically included in the "polyfills" section of the angular.json file.'[39m
Chrome Headless 139.0.0.0 (Windows 10): Executed 524 of 1101[31m (4 FAILED)[39m (skipped 1) (0 secs / 7.046 secs)
WARN: 'NG0914: The application is using zoneless change detection, but is still loading Zone.js. Consider removing Zone.js to get the full benefits of zoneless. In applications using the Angular CLI, Zone.js is typically included in the "polyfills" section of the angular.json file.'
[1A[2KChrome Headless 139.0.0.0 (Windows 10): Executed 525 of 1101[31m (4 FAILED)[39m (skipped 1) (0 secs / 7.048 secs)
[1A[2KWARN: [36m'NG0914: The application is using zoneless change detection, but is still loading Zone.js. Consider removing Zone.js to get the full benefits of zoneless. In applications using the Angular CLI, Zone.js is typically included in the "polyfills" section of the angular.json file.'[39m
Chrome Headless 139.0.0.0 (Windows 10): Executed 525 of 1101[31m (4 FAILED)[39m (skipped 1) (0 secs / 7.048 secs)
WARN: 'NG0914: The application is using zoneless change detection, but is still loading Zone.js. Consider removing Zone.js to get the full benefits of zoneless. In applications using the Angular CLI, Zone.js is typically included in the "polyfills" section of the angular.json file.'
[1A[2KChrome Headless 139.0.0.0 (Windows 10): Executed 526 of 1101[31m (4 FAILED)[39m (skipped 1) (0 secs / 7.05 secs)
[1A[2KWARN: [36m'NG0914: The application is using zoneless change detection, but is still loading Zone.js. Consider removing Zone.js to get the full benefits of zoneless. In applications using the Angular CLI, Zone.js is typically included in the "polyfills" section of the angular.json file.'[39m
Chrome Headless 139.0.0.0 (Windows 10): Executed 526 of 1101[31m (4 FAILED)[39m (skipped 1) (0 secs / 7.05 secs)
WARN: 'NG0914: The application is using zoneless change detection, but is still loading Zone.js. Consider removing Zone.js to get the full benefits of zoneless. In applications using the Angular CLI, Zone.js is typically included in the "polyfills" section of the angular.json file.'
[1A[2KChrome Headless 139.0.0.0 (Windows 10): Executed 527 of 1101[31m (4 FAILED)[39m (skipped 1) (0 secs / 7.052 secs)
[1A[2KWARN: [36m'NG0914: The application is using zoneless change detection, but is still loading Zone.js. Consider removing Zone.js to get the full benefits of zoneless. In applications using the Angular CLI, Zone.js is typically included in the "polyfills" section of the angular.json file.'[39m
Chrome Headless 139.0.0.0 (Windows 10): Executed 527 of 1101[31m (4 FAILED)[39m (skipped 1) (0 secs / 7.052 secs)
WARN: 'NG0914: The application is using zoneless change detection, but is still loading Zone.js. Consider removing Zone.js to get the full benefits of zoneless. In applications using the Angular CLI, Zone.js is typically included in the "polyfills" section of the angular.json file.'
[1A[2KChrome Headless 139.0.0.0 (Windows 10): Executed 528 of 1101[31m (4 FAILED)[39m (skipped 1) (0 secs / 7.053 secs)
[1A[2KWARN: [36m'NG0914: The application is using zoneless change detection, but is still loading Zone.js. Consider removing Zone.js to get the full benefits of zoneless. In applications using the Angular CLI, Zone.js is typically included in the "polyfills" section of the angular.json file.'[39m
Chrome Headless 139.0.0.0 (Windows 10): Executed 528 of 1101[31m (4 FAILED)[39m (skipped 1) (0 secs / 7.053 secs)
WARN: 'NG0914: The application is using zoneless change detection, but is still loading Zone.js. Consider removing Zone.js to get the full benefits of zoneless. In applications using the Angular CLI, Zone.js is typically included in the "polyfills" section of the angular.json file.'
[1A[2KChrome Headless 139.0.0.0 (Windows 10): Executed 529 of 1101[31m (4 FAILED)[39m (skipped 1) (0 secs / 7.055 secs)
[1A[2KWARN: [36m'NG0914: The application is using zoneless change detection, but is still loading Zone.js. Consider removing Zone.js to get the full benefits of zoneless. In applications using the Angular CLI, Zone.js is typically included in the "polyfills" section of the angular.json file.'[39m
Chrome Headless 139.0.0.0 (Windows 10): Executed 529 of 1101[31m (4 FAILED)[39m (skipped 1) (0 secs / 7.055 secs)
WARN: 'NG0914: The application is using zoneless change detection, but is still loading Zone.js. Consider removing Zone.js to get the full benefits of zoneless. In applications using the Angular CLI, Zone.js is typically included in the "polyfills" section of the angular.json file.'
[1A[2KChrome Headless 139.0.0.0 (Windows 10): Executed 530 of 1101[31m (4 FAILED)[39m (skipped 1) (0 secs / 7.057 secs)
[1A[2KWARN: [36m'NG0914: The application is using zoneless change detection, but is still loading Zone.js. Consider removing Zone.js to get the full benefits of zoneless. In applications using the Angular CLI, Zone.js is typically included in the "polyfills" section of the angular.json file.'[39m
Chrome Headless 139.0.0.0 (Windows 10): Executed 530 of 1101[31m (4 FAILED)[39m (skipped 1) (0 secs / 7.057 secs)
WARN: 'NG0914: The application is using zoneless change detection, but is still loading Zone.js. Consider removing Zone.js to get the full benefits of zoneless. In applications using the Angular CLI, Zone.js is typically included in the "polyfills" section of the angular.json file.'
[1A[2KChrome Headless 139.0.0.0 (Windows 10): Executed 531 of 1101[31m (4 FAILED)[39m (skipped 1) (0 secs / 7.059 secs)
[1A[2KWARN: [36m'NG0914: The application is using zoneless change detection, but is still loading Zone.js. Consider removing Zone.js to get the full benefits of zoneless. In applications using the Angular CLI, Zone.js is typically included in the "polyfills" section of the angular.json file.'[39m
Chrome Headless 139.0.0.0 (Windows 10): Executed 531 of 1101[31m (4 FAILED)[39m (skipped 1) (0 secs / 7.059 secs)
WARN: 'NG0914: The application is using zoneless change detection, but is still loading Zone.js. Consider removing Zone.js to get the full benefits of zoneless. In applications using the Angular CLI, Zone.js is typically included in the "polyfills" section of the angular.json file.'
[1A[2KChrome Headless 139.0.0.0 (Windows 10): Executed 532 of 1101[31m (4 FAILED)[39m (skipped 1) (0 secs / 7.06 secs)
[1A[2KWARN: [36m'NG0914: The application is using zoneless change detection, but is still loading Zone.js. Consider removing Zone.js to get the full benefits of zoneless. In applications using the Angular CLI, Zone.js is typically included in the "polyfills" section of the angular.json file.'[39m
Chrome Headless 139.0.0.0 (Windows 10): Executed 532 of 1101[31m (4 FAILED)[39m (skipped 1) (0 secs / 7.06 secs)
WARN: 'NG0914: The application is using zoneless change detection, but is still loading Zone.js. Consider removing Zone.js to get the full benefits of zoneless. In applications using the Angular CLI, Zone.js is typically included in the "polyfills" section of the angular.json file.'
[1A[2KChrome Headless 139.0.0.0 (Windows 10): Executed 533 of 1101[31m (4 FAILED)[39m (skipped 1) (0 secs / 7.061 secs)
[1A[2KWARN: [36m'NG0914: The application is using zoneless change detection, but is still loading Zone.js. Consider removing Zone.js to get the full benefits of zoneless. In applications using the Angular CLI, Zone.js is typically included in the "polyfills" section of the angular.json file.'[39m
Chrome Headless 139.0.0.0 (Windows 10): Executed 533 of 1101[31m (4 FAILED)[39m (skipped 1) (0 secs / 7.061 secs)
WARN: 'NG0914: The application is using zoneless change detection, but is still loading Zone.js. Consider removing Zone.js to get the full benefits of zoneless. In applications using the Angular CLI, Zone.js is typically included in the "polyfills" section of the angular.json file.'
[1A[2KChrome Headless 139.0.0.0 (Windows 10): Executed 534 of 1101[31m (4 FAILED)[39m (skipped 1) (0 secs / 7.062 secs)
[1A[2KWARN: [36m'NG0914: The application is using zoneless change detection, but is still loading Zone.js. Consider removing Zone.js to get the full benefits of zoneless. In applications using the Angular CLI, Zone.js is typically included in the "polyfills" section of the angular.json file.'[39m
Chrome Headless 139.0.0.0 (Windows 10): Executed 534 of 1101[31m (4 FAILED)[39m (skipped 1) (0 secs / 7.062 secs)
WARN: 'NG0914: The application is using zoneless change detection, but is still loading Zone.js. Consider removing Zone.js to get the full benefits of zoneless. In applications using the Angular CLI, Zone.js is typically included in the "polyfills" section of the angular.json file.'
[1A[2KChrome Headless 139.0.0.0 (Windows 10): Executed 535 of 1101[31m (4 FAILED)[39m (skipped 1) (0 secs / 7.064 secs)
[1A[2KWARN: [36m'NG0914: The application is using zoneless change detection, but is still loading Zone.js. Consider removing Zone.js to get the full benefits of zoneless. In applications using the Angular CLI, Zone.js is typically included in the "polyfills" section of the angular.json file.'[39m
Chrome Headless 139.0.0.0 (Windows 10): Executed 535 of 1101[31m (4 FAILED)[39m (skipped 1) (0 secs / 7.064 secs)
WARN: 'NG0914: The application is using zoneless change detection, but is still loading Zone.js. Consider removing Zone.js to get the full benefits of zoneless. In applications using the Angular CLI, Zone.js is typically included in the "polyfills" section of the angular.json file.'
[1A[2KChrome Headless 139.0.0.0 (Windows 10): Executed 536 of 1101[31m (4 FAILED)[39m (skipped 1) (0 secs / 7.065 secs)
[1A[2KWARN: [36m'NG0914: The application is using zoneless change detection, but is still loading Zone.js. Consider removing Zone.js to get the full benefits of zoneless. In applications using the Angular CLI, Zone.js is typically included in the "polyfills" section of the angular.json file.'[39m
Chrome Headless 139.0.0.0 (Windows 10): Executed 536 of 1101[31m (4 FAILED)[39m (skipped 1) (0 secs / 7.065 secs)
WARN: 'NG0914: The application is using zoneless change detection, but is still loading Zone.js. Consider removing Zone.js to get the full benefits of zoneless. In applications using the Angular CLI, Zone.js is typically included in the "polyfills" section of the angular.json file.'
[1A[2KChrome Headless 139.0.0.0 (Windows 10): Executed 537 of 1101[31m (4 FAILED)[39m (skipped 1) (0 secs / 7.067 secs)
[1A[2KWARN: [36m'NG0914: The application is using zoneless change detection, but is still loading Zone.js. Consider removing Zone.js to get the full benefits of zoneless. In applications using the Angular CLI, Zone.js is typically included in the "polyfills" section of the angular.json file.'[39m
Chrome Headless 139.0.0.0 (Windows 10): Executed 537 of 1101[31m (4 FAILED)[39m (skipped 1) (0 secs / 7.067 secs)
WARN: 'NG0914: The application is using zoneless change detection, but is still loading Zone.js. Consider removing Zone.js to get the full benefits of zoneless. In applications using the Angular CLI, Zone.js is typically included in the "polyfills" section of the angular.json file.'
[1A[2KChrome Headless 139.0.0.0 (Windows 10): Executed 538 of 1101[31m (4 FAILED)[39m (skipped 1) (0 secs / 7.068 secs)
[1A[2KWARN: [36m'NG0914: The application is using zoneless change detection, but is still loading Zone.js. Consider removing Zone.js to get the full benefits of zoneless. In applications using the Angular CLI, Zone.js is typically included in the "polyfills" section of the angular.json file.'[39m
Chrome Headless 139.0.0.0 (Windows 10): Executed 538 of 1101[31m (4 FAILED)[39m (skipped 1) (0 secs / 7.068 secs)
WARN: 'NG0914: The application is using zoneless change detection, but is still loading Zone.js. Consider removing Zone.js to get the full benefits of zoneless. In applications using the Angular CLI, Zone.js is typically included in the "polyfills" section of the angular.json file.'
[1A[2KChrome Headless 139.0.0.0 (Windows 10): Executed 539 of 1101[31m (4 FAILED)[39m (skipped 1) (0 secs / 7.069 secs)
[1A[2KWARN: [36m'NG0914: The application is using zoneless change detection, but is still loading Zone.js. Consider removing Zone.js to get the full benefits of zoneless. In applications using the Angular CLI, Zone.js is typically included in the "polyfills" section of the angular.json file.'[39m
Chrome Headless 139.0.0.0 (Windows 10): Executed 539 of 1101[31m (4 FAILED)[39m (skipped 1) (0 secs / 7.069 secs)
WARN: 'NG0914: The application is using zoneless change detection, but is still loading Zone.js. Consider removing Zone.js to get the full benefits of zoneless. In applications using the Angular CLI, Zone.js is typically included in the "polyfills" section of the angular.json file.'
[1A[2KChrome Headless 139.0.0.0 (Windows 10): Executed 540 of 1101[31m (4 FAILED)[39m (skipped 1) (0 secs / 7.07 secs)
[1A[2KWARN: [36m'NG0914: The application is using zoneless change detection, but is still loading Zone.js. Consider removing Zone.js to get the full benefits of zoneless. In applications using the Angular CLI, Zone.js is typically included in the "polyfills" section of the angular.json file.'[39m
Chrome Headless 139.0.0.0 (Windows 10): Executed 540 of 1101[31m (4 FAILED)[39m (skipped 1) (0 secs / 7.07 secs)
WARN: 'NG0914: The application is using zoneless change detection, but is still loading Zone.js. Consider removing Zone.js to get the full benefits of zoneless. In applications using the Angular CLI, Zone.js is typically included in the "polyfills" section of the angular.json file.'
[1A[2KChrome Headless 139.0.0.0 (Windows 10): Executed 541 of 1101[31m (4 FAILED)[39m (skipped 1) (0 secs / 7.071 secs)
[1A[2KWARN: [36m'NG0914: The application is using zoneless change detection, but is still loading Zone.js. Consider removing Zone.js to get the full benefits of zoneless. In applications using the Angular CLI, Zone.js is typically included in the "polyfills" section of the angular.json file.'[39m
Chrome Headless 139.0.0.0 (Windows 10): Executed 541 of 1101[31m (4 FAILED)[39m (skipped 1) (0 secs / 7.071 secs)
WARN: 'NG0914: The application is using zoneless change detection, but is still loading Zone.js. Consider removing Zone.js to get the full benefits of zoneless. In applications using the Angular CLI, Zone.js is typically included in the "polyfills" section of the angular.json file.'
[1A[2KChrome Headless 139.0.0.0 (Windows 10): Executed 542 of 1101[31m (4 FAILED)[39m (skipped 1) (0 secs / 7.072 secs)
[1A[2KWARN: [36m'NG0914: The application is using zoneless change detection, but is still loading Zone.js. Consider removing Zone.js to get the full benefits of zoneless. In applications using the Angular CLI, Zone.js is typically included in the "polyfills" section of the angular.json file.'[39m
Chrome Headless 139.0.0.0 (Windows 10): Executed 542 of 1101[31m (4 FAILED)[39m (skipped 1) (0 secs / 7.072 secs)
WARN: 'NG0914: The application is using zoneless change detection, but is still loading Zone.js. Consider removing Zone.js to get the full benefits of zoneless. In applications using the Angular CLI, Zone.js is typically included in the "polyfills" section of the angular.json file.'
[1A[2KChrome Headless 139.0.0.0 (Windows 10): Executed 543 of 1101[31m (4 FAILED)[39m (skipped 1) (0 secs / 7.073 secs)
[1A[2KWARN: [36m'NG0914: The application is using zoneless change detection, but is still loading Zone.js. Consider removing Zone.js to get the full benefits of zoneless. In applications using the Angular CLI, Zone.js is typically included in the "polyfills" section of the angular.json file.'[39m
Chrome Headless 139.0.0.0 (Windows 10): Executed 543 of 1101[31m (4 FAILED)[39m (skipped 1) (0 secs / 7.073 secs)
WARN: 'NG0914: The application is using zoneless change detection, but is still loading Zone.js. Consider removing Zone.js to get the full benefits of zoneless. In applications using the Angular CLI, Zone.js is typically included in the "polyfills" section of the angular.json file.'
[1A[2KChrome Headless 139.0.0.0 (Windows 10): Executed 544 of 1101[31m (4 FAILED)[39m (skipped 1) (0 secs / 7.074 secs)
[1A[2KWARN: [36m'NG0914: The application is using zoneless change detection, but is still loading Zone.js. Consider removing Zone.js to get the full benefits of zoneless. In applications using the Angular CLI, Zone.js is typically included in the "polyfills" section of the angular.json file.'[39m
Chrome Headless 139.0.0.0 (Windows 10): Executed 544 of 1101[31m (4 FAILED)[39m (skipped 1) (0 secs / 7.074 secs)
WARN: 'NG0914: The application is using zoneless change detection, but is still loading Zone.js. Consider removing Zone.js to get the full benefits of zoneless. In applications using the Angular CLI, Zone.js is typically included in the "polyfills" section of the angular.json file.'
[1A[2KChrome Headless 139.0.0.0 (Windows 10): Executed 545 of 1101[31m (4 FAILED)[39m (skipped 1) (0 secs / 7.076 secs)
[1A[2KWARN: [36m'NG0914: The application is using zoneless change detection, but is still loading Zone.js. Consider removing Zone.js to get the full benefits of zoneless. In applications using the Angular CLI, Zone.js is typically included in the "polyfills" section of the angular.json file.'[39m
Chrome Headless 139.0.0.0 (Windows 10): Executed 545 of 1101[31m (4 FAILED)[39m (skipped 1) (0 secs / 7.076 secs)
WARN: 'NG0914: The application is using zoneless change detection, but is still loading Zone.js. Consider removing Zone.js to get the full benefits of zoneless. In applications using the Angular CLI, Zone.js is typically included in the "polyfills" section of the angular.json file.'
[1A[2KChrome Headless 139.0.0.0 (Windows 10): Executed 546 of 1101[31m (4 FAILED)[39m (skipped 1) (0 secs / 7.077 secs)
[1A[2KWARN: [36m'NG0914: The application is using zoneless change detection, but is still loading Zone.js. Consider removing Zone.js to get the full benefits of zoneless. In applications using the Angular CLI, Zone.js is typically included in the "polyfills" section of the angular.json file.'[39m
Chrome Headless 139.0.0.0 (Windows 10): Executed 546 of 1101[31m (4 FAILED)[39m (skipped 1) (0 secs / 7.077 secs)
WARN: 'NG0914: The application is using zoneless change detection, but is still loading Zone.js. Consider removing Zone.js to get the full benefits of zoneless. In applications using the Angular CLI, Zone.js is typically included in the "polyfills" section of the angular.json file.'
[1A[2KChrome Headless 139.0.0.0 (Windows 10): Executed 547 of 1101[31m (4 FAILED)[39m (skipped 1) (0 secs / 7.078 secs)
[1A[2KWARN: [36m'NG0914: The application is using zoneless change detection, but is still loading Zone.js. Consider removing Zone.js to get the full benefits of zoneless. In applications using the Angular CLI, Zone.js is typically included in the "polyfills" section of the angular.json file.'[39m
Chrome Headless 139.0.0.0 (Windows 10): Executed 547 of 1101[31m (4 FAILED)[39m (skipped 1) (0 secs / 7.078 secs)
WARN: 'NG0914: The application is using zoneless change detection, but is still loading Zone.js. Consider removing Zone.js to get the full benefits of zoneless. In applications using the Angular CLI, Zone.js is typically included in the "polyfills" section of the angular.json file.'
[1A[2KChrome Headless 139.0.0.0 (Windows 10): Executed 548 of 1101[31m (4 FAILED)[39m (skipped 1) (0 secs / 7.079 secs)
[1A[2KWARN: [36m'NG0914: The application is using zoneless change detection, but is still loading Zone.js. Consider removing Zone.js to get the full benefits of zoneless. In applications using the Angular CLI, Zone.js is typically included in the "polyfills" section of the angular.json file.'[39m
Chrome Headless 139.0.0.0 (Windows 10): Executed 548 of 1101[31m (4 FAILED)[39m (skipped 1) (0 secs / 7.079 secs)
WARN: 'NG0914: The application is using zoneless change detection, but is still loading Zone.js. Consider removing Zone.js to get the full benefits of zoneless. In applications using the Angular CLI, Zone.js is typically included in the "polyfills" section of the angular.json file.'
[1A[2KChrome Headless 139.0.0.0 (Windows 10): Executed 549 of 1101[31m (4 FAILED)[39m (skipped 1) (0 secs / 7.081 secs)
[1A[2KWARN: [36m'NG0914: The application is using zoneless change detection, but is still loading Zone.js. Consider removing Zone.js to get the full benefits of zoneless. In applications using the Angular CLI, Zone.js is typically included in the "polyfills" section of the angular.json file.'[39m
Chrome Headless 139.0.0.0 (Windows 10): Executed 549 of 1101[31m (4 FAILED)[39m (skipped 1) (0 secs / 7.081 secs)
WARN: 'NG0914: The application is using zoneless change detection, but is still loading Zone.js. Consider removing Zone.js to get the full benefits of zoneless. In applications using the Angular CLI, Zone.js is typically included in the "polyfills" section of the angular.json file.'
[1A[2KChrome Headless 139.0.0.0 (Windows 10): Executed 550 of 1101[31m (4 FAILED)[39m (skipped 1) (0 secs / 7.082 secs)
[1A[2KWARN: [36m'NG0914: The application is using zoneless change detection, but is still loading Zone.js. Consider removing Zone.js to get the full benefits of zoneless. In applications using the Angular CLI, Zone.js is typically included in the "polyfills" section of the angular.json file.'[39m
Chrome Headless 139.0.0.0 (Windows 10): Executed 550 of 1101[31m (4 FAILED)[39m (skipped 1) (0 secs / 7.082 secs)
WARN: 'NG0914: The application is using zoneless change detection, but is still loading Zone.js. Consider removing Zone.js to get the full benefits of zoneless. In applications using the Angular CLI, Zone.js is typically included in the "polyfills" section of the angular.json file.'
[1A[2KChrome Headless 139.0.0.0 (Windows 10): Executed 551 of 1101[31m (4 FAILED)[39m (skipped 1) (0 secs / 7.083 secs)
[1A[2KWARN: [36m'NG0914: The application is using zoneless change detection, but is still loading Zone.js. Consider removing Zone.js to get the full benefits of zoneless. In applications using the Angular CLI, Zone.js is typically included in the "polyfills" section of the angular.json file.'[39m
Chrome Headless 139.0.0.0 (Windows 10): Executed 551 of 1101[31m (4 FAILED)[39m (skipped 1) (0 secs / 7.083 secs)
WARN: 'NG0914: The application is using zoneless change detection, but is still loading Zone.js. Consider removing Zone.js to get the full benefits of zoneless. In applications using the Angular CLI, Zone.js is typically included in the "polyfills" section of the angular.json file.'
[1A[2KChrome Headless 139.0.0.0 (Windows 10): Executed 552 of 1101[31m (4 FAILED)[39m (skipped 1) (0 secs / 7.084 secs)
[1A[2KWARN: [36m'NG0914: The application is using zoneless change detection, but is still loading Zone.js. Consider removing Zone.js to get the full benefits of zoneless. In applications using the Angular CLI, Zone.js is typically included in the "polyfills" section of the angular.json file.'[39m
Chrome Headless 139.0.0.0 (Windows 10): Executed 552 of 1101[31m (4 FAILED)[39m (skipped 1) (0 secs / 7.084 secs)
WARN: 'NG0914: The application is using zoneless change detection, but is still loading Zone.js. Consider removing Zone.js to get the full benefits of zoneless. In applications using the Angular CLI, Zone.js is typically included in the "polyfills" section of the angular.json file.'
[1A[2KChrome Headless 139.0.0.0 (Windows 10): Executed 553 of 1101[31m (4 FAILED)[39m (skipped 1) (0 secs / 7.085 secs)
[1A[2KWARN: [36m'NG0914: The application is using zoneless change detection, but is still loading Zone.js. Consider removing Zone.js to get the full benefits of zoneless. In applications using the Angular CLI, Zone.js is typically included in the "polyfills" section of the angular.json file.'[39m
Chrome Headless 139.0.0.0 (Windows 10): Executed 553 of 1101[31m (4 FAILED)[39m (skipped 1) (0 secs / 7.085 secs)
WARN: 'NG0914: The application is using zoneless change detection, but is still loading Zone.js. Consider removing Zone.js to get the full benefits of zoneless. In applications using the Angular CLI, Zone.js is typically included in the "polyfills" section of the angular.json file.'
[1A[2KChrome Headless 139.0.0.0 (Windows 10): Executed 554 of 1101[31m (4 FAILED)[39m (skipped 1) (0 secs / 7.087 secs)
[1A[2KWARN: [36m'NG0914: The application is using zoneless change detection, but is still loading Zone.js. Consider removing Zone.js to get the full benefits of zoneless. In applications using the Angular CLI, Zone.js is typically included in the "polyfills" section of the angular.json file.'[39m
Chrome Headless 139.0.0.0 (Windows 10): Executed 554 of 1101[31m (4 FAILED)[39m (skipped 1) (0 secs / 7.087 secs)
WARN: 'NG0914: The application is using zoneless change detection, but is still loading Zone.js. Consider removing Zone.js to get the full benefits of zoneless. In applications using the Angular CLI, Zone.js is typically included in the "polyfills" section of the angular.json file.'
[1A[2KChrome Headless 139.0.0.0 (Windows 10): Executed 555 of 1101[31m (4 FAILED)[39m (skipped 1) (0 secs / 7.088 secs)
[1A[2KWARN: [36m'NG0914: The application is using zoneless change detection, but is still loading Zone.js. Consider removing Zone.js to get the full benefits of zoneless. In applications using the Angular CLI, Zone.js is typically included in the "polyfills" section of the angular.json file.'[39m
Chrome Headless 139.0.0.0 (Windows 10): Executed 555 of 1101[31m (4 FAILED)[39m (skipped 1) (0 secs / 7.088 secs)
WARN: 'NG0914: The application is using zoneless change detection, but is still loading Zone.js. Consider removing Zone.js to get the full benefits of zoneless. In applications using the Angular CLI, Zone.js is typically included in the "polyfills" section of the angular.json file.'
[1A[2KChrome Headless 139.0.0.0 (Windows 10): Executed 556 of 1101[31m (4 FAILED)[39m (skipped 1) (0 secs / 7.092 secs)
[1A[2KWARN: [36m'NG0914: The application is using zoneless change detection, but is still loading Zone.js. Consider removing Zone.js to get the full benefits of zoneless. In applications using the Angular CLI, Zone.js is typically included in the "polyfills" section of the angular.json file.'[39m
Chrome Headless 139.0.0.0 (Windows 10): Executed 556 of 1101[31m (4 FAILED)[39m (skipped 1) (0 secs / 7.092 secs)
WARN: 'NG0914: The application is using zoneless change detection, but is still loading Zone.js. Consider removing Zone.js to get the full benefits of zoneless. In applications using the Angular CLI, Zone.js is typically included in the "polyfills" section of the angular.json file.'
[1A[2KChrome Headless 139.0.0.0 (Windows 10): Executed 557 of 1101[31m (4 FAILED)[39m (skipped 1) (0 secs / 7.094 secs)
[1A[2KChrome Headless 139.0.0.0 (Windows 10): Executed 558 of 1101[31m (4 FAILED)[39m (skipped 1) (0 secs / 7.118 secs)
[1A[2KChrome Headless 139.0.0.0 (Windows 10): Executed 559 of 1101[31m (4 FAILED)[39m (skipped 1) (0 secs / 7.121 secs)
[1A[2KChrome Headless 139.0.0.0 (Windows 10): Executed 560 of 1101[31m (4 FAILED)[39m (skipped 1) (0 secs / 7.125 secs)
[1A[2KChrome Headless 139.0.0.0 (Windows 10): Executed 561 of 1101[31m (4 FAILED)[39m (skipped 1) (0 secs / 7.13 secs)
[1A[2KChrome Headless 139.0.0.0 (Windows 10): Executed 562 of 1101[31m (4 FAILED)[39m (skipped 1) (0 secs / 7.134 secs)
[1A[2KChrome Headless 139.0.0.0 (Windows 10): Executed 563 of 1101[31m (4 FAILED)[39m (skipped 1) (0 secs / 7.137 secs)
[1A[2KChrome Headless 139.0.0.0 (Windows 10): Executed 564 of 1101[31m (4 FAILED)[39m (skipped 1) (0 secs / 7.142 secs)
[1A[2KChrome Headless 139.0.0.0 (Windows 10): Executed 565 of 1101[31m (4 FAILED)[39m (skipped 1) (0 secs / 7.152 secs)
[1A[2KChrome Headless 139.0.0.0 (Windows 10): Executed 566 of 1101[31m (4 FAILED)[39m (skipped 1) (0 secs / 7.157 secs)
[1A[2KChrome Headless 139.0.0.0 (Windows 10): Executed 567 of 1101[31m (4 FAILED)[39m (skipped 1) (0 secs / 7.16 secs)
[1A[2KChrome Headless 139.0.0.0 (Windows 10): Executed 568 of 1101[31m (4 FAILED)[39m (skipped 1) (0 secs / 7.164 secs)
[1A[2KChrome Headless 139.0.0.0 (Windows 10): Executed 569 of 1101[31m (4 FAILED)[39m (skipped 1) (0 secs / 7.168 secs)
[1A[2KChrome Headless 139.0.0.0 (Windows 10): Executed 570 of 1101[31m (4 FAILED)[39m (skipped 1) (0 secs / 7.173 secs)
[1A[2KChrome Headless 139.0.0.0 (Windows 10): Executed 571 of 1101[31m (4 FAILED)[39m (skipped 1) (0 secs / 7.176 secs)
[1A[2KChrome Headless 139.0.0.0 (Windows 10): Executed 572 of 1101[31m (4 FAILED)[39m (skipped 1) (0 secs / 7.179 secs)
[1A[2KChrome Headless 139.0.0.0 (Windows 10): Executed 573 of 1101[31m (4 FAILED)[39m (skipped 1) (0 secs / 7.183 secs)
[1A[2KChrome Headless 139.0.0.0 (Windows 10): Executed 574 of 1101[31m (4 FAILED)[39m (skipped 1) (0 secs / 7.186 secs)
[1A[2KChrome Headless 139.0.0.0 (Windows 10): Executed 575 of 1101[31m (4 FAILED)[39m (skipped 1) (0 secs / 7.19 secs)
[1A[2KChrome Headless 139.0.0.0 (Windows 10): Executed 576 of 1101[31m (4 FAILED)[39m (skipped 1) (0 secs / 7.194 secs)
[1A[2KChrome Headless 139.0.0.0 (Windows 10): Executed 577 of 1101[31m (4 FAILED)[39m (skipped 1) (0 secs / 7.198 secs)
[1A[2KChrome Headless 139.0.0.0 (Windows 10): Executed 578 of 1101[31m (4 FAILED)[39m (skipped 1) (0 secs / 7.202 secs)
[1A[2KChrome Headless 139.0.0.0 (Windows 10): Executed 579 of 1101[31m (4 FAILED)[39m (skipped 1) (0 secs / 7.205 secs)
[1A[2KChrome Headless 139.0.0.0 (Windows 10): Executed 580 of 1101[31m (4 FAILED)[39m (skipped 1) (0 secs / 7.209 secs)
[1A[2KChrome Headless 139.0.0.0 (Windows 10): Executed 581 of 1101[31m (4 FAILED)[39m (skipped 1) (0 secs / 7.214 secs)
[1A[2KChrome Headless 139.0.0.0 (Windows 10): Executed 582 of 1101[31m (4 FAILED)[39m (skipped 1) (0 secs / 7.218 secs)
[1A[2KChrome Headless 139.0.0.0 (Windows 10): Executed 583 of 1101[31m (4 FAILED)[39m (skipped 1) (0 secs / 7.222 secs)
[1A[2KChrome Headless 139.0.0.0 (Windows 10): Executed 584 of 1101[31m (4 FAILED)[39m (skipped 1) (0 secs / 7.225 secs)
[1A[2KChrome Headless 139.0.0.0 (Windows 10): Executed 585 of 1101[31m (4 FAILED)[39m (skipped 1) (0 secs / 7.228 secs)
[1A[2KChrome Headless 139.0.0.0 (Windows 10): Executed 586 of 1101[31m (4 FAILED)[39m (skipped 1) (0 secs / 7.232 secs)
[1A[2KChrome Headless 139.0.0.0 (Windows 10): Executed 587 of 1101[31m (4 FAILED)[39m (skipped 1) (0 secs / 7.236 secs)
[1A[2KChrome Headless 139.0.0.0 (Windows 10): Executed 588 of 1101[31m (4 FAILED)[39m (skipped 1) (0 secs / 7.239 secs)
[1A[2KChrome Headless 139.0.0.0 (Windows 10): Executed 589 of 1101[31m (4 FAILED)[39m (skipped 1) (0 secs / 7.244 secs)
[1A[2KChrome Headless 139.0.0.0 (Windows 10): Executed 590 of 1101[31m (4 FAILED)[39m (skipped 1) (0 secs / 7.248 secs)
[1A[2KChrome Headless 139.0.0.0 (Windows 10): Executed 591 of 1101[31m (4 FAILED)[39m (skipped 1) (0 secs / 7.253 secs)
[1A[2KChrome Headless 139.0.0.0 (Windows 10): Executed 592 of 1101[31m (4 FAILED)[39m (skipped 1) (0 secs / 7.256 secs)
[1A[2KChrome Headless 139.0.0.0 (Windows 10): Executed 593 of 1101[31m (4 FAILED)[39m (skipped 1) (0 secs / 7.26 secs)
[1A[2KChrome Headless 139.0.0.0 (Windows 10): Executed 594 of 1101[31m (4 FAILED)[39m (skipped 1) (0 secs / 7.265 secs)
[1A[2KChrome Headless 139.0.0.0 (Windows 10): Executed 595 of 1101[31m (4 FAILED)[39m (skipped 1) (0 secs / 7.268 secs)
[1A[2KChrome Headless 139.0.0.0 (Windows 10): Executed 596 of 1101[31m (4 FAILED)[39m (skipped 1) (0 secs / 7.272 secs)
[1A[2KChrome Headless 139.0.0.0 (Windows 10): Executed 597 of 1101[31m (4 FAILED)[39m (skipped 1) (0 secs / 7.275 secs)
[1A[2KChrome Headless 139.0.0.0 (Windows 10): Executed 598 of 1101[31m (4 FAILED)[39m (skipped 1) (0 secs / 7.279 secs)
[1A[2KChrome Headless 139.0.0.0 (Windows 10): Executed 599 of 1101[31m (4 FAILED)[39m (skipped 1) (0 secs / 7.284 secs)
[1A[2KChrome Headless 139.0.0.0 (Windows 10): Executed 600 of 1101[31m (4 FAILED)[39m (skipped 1) (0 secs / 7.292 secs)
[1A[2KChrome Headless 139.0.0.0 (Windows 10): Executed 601 of 1101[31m (4 FAILED)[39m (skipped 1) (0 secs / 7.296 secs)
[1A[2KChrome Headless 139.0.0.0 (Windows 10): Executed 602 of 1101[31m (4 FAILED)[39m (skipped 1) (0 secs / 7.3 secs)
[1A[2KChrome Headless 139.0.0.0 (Windows 10): Executed 603 of 1101[31m (4 FAILED)[39m (skipped 1) (0 secs / 7.303 secs)
[1A[2KChrome Headless 139.0.0.0 (Windows 10): Executed 604 of 1101[31m (4 FAILED)[39m (skipped 1) (0 secs / 7.306 secs)
[1A[2KChrome Headless 139.0.0.0 (Windows 10): Executed 605 of 1101[31m (4 FAILED)[39m (skipped 1) (0 secs / 7.31 secs)
[1A[2KChrome Headless 139.0.0.0 (Windows 10): Executed 606 of 1101[31m (4 FAILED)[39m (skipped 1) (0 secs / 7.315 secs)
[1A[2KChrome Headless 139.0.0.0 (Windows 10): Executed 607 of 1101[31m (4 FAILED)[39m (skipped 1) (0 secs / 7.32 secs)
[1A[2KChrome Headless 139.0.0.0 (Windows 10): Executed 608 of 1101[31m (4 FAILED)[39m (skipped 1) (0 secs / 7.325 secs)
[1A[2KChrome Headless 139.0.0.0 (Windows 10): Executed 609 of 1101[31m (4 FAILED)[39m (skipped 1) (0 secs / 7.331 secs)
[1A[2KChrome Headless 139.0.0.0 (Windows 10): Executed 610 of 1101[31m (4 FAILED)[39m (skipped 1) (0 secs / 7.336 secs)
[1A[2KChrome Headless 139.0.0.0 (Windows 10): Executed 611 of 1101[31m (4 FAILED)[39m (skipped 1) (0 secs / 7.341 secs)
[1A[2KChrome Headless 139.0.0.0 (Windows 10): Executed 612 of 1101[31m (4 FAILED)[39m (skipped 1) (0 secs / 7.348 secs)
[1A[2KChrome Headless 139.0.0.0 (Windows 10): Executed 613 of 1101[31m (4 FAILED)[39m (skipped 1) (0 secs / 7.355 secs)
[1A[2KChrome Headless 139.0.0.0 (Windows 10): Executed 614 of 1101[31m (4 FAILED)[39m (skipped 1) (0 secs / 7.36 secs)
[1A[2KChrome Headless 139.0.0.0 (Windows 10): Executed 615 of 1101[31m (4 FAILED)[39m (skipped 1) (0 secs / 7.361 secs)
[1A[2KChrome Headless 139.0.0.0 (Windows 10): Executed 616 of 1101[31m (4 FAILED)[39m (skipped 1) (0 secs / 7.362 secs)
[1A[2KChrome Headless 139.0.0.0 (Windows 10): Executed 617 of 1101[31m (4 FAILED)[39m (skipped 1) (0 secs / 7.363 secs)
[1A[2KChrome Headless 139.0.0.0 (Windows 10): Executed 618 of 1101[31m (4 FAILED)[39m (skipped 1) (0 secs / 7.364 secs)
[1A[2KChrome Headless 139.0.0.0 (Windows 10): Executed 619 of 1101[31m (4 FAILED)[39m (skipped 1) (0 secs / 7.364 secs)
[1A[2KChrome Headless 139.0.0.0 (Windows 10): Executed 620 of 1101[31m (4 FAILED)[39m (skipped 1) (0 secs / 7.364 secs)
[1A[2KChrome Headless 139.0.0.0 (Windows 10): Executed 621 of 1101[31m (4 FAILED)[39m (skipped 1) (0 secs / 7.369 secs)
[1A[2KChrome Headless 139.0.0.0 (Windows 10): Executed 622 of 1101[31m (4 FAILED)[39m (skipped 1) (0 secs / 7.37 secs)
[1A[2KChrome Headless 139.0.0.0 (Windows 10): Executed 623 of 1101[31m (4 FAILED)[39m (skipped 1) (0 secs / 7.371 secs)
[1A[2KChrome Headless 139.0.0.0 (Windows 10): Executed 624 of 1101[31m (4 FAILED)[39m (skipped 1) (0 secs / 7.371 secs)
[1A[2KChrome Headless 139.0.0.0 (Windows 10): Executed 625 of 1101[31m (4 FAILED)[39m (skipped 1) (0 secs / 7.371 secs)
[1A[2KChrome Headless 139.0.0.0 (Windows 10): Executed 626 of 1101[31m (4 FAILED)[39m (skipped 1) (0 secs / 7.371 secs)
[1A[2KChrome Headless 139.0.0.0 (Windows 10): Executed 627 of 1101[31m (4 FAILED)[39m (skipped 1) (0 secs / 7.371 secs)
[1A[2KChrome Headless 139.0.0.0 (Windows 10): Executed 628 of 1101[31m (4 FAILED)[39m (skipped 1) (0 secs / 7.371 secs)
[1A[2KChrome Headless 139.0.0.0 (Windows 10): Executed 629 of 1101[31m (4 FAILED)[39m (skipped 1) (0 secs / 7.371 secs)
[1A[2KChrome Headless 139.0.0.0 (Windows 10): Executed 630 of 1101[31m (4 FAILED)[39m (skipped 1) (0 secs / 7.371 secs)
[1A[2KChrome Headless 139.0.0.0 (Windows 10): Executed 631 of 1101[31m (4 FAILED)[39m (skipped 1) (0 secs / 7.371 secs)
[1A[2KChrome Headless 139.0.0.0 (Windows 10): Executed 632 of 1101[31m (4 FAILED)[39m (skipped 1) (0 secs / 7.371 secs)
[1A[2KChrome Headless 139.0.0.0 (Windows 10): Executed 633 of 1101[31m (4 FAILED)[39m (skipped 1) (0 secs / 7.372 secs)
[1A[2KChrome Headless 139.0.0.0 (Windows 10): Executed 634 of 1101[31m (4 FAILED)[39m (skipped 1) (0 secs / 7.373 secs)
[1A[2KChrome Headless 139.0.0.0 (Windows 10): Executed 635 of 1101[31m (4 FAILED)[39m (skipped 1) (0 secs / 7.374 secs)
[1A[2KChrome Headless 139.0.0.0 (Windows 10): Executed 636 of 1101[31m (4 FAILED)[39m (skipped 1) (0 secs / 7.374 secs)
[1A[2KChrome Headless 139.0.0.0 (Windows 10): Executed 637 of 1101[31m (4 FAILED)[39m (skipped 1) (0 secs / 7.374 secs)
[1A[2KChrome Headless 139.0.0.0 (Windows 10): Executed 638 of 1101[31m (4 FAILED)[39m (skipped 1) (0 secs / 7.375 secs)
[1A[2KChrome Headless 139.0.0.0 (Windows 10): Executed 639 of 1101[31m (4 FAILED)[39m (skipped 1) (0 secs / 7.376 secs)
[1A[2KChrome Headless 139.0.0.0 (Windows 10): Executed 640 of 1101[31m (4 FAILED)[39m (skipped 1) (0 secs / 7.376 secs)
[1A[2KChrome Headless 139.0.0.0 (Windows 10): Executed 641 of 1101[31m (4 FAILED)[39m (skipped 1) (0 secs / 7.377 secs)
[1A[2KChrome Headless 139.0.0.0 (Windows 10): Executed 642 of 1101[31m (4 FAILED)[39m (skipped 1) (0 secs / 7.377 secs)
[1A[2KChrome Headless 139.0.0.0 (Windows 10): Executed 643 of 1101[31m (4 FAILED)[39m (skipped 1) (0 secs / 7.377 secs)
[1A[2KChrome Headless 139.0.0.0 (Windows 10): Executed 644 of 1101[31m (4 FAILED)[39m (skipped 1) (0 secs / 7.378 secs)
[1A[2KChrome Headless 139.0.0.0 (Windows 10): Executed 645 of 1101[31m (4 FAILED)[39m (skipped 1) (0 secs / 7.378 secs)
[1A[2KChrome Headless 139.0.0.0 (Windows 10): Executed 646 of 1101[31m (4 FAILED)[39m (skipped 1) (0 secs / 7.378 secs)
[1A[2KChrome Headless 139.0.0.0 (Windows 10): Executed 647 of 1101[31m (4 FAILED)[39m (skipped 1) (0 secs / 7.378 secs)
[1A[2KChrome Headless 139.0.0.0 (Windows 10): Executed 648 of 1101[31m (4 FAILED)[39m (skipped 1) (0 secs / 7.378 secs)
[1A[2KChrome Headless 139.0.0.0 (Windows 10): Executed 649 of 1101[31m (4 FAILED)[39m (skipped 1) (0 secs / 7.378 secs)
[1A[2KChrome Headless 139.0.0.0 (Windows 10): Executed 650 of 1101[31m (4 FAILED)[39m (skipped 1) (0 secs / 7.378 secs)
[1A[2KChrome Headless 139.0.0.0 (Windows 10): Executed 651 of 1101[31m (4 FAILED)[39m (skipped 1) (0 secs / 7.378 secs)
[1A[2KChrome Headless 139.0.0.0 (Windows 10): Executed 652 of 1101[31m (4 FAILED)[39m (skipped 1) (0 secs / 7.378 secs)
[1A[2KChrome Headless 139.0.0.0 (Windows 10): Executed 653 of 1101[31m (4 FAILED)[39m (skipped 1) (0 secs / 7.379 secs)
[1A[2KChrome Headless 139.0.0.0 (Windows 10): Executed 654 of 1101[31m (4 FAILED)[39m (skipped 1) (0 secs / 7.38 secs)
[1A[2KChrome Headless 139.0.0.0 (Windows 10): Executed 655 of 1101[31m (4 FAILED)[39m (skipped 1) (0 secs / 7.381 secs)
[1A[2KChrome Headless 139.0.0.0 (Windows 10): Executed 656 of 1101[31m (4 FAILED)[39m (skipped 1) (0 secs / 7.382 secs)
[1A[2KChrome Headless 139.0.0.0 (Windows 10): Executed 657 of 1101[31m (4 FAILED)[39m (skipped 1) (0 secs / 7.382 secs)
[1A[2KChrome Headless 139.0.0.0 (Windows 10): Executed 658 of 1101[31m (4 FAILED)[39m (skipped 1) (0 secs / 7.383 secs)
[1A[2KChrome Headless 139.0.0.0 (Windows 10): Executed 659 of 1101[31m (4 FAILED)[39m (skipped 1) (0 secs / 7.384 secs)
[1A[2KChrome Headless 139.0.0.0 (Windows 10): Executed 660 of 1101[31m (4 FAILED)[39m (skipped 1) (0 secs / 7.384 secs)
[1A[2KChrome Headless 139.0.0.0 (Windows 10): Executed 661 of 1101[31m (4 FAILED)[39m (skipped 1) (0 secs / 7.39 secs)
[1A[2KChrome Headless 139.0.0.0 (Windows 10): Executed 662 of 1101[31m (4 FAILED)[39m (skipped 1) (0 secs / 7.391 secs)
[1A[2KChrome Headless 139.0.0.0 (Windows 10): Executed 663 of 1101[31m (4 FAILED)[39m (skipped 1) (0 secs / 7.392 secs)
[1A[2KChrome Headless 139.0.0.0 (Windows 10): Executed 664 of 1101[31m (4 FAILED)[39m (skipped 1) (0 secs / 7.392 secs)
[1A[2KChrome Headless 139.0.0.0 (Windows 10): Executed 665 of 1101[31m (4 FAILED)[39m (skipped 1) (0 secs / 7.455 secs)
[1A[2KChrome Headless 139.0.0.0 (Windows 10): Executed 666 of 1101[31m (4 FAILED)[39m (skipped 1) (0 secs / 7.461 secs)
[1A[2KChrome Headless 139.0.0.0 (Windows 10): Executed 667 of 1101[31m (4 FAILED)[39m (skipped 1) (0 secs / 7.467 secs)
[1A[2KChrome Headless 139.0.0.0 (Windows 10): Executed 668 of 1101[31m (4 FAILED)[39m (skipped 1) (0 secs / 7.472 secs)
[1A[2KChrome Headless 139.0.0.0 (Windows 10): Executed 669 of 1101[31m (4 FAILED)[39m (skipped 1) (0 secs / 7.477 secs)
[1A[2KChrome Headless 139.0.0.0 (Windows 10): Executed 670 of 1101[31m (4 FAILED)[39m (skipped 1) (0 secs / 7.483 secs)
[1A[2KChrome Headless 139.0.0.0 (Windows 10): Executed 671 of 1101[31m (4 FAILED)[39m (skipped 1) (0 secs / 7.489 secs)
[1A[2KChrome Headless 139.0.0.0 (Windows 10): Executed 672 of 1101[31m (4 FAILED)[39m (skipped 1) (0 secs / 7.495 secs)
[1A[2KChrome Headless 139.0.0.0 (Windows 10): Executed 673 of 1101[31m (4 FAILED)[39m (skipped 1) (0 secs / 7.502 secs)
[1A[2KChrome Headless 139.0.0.0 (Windows 10): Executed 674 of 1101[31m (4 FAILED)[39m (skipped 1) (0 secs / 7.509 secs)
[1A[2KChrome Headless 139.0.0.0 (Windows 10): Executed 675 of 1101[31m (4 FAILED)[39m (skipped 1) (0 secs / 7.515 secs)
[1A[2KChrome Headless 139.0.0.0 (Windows 10): Executed 676 of 1101[31m (4 FAILED)[39m (skipped 1) (0 secs / 7.524 secs)
[1A[2KChrome Headless 139.0.0.0 (Windows 10): Executed 677 of 1101[31m (4 FAILED)[39m (skipped 1) (0 secs / 7.532 secs)
[1A[2KChrome Headless 139.0.0.0 (Windows 10): Executed 678 of 1101[31m (4 FAILED)[39m (skipped 1) (0 secs / 7.537 secs)
[1A[2KChrome Headless 139.0.0.0 (Windows 10): Executed 679 of 1101[31m (4 FAILED)[39m (skipped 1) (0 secs / 7.545 secs)
[1A[2KChrome Headless 139.0.0.0 (Windows 10): Executed 680 of 1101[31m (4 FAILED)[39m (skipped 1) (0 secs / 7.552 secs)
[1A[2KChrome Headless 139.0.0.0 (Windows 10): Executed 681 of 1101[31m (4 FAILED)[39m (skipped 1) (0 secs / 7.558 secs)
[1A[2KChrome Headless 139.0.0.0 (Windows 10): Executed 682 of 1101[31m (4 FAILED)[39m (skipped 1) (0 secs / 7.565 secs)
[1A[2KChrome Headless 139.0.0.0 (Windows 10): Executed 683 of 1101[31m (4 FAILED)[39m (skipped 1) (0 secs / 7.571 secs)
[1A[2KChrome Headless 139.0.0.0 (Windows 10): Executed 684 of 1101[31m (4 FAILED)[39m (skipped 1) (0 secs / 7.577 secs)
[1A[2KChrome Headless 139.0.0.0 (Windows 10): Executed 685 of 1101[31m (4 FAILED)[39m (skipped 1) (0 secs / 7.584 secs)
[1A[2KChrome Headless 139.0.0.0 (Windows 10): Executed 686 of 1101[31m (4 FAILED)[39m (skipped 1) (0 secs / 7.591 secs)
[1A[2KChrome Headless 139.0.0.0 (Windows 10): Executed 687 of 1101[31m (4 FAILED)[39m (skipped 1) (0 secs / 7.597 secs)
[1A[2KChrome Headless 139.0.0.0 (Windows 10): Executed 688 of 1101[31m (4 FAILED)[39m (skipped 1) (0 secs / 7.603 secs)
[1A[2KChrome Headless 139.0.0.0 (Windows 10): Executed 689 of 1101[31m (4 FAILED)[39m (skipped 1) (0 secs / 7.614 secs)
[1A[2KChrome Headless 139.0.0.0 (Windows 10): Executed 690 of 1101[31m (4 FAILED)[39m (skipped 1) (0 secs / 7.62 secs)
[1A[2KChrome Headless 139.0.0.0 (Windows 10): Executed 691 of 1101[31m (4 FAILED)[39m (skipped 1) (0 secs / 7.628 secs)
[1A[2KChrome Headless 139.0.0.0 (Windows 10): Executed 692 of 1101[31m (4 FAILED)[39m (skipped 1) (0 secs / 7.635 secs)
[1A[2KChrome Headless 139.0.0.0 (Windows 10): Executed 693 of 1101[31m (4 FAILED)[39m (skipped 1) (0 secs / 7.641 secs)
[1A[2KChrome Headless 139.0.0.0 (Windows 10): Executed 694 of 1101[31m (4 FAILED)[39m (skipped 1) (0 secs / 7.661 secs)
[1A[2KChrome Headless 139.0.0.0 (Windows 10): Executed 695 of 1101[31m (4 FAILED)[39m (skipped 1) (0 secs / 7.667 secs)
[1A[2KChrome Headless 139.0.0.0 (Windows 10): Executed 696 of 1101[31m (4 FAILED)[39m (skipped 1) (0 secs / 7.672 secs)
[1A[2KChrome Headless 139.0.0.0 (Windows 10): Executed 697 of 1101[31m (4 FAILED)[39m (skipped 1) (0 secs / 7.677 secs)
[1A[2KChrome Headless 139.0.0.0 (Windows 10): Executed 698 of 1101[31m (4 FAILED)[39m (skipped 1) (0 secs / 7.684 secs)
[1A[2KChrome Headless 139.0.0.0 (Windows 10): Executed 699 of 1101[31m (4 FAILED)[39m (skipped 1) (0 secs / 7.69 secs)
[1A[2KChrome Headless 139.0.0.0 (Windows 10): Executed 700 of 1101[31m (4 FAILED)[39m (skipped 1) (0 secs / 7.696 secs)
[1A[2KChrome Headless 139.0.0.0 (Windows 10): Executed 701 of 1101[31m (4 FAILED)[39m (skipped 1) (0 secs / 7.702 secs)
[1A[2KChrome Headless 139.0.0.0 (Windows 10): Executed 702 of 1101[31m (4 FAILED)[39m (skipped 1) (0 secs / 7.705 secs)
[1A[2KChrome Headless 139.0.0.0 (Windows 10): Executed 703 of 1101[31m (4 FAILED)[39m (skipped 1) (0 secs / 7.707 secs)
[1A[2KChrome Headless 139.0.0.0 (Windows 10): Executed 704 of 1101[31m (4 FAILED)[39m (skipped 1) (0 secs / 7.709 secs)
[1A[2KChrome Headless 139.0.0.0 (Windows 10): Executed 705 of 1101[31m (4 FAILED)[39m (skipped 1) (0 secs / 7.712 secs)
[1A[2KChrome Headless 139.0.0.0 (Windows 10): Executed 706 of 1101[31m (4 FAILED)[39m (skipped 1) (0 secs / 7.714 secs)
[1A[2KChrome Headless 139.0.0.0 (Windows 10): Executed 707 of 1101[31m (4 FAILED)[39m (skipped 1) (0 secs / 7.716 secs)
[1A[2KChrome Headless 139.0.0.0 (Windows 10): Executed 708 of 1101[31m (4 FAILED)[39m (skipped 1) (0 secs / 7.719 secs)
[1A[2KChrome Headless 139.0.0.0 (Windows 10): Executed 709 of 1101[31m (4 FAILED)[39m (skipped 1) (0 secs / 7.721 secs)
[1A[2KChrome Headless 139.0.0.0 (Windows 10): Executed 710 of 1101[31m (4 FAILED)[39m (skipped 1) (0 secs / 7.723 secs)
[1A[2KChrome Headless 139.0.0.0 (Windows 10): Executed 711 of 1101[31m (4 FAILED)[39m (skipped 1) (0 secs / 7.725 secs)
[1A[2KChrome Headless 139.0.0.0 (Windows 10): Executed 712 of 1101[31m (4 FAILED)[39m (skipped 1) (0 secs / 7.727 secs)
[1A[2KChrome Headless 139.0.0.0 (Windows 10): Executed 713 of 1101[31m (4 FAILED)[39m (skipped 1) (0 secs / 7.73 secs)
[1A[2KChrome Headless 139.0.0.0 (Windows 10): Executed 714 of 1101[31m (4 FAILED)[39m (skipped 1) (0 secs / 7.732 secs)
[1A[2KChrome Headless 139.0.0.0 (Windows 10): Executed 715 of 1101[31m (4 FAILED)[39m (skipped 1) (0 secs / 7.734 secs)
[1A[2KERROR: [36m'Error loading real-time data:', 'Service error'[39m
Chrome Headless 139.0.0.0 (Windows 10): Executed 715 of 1101[31m (4 FAILED)[39m (skipped 1) (0 secs / 7.734 secs)
ERROR: 'Error loading real-time data:', 'Service error'
[1A[2KChrome Headless 139.0.0.0 (Windows 10): Executed 716 of 1101[31m (4 FAILED)[39m (skipped 1) (0 secs / 7.737 secs)
[1A[2KChrome Headless 139.0.0.0 (Windows 10): Executed 717 of 1101[31m (4 FAILED)[39m (skipped 1) (0 secs / 7.739 secs)
[1A[2KChrome Headless 139.0.0.0 (Windows 10): Executed 718 of 1101[31m (4 FAILED)[39m (skipped 1) (0 secs / 7.74 secs)
[1A[2KChrome Headless 139.0.0.0 (Windows 10): Executed 719 of 1101[31m (4 FAILED)[39m (skipped 1) (0 secs / 7.742 secs)
[1A[2KChrome Headless 139.0.0.0 (Windows 10): Executed 720 of 1101[31m (4 FAILED)[39m (skipped 1) (0 secs / 7.744 secs)
[1A[2KChrome Headless 139.0.0.0 (Windows 10): Executed 721 of 1101[31m (4 FAILED)[39m (skipped 1) (0 secs / 7.746 secs)
[1A[2KChrome Headless 139.0.0.0 (Windows 10): Executed 722 of 1101[31m (4 FAILED)[39m (skipped 1) (0 secs / 7.747 secs)
[1A[2KChrome Headless 139.0.0.0 (Windows 10): Executed 723 of 1101[31m (4 FAILED)[39m (skipped 1) (0 secs / 7.749 secs)
[1A[2KWARN: [36m'NG0914: The application is using zoneless change detection, but is still loading Zone.js. Consider removing Zone.js to get the full benefits of zoneless. In applications using the Angular CLI, Zone.js is typically included in the "polyfills" section of the angular.json file.'[39m
Chrome Headless 139.0.0.0 (Windows 10): Executed 723 of 1101[31m (4 FAILED)[39m (skipped 1) (0 secs / 7.749 secs)
WARN: 'NG0914: The application is using zoneless change detection, but is still loading Zone.js. Consider removing Zone.js to get the full benefits of zoneless. In applications using the Angular CLI, Zone.js is typically included in the "polyfills" section of the angular.json file.'
[1A[2KLOG: [36m'GuestGuard: canActivate called'[39m
Chrome Headless 139.0.0.0 (Windows 10): Executed 723 of 1101[31m (4 FAILED)[39m (skipped 1) (0 secs / 7.749 secs)
LOG: 'GuestGuard: canActivate called'
[1A[2KERROR: [36m'GuestGuard error:', Error: Observable error
Error: Observable error
    at call (http://localhost:9876/_karma_webpack_/webpack:/src/app/features/auth/guards/guest.guard.spec.ts:169:19)
    at onNext (http://localhost:9876/_karma_webpack_/webpack:/node_modules/rxjs/dist/esm/internal/operators/map.js:7:37)
    at OperatorSubscriber._next (http://localhost:9876/_karma_webpack_/webpack:/node_modules/rxjs/dist/esm/internal/operators/OperatorSubscriber.js:13:21)
    at OperatorSubscriber.next (http://localhost:9876/_karma_webpack_/webpack:/node_modules/rxjs/dist/esm/internal/Subscriber.js:31:18)
    at BehaviorSubject._subscribe (http://localhost:9876/_karma_webpack_/webpack:/node_modules/rxjs/dist/esm/internal/BehaviorSubject.js:12:44)
    at BehaviorSubject._trySubscribe (http://localhost:9876/_karma_webpack_/webpack:/node_modules/rxjs/dist/esm/internal/Observable.js:37:25)
    at BehaviorSubject._trySubscribe (http://localhost:9876/_karma_webpack_/webpack:/node_modules/rxjs/dist/esm/internal/Subject.js:74:22)
    at cb (http://localhost:9876/_karma_webpack_/webpack:/node_modules/rxjs/dist/esm/internal/Observable.js:31:30)
    at errorContext (http://localhost:9876/_karma_webpack_/webpack:/node_modules/rxjs/dist/esm/internal/util/errorContext.js:19:9)
    at BehaviorSubject.subscribe (http://localhost:9876/_karma_webpack_/webpack:/node_modules/rxjs/dist/esm/internal/Observable.js:22:21)[39m
Chrome Headless 139.0.0.0 (Windows 10): Executed 723 of 1101[31m (4 FAILED)[39m (skipped 1) (0 secs / 7.749 secs)
ERROR: 'GuestGuard error:', Error: Observable error
Error: Observable error
    at call (http://localhost:9876/_karma_webpack_/webpack:/src/app/features/auth/guards/guest.guard.spec.ts:169:19)
    at onNext (http://localhost:9876/_karma_webpack_/webpack:/node_modules/rxjs/dist/esm/internal/operators/map.js:7:37)
    at OperatorSubscriber._next (http://localhost:9876/_karma_webpack_/webpack:/node_modules/rxjs/dist/esm/internal/operators/OperatorSubscriber.js:13:21)
    at OperatorSubscriber.next (http://localhost:9876/_karma_webpack_/webpack:/node_modules/rxjs/dist/esm/internal/Subscriber.js:31:18)
    at BehaviorSubject._subscribe (http://localhost:9876/_karma_webpack_/webpack:/node_modules/rxjs/dist/esm/internal/BehaviorSubject.js:12:44)
    at BehaviorSubject._trySubscribe (http://localhost:9876/_karma_webpack_/webpack:/node_modules/rxjs/dist/esm/internal/Observable.js:37:25)
    at BehaviorSubject._trySubscribe (http://localhost:9876/_karma_webpack_/webpack:/node_modules/rxjs/dist/esm/internal/Subject.js:74:22)
    at cb (http://localhost:9876/_karma_webpack_/webpack:/node_modules/rxjs/dist/esm/internal/Observable.js:31:30)
    at errorContext (http://localhost:9876/_karma_webpack_/webpack:/node_modules/rxjs/dist/esm/internal/util/errorContext.js:19:9)
    at BehaviorSubject.subscribe (http://localhost:9876/_karma_webpack_/webpack:/node_modules/rxjs/dist/esm/internal/Observable.js:22:21)
[1A[2KChrome Headless 139.0.0.0 (Windows 10): Executed 724 of 1101[31m (4 FAILED)[39m (skipped 1) (0 secs / 7.753 secs)
[1A[2KWARN: [36m'NG0914: The application is using zoneless change detection, but is still loading Zone.js. Consider removing Zone.js to get the full benefits of zoneless. In applications using the Angular CLI, Zone.js is typically included in the "polyfills" section of the angular.json file.'[39m
Chrome Headless 139.0.0.0 (Windows 10): Executed 724 of 1101[31m (4 FAILED)[39m (skipped 1) (0 secs / 7.753 secs)
WARN: 'NG0914: The application is using zoneless change detection, but is still loading Zone.js. Consider removing Zone.js to get the full benefits of zoneless. In applications using the Angular CLI, Zone.js is typically included in the "polyfills" section of the angular.json file.'
[1A[2KLOG: [36m'GuestGuard: canActivate called'[39m
Chrome Headless 139.0.0.0 (Windows 10): Executed 724 of 1101[31m (4 FAILED)[39m (skipped 1) (0 secs / 7.753 secs)
LOG: 'GuestGuard: canActivate called'
[1A[2KLOG: [36m'GuestGuard: Authentication check result:', true[39m
Chrome Headless 139.0.0.0 (Windows 10): Executed 724 of 1101[31m (4 FAILED)[39m (skipped 1) (0 secs / 7.753 secs)
LOG: 'GuestGuard: Authentication check result:', true
[1A[2KERROR: [36m'GuestGuard navigation error:', Error: Guard error
Error: Guard error
    at SpyStrategy.throwError (http://localhost:9876/base/node_modules/karma-jasmine/node_modules/jasmine-core/lib/jasmine-core/jasmine.js?86d98e11f43f2c8cfac9fb4806ed6c0aced74cbe:9361:45)
    at UserContext.<anonymous> (http://localhost:9876/_karma_webpack_/webpack:/src/app/features/auth/guards/guest.guard.spec.ts:194:27)
    at QueueRunner.attempt (http://localhost:9876/base/node_modules/karma-jasmine/node_modules/jasmine-core/lib/jasmine-core/jasmine.js?86d98e11f43f2c8cfac9fb4806ed6c0aced74cbe:7643:40)
    at QueueRunner.run (http://localhost:9876/base/node_modules/karma-jasmine/node_modules/jasmine-core/lib/jasmine-core/jasmine.js?86d98e11f43f2c8cfac9fb4806ed6c0aced74cbe:7670:27)
    at runNext (http://localhost:9876/base/node_modules/karma-jasmine/node_modules/jasmine-core/lib/jasmine-core/jasmine.js?86d98e11f43f2c8cfac9fb4806ed6c0aced74cbe:7574:16)
    at http://localhost:9876/base/node_modules/karma-jasmine/node_modules/jasmine-core/lib/jasmine-core/jasmine.js?86d98e11f43f2c8cfac9fb4806ed6c0aced74cbe:7580:11
    at apply (http://localhost:9876/base/node_modules/karma-jasmine/node_modules/jasmine-core/lib/jasmine-core/jasmine.js?86d98e11f43f2c8cfac9fb4806ed6c0aced74cbe:7466:9)
    at _ZoneDelegate.invoke (http://localhost:9876/_karma_webpack_/webpack:/node_modules/zone.js/fesm2015/zone.js:398:28)
    at ZoneImpl.run (http://localhost:9876/_karma_webpack_/webpack:/node_modules/zone.js/fesm2015/zone.js:113:43)
    at http://localhost:9876/_karma_webpack_/webpack:/node_modules/zone.js/fesm2015/zone.js:2537:40[39m
Chrome Headless 139.0.0.0 (Windows 10): Executed 724 of 1101[31m (4 FAILED)[39m (skipped 1) (0 secs / 7.753 secs)
ERROR: 'GuestGuard navigation error:', Error: Guard error
Error: Guard error
    at SpyStrategy.throwError (http://localhost:9876/base/node_modules/karma-jasmine/node_modules/jasmine-core/lib/jasmine-core/jasmine.js?86d98e11f43f2c8cfac9fb4806ed6c0aced74cbe:9361:45)
    at UserContext.<anonymous> (http://localhost:9876/_karma_webpack_/webpack:/src/app/features/auth/guards/guest.guard.spec.ts:194:27)
    at QueueRunner.attempt (http://localhost:9876/base/node_modules/karma-jasmine/node_modules/jasmine-core/lib/jasmine-core/jasmine.js?86d98e11f43f2c8cfac9fb4806ed6c0aced74cbe:7643:40)
    at QueueRunner.run (http://localhost:9876/base/node_modules/karma-jasmine/node_modules/jasmine-core/lib/jasmine-core/jasmine.js?86d98e11f43f2c8cfac9fb4806ed6c0aced74cbe:7670:27)
    at runNext (http://localhost:9876/base/node_modules/karma-jasmine/node_modules/jasmine-core/lib/jasmine-core/jasmine.js?86d98e11f43f2c8cfac9fb4806ed6c0aced74cbe:7574:16)
    at http://localhost:9876/base/node_modules/karma-jasmine/node_modules/jasmine-core/lib/jasmine-core/jasmine.js?86d98e11f43f2c8cfac9fb4806ed6c0aced74cbe:7580:11
    at apply (http://localhost:9876/base/node_modules/karma-jasmine/node_modules/jasmine-core/lib/jasmine-core/jasmine.js?86d98e11f43f2c8cfac9fb4806ed6c0aced74cbe:7466:9)
    at _ZoneDelegate.invoke (http://localhost:9876/_karma_webpack_/webpack:/node_modules/zone.js/fesm2015/zone.js:398:28)
    at ZoneImpl.run (http://localhost:9876/_karma_webpack_/webpack:/node_modules/zone.js/fesm2015/zone.js:113:43)
    at http://localhost:9876/_karma_webpack_/webpack:/node_modules/zone.js/fesm2015/zone.js:2537:40
[1A[2KChrome Headless 139.0.0.0 (Windows 10): Executed 725 of 1101[31m (4 FAILED)[39m (skipped 1) (0 secs / 7.756 secs)
[1A[2KWARN: [36m'NG0914: The application is using zoneless change detection, but is still loading Zone.js. Consider removing Zone.js to get the full benefits of zoneless. In applications using the Angular CLI, Zone.js is typically included in the "polyfills" section of the angular.json file.'[39m
Chrome Headless 139.0.0.0 (Windows 10): Executed 725 of 1101[31m (4 FAILED)[39m (skipped 1) (0 secs / 7.756 secs)
WARN: 'NG0914: The application is using zoneless change detection, but is still loading Zone.js. Consider removing Zone.js to get the full benefits of zoneless. In applications using the Angular CLI, Zone.js is typically included in the "polyfills" section of the angular.json file.'
[1A[2KLOG: [36m'GuestGuard: canActivate called'[39m
Chrome Headless 139.0.0.0 (Windows 10): Executed 725 of 1101[31m (4 FAILED)[39m (skipped 1) (0 secs / 7.756 secs)
LOG: 'GuestGuard: canActivate called'
[1A[2KLOG: [36m'GuestGuard: Authentication check result:', false[39m
Chrome Headless 139.0.0.0 (Windows 10): Executed 725 of 1101[31m (4 FAILED)[39m (skipped 1) (0 secs / 7.756 secs)
LOG: 'GuestGuard: Authentication check result:', false
[1A[2KChrome Headless 139.0.0.0 (Windows 10): Executed 726 of 1101[31m (4 FAILED)[39m (skipped 1) (0 secs / 7.759 secs)
[1A[2KWARN: [36m'NG0914: The application is using zoneless change detection, but is still loading Zone.js. Consider removing Zone.js to get the full benefits of zoneless. In applications using the Angular CLI, Zone.js is typically included in the "polyfills" section of the angular.json file.'[39m
Chrome Headless 139.0.0.0 (Windows 10): Executed 726 of 1101[31m (4 FAILED)[39m (skipped 1) (0 secs / 7.759 secs)
WARN: 'NG0914: The application is using zoneless change detection, but is still loading Zone.js. Consider removing Zone.js to get the full benefits of zoneless. In applications using the Angular CLI, Zone.js is typically included in the "polyfills" section of the angular.json file.'
[1A[2KLOG: [36m'GuestGuard: canActivate called'[39m
Chrome Headless 139.0.0.0 (Windows 10): Executed 726 of 1101[31m (4 FAILED)[39m (skipped 1) (0 secs / 7.759 secs)
LOG: 'GuestGuard: canActivate called'
[1A[2KLOG: [36m'GuestGuard: Authentication check result:', true[39m
Chrome Headless 139.0.0.0 (Windows 10): Executed 726 of 1101[31m (4 FAILED)[39m (skipped 1) (0 secs / 7.759 secs)
LOG: 'GuestGuard: Authentication check result:', true
[1A[2KChrome Headless 139.0.0.0 (Windows 10): Executed 727 of 1101[31m (4 FAILED)[39m (skipped 1) (0 secs / 7.761 secs)
[1A[2KWARN: [36m'NG0914: The application is using zoneless change detection, but is still loading Zone.js. Consider removing Zone.js to get the full benefits of zoneless. In applications using the Angular CLI, Zone.js is typically included in the "polyfills" section of the angular.json file.'[39m
Chrome Headless 139.0.0.0 (Windows 10): Executed 727 of 1101[31m (4 FAILED)[39m (skipped 1) (0 secs / 7.761 secs)
WARN: 'NG0914: The application is using zoneless change detection, but is still loading Zone.js. Consider removing Zone.js to get the full benefits of zoneless. In applications using the Angular CLI, Zone.js is typically included in the "polyfills" section of the angular.json file.'
[1A[2KLOG: [36m'GuestGuard: canActivate called'[39m
Chrome Headless 139.0.0.0 (Windows 10): Executed 727 of 1101[31m (4 FAILED)[39m (skipped 1) (0 secs / 7.761 secs)
LOG: 'GuestGuard: canActivate called'
[1A[2KLOG: [36m'GuestGuard: Authentication check result:', false[39m
Chrome Headless 139.0.0.0 (Windows 10): Executed 727 of 1101[31m (4 FAILED)[39m (skipped 1) (0 secs / 7.761 secs)
LOG: 'GuestGuard: Authentication check result:', false
[1A[2KChrome Headless 139.0.0.0 (Windows 10): Executed 728 of 1101[31m (4 FAILED)[39m (skipped 1) (0 secs / 7.763 secs)
[1A[2KWARN: [36m'NG0914: The application is using zoneless change detection, but is still loading Zone.js. Consider removing Zone.js to get the full benefits of zoneless. In applications using the Angular CLI, Zone.js is typically included in the "polyfills" section of the angular.json file.'[39m
Chrome Headless 139.0.0.0 (Windows 10): Executed 728 of 1101[31m (4 FAILED)[39m (skipped 1) (0 secs / 7.763 secs)
WARN: 'NG0914: The application is using zoneless change detection, but is still loading Zone.js. Consider removing Zone.js to get the full benefits of zoneless. In applications using the Angular CLI, Zone.js is typically included in the "polyfills" section of the angular.json file.'
[1A[2KLOG: [36m'GuestGuard: canActivate called'[39m
Chrome Headless 139.0.0.0 (Windows 10): Executed 728 of 1101[31m (4 FAILED)[39m (skipped 1) (0 secs / 7.763 secs)
LOG: 'GuestGuard: canActivate called'
[1A[2KLOG: [36m'GuestGuard: Authentication check result:', true[39m
Chrome Headless 139.0.0.0 (Windows 10): Executed 728 of 1101[31m (4 FAILED)[39m (skipped 1) (0 secs / 7.763 secs)
LOG: 'GuestGuard: Authentication check result:', true
[1A[2KLOG: [36m'GuestGuard: Authentication check result:', false[39m
Chrome Headless 139.0.0.0 (Windows 10): Executed 728 of 1101[31m (4 FAILED)[39m (skipped 1) (0 secs / 7.763 secs)
LOG: 'GuestGuard: Authentication check result:', false
[1A[2KChrome Headless 139.0.0.0 (Windows 10): Executed 729 of 1101[31m (4 FAILED)[39m (skipped 1) (0 secs / 7.766 secs)
[1A[2KWARN: [36m'NG0914: The application is using zoneless change detection, but is still loading Zone.js. Consider removing Zone.js to get the full benefits of zoneless. In applications using the Angular CLI, Zone.js is typically included in the "polyfills" section of the angular.json file.'[39m
Chrome Headless 139.0.0.0 (Windows 10): Executed 729 of 1101[31m (4 FAILED)[39m (skipped 1) (0 secs / 7.766 secs)
WARN: 'NG0914: The application is using zoneless change detection, but is still loading Zone.js. Consider removing Zone.js to get the full benefits of zoneless. In applications using the Angular CLI, Zone.js is typically included in the "polyfills" section of the angular.json file.'
[1A[2KLOG: [36m'GuestGuard: canActivate called'[39m
Chrome Headless 139.0.0.0 (Windows 10): Executed 729 of 1101[31m (4 FAILED)[39m (skipped 1) (0 secs / 7.766 secs)
LOG: 'GuestGuard: canActivate called'
[1A[2KLOG: [36m'GuestGuard: Authentication check result:', false[39m
Chrome Headless 139.0.0.0 (Windows 10): Executed 729 of 1101[31m (4 FAILED)[39m (skipped 1) (0 secs / 7.766 secs)
LOG: 'GuestGuard: Authentication check result:', false
[1A[2KLOG: [36m'GuestGuard: canActivate called'[39m
Chrome Headless 139.0.0.0 (Windows 10): Executed 729 of 1101[31m (4 FAILED)[39m (skipped 1) (0 secs / 7.766 secs)
LOG: 'GuestGuard: canActivate called'
[1A[2KLOG: [36m'GuestGuard: Authentication check result:', false[39m
Chrome Headless 139.0.0.0 (Windows 10): Executed 729 of 1101[31m (4 FAILED)[39m (skipped 1) (0 secs / 7.766 secs)
LOG: 'GuestGuard: Authentication check result:', false
[1A[2KLOG: [36m'GuestGuard: canActivate called'[39m
Chrome Headless 139.0.0.0 (Windows 10): Executed 729 of 1101[31m (4 FAILED)[39m (skipped 1) (0 secs / 7.766 secs)
LOG: 'GuestGuard: canActivate called'
[1A[2KLOG: [36m'GuestGuard: Authentication check result:', false[39m
Chrome Headless 139.0.0.0 (Windows 10): Executed 729 of 1101[31m (4 FAILED)[39m (skipped 1) (0 secs / 7.766 secs)
LOG: 'GuestGuard: Authentication check result:', false
[1A[2KChrome Headless 139.0.0.0 (Windows 10): Executed 730 of 1101[31m (4 FAILED)[39m (skipped 1) (0 secs / 7.769 secs)
[1A[2KWARN: [36m'NG0914: The application is using zoneless change detection, but is still loading Zone.js. Consider removing Zone.js to get the full benefits of zoneless. In applications using the Angular CLI, Zone.js is typically included in the "polyfills" section of the angular.json file.'[39m
Chrome Headless 139.0.0.0 (Windows 10): Executed 730 of 1101[31m (4 FAILED)[39m (skipped 1) (0 secs / 7.769 secs)
WARN: 'NG0914: The application is using zoneless change detection, but is still loading Zone.js. Consider removing Zone.js to get the full benefits of zoneless. In applications using the Angular CLI, Zone.js is typically included in the "polyfills" section of the angular.json file.'
[1A[2KLOG: [36m'GuestGuard: canActivate called'[39m
Chrome Headless 139.0.0.0 (Windows 10): Executed 730 of 1101[31m (4 FAILED)[39m (skipped 1) (0 secs / 7.769 secs)
LOG: 'GuestGuard: canActivate called'
[1A[2KLOG: [36m'GuestGuard: Authentication check result:', false[39m
Chrome Headless 139.0.0.0 (Windows 10): Executed 730 of 1101[31m (4 FAILED)[39m (skipped 1) (0 secs / 7.769 secs)
LOG: 'GuestGuard: Authentication check result:', false
[1A[2KChrome Headless 139.0.0.0 (Windows 10): Executed 731 of 1101[31m (4 FAILED)[39m (skipped 1) (0 secs / 7.777 secs)
[1A[2KWARN: [36m'NG0914: The application is using zoneless change detection, but is still loading Zone.js. Consider removing Zone.js to get the full benefits of zoneless. In applications using the Angular CLI, Zone.js is typically included in the "polyfills" section of the angular.json file.'[39m
Chrome Headless 139.0.0.0 (Windows 10): Executed 731 of 1101[31m (4 FAILED)[39m (skipped 1) (0 secs / 7.777 secs)
WARN: 'NG0914: The application is using zoneless change detection, but is still loading Zone.js. Consider removing Zone.js to get the full benefits of zoneless. In applications using the Angular CLI, Zone.js is typically included in the "polyfills" section of the angular.json file.'
[1A[2KLOG: [36m'GuestGuard: canActivate called'[39m
Chrome Headless 139.0.0.0 (Windows 10): Executed 731 of 1101[31m (4 FAILED)[39m (skipped 1) (0 secs / 7.777 secs)
LOG: 'GuestGuard: canActivate called'
[1A[2KLOG: [36m'GuestGuard: Authentication check result:', true[39m
Chrome Headless 139.0.0.0 (Windows 10): Executed 731 of 1101[31m (4 FAILED)[39m (skipped 1) (0 secs / 7.777 secs)
LOG: 'GuestGuard: Authentication check result:', true
[1A[2KChrome Headless 139.0.0.0 (Windows 10): Executed 732 of 1101[31m (4 FAILED)[39m (skipped 1) (0 secs / 7.779 secs)
[1A[2KWARN: [36m'NG0914: The application is using zoneless change detection, but is still loading Zone.js. Consider removing Zone.js to get the full benefits of zoneless. In applications using the Angular CLI, Zone.js is typically included in the "polyfills" section of the angular.json file.'[39m
Chrome Headless 139.0.0.0 (Windows 10): Executed 732 of 1101[31m (4 FAILED)[39m (skipped 1) (0 secs / 7.779 secs)
WARN: 'NG0914: The application is using zoneless change detection, but is still loading Zone.js. Consider removing Zone.js to get the full benefits of zoneless. In applications using the Angular CLI, Zone.js is typically included in the "polyfills" section of the angular.json file.'
[1A[2KChrome Headless 139.0.0.0 (Windows 10): Executed 733 of 1101[31m (4 FAILED)[39m (skipped 1) (0 secs / 7.781 secs)
[1A[2KWARN: [36m'NG0914: The application is using zoneless change detection, but is still loading Zone.js. Consider removing Zone.js to get the full benefits of zoneless. In applications using the Angular CLI, Zone.js is typically included in the "polyfills" section of the angular.json file.'[39m
Chrome Headless 139.0.0.0 (Windows 10): Executed 733 of 1101[31m (4 FAILED)[39m (skipped 1) (0 secs / 7.781 secs)
WARN: 'NG0914: The application is using zoneless change detection, but is still loading Zone.js. Consider removing Zone.js to get the full benefits of zoneless. In applications using the Angular CLI, Zone.js is typically included in the "polyfills" section of the angular.json file.'
[1A[2KChrome Headless 139.0.0.0 (Windows 10): Executed 734 of 1101[31m (4 FAILED)[39m (skipped 1) (0 secs / 7.784 secs)
[1A[2KWARN: [36m'NG0914: The application is using zoneless change detection, but is still loading Zone.js. Consider removing Zone.js to get the full benefits of zoneless. In applications using the Angular CLI, Zone.js is typically included in the "polyfills" section of the angular.json file.'[39m
Chrome Headless 139.0.0.0 (Windows 10): Executed 734 of 1101[31m (4 FAILED)[39m (skipped 1) (0 secs / 7.784 secs)
WARN: 'NG0914: The application is using zoneless change detection, but is still loading Zone.js. Consider removing Zone.js to get the full benefits of zoneless. In applications using the Angular CLI, Zone.js is typically included in the "polyfills" section of the angular.json file.'
[1A[2KChrome Headless 139.0.0.0 (Windows 10): Executed 735 of 1101[31m (4 FAILED)[39m (skipped 1) (0 secs / 7.786 secs)
[1A[2KWARN: [36m'NG0914: The application is using zoneless change detection, but is still loading Zone.js. Consider removing Zone.js to get the full benefits of zoneless. In applications using the Angular CLI, Zone.js is typically included in the "polyfills" section of the angular.json file.'[39m
Chrome Headless 139.0.0.0 (Windows 10): Executed 735 of 1101[31m (4 FAILED)[39m (skipped 1) (0 secs / 7.786 secs)
WARN: 'NG0914: The application is using zoneless change detection, but is still loading Zone.js. Consider removing Zone.js to get the full benefits of zoneless. In applications using the Angular CLI, Zone.js is typically included in the "polyfills" section of the angular.json file.'
[1A[2KChrome Headless 139.0.0.0 (Windows 10): Executed 736 of 1101[31m (4 FAILED)[39m (skipped 1) (0 secs / 7.788 secs)
[1A[2KWARN: [36m'NG0914: The application is using zoneless change detection, but is still loading Zone.js. Consider removing Zone.js to get the full benefits of zoneless. In applications using the Angular CLI, Zone.js is typically included in the "polyfills" section of the angular.json file.'[39m
Chrome Headless 139.0.0.0 (Windows 10): Executed 736 of 1101[31m (4 FAILED)[39m (skipped 1) (0 secs / 7.788 secs)
WARN: 'NG0914: The application is using zoneless change detection, but is still loading Zone.js. Consider removing Zone.js to get the full benefits of zoneless. In applications using the Angular CLI, Zone.js is typically included in the "polyfills" section of the angular.json file.'
[1A[2KChrome Headless 139.0.0.0 (Windows 10): Executed 737 of 1101[31m (4 FAILED)[39m (skipped 1) (0 secs / 7.791 secs)
[1A[2KWARN: [36m'NG0914: The application is using zoneless change detection, but is still loading Zone.js. Consider removing Zone.js to get the full benefits of zoneless. In applications using the Angular CLI, Zone.js is typically included in the "polyfills" section of the angular.json file.'[39m
Chrome Headless 139.0.0.0 (Windows 10): Executed 737 of 1101[31m (4 FAILED)[39m (skipped 1) (0 secs / 7.791 secs)
WARN: 'NG0914: The application is using zoneless change detection, but is still loading Zone.js. Consider removing Zone.js to get the full benefits of zoneless. In applications using the Angular CLI, Zone.js is typically included in the "polyfills" section of the angular.json file.'
[1A[2KChrome Headless 139.0.0.0 (Windows 10): Executed 738 of 1101[31m (4 FAILED)[39m (skipped 1) (0 secs / 7.793 secs)
[1A[2KWARN: [36m'NG0914: The application is using zoneless change detection, but is still loading Zone.js. Consider removing Zone.js to get the full benefits of zoneless. In applications using the Angular CLI, Zone.js is typically included in the "polyfills" section of the angular.json file.'[39m
Chrome Headless 139.0.0.0 (Windows 10): Executed 738 of 1101[31m (4 FAILED)[39m (skipped 1) (0 secs / 7.793 secs)
WARN: 'NG0914: The application is using zoneless change detection, but is still loading Zone.js. Consider removing Zone.js to get the full benefits of zoneless. In applications using the Angular CLI, Zone.js is typically included in the "polyfills" section of the angular.json file.'
[1A[2KWARN: [36m'NG0914: The application is using zoneless change detection, but is still loading Zone.js. Consider removing Zone.js to get the full benefits of zoneless. In applications using the Angular CLI, Zone.js is typically included in the "polyfills" section of the angular.json file.'[39m
Chrome Headless 139.0.0.0 (Windows 10): Executed 738 of 1101[31m (4 FAILED)[39m (skipped 1) (0 secs / 7.793 secs)
WARN: 'NG0914: The application is using zoneless change detection, but is still loading Zone.js. Consider removing Zone.js to get the full benefits of zoneless. In applications using the Angular CLI, Zone.js is typically included in the "polyfills" section of the angular.json file.'
[1A[2KChrome Headless 139.0.0.0 (Windows 10): Executed 739 of 1101[31m (4 FAILED)[39m (skipped 1) (0 secs / 7.798 secs)
[1A[2KWARN: [36m'NG0914: The application is using zoneless change detection, but is still loading Zone.js. Consider removing Zone.js to get the full benefits of zoneless. In applications using the Angular CLI, Zone.js is typically included in the "polyfills" section of the angular.json file.'[39m
Chrome Headless 139.0.0.0 (Windows 10): Executed 739 of 1101[31m (4 FAILED)[39m (skipped 1) (0 secs / 7.798 secs)
WARN: 'NG0914: The application is using zoneless change detection, but is still loading Zone.js. Consider removing Zone.js to get the full benefits of zoneless. In applications using the Angular CLI, Zone.js is typically included in the "polyfills" section of the angular.json file.'
[1A[2KWARN: [36m'NG0914: The application is using zoneless change detection, but is still loading Zone.js. Consider removing Zone.js to get the full benefits of zoneless. In applications using the Angular CLI, Zone.js is typically included in the "polyfills" section of the angular.json file.'[39m
Chrome Headless 139.0.0.0 (Windows 10): Executed 739 of 1101[31m (4 FAILED)[39m (skipped 1) (0 secs / 7.798 secs)
WARN: 'NG0914: The application is using zoneless change detection, but is still loading Zone.js. Consider removing Zone.js to get the full benefits of zoneless. In applications using the Angular CLI, Zone.js is typically included in the "polyfills" section of the angular.json file.'
[1A[2KChrome Headless 139.0.0.0 (Windows 10): Executed 740 of 1101[31m (4 FAILED)[39m (skipped 1) (0 secs / 7.804 secs)
[1A[2KWARN: [36m'NG0914: The application is using zoneless change detection, but is still loading Zone.js. Consider removing Zone.js to get the full benefits of zoneless. In applications using the Angular CLI, Zone.js is typically included in the "polyfills" section of the angular.json file.'[39m
Chrome Headless 139.0.0.0 (Windows 10): Executed 740 of 1101[31m (4 FAILED)[39m (skipped 1) (0 secs / 7.804 secs)
WARN: 'NG0914: The application is using zoneless change detection, but is still loading Zone.js. Consider removing Zone.js to get the full benefits of zoneless. In applications using the Angular CLI, Zone.js is typically included in the "polyfills" section of the angular.json file.'
[1A[2KChrome Headless 139.0.0.0 (Windows 10): Executed 741 of 1101[31m (4 FAILED)[39m (skipped 1) (0 secs / 7.807 secs)
[1A[2KWARN: [36m'NG0914: The application is using zoneless change detection, but is still loading Zone.js. Consider removing Zone.js to get the full benefits of zoneless. In applications using the Angular CLI, Zone.js is typically included in the "polyfills" section of the angular.json file.'[39m
Chrome Headless 139.0.0.0 (Windows 10): Executed 741 of 1101[31m (4 FAILED)[39m (skipped 1) (0 secs / 7.807 secs)
WARN: 'NG0914: The application is using zoneless change detection, but is still loading Zone.js. Consider removing Zone.js to get the full benefits of zoneless. In applications using the Angular CLI, Zone.js is typically included in the "polyfills" section of the angular.json file.'
[1A[2KChrome Headless 139.0.0.0 (Windows 10): Executed 742 of 1101[31m (4 FAILED)[39m (skipped 1) (0 secs / 7.809 secs)
[1A[2KWARN: [36m'NG0914: The application is using zoneless change detection, but is still loading Zone.js. Consider removing Zone.js to get the full benefits of zoneless. In applications using the Angular CLI, Zone.js is typically included in the "polyfills" section of the angular.json file.'[39m
Chrome Headless 139.0.0.0 (Windows 10): Executed 742 of 1101[31m (4 FAILED)[39m (skipped 1) (0 secs / 7.809 secs)
WARN: 'NG0914: The application is using zoneless change detection, but is still loading Zone.js. Consider removing Zone.js to get the full benefits of zoneless. In applications using the Angular CLI, Zone.js is typically included in the "polyfills" section of the angular.json file.'
[1A[2KChrome Headless 139.0.0.0 (Windows 10): Executed 743 of 1101[31m (4 FAILED)[39m (skipped 1) (0 secs / 7.811 secs)
[1A[2KWARN: [36m'NG0914: The application is using zoneless change detection, but is still loading Zone.js. Consider removing Zone.js to get the full benefits of zoneless. In applications using the Angular CLI, Zone.js is typically included in the "polyfills" section of the angular.json file.'[39m
Chrome Headless 139.0.0.0 (Windows 10): Executed 743 of 1101[31m (4 FAILED)[39m (skipped 1) (0 secs / 7.811 secs)
WARN: 'NG0914: The application is using zoneless change detection, but is still loading Zone.js. Consider removing Zone.js to get the full benefits of zoneless. In applications using the Angular CLI, Zone.js is typically included in the "polyfills" section of the angular.json file.'
[1A[2KChrome Headless 139.0.0.0 (Windows 10): Executed 744 of 1101[31m (4 FAILED)[39m (skipped 1) (0 secs / 7.813 secs)
[1A[2KWARN: [36m'NG0914: The application is using zoneless change detection, but is still loading Zone.js. Consider removing Zone.js to get the full benefits of zoneless. In applications using the Angular CLI, Zone.js is typically included in the "polyfills" section of the angular.json file.'[39m
Chrome Headless 139.0.0.0 (Windows 10): Executed 744 of 1101[31m (4 FAILED)[39m (skipped 1) (0 secs / 7.813 secs)
WARN: 'NG0914: The application is using zoneless change detection, but is still loading Zone.js. Consider removing Zone.js to get the full benefits of zoneless. In applications using the Angular CLI, Zone.js is typically included in the "polyfills" section of the angular.json file.'
[1A[2KChrome Headless 139.0.0.0 (Windows 10): Executed 745 of 1101[31m (4 FAILED)[39m (skipped 1) (0 secs / 7.815 secs)
[1A[2KWARN: [36m'NG0914: The application is using zoneless change detection, but is still loading Zone.js. Consider removing Zone.js to get the full benefits of zoneless. In applications using the Angular CLI, Zone.js is typically included in the "polyfills" section of the angular.json file.'[39m
Chrome Headless 139.0.0.0 (Windows 10): Executed 745 of 1101[31m (4 FAILED)[39m (skipped 1) (0 secs / 7.815 secs)
WARN: 'NG0914: The application is using zoneless change detection, but is still loading Zone.js. Consider removing Zone.js to get the full benefits of zoneless. In applications using the Angular CLI, Zone.js is typically included in the "polyfills" section of the angular.json file.'
[1A[2KChrome Headless 139.0.0.0 (Windows 10): Executed 746 of 1101[31m (4 FAILED)[39m (skipped 1) (0 secs / 7.817 secs)
[1A[2KWARN: [36m'NG0914: The application is using zoneless change detection, but is still loading Zone.js. Consider removing Zone.js to get the full benefits of zoneless. In applications using the Angular CLI, Zone.js is typically included in the "polyfills" section of the angular.json file.'[39m
Chrome Headless 139.0.0.0 (Windows 10): Executed 746 of 1101[31m (4 FAILED)[39m (skipped 1) (0 secs / 7.817 secs)
WARN: 'NG0914: The application is using zoneless change detection, but is still loading Zone.js. Consider removing Zone.js to get the full benefits of zoneless. In applications using the Angular CLI, Zone.js is typically included in the "polyfills" section of the angular.json file.'
[1A[2KChrome Headless 139.0.0.0 (Windows 10): Executed 747 of 1101[31m (4 FAILED)[39m (skipped 1) (0 secs / 7.819 secs)
[1A[2KWARN: [36m'NG0914: The application is using zoneless change detection, but is still loading Zone.js. Consider removing Zone.js to get the full benefits of zoneless. In applications using the Angular CLI, Zone.js is typically included in the "polyfills" section of the angular.json file.'[39m
Chrome Headless 139.0.0.0 (Windows 10): Executed 747 of 1101[31m (4 FAILED)[39m (skipped 1) (0 secs / 7.819 secs)
WARN: 'NG0914: The application is using zoneless change detection, but is still loading Zone.js. Consider removing Zone.js to get the full benefits of zoneless. In applications using the Angular CLI, Zone.js is typically included in the "polyfills" section of the angular.json file.'
[1A[2KChrome Headless 139.0.0.0 (Windows 10): Executed 748 of 1101[31m (4 FAILED)[39m (skipped 1) (0 secs / 7.821 secs)
[1A[2KWARN: [36m'NG0914: The application is using zoneless change detection, but is still loading Zone.js. Consider removing Zone.js to get the full benefits of zoneless. In applications using the Angular CLI, Zone.js is typically included in the "polyfills" section of the angular.json file.'[39m
Chrome Headless 139.0.0.0 (Windows 10): Executed 748 of 1101[31m (4 FAILED)[39m (skipped 1) (0 secs / 7.821 secs)
WARN: 'NG0914: The application is using zoneless change detection, but is still loading Zone.js. Consider removing Zone.js to get the full benefits of zoneless. In applications using the Angular CLI, Zone.js is typically included in the "polyfills" section of the angular.json file.'
[1A[2KChrome Headless 139.0.0.0 (Windows 10): Executed 749 of 1101[31m (4 FAILED)[39m (skipped 1) (0 secs / 7.823 secs)
[1A[2KWARN: [36m'NG0914: The application is using zoneless change detection, but is still loading Zone.js. Consider removing Zone.js to get the full benefits of zoneless. In applications using the Angular CLI, Zone.js is typically included in the "polyfills" section of the angular.json file.'[39m
Chrome Headless 139.0.0.0 (Windows 10): Executed 749 of 1101[31m (4 FAILED)[39m (skipped 1) (0 secs / 7.823 secs)
WARN: 'NG0914: The application is using zoneless change detection, but is still loading Zone.js. Consider removing Zone.js to get the full benefits of zoneless. In applications using the Angular CLI, Zone.js is typically included in the "polyfills" section of the angular.json file.'
[1A[2KChrome Headless 139.0.0.0 (Windows 10): Executed 750 of 1101[31m (4 FAILED)[39m (skipped 1) (0 secs / 7.825 secs)
[1A[2KWARN: [36m'NG0914: The application is using zoneless change detection, but is still loading Zone.js. Consider removing Zone.js to get the full benefits of zoneless. In applications using the Angular CLI, Zone.js is typically included in the "polyfills" section of the angular.json file.'[39m
Chrome Headless 139.0.0.0 (Windows 10): Executed 750 of 1101[31m (4 FAILED)[39m (skipped 1) (0 secs / 7.825 secs)
WARN: 'NG0914: The application is using zoneless change detection, but is still loading Zone.js. Consider removing Zone.js to get the full benefits of zoneless. In applications using the Angular CLI, Zone.js is typically included in the "polyfills" section of the angular.json file.'
[1A[2KChrome Headless 139.0.0.0 (Windows 10): Executed 751 of 1101[31m (4 FAILED)[39m (skipped 1) (0 secs / 7.827 secs)
[1A[2KWARN: [36m'NG0914: The application is using zoneless change detection, but is still loading Zone.js. Consider removing Zone.js to get the full benefits of zoneless. In applications using the Angular CLI, Zone.js is typically included in the "polyfills" section of the angular.json file.'[39m
Chrome Headless 139.0.0.0 (Windows 10): Executed 751 of 1101[31m (4 FAILED)[39m (skipped 1) (0 secs / 7.827 secs)
WARN: 'NG0914: The application is using zoneless change detection, but is still loading Zone.js. Consider removing Zone.js to get the full benefits of zoneless. In applications using the Angular CLI, Zone.js is typically included in the "polyfills" section of the angular.json file.'
[1A[2KChrome Headless 139.0.0.0 (Windows 10): Executed 752 of 1101[31m (4 FAILED)[39m (skipped 1) (0 secs / 7.829 secs)
[1A[2KWARN: [36m'NG0914: The application is using zoneless change detection, but is still loading Zone.js. Consider removing Zone.js to get the full benefits of zoneless. In applications using the Angular CLI, Zone.js is typically included in the "polyfills" section of the angular.json file.'[39m
Chrome Headless 139.0.0.0 (Windows 10): Executed 752 of 1101[31m (4 FAILED)[39m (skipped 1) (0 secs / 7.829 secs)
WARN: 'NG0914: The application is using zoneless change detection, but is still loading Zone.js. Consider removing Zone.js to get the full benefits of zoneless. In applications using the Angular CLI, Zone.js is typically included in the "polyfills" section of the angular.json file.'
[1A[2KChrome Headless 139.0.0.0 (Windows 10): Executed 753 of 1101[31m (4 FAILED)[39m (skipped 1) (0 secs / 7.831 secs)
[1A[2KWARN: [36m'NG0914: The application is using zoneless change detection, but is still loading Zone.js. Consider removing Zone.js to get the full benefits of zoneless. In applications using the Angular CLI, Zone.js is typically included in the "polyfills" section of the angular.json file.'[39m
Chrome Headless 139.0.0.0 (Windows 10): Executed 753 of 1101[31m (4 FAILED)[39m (skipped 1) (0 secs / 7.831 secs)
WARN: 'NG0914: The application is using zoneless change detection, but is still loading Zone.js. Consider removing Zone.js to get the full benefits of zoneless. In applications using the Angular CLI, Zone.js is typically included in the "polyfills" section of the angular.json file.'
[1A[2KChrome Headless 139.0.0.0 (Windows 10): Executed 754 of 1101[31m (4 FAILED)[39m (skipped 1) (0 secs / 7.833 secs)
[1A[2KWARN: [36m'NG0914: The application is using zoneless change detection, but is still loading Zone.js. Consider removing Zone.js to get the full benefits of zoneless. In applications using the Angular CLI, Zone.js is typically included in the "polyfills" section of the angular.json file.'[39m
Chrome Headless 139.0.0.0 (Windows 10): Executed 754 of 1101[31m (4 FAILED)[39m (skipped 1) (0 secs / 7.833 secs)
WARN: 'NG0914: The application is using zoneless change detection, but is still loading Zone.js. Consider removing Zone.js to get the full benefits of zoneless. In applications using the Angular CLI, Zone.js is typically included in the "polyfills" section of the angular.json file.'
[1A[2KChrome Headless 139.0.0.0 (Windows 10): Executed 755 of 1101[31m (4 FAILED)[39m (skipped 1) (0 secs / 7.835 secs)
[1A[2KWARN: [36m'NG0914: The application is using zoneless change detection, but is still loading Zone.js. Consider removing Zone.js to get the full benefits of zoneless. In applications using the Angular CLI, Zone.js is typically included in the "polyfills" section of the angular.json file.'[39m
Chrome Headless 139.0.0.0 (Windows 10): Executed 755 of 1101[31m (4 FAILED)[39m (skipped 1) (0 secs / 7.835 secs)
WARN: 'NG0914: The application is using zoneless change detection, but is still loading Zone.js. Consider removing Zone.js to get the full benefits of zoneless. In applications using the Angular CLI, Zone.js is typically included in the "polyfills" section of the angular.json file.'
[1A[2KChrome Headless 139.0.0.0 (Windows 10): Executed 756 of 1101[31m (4 FAILED)[39m (skipped 1) (0 secs / 7.837 secs)
[1A[2KWARN: [36m'NG0914: The application is using zoneless change detection, but is still loading Zone.js. Consider removing Zone.js to get the full benefits of zoneless. In applications using the Angular CLI, Zone.js is typically included in the "polyfills" section of the angular.json file.'[39m
Chrome Headless 139.0.0.0 (Windows 10): Executed 756 of 1101[31m (4 FAILED)[39m (skipped 1) (0 secs / 7.837 secs)
WARN: 'NG0914: The application is using zoneless change detection, but is still loading Zone.js. Consider removing Zone.js to get the full benefits of zoneless. In applications using the Angular CLI, Zone.js is typically included in the "polyfills" section of the angular.json file.'
[1A[2KChrome Headless 139.0.0.0 (Windows 10): Executed 757 of 1101[31m (4 FAILED)[39m (skipped 1) (0 secs / 7.839 secs)
[1A[2KWARN: [36m'NG0914: The application is using zoneless change detection, but is still loading Zone.js. Consider removing Zone.js to get the full benefits of zoneless. In applications using the Angular CLI, Zone.js is typically included in the "polyfills" section of the angular.json file.'[39m
Chrome Headless 139.0.0.0 (Windows 10): Executed 757 of 1101[31m (4 FAILED)[39m (skipped 1) (0 secs / 7.839 secs)
WARN: 'NG0914: The application is using zoneless change detection, but is still loading Zone.js. Consider removing Zone.js to get the full benefits of zoneless. In applications using the Angular CLI, Zone.js is typically included in the "polyfills" section of the angular.json file.'
[1A[2KChrome Headless 139.0.0.0 (Windows 10): Executed 758 of 1101[31m (4 FAILED)[39m (skipped 1) (0 secs / 7.843 secs)
[1A[2KWARN: [36m'NG0914: The application is using zoneless change detection, but is still loading Zone.js. Consider removing Zone.js to get the full benefits of zoneless. In applications using the Angular CLI, Zone.js is typically included in the "polyfills" section of the angular.json file.'[39m
Chrome Headless 139.0.0.0 (Windows 10): Executed 758 of 1101[31m (4 FAILED)[39m (skipped 1) (0 secs / 7.843 secs)
WARN: 'NG0914: The application is using zoneless change detection, but is still loading Zone.js. Consider removing Zone.js to get the full benefits of zoneless. In applications using the Angular CLI, Zone.js is typically included in the "polyfills" section of the angular.json file.'
[1A[2KChrome Headless 139.0.0.0 (Windows 10): Executed 759 of 1101[31m (4 FAILED)[39m (skipped 1) (0 secs / 7.847 secs)
[1A[2KWARN: [36m'NG0914: The application is using zoneless change detection, but is still loading Zone.js. Consider removing Zone.js to get the full benefits of zoneless. In applications using the Angular CLI, Zone.js is typically included in the "polyfills" section of the angular.json file.'[39m
Chrome Headless 139.0.0.0 (Windows 10): Executed 759 of 1101[31m (4 FAILED)[39m (skipped 1) (0 secs / 7.847 secs)
WARN: 'NG0914: The application is using zoneless change detection, but is still loading Zone.js. Consider removing Zone.js to get the full benefits of zoneless. In applications using the Angular CLI, Zone.js is typically included in the "polyfills" section of the angular.json file.'
[1A[2KChrome Headless 139.0.0.0 (Windows 10): Executed 760 of 1101[31m (4 FAILED)[39m (skipped 1) (0 secs / 7.85 secs)
[1A[2KWARN: [36m'NG0914: The application is using zoneless change detection, but is still loading Zone.js. Consider removing Zone.js to get the full benefits of zoneless. In applications using the Angular CLI, Zone.js is typically included in the "polyfills" section of the angular.json file.'[39m
Chrome Headless 139.0.0.0 (Windows 10): Executed 760 of 1101[31m (4 FAILED)[39m (skipped 1) (0 secs / 7.85 secs)
WARN: 'NG0914: The application is using zoneless change detection, but is still loading Zone.js. Consider removing Zone.js to get the full benefits of zoneless. In applications using the Angular CLI, Zone.js is typically included in the "polyfills" section of the angular.json file.'
[1A[2KChrome Headless 139.0.0.0 (Windows 10): Executed 761 of 1101[31m (4 FAILED)[39m (skipped 1) (0 secs / 7.854 secs)
[1A[2KWARN: [36m'NG0914: The application is using zoneless change detection, but is still loading Zone.js. Consider removing Zone.js to get the full benefits of zoneless. In applications using the Angular CLI, Zone.js is typically included in the "polyfills" section of the angular.json file.'[39m
Chrome Headless 139.0.0.0 (Windows 10): Executed 761 of 1101[31m (4 FAILED)[39m (skipped 1) (0 secs / 7.854 secs)
WARN: 'NG0914: The application is using zoneless change detection, but is still loading Zone.js. Consider removing Zone.js to get the full benefits of zoneless. In applications using the Angular CLI, Zone.js is typically included in the "polyfills" section of the angular.json file.'
[1A[2KChrome Headless 139.0.0.0 (Windows 10): Executed 762 of 1101[31m (4 FAILED)[39m (skipped 1) (0 secs / 7.857 secs)
[1A[2KWARN: [36m'NG0914: The application is using zoneless change detection, but is still loading Zone.js. Consider removing Zone.js to get the full benefits of zoneless. In applications using the Angular CLI, Zone.js is typically included in the "polyfills" section of the angular.json file.'[39m
Chrome Headless 139.0.0.0 (Windows 10): Executed 762 of 1101[31m (4 FAILED)[39m (skipped 1) (0 secs / 7.857 secs)
WARN: 'NG0914: The application is using zoneless change detection, but is still loading Zone.js. Consider removing Zone.js to get the full benefits of zoneless. In applications using the Angular CLI, Zone.js is typically included in the "polyfills" section of the angular.json file.'
[1A[2KChrome Headless 139.0.0.0 (Windows 10): Executed 763 of 1101[31m (4 FAILED)[39m (skipped 1) (0 secs / 7.861 secs)
[1A[2KWARN: [36m'NG0914: The application is using zoneless change detection, but is still loading Zone.js. Consider removing Zone.js to get the full benefits of zoneless. In applications using the Angular CLI, Zone.js is typically included in the "polyfills" section of the angular.json file.'[39m
Chrome Headless 139.0.0.0 (Windows 10): Executed 763 of 1101[31m (4 FAILED)[39m (skipped 1) (0 secs / 7.861 secs)
WARN: 'NG0914: The application is using zoneless change detection, but is still loading Zone.js. Consider removing Zone.js to get the full benefits of zoneless. In applications using the Angular CLI, Zone.js is typically included in the "polyfills" section of the angular.json file.'
[1A[2KChrome Headless 139.0.0.0 (Windows 10): Executed 764 of 1101[31m (4 FAILED)[39m (skipped 1) (0 secs / 7.863 secs)
[1A[2KWARN: [36m'NG0914: The application is using zoneless change detection, but is still loading Zone.js. Consider removing Zone.js to get the full benefits of zoneless. In applications using the Angular CLI, Zone.js is typically included in the "polyfills" section of the angular.json file.'[39m
Chrome Headless 139.0.0.0 (Windows 10): Executed 764 of 1101[31m (4 FAILED)[39m (skipped 1) (0 secs / 7.863 secs)
WARN: 'NG0914: The application is using zoneless change detection, but is still loading Zone.js. Consider removing Zone.js to get the full benefits of zoneless. In applications using the Angular CLI, Zone.js is typically included in the "polyfills" section of the angular.json file.'
[1A[2KChrome Headless 139.0.0.0 (Windows 10): Executed 765 of 1101[31m (4 FAILED)[39m (skipped 1) (0 secs / 7.865 secs)
[1A[2KWARN: [36m'NG0914: The application is using zoneless change detection, but is still loading Zone.js. Consider removing Zone.js to get the full benefits of zoneless. In applications using the Angular CLI, Zone.js is typically included in the "polyfills" section of the angular.json file.'[39m
Chrome Headless 139.0.0.0 (Windows 10): Executed 765 of 1101[31m (4 FAILED)[39m (skipped 1) (0 secs / 7.865 secs)
WARN: 'NG0914: The application is using zoneless change detection, but is still loading Zone.js. Consider removing Zone.js to get the full benefits of zoneless. In applications using the Angular CLI, Zone.js is typically included in the "polyfills" section of the angular.json file.'
[1A[2KChrome Headless 139.0.0.0 (Windows 10): Executed 766 of 1101[31m (4 FAILED)[39m (skipped 1) (0 secs / 7.868 secs)
[1A[2KWARN: [36m'NG0914: The application is using zoneless change detection, but is still loading Zone.js. Consider removing Zone.js to get the full benefits of zoneless. In applications using the Angular CLI, Zone.js is typically included in the "polyfills" section of the angular.json file.'[39m
Chrome Headless 139.0.0.0 (Windows 10): Executed 766 of 1101[31m (4 FAILED)[39m (skipped 1) (0 secs / 7.868 secs)
WARN: 'NG0914: The application is using zoneless change detection, but is still loading Zone.js. Consider removing Zone.js to get the full benefits of zoneless. In applications using the Angular CLI, Zone.js is typically included in the "polyfills" section of the angular.json file.'
[1A[2KChrome Headless 139.0.0.0 (Windows 10): Executed 767 of 1101[31m (4 FAILED)[39m (skipped 1) (0 secs / 7.871 secs)
[1A[2KWARN: [36m'NG0914: The application is using zoneless change detection, but is still loading Zone.js. Consider removing Zone.js to get the full benefits of zoneless. In applications using the Angular CLI, Zone.js is typically included in the "polyfills" section of the angular.json file.'[39m
Chrome Headless 139.0.0.0 (Windows 10): Executed 767 of 1101[31m (4 FAILED)[39m (skipped 1) (0 secs / 7.871 secs)
WARN: 'NG0914: The application is using zoneless change detection, but is still loading Zone.js. Consider removing Zone.js to get the full benefits of zoneless. In applications using the Angular CLI, Zone.js is typically included in the "polyfills" section of the angular.json file.'
[1A[2KChrome Headless 139.0.0.0 (Windows 10): Executed 768 of 1101[31m (4 FAILED)[39m (skipped 1) (0 secs / 7.874 secs)
[1A[2KWARN: [36m'NG0914: The application is using zoneless change detection, but is still loading Zone.js. Consider removing Zone.js to get the full benefits of zoneless. In applications using the Angular CLI, Zone.js is typically included in the "polyfills" section of the angular.json file.'[39m
Chrome Headless 139.0.0.0 (Windows 10): Executed 768 of 1101[31m (4 FAILED)[39m (skipped 1) (0 secs / 7.874 secs)
WARN: 'NG0914: The application is using zoneless change detection, but is still loading Zone.js. Consider removing Zone.js to get the full benefits of zoneless. In applications using the Angular CLI, Zone.js is typically included in the "polyfills" section of the angular.json file.'
[1A[2KChrome Headless 139.0.0.0 (Windows 10): Executed 769 of 1101[31m (4 FAILED)[39m (skipped 1) (0 secs / 7.877 secs)
[1A[2KWARN: [36m'NG0914: The application is using zoneless change detection, but is still loading Zone.js. Consider removing Zone.js to get the full benefits of zoneless. In applications using the Angular CLI, Zone.js is typically included in the "polyfills" section of the angular.json file.'[39m
Chrome Headless 139.0.0.0 (Windows 10): Executed 769 of 1101[31m (4 FAILED)[39m (skipped 1) (0 secs / 7.877 secs)
WARN: 'NG0914: The application is using zoneless change detection, but is still loading Zone.js. Consider removing Zone.js to get the full benefits of zoneless. In applications using the Angular CLI, Zone.js is typically included in the "polyfills" section of the angular.json file.'
[1A[2KChrome Headless 139.0.0.0 (Windows 10): Executed 770 of 1101[31m (4 FAILED)[39m (skipped 1) (0 secs / 7.879 secs)
[1A[2KWARN: [36m'NG0914: The application is using zoneless change detection, but is still loading Zone.js. Consider removing Zone.js to get the full benefits of zoneless. In applications using the Angular CLI, Zone.js is typically included in the "polyfills" section of the angular.json file.'[39m
Chrome Headless 139.0.0.0 (Windows 10): Executed 770 of 1101[31m (4 FAILED)[39m (skipped 1) (0 secs / 7.879 secs)
WARN: 'NG0914: The application is using zoneless change detection, but is still loading Zone.js. Consider removing Zone.js to get the full benefits of zoneless. In applications using the Angular CLI, Zone.js is typically included in the "polyfills" section of the angular.json file.'
[1A[2KChrome Headless 139.0.0.0 (Windows 10): Executed 771 of 1101[31m (4 FAILED)[39m (skipped 1) (0 secs / 7.882 secs)
[1A[2KWARN: [36m'NG0914: The application is using zoneless change detection, but is still loading Zone.js. Consider removing Zone.js to get the full benefits of zoneless. In applications using the Angular CLI, Zone.js is typically included in the "polyfills" section of the angular.json file.'[39m
Chrome Headless 139.0.0.0 (Windows 10): Executed 771 of 1101[31m (4 FAILED)[39m (skipped 1) (0 secs / 7.882 secs)
WARN: 'NG0914: The application is using zoneless change detection, but is still loading Zone.js. Consider removing Zone.js to get the full benefits of zoneless. In applications using the Angular CLI, Zone.js is typically included in the "polyfills" section of the angular.json file.'
[1A[2KChrome Headless 139.0.0.0 (Windows 10): Executed 772 of 1101[31m (4 FAILED)[39m (skipped 1) (0 secs / 7.885 secs)
[1A[2KWARN: [36m'NG0914: The application is using zoneless change detection, but is still loading Zone.js. Consider removing Zone.js to get the full benefits of zoneless. In applications using the Angular CLI, Zone.js is typically included in the "polyfills" section of the angular.json file.'[39m
Chrome Headless 139.0.0.0 (Windows 10): Executed 772 of 1101[31m (4 FAILED)[39m (skipped 1) (0 secs / 7.885 secs)
WARN: 'NG0914: The application is using zoneless change detection, but is still loading Zone.js. Consider removing Zone.js to get the full benefits of zoneless. In applications using the Angular CLI, Zone.js is typically included in the "polyfills" section of the angular.json file.'
[1A[2KChrome Headless 139.0.0.0 (Windows 10): Executed 773 of 1101[31m (4 FAILED)[39m (skipped 1) (0 secs / 7.888 secs)
[1A[2KWARN: [36m'NG0914: The application is using zoneless change detection, but is still loading Zone.js. Consider removing Zone.js to get the full benefits of zoneless. In applications using the Angular CLI, Zone.js is typically included in the "polyfills" section of the angular.json file.'[39m
Chrome Headless 139.0.0.0 (Windows 10): Executed 773 of 1101[31m (4 FAILED)[39m (skipped 1) (0 secs / 7.888 secs)
WARN: 'NG0914: The application is using zoneless change detection, but is still loading Zone.js. Consider removing Zone.js to get the full benefits of zoneless. In applications using the Angular CLI, Zone.js is typically included in the "polyfills" section of the angular.json file.'
[1A[2KChrome Headless 139.0.0.0 (Windows 10): Executed 774 of 1101[31m (4 FAILED)[39m (skipped 1) (0 secs / 7.891 secs)
[1A[2KWARN: [36m'NG0914: The application is using zoneless change detection, but is still loading Zone.js. Consider removing Zone.js to get the full benefits of zoneless. In applications using the Angular CLI, Zone.js is typically included in the "polyfills" section of the angular.json file.'[39m
Chrome Headless 139.0.0.0 (Windows 10): Executed 774 of 1101[31m (4 FAILED)[39m (skipped 1) (0 secs / 7.891 secs)
WARN: 'NG0914: The application is using zoneless change detection, but is still loading Zone.js. Consider removing Zone.js to get the full benefits of zoneless. In applications using the Angular CLI, Zone.js is typically included in the "polyfills" section of the angular.json file.'
[1A[2KChrome Headless 139.0.0.0 (Windows 10): Executed 775 of 1101[31m (4 FAILED)[39m (skipped 1) (0 secs / 7.893 secs)
[1A[2KWARN: [36m'NG0914: The application is using zoneless change detection, but is still loading Zone.js. Consider removing Zone.js to get the full benefits of zoneless. In applications using the Angular CLI, Zone.js is typically included in the "polyfills" section of the angular.json file.'[39m
Chrome Headless 139.0.0.0 (Windows 10): Executed 775 of 1101[31m (4 FAILED)[39m (skipped 1) (0 secs / 7.893 secs)
WARN: 'NG0914: The application is using zoneless change detection, but is still loading Zone.js. Consider removing Zone.js to get the full benefits of zoneless. In applications using the Angular CLI, Zone.js is typically included in the "polyfills" section of the angular.json file.'
[1A[2KChrome Headless 139.0.0.0 (Windows 10): Executed 776 of 1101[31m (4 FAILED)[39m (skipped 1) (0 secs / 7.895 secs)
[1A[2KWARN: [36m'NG0914: The application is using zoneless change detection, but is still loading Zone.js. Consider removing Zone.js to get the full benefits of zoneless. In applications using the Angular CLI, Zone.js is typically included in the "polyfills" section of the angular.json file.'[39m
Chrome Headless 139.0.0.0 (Windows 10): Executed 776 of 1101[31m (4 FAILED)[39m (skipped 1) (0 secs / 7.895 secs)
WARN: 'NG0914: The application is using zoneless change detection, but is still loading Zone.js. Consider removing Zone.js to get the full benefits of zoneless. In applications using the Angular CLI, Zone.js is typically included in the "polyfills" section of the angular.json file.'
[1A[2KChrome Headless 139.0.0.0 (Windows 10): Executed 777 of 1101[31m (4 FAILED)[39m (skipped 1) (0 secs / 7.898 secs)
[1A[2KWARN: [36m'NG0914: The application is using zoneless change detection, but is still loading Zone.js. Consider removing Zone.js to get the full benefits of zoneless. In applications using the Angular CLI, Zone.js is typically included in the "polyfills" section of the angular.json file.'[39m
Chrome Headless 139.0.0.0 (Windows 10): Executed 777 of 1101[31m (4 FAILED)[39m (skipped 1) (0 secs / 7.898 secs)
WARN: 'NG0914: The application is using zoneless change detection, but is still loading Zone.js. Consider removing Zone.js to get the full benefits of zoneless. In applications using the Angular CLI, Zone.js is typically included in the "polyfills" section of the angular.json file.'
[1A[2KChrome Headless 139.0.0.0 (Windows 10): Executed 778 of 1101[31m (4 FAILED)[39m (skipped 1) (0 secs / 7.9 secs)
[1A[2KWARN: [36m'NG0914: The application is using zoneless change detection, but is still loading Zone.js. Consider removing Zone.js to get the full benefits of zoneless. In applications using the Angular CLI, Zone.js is typically included in the "polyfills" section of the angular.json file.'[39m
Chrome Headless 139.0.0.0 (Windows 10): Executed 778 of 1101[31m (4 FAILED)[39m (skipped 1) (0 secs / 7.9 secs)
WARN: 'NG0914: The application is using zoneless change detection, but is still loading Zone.js. Consider removing Zone.js to get the full benefits of zoneless. In applications using the Angular CLI, Zone.js is typically included in the "polyfills" section of the angular.json file.'
[1A[2KChrome Headless 139.0.0.0 (Windows 10): Executed 779 of 1101[31m (4 FAILED)[39m (skipped 1) (0 secs / 7.903 secs)
[1A[2KWARN: [36m'NG0914: The application is using zoneless change detection, but is still loading Zone.js. Consider removing Zone.js to get the full benefits of zoneless. In applications using the Angular CLI, Zone.js is typically included in the "polyfills" section of the angular.json file.'[39m
Chrome Headless 139.0.0.0 (Windows 10): Executed 779 of 1101[31m (4 FAILED)[39m (skipped 1) (0 secs / 7.903 secs)
WARN: 'NG0914: The application is using zoneless change detection, but is still loading Zone.js. Consider removing Zone.js to get the full benefits of zoneless. In applications using the Angular CLI, Zone.js is typically included in the "polyfills" section of the angular.json file.'
[1A[2KChrome Headless 139.0.0.0 (Windows 10): Executed 780 of 1101[31m (4 FAILED)[39m (skipped 1) (0 secs / 7.906 secs)
[1A[2KWARN: [36m'NG0914: The application is using zoneless change detection, but is still loading Zone.js. Consider removing Zone.js to get the full benefits of zoneless. In applications using the Angular CLI, Zone.js is typically included in the "polyfills" section of the angular.json file.'[39m
Chrome Headless 139.0.0.0 (Windows 10): Executed 780 of 1101[31m (4 FAILED)[39m (skipped 1) (0 secs / 7.906 secs)
WARN: 'NG0914: The application is using zoneless change detection, but is still loading Zone.js. Consider removing Zone.js to get the full benefits of zoneless. In applications using the Angular CLI, Zone.js is typically included in the "polyfills" section of the angular.json file.'
[1A[2KChrome Headless 139.0.0.0 (Windows 10): Executed 781 of 1101[31m (4 FAILED)[39m (skipped 1) (0 secs / 7.908 secs)
[1A[2KWARN: [36m'NG0914: The application is using zoneless change detection, but is still loading Zone.js. Consider removing Zone.js to get the full benefits of zoneless. In applications using the Angular CLI, Zone.js is typically included in the "polyfills" section of the angular.json file.'[39m
Chrome Headless 139.0.0.0 (Windows 10): Executed 781 of 1101[31m (4 FAILED)[39m (skipped 1) (0 secs / 7.908 secs)
WARN: 'NG0914: The application is using zoneless change detection, but is still loading Zone.js. Consider removing Zone.js to get the full benefits of zoneless. In applications using the Angular CLI, Zone.js is typically included in the "polyfills" section of the angular.json file.'
[1A[2KChrome Headless 139.0.0.0 (Windows 10): Executed 782 of 1101[31m (4 FAILED)[39m (skipped 1) (0 secs / 7.91 secs)
[1A[2KWARN: [36m'NG0914: The application is using zoneless change detection, but is still loading Zone.js. Consider removing Zone.js to get the full benefits of zoneless. In applications using the Angular CLI, Zone.js is typically included in the "polyfills" section of the angular.json file.'[39m
Chrome Headless 139.0.0.0 (Windows 10): Executed 782 of 1101[31m (4 FAILED)[39m (skipped 1) (0 secs / 7.91 secs)
WARN: 'NG0914: The application is using zoneless change detection, but is still loading Zone.js. Consider removing Zone.js to get the full benefits of zoneless. In applications using the Angular CLI, Zone.js is typically included in the "polyfills" section of the angular.json file.'
[1A[2KChrome Headless 139.0.0.0 (Windows 10): Executed 783 of 1101[31m (4 FAILED)[39m (skipped 1) (0 secs / 7.913 secs)
[1A[2KWARN: [36m'NG0914: The application is using zoneless change detection, but is still loading Zone.js. Consider removing Zone.js to get the full benefits of zoneless. In applications using the Angular CLI, Zone.js is typically included in the "polyfills" section of the angular.json file.'[39m
Chrome Headless 139.0.0.0 (Windows 10): Executed 783 of 1101[31m (4 FAILED)[39m (skipped 1) (0 secs / 7.913 secs)
WARN: 'NG0914: The application is using zoneless change detection, but is still loading Zone.js. Consider removing Zone.js to get the full benefits of zoneless. In applications using the Angular CLI, Zone.js is typically included in the "polyfills" section of the angular.json file.'
[1A[2KChrome Headless 139.0.0.0 (Windows 10): Executed 784 of 1101[31m (4 FAILED)[39m (skipped 1) (0 secs / 7.916 secs)
[1A[2KWARN: [36m'NG0914: The application is using zoneless change detection, but is still loading Zone.js. Consider removing Zone.js to get the full benefits of zoneless. In applications using the Angular CLI, Zone.js is typically included in the "polyfills" section of the angular.json file.'[39m
Chrome Headless 139.0.0.0 (Windows 10): Executed 784 of 1101[31m (4 FAILED)[39m (skipped 1) (0 secs / 7.916 secs)
WARN: 'NG0914: The application is using zoneless change detection, but is still loading Zone.js. Consider removing Zone.js to get the full benefits of zoneless. In applications using the Angular CLI, Zone.js is typically included in the "polyfills" section of the angular.json file.'
[1A[2KChrome Headless 139.0.0.0 (Windows 10): Executed 785 of 1101[31m (4 FAILED)[39m (skipped 1) (0 secs / 7.919 secs)
[1A[2KWARN: [36m'NG0914: The application is using zoneless change detection, but is still loading Zone.js. Consider removing Zone.js to get the full benefits of zoneless. In applications using the Angular CLI, Zone.js is typically included in the "polyfills" section of the angular.json file.'[39m
Chrome Headless 139.0.0.0 (Windows 10): Executed 785 of 1101[31m (4 FAILED)[39m (skipped 1) (0 secs / 7.919 secs)
WARN: 'NG0914: The application is using zoneless change detection, but is still loading Zone.js. Consider removing Zone.js to get the full benefits of zoneless. In applications using the Angular CLI, Zone.js is typically included in the "polyfills" section of the angular.json file.'
[1A[2KChrome Headless 139.0.0.0 (Windows 10): Executed 786 of 1101[31m (4 FAILED)[39m (skipped 1) (0 secs / 7.923 secs)
[1A[2KWARN: [36m'NG0914: The application is using zoneless change detection, but is still loading Zone.js. Consider removing Zone.js to get the full benefits of zoneless. In applications using the Angular CLI, Zone.js is typically included in the "polyfills" section of the angular.json file.'[39m
Chrome Headless 139.0.0.0 (Windows 10): Executed 786 of 1101[31m (4 FAILED)[39m (skipped 1) (0 secs / 7.923 secs)
WARN: 'NG0914: The application is using zoneless change detection, but is still loading Zone.js. Consider removing Zone.js to get the full benefits of zoneless. In applications using the Angular CLI, Zone.js is typically included in the "polyfills" section of the angular.json file.'
[1A[2KChrome Headless 139.0.0.0 (Windows 10): Executed 787 of 1101[31m (4 FAILED)[39m (skipped 1) (0 secs / 7.926 secs)
[1A[2KWARN: [36m'NG0914: The application is using zoneless change detection, but is still loading Zone.js. Consider removing Zone.js to get the full benefits of zoneless. In applications using the Angular CLI, Zone.js is typically included in the "polyfills" section of the angular.json file.'[39m
Chrome Headless 139.0.0.0 (Windows 10): Executed 787 of 1101[31m (4 FAILED)[39m (skipped 1) (0 secs / 7.926 secs)
WARN: 'NG0914: The application is using zoneless change detection, but is still loading Zone.js. Consider removing Zone.js to get the full benefits of zoneless. In applications using the Angular CLI, Zone.js is typically included in the "polyfills" section of the angular.json file.'
[1A[2KChrome Headless 139.0.0.0 (Windows 10): Executed 788 of 1101[31m (4 FAILED)[39m (skipped 1) (0 secs / 7.929 secs)
[1A[2KWARN: [36m'NG0914: The application is using zoneless change detection, but is still loading Zone.js. Consider removing Zone.js to get the full benefits of zoneless. In applications using the Angular CLI, Zone.js is typically included in the "polyfills" section of the angular.json file.'[39m
Chrome Headless 139.0.0.0 (Windows 10): Executed 788 of 1101[31m (4 FAILED)[39m (skipped 1) (0 secs / 7.929 secs)
WARN: 'NG0914: The application is using zoneless change detection, but is still loading Zone.js. Consider removing Zone.js to get the full benefits of zoneless. In applications using the Angular CLI, Zone.js is typically included in the "polyfills" section of the angular.json file.'
[1A[2KChrome Headless 139.0.0.0 (Windows 10): Executed 789 of 1101[31m (4 FAILED)[39m (skipped 1) (0 secs / 7.931 secs)
[1A[2KWARN: [36m'NG0914: The application is using zoneless change detection, but is still loading Zone.js. Consider removing Zone.js to get the full benefits of zoneless. In applications using the Angular CLI, Zone.js is typically included in the "polyfills" section of the angular.json file.'[39m
Chrome Headless 139.0.0.0 (Windows 10): Executed 789 of 1101[31m (4 FAILED)[39m (skipped 1) (0 secs / 7.931 secs)
WARN: 'NG0914: The application is using zoneless change detection, but is still loading Zone.js. Consider removing Zone.js to get the full benefits of zoneless. In applications using the Angular CLI, Zone.js is typically included in the "polyfills" section of the angular.json file.'
[1A[2KChrome Headless 139.0.0.0 (Windows 10): Executed 790 of 1101[31m (4 FAILED)[39m (skipped 1) (0 secs / 7.934 secs)
[1A[2KWARN: [36m'NG0914: The application is using zoneless change detection, but is still loading Zone.js. Consider removing Zone.js to get the full benefits of zoneless. In applications using the Angular CLI, Zone.js is typically included in the "polyfills" section of the angular.json file.'[39m
Chrome Headless 139.0.0.0 (Windows 10): Executed 790 of 1101[31m (4 FAILED)[39m (skipped 1) (0 secs / 7.934 secs)
WARN: 'NG0914: The application is using zoneless change detection, but is still loading Zone.js. Consider removing Zone.js to get the full benefits of zoneless. In applications using the Angular CLI, Zone.js is typically included in the "polyfills" section of the angular.json file.'
[1A[2KChrome Headless 139.0.0.0 (Windows 10): Executed 791 of 1101[31m (4 FAILED)[39m (skipped 1) (0 secs / 7.936 secs)
[1A[2KWARN: [36m'NG0914: The application is using zoneless change detection, but is still loading Zone.js. Consider removing Zone.js to get the full benefits of zoneless. In applications using the Angular CLI, Zone.js is typically included in the "polyfills" section of the angular.json file.'[39m
Chrome Headless 139.0.0.0 (Windows 10): Executed 791 of 1101[31m (4 FAILED)[39m (skipped 1) (0 secs / 7.936 secs)
WARN: 'NG0914: The application is using zoneless change detection, but is still loading Zone.js. Consider removing Zone.js to get the full benefits of zoneless. In applications using the Angular CLI, Zone.js is typically included in the "polyfills" section of the angular.json file.'
[1A[2KChrome Headless 139.0.0.0 (Windows 10): Executed 792 of 1101[31m (4 FAILED)[39m (skipped 1) (0 secs / 7.937 secs)
[1A[2KWARN: [36m'NG0914: The application is using zoneless change detection, but is still loading Zone.js. Consider removing Zone.js to get the full benefits of zoneless. In applications using the Angular CLI, Zone.js is typically included in the "polyfills" section of the angular.json file.'[39m
Chrome Headless 139.0.0.0 (Windows 10): Executed 792 of 1101[31m (4 FAILED)[39m (skipped 1) (0 secs / 7.937 secs)
WARN: 'NG0914: The application is using zoneless change detection, but is still loading Zone.js. Consider removing Zone.js to get the full benefits of zoneless. In applications using the Angular CLI, Zone.js is typically included in the "polyfills" section of the angular.json file.'
[1A[2KChrome Headless 139.0.0.0 (Windows 10): Executed 793 of 1101[31m (4 FAILED)[39m (skipped 1) (0 secs / 7.939 secs)
[1A[2KWARN: [36m'NG0914: The application is using zoneless change detection, but is still loading Zone.js. Consider removing Zone.js to get the full benefits of zoneless. In applications using the Angular CLI, Zone.js is typically included in the "polyfills" section of the angular.json file.'[39m
Chrome Headless 139.0.0.0 (Windows 10): Executed 793 of 1101[31m (4 FAILED)[39m (skipped 1) (0 secs / 7.939 secs)
WARN: 'NG0914: The application is using zoneless change detection, but is still loading Zone.js. Consider removing Zone.js to get the full benefits of zoneless. In applications using the Angular CLI, Zone.js is typically included in the "polyfills" section of the angular.json file.'
[1A[2KChrome Headless 139.0.0.0 (Windows 10): Executed 794 of 1101[31m (4 FAILED)[39m (skipped 1) (0 secs / 7.941 secs)
[1A[2KWARN: [36m'NG0914: The application is using zoneless change detection, but is still loading Zone.js. Consider removing Zone.js to get the full benefits of zoneless. In applications using the Angular CLI, Zone.js is typically included in the "polyfills" section of the angular.json file.'[39m
Chrome Headless 139.0.0.0 (Windows 10): Executed 794 of 1101[31m (4 FAILED)[39m (skipped 1) (0 secs / 7.941 secs)
WARN: 'NG0914: The application is using zoneless change detection, but is still loading Zone.js. Consider removing Zone.js to get the full benefits of zoneless. In applications using the Angular CLI, Zone.js is typically included in the "polyfills" section of the angular.json file.'
[1A[2KChrome Headless 139.0.0.0 (Windows 10): Executed 795 of 1101[31m (4 FAILED)[39m (skipped 1) (0 secs / 7.944 secs)
[1A[2KWARN: [36m'NG0914: The application is using zoneless change detection, but is still loading Zone.js. Consider removing Zone.js to get the full benefits of zoneless. In applications using the Angular CLI, Zone.js is typically included in the "polyfills" section of the angular.json file.'[39m
Chrome Headless 139.0.0.0 (Windows 10): Executed 795 of 1101[31m (4 FAILED)[39m (skipped 1) (0 secs / 7.944 secs)
WARN: 'NG0914: The application is using zoneless change detection, but is still loading Zone.js. Consider removing Zone.js to get the full benefits of zoneless. In applications using the Angular CLI, Zone.js is typically included in the "polyfills" section of the angular.json file.'
[1A[2KChrome Headless 139.0.0.0 (Windows 10): Executed 796 of 1101[31m (4 FAILED)[39m (skipped 1) (0 secs / 7.947 secs)
[1A[2KWARN: [36m'NG0914: The application is using zoneless change detection, but is still loading Zone.js. Consider removing Zone.js to get the full benefits of zoneless. In applications using the Angular CLI, Zone.js is typically included in the "polyfills" section of the angular.json file.'[39m
Chrome Headless 139.0.0.0 (Windows 10): Executed 796 of 1101[31m (4 FAILED)[39m (skipped 1) (0 secs / 7.947 secs)
WARN: 'NG0914: The application is using zoneless change detection, but is still loading Zone.js. Consider removing Zone.js to get the full benefits of zoneless. In applications using the Angular CLI, Zone.js is typically included in the "polyfills" section of the angular.json file.'
[1A[2KChrome Headless 139.0.0.0 (Windows 10): Executed 797 of 1101[31m (4 FAILED)[39m (skipped 1) (0 secs / 7.95 secs)
[1A[2KChrome Headless 139.0.0.0 (Windows 10): Executed 798 of 1101[31m (4 FAILED)[39m (skipped 1) (0 secs / 7.953 secs)
[1A[2KChrome Headless 139.0.0.0 (Windows 10): Executed 799 of 1101[31m (4 FAILED)[39m (skipped 1) (0 secs / 7.955 secs)
[1A[2KChrome Headless 139.0.0.0 (Windows 10): Executed 800 of 1101[31m (4 FAILED)[39m (skipped 1) (0 secs / 7.957 secs)
[1A[2KChrome Headless 139.0.0.0 (Windows 10): Executed 801 of 1101[31m (4 FAILED)[39m (skipped 1) (0 secs / 7.959 secs)
[1A[2KChrome Headless 139.0.0.0 (Windows 10): Executed 802 of 1101[31m (4 FAILED)[39m (skipped 1) (0 secs / 7.977 secs)
[1A[2KChrome Headless 139.0.0.0 (Windows 10): Executed 803 of 1101[31m (4 FAILED)[39m (skipped 1) (0 secs / 7.979 secs)
[1A[2KChrome Headless 139.0.0.0 (Windows 10): Executed 804 of 1101[31m (4 FAILED)[39m (skipped 1) (0 secs / 7.982 secs)
[1A[2KChrome Headless 139.0.0.0 (Windows 10): Executed 805 of 1101[31m (4 FAILED)[39m (skipped 1) (0 secs / 7.984 secs)
[1A[2KChrome Headless 139.0.0.0 (Windows 10): Executed 806 of 1101[31m (4 FAILED)[39m (skipped 1) (0 secs / 7.994 secs)
[1A[2KChrome Headless 139.0.0.0 (Windows 10): Executed 807 of 1101[31m (4 FAILED)[39m (skipped 1) (0 secs / 7.996 secs)
[1A[2KChrome Headless 139.0.0.0 (Windows 10): Executed 808 of 1101[31m (4 FAILED)[39m (skipped 1) (0 secs / 7.998 secs)
[1A[2KChrome Headless 139.0.0.0 (Windows 10): Executed 809 of 1101[31m (4 FAILED)[39m (skipped 1) (0 secs / 8 secs)
[1A[2KChrome Headless 139.0.0.0 (Windows 10): Executed 810 of 1101[31m (4 FAILED)[39m (skipped 1) (0 secs / 8.002 secs)
[1A[2KChrome Headless 139.0.0.0 (Windows 10): Executed 811 of 1101[31m (4 FAILED)[39m (skipped 1) (0 secs / 8.004 secs)
[1A[2KChrome Headless 139.0.0.0 (Windows 10): Executed 812 of 1101[31m (4 FAILED)[39m (skipped 1) (0 secs / 8.006 secs)
[1A[2KChrome Headless 139.0.0.0 (Windows 10): Executed 813 of 1101[31m (4 FAILED)[39m (skipped 1) (0 secs / 8.071 secs)
[1A[2KChrome Headless 139.0.0.0 (Windows 10): Executed 814 of 1101[31m (4 FAILED)[39m (skipped 1) (0 secs / 8.08 secs)
[1A[2KChrome Headless 139.0.0.0 (Windows 10): Executed 815 of 1101[31m (4 FAILED)[39m (skipped 1) (0 secs / 8.09 secs)
[1A[2KChrome Headless 139.0.0.0 (Windows 10): Executed 816 of 1101[31m (4 FAILED)[39m (skipped 1) (0 secs / 8.101 secs)
[1A[2KChrome Headless 139.0.0.0 (Windows 10): Executed 817 of 1101[31m (4 FAILED)[39m (skipped 1) (0 secs / 8.112 secs)
[1A[2KChrome Headless 139.0.0.0 (Windows 10): Executed 818 of 1101[31m (4 FAILED)[39m (skipped 1) (0 secs / 8.123 secs)
[1A[2KChrome Headless 139.0.0.0 (Windows 10): Executed 819 of 1101[31m (4 FAILED)[39m (skipped 1) (0 secs / 8.134 secs)
[1A[2KChrome Headless 139.0.0.0 (Windows 10): Executed 820 of 1101[31m (4 FAILED)[39m (skipped 1) (0 secs / 8.144 secs)
[1A[2KChrome Headless 139.0.0.0 (Windows 10): Executed 821 of 1101[31m (4 FAILED)[39m (skipped 1) (0 secs / 8.156 secs)
[1A[2KChrome Headless 139.0.0.0 (Windows 10): Executed 822 of 1101[31m (4 FAILED)[39m (skipped 1) (0 secs / 8.168 secs)
[1A[2KChrome Headless 139.0.0.0 (Windows 10): Executed 823 of 1101[31m (4 FAILED)[39m (skipped 1) (0 secs / 8.177 secs)
[1A[2KChrome Headless 139.0.0.0 (Windows 10): Executed 824 of 1101[31m (4 FAILED)[39m (skipped 1) (0 secs / 8.189 secs)
[1A[2KChrome Headless 139.0.0.0 (Windows 10): Executed 825 of 1101[31m (4 FAILED)[39m (skipped 1) (0 secs / 8.208 secs)
[1A[2KChrome Headless 139.0.0.0 (Windows 10): Executed 826 of 1101[31m (4 FAILED)[39m (skipped 1) (0 secs / 8.22 secs)
[1A[2KChrome Headless 139.0.0.0 (Windows 10): Executed 827 of 1101[31m (4 FAILED)[39m (skipped 1) (0 secs / 8.23 secs)
[1A[2KChrome Headless 139.0.0.0 (Windows 10): Executed 828 of 1101[31m (4 FAILED)[39m (skipped 1) (0 secs / 8.243 secs)
[1A[2KChrome Headless 139.0.0.0 (Windows 10): Executed 829 of 1101[31m (4 FAILED)[39m (skipped 1) (0 secs / 8.255 secs)
[1A[2KChrome Headless 139.0.0.0 (Windows 10): Executed 830 of 1101[31m (4 FAILED)[39m (skipped 1) (0 secs / 8.267 secs)
[1A[2KChrome Headless 139.0.0.0 (Windows 10): Executed 831 of 1101[31m (4 FAILED)[39m (skipped 1) (0 secs / 8.275 secs)
[1A[2KChrome Headless 139.0.0.0 (Windows 10): Executed 832 of 1101[31m (4 FAILED)[39m (skipped 1) (0 secs / 8.286 secs)
[1A[2KChrome Headless 139.0.0.0 (Windows 10): Executed 833 of 1101[31m (4 FAILED)[39m (skipped 1) (0 secs / 8.295 secs)
[1A[2KChrome Headless 139.0.0.0 (Windows 10): Executed 834 of 1101[31m (4 FAILED)[39m (skipped 1) (0 secs / 8.306 secs)
[1A[2KChrome Headless 139.0.0.0 (Windows 10): Executed 835 of 1101[31m (4 FAILED)[39m (skipped 1) (0 secs / 8.313 secs)
[1A[2KChrome Headless 139.0.0.0 (Windows 10): Executed 836 of 1101[31m (4 FAILED)[39m (skipped 1) (0 secs / 8.321 secs)
[1A[2KChrome Headless 139.0.0.0 (Windows 10): Executed 837 of 1101[31m (4 FAILED)[39m (skipped 1) (0 secs / 8.329 secs)
[1A[2KChrome Headless 139.0.0.0 (Windows 10): Executed 838 of 1101[31m (4 FAILED)[39m (skipped 1) (0 secs / 8.34 secs)
[1A[2KChrome Headless 139.0.0.0 (Windows 10): Executed 839 of 1101[31m (4 FAILED)[39m (skipped 1) (0 secs / 8.348 secs)
[1A[2KChrome Headless 139.0.0.0 (Windows 10): Executed 840 of 1101[31m (4 FAILED)[39m (skipped 1) (0 secs / 8.352 secs)
[1A[2KChrome Headless 139.0.0.0 (Windows 10): Executed 841 of 1101[31m (4 FAILED)[39m (skipped 1) (0 secs / 8.354 secs)
[1A[2KChrome Headless 139.0.0.0 (Windows 10): Executed 842 of 1101[31m (4 FAILED)[39m (skipped 1) (0 secs / 8.356 secs)
[1A[2KChrome Headless 139.0.0.0 (Windows 10): Executed 843 of 1101[31m (4 FAILED)[39m (skipped 1) (0 secs / 8.358 secs)
[1A[2KChrome Headless 139.0.0.0 (Windows 10): Executed 844 of 1101[31m (4 FAILED)[39m (skipped 1) (0 secs / 8.36 secs)
[1A[2KChrome Headless 139.0.0.0 (Windows 10): Executed 845 of 1101[31m (4 FAILED)[39m (skipped 1) (0 secs / 8.362 secs)
[1A[2KChrome Headless 139.0.0.0 (Windows 10): Executed 846 of 1101[31m (4 FAILED)[39m (skipped 1) (0 secs / 8.364 secs)
[1A[2KChrome Headless 139.0.0.0 (Windows 10): Executed 847 of 1101[31m (4 FAILED)[39m (skipped 1) (0 secs / 8.364 secs)
[1A[2KChrome Headless 139.0.0.0 (Windows 10): Executed 848 of 1101[31m (4 FAILED)[39m (skipped 1) (0 secs / 8.364 secs)
[1A[2KChrome Headless 139.0.0.0 (Windows 10): Executed 849 of 1101[31m (4 FAILED)[39m (skipped 1) (0 secs / 8.364 secs)
[1A[2KChrome Headless 139.0.0.0 (Windows 10): Executed 850 of 1101[31m (4 FAILED)[39m (skipped 1) (0 secs / 8.364 secs)
[1A[2KChrome Headless 139.0.0.0 (Windows 10): Executed 851 of 1101[31m (4 FAILED)[39m (skipped 1) (0 secs / 8.364 secs)
[1A[2KChrome Headless 139.0.0.0 (Windows 10): Executed 852 of 1101[31m (4 FAILED)[39m (skipped 1) (0 secs / 8.364 secs)
[1A[2KChrome Headless 139.0.0.0 (Windows 10): Executed 853 of 1101[31m (4 FAILED)[39m (skipped 1) (0 secs / 8.364 secs)
[1A[2KChrome Headless 139.0.0.0 (Windows 10): Executed 854 of 1101[31m (4 FAILED)[39m (skipped 1) (0 secs / 8.364 secs)
[1A[2KChrome Headless 139.0.0.0 (Windows 10): Executed 855 of 1101[31m (4 FAILED)[39m (skipped 1) (0 secs / 8.364 secs)
[1A[2KChrome Headless 139.0.0.0 (Windows 10): Executed 856 of 1101[31m (4 FAILED)[39m (skipped 1) (0 secs / 8.365 secs)
[1A[2KChrome Headless 139.0.0.0 (Windows 10): Executed 857 of 1101[31m (4 FAILED)[39m (skipped 1) (0 secs / 8.365 secs)
[1A[2KChrome Headless 139.0.0.0 (Windows 10): Executed 858 of 1101[31m (4 FAILED)[39m (skipped 1) (0 secs / 8.365 secs)
[1A[2KChrome Headless 139.0.0.0 (Windows 10): Executed 859 of 1101[31m (4 FAILED)[39m (skipped 1) (0 secs / 8.366 secs)
[1A[2KChrome Headless 139.0.0.0 (Windows 10): Executed 860 of 1101[31m (4 FAILED)[39m (skipped 1) (0 secs / 8.366 secs)
[1A[2KChrome Headless 139.0.0.0 (Windows 10): Executed 861 of 1101[31m (4 FAILED)[39m (skipped 1) (0 secs / 8.366 secs)
[1A[2KChrome Headless 139.0.0.0 (Windows 10): Executed 862 of 1101[31m (4 FAILED)[39m (skipped 1) (0 secs / 8.366 secs)
[1A[2KChrome Headless 139.0.0.0 (Windows 10): Executed 863 of 1101[31m (4 FAILED)[39m (skipped 1) (0 secs / 8.366 secs)
[1A[2KChrome Headless 139.0.0.0 (Windows 10): Executed 864 of 1101[31m (4 FAILED)[39m (skipped 1) (0 secs / 8.366 secs)
[1A[2KChrome Headless 139.0.0.0 (Windows 10): Executed 865 of 1101[31m (4 FAILED)[39m (skipped 1) (0 secs / 8.366 secs)
[1A[2KChrome Headless 139.0.0.0 (Windows 10): Executed 866 of 1101[31m (4 FAILED)[39m (skipped 1) (0 secs / 8.366 secs)
[1A[2KChrome Headless 139.0.0.0 (Windows 10): Executed 867 of 1101[31m (4 FAILED)[39m (skipped 1) (0 secs / 8.366 secs)
[1A[2KChrome Headless 139.0.0.0 (Windows 10): Executed 868 of 1101[31m (4 FAILED)[39m (skipped 1) (0 secs / 8.366 secs)
[1A[2KChrome Headless 139.0.0.0 (Windows 10): Executed 869 of 1101[31m (4 FAILED)[39m (skipped 1) (0 secs / 8.366 secs)
[1A[2KChrome Headless 139.0.0.0 (Windows 10): Executed 870 of 1101[31m (4 FAILED)[39m (skipped 1) (0 secs / 8.366 secs)
[1A[2KChrome Headless 139.0.0.0 (Windows 10): Executed 871 of 1101[31m (4 FAILED)[39m (skipped 1) (0 secs / 8.366 secs)
[1A[2KChrome Headless 139.0.0.0 (Windows 10): Executed 872 of 1101[31m (4 FAILED)[39m (skipped 1) (0 secs / 8.366 secs)
[1A[2KChrome Headless 139.0.0.0 (Windows 10): Executed 873 of 1101[31m (4 FAILED)[39m (skipped 1) (0 secs / 8.366 secs)
[1A[2KChrome Headless 139.0.0.0 (Windows 10): Executed 874 of 1101[31m (4 FAILED)[39m (skipped 1) (0 secs / 8.366 secs)
[1A[2KChrome Headless 139.0.0.0 (Windows 10): Executed 875 of 1101[31m (4 FAILED)[39m (skipped 1) (0 secs / 8.366 secs)
[1A[2KChrome Headless 139.0.0.0 (Windows 10): Executed 876 of 1101[31m (4 FAILED)[39m (skipped 1) (0 secs / 8.367 secs)
[1A[2KChrome Headless 139.0.0.0 (Windows 10): Executed 877 of 1101[31m (4 FAILED)[39m (skipped 1) (0 secs / 8.367 secs)
[1A[2KChrome Headless 139.0.0.0 (Windows 10): Executed 878 of 1101[31m (4 FAILED)[39m (skipped 1) (0 secs / 8.367 secs)
[1A[2KChrome Headless 139.0.0.0 (Windows 10): Executed 879 of 1101[31m (4 FAILED)[39m (skipped 1) (0 secs / 8.367 secs)
[1A[2KChrome Headless 139.0.0.0 (Windows 10): Executed 880 of 1101[31m (4 FAILED)[39m (skipped 1) (0 secs / 8.367 secs)
[1A[2KChrome Headless 139.0.0.0 (Windows 10): Executed 881 of 1101[31m (4 FAILED)[39m (skipped 1) (0 secs / 8.368 secs)
[1A[2KChrome Headless 139.0.0.0 (Windows 10): Executed 882 of 1101[31m (4 FAILED)[39m (skipped 1) (0 secs / 8.368 secs)
[1A[2KChrome Headless 139.0.0.0 (Windows 10): Executed 883 of 1101[31m (4 FAILED)[39m (skipped 1) (0 secs / 8.368 secs)
[1A[2KChrome Headless 139.0.0.0 (Windows 10): Executed 884 of 1101[31m (4 FAILED)[39m (skipped 1) (0 secs / 8.368 secs)
[1A[2KChrome Headless 139.0.0.0 (Windows 10): Executed 885 of 1101[31m (4 FAILED)[39m (skipped 1) (0 secs / 8.368 secs)
[1A[2KWARN: [36m'NG0914: The application is using zoneless change detection, but is still loading Zone.js. Consider removing Zone.js to get the full benefits of zoneless. In applications using the Angular CLI, Zone.js is typically included in the "polyfills" section of the angular.json file.'[39m
Chrome Headless 139.0.0.0 (Windows 10): Executed 885 of 1101[31m (4 FAILED)[39m (skipped 1) (0 secs / 8.368 secs)
WARN: 'NG0914: The application is using zoneless change detection, but is still loading Zone.js. Consider removing Zone.js to get the full benefits of zoneless. In applications using the Angular CLI, Zone.js is typically included in the "polyfills" section of the angular.json file.'
[1A[2KLOG: [36m'RegisterComponent: ngOnInit called'[39m
Chrome Headless 139.0.0.0 (Windows 10): Executed 885 of 1101[31m (4 FAILED)[39m (skipped 1) (0 secs / 8.368 secs)
LOG: 'RegisterComponent: ngOnInit called'
[1A[2KChrome Headless 139.0.0.0 (Windows 10): Executed 886 of 1101[31m (4 FAILED)[39m (skipped 1) (0 secs / 8.416 secs)
[1A[2KWARN: [36m'NG0914: The application is using zoneless change detection, but is still loading Zone.js. Consider removing Zone.js to get the full benefits of zoneless. In applications using the Angular CLI, Zone.js is typically included in the "polyfills" section of the angular.json file.'[39m
Chrome Headless 139.0.0.0 (Windows 10): Executed 886 of 1101[31m (4 FAILED)[39m (skipped 1) (0 secs / 8.416 secs)
WARN: 'NG0914: The application is using zoneless change detection, but is still loading Zone.js. Consider removing Zone.js to get the full benefits of zoneless. In applications using the Angular CLI, Zone.js is typically included in the "polyfills" section of the angular.json file.'
[1A[2KLOG: [36m'RegisterComponent: ngOnInit called'[39m
Chrome Headless 139.0.0.0 (Windows 10): Executed 886 of 1101[31m (4 FAILED)[39m (skipped 1) (0 secs / 8.416 secs)
LOG: 'RegisterComponent: ngOnInit called'
[1A[2KChrome Headless 139.0.0.0 (Windows 10): Executed 887 of 1101[31m (4 FAILED)[39m (skipped 1) (0 secs / 8.461 secs)
[1A[2KWARN: [36m'NG0914: The application is using zoneless change detection, but is still loading Zone.js. Consider removing Zone.js to get the full benefits of zoneless. In applications using the Angular CLI, Zone.js is typically included in the "polyfills" section of the angular.json file.'[39m
Chrome Headless 139.0.0.0 (Windows 10): Executed 887 of 1101[31m (4 FAILED)[39m (skipped 1) (0 secs / 8.461 secs)
WARN: 'NG0914: The application is using zoneless change detection, but is still loading Zone.js. Consider removing Zone.js to get the full benefits of zoneless. In applications using the Angular CLI, Zone.js is typically included in the "polyfills" section of the angular.json file.'
[1A[2KLOG: [36m'RegisterComponent: ngOnInit called'[39m
Chrome Headless 139.0.0.0 (Windows 10): Executed 887 of 1101[31m (4 FAILED)[39m (skipped 1) (0 secs / 8.461 secs)
LOG: 'RegisterComponent: ngOnInit called'
[1A[2KChrome Headless 139.0.0.0 (Windows 10): Executed 888 of 1101[31m (4 FAILED)[39m (skipped 1) (0 secs / 8.481 secs)
[1A[2KWARN: [36m'NG0914: The application is using zoneless change detection, but is still loading Zone.js. Consider removing Zone.js to get the full benefits of zoneless. In applications using the Angular CLI, Zone.js is typically included in the "polyfills" section of the angular.json file.'[39m
Chrome Headless 139.0.0.0 (Windows 10): Executed 888 of 1101[31m (4 FAILED)[39m (skipped 1) (0 secs / 8.481 secs)
WARN: 'NG0914: The application is using zoneless change detection, but is still loading Zone.js. Consider removing Zone.js to get the full benefits of zoneless. In applications using the Angular CLI, Zone.js is typically included in the "polyfills" section of the angular.json file.'
[1A[2KLOG: [36m'RegisterComponent: ngOnInit called'[39m
Chrome Headless 139.0.0.0 (Windows 10): Executed 888 of 1101[31m (4 FAILED)[39m (skipped 1) (0 secs / 8.481 secs)
LOG: 'RegisterComponent: ngOnInit called'
[1A[2KChrome Headless 139.0.0.0 (Windows 10): Executed 889 of 1101[31m (4 FAILED)[39m (skipped 1) (0 secs / 8.501 secs)
[1A[2KWARN: [36m'NG0914: The application is using zoneless change detection, but is still loading Zone.js. Consider removing Zone.js to get the full benefits of zoneless. In applications using the Angular CLI, Zone.js is typically included in the "polyfills" section of the angular.json file.'[39m
Chrome Headless 139.0.0.0 (Windows 10): Executed 889 of 1101[31m (4 FAILED)[39m (skipped 1) (0 secs / 8.501 secs)
WARN: 'NG0914: The application is using zoneless change detection, but is still loading Zone.js. Consider removing Zone.js to get the full benefits of zoneless. In applications using the Angular CLI, Zone.js is typically included in the "polyfills" section of the angular.json file.'
[1A[2KLOG: [36m'RegisterComponent: ngOnInit called'[39m
Chrome Headless 139.0.0.0 (Windows 10): Executed 889 of 1101[31m (4 FAILED)[39m (skipped 1) (0 secs / 8.501 secs)
LOG: 'RegisterComponent: ngOnInit called'
[1A[2KChrome Headless 139.0.0.0 (Windows 10): Executed 890 of 1101[31m (4 FAILED)[39m (skipped 1) (0 secs / 8.514 secs)
[1A[2KWARN: [36m'NG0914: The application is using zoneless change detection, but is still loading Zone.js. Consider removing Zone.js to get the full benefits of zoneless. In applications using the Angular CLI, Zone.js is typically included in the "polyfills" section of the angular.json file.'[39m
Chrome Headless 139.0.0.0 (Windows 10): Executed 890 of 1101[31m (4 FAILED)[39m (skipped 1) (0 secs / 8.514 secs)
WARN: 'NG0914: The application is using zoneless change detection, but is still loading Zone.js. Consider removing Zone.js to get the full benefits of zoneless. In applications using the Angular CLI, Zone.js is typically included in the "polyfills" section of the angular.json file.'
[1A[2KLOG: [36m'RegisterComponent: ngOnInit called'[39m
Chrome Headless 139.0.0.0 (Windows 10): Executed 890 of 1101[31m (4 FAILED)[39m (skipped 1) (0 secs / 8.514 secs)
LOG: 'RegisterComponent: ngOnInit called'
[1A[2KChrome Headless 139.0.0.0 (Windows 10): Executed 891 of 1101[31m (4 FAILED)[39m (skipped 1) (0 secs / 8.527 secs)
[1A[2KWARN: [36m'NG0914: The application is using zoneless change detection, but is still loading Zone.js. Consider removing Zone.js to get the full benefits of zoneless. In applications using the Angular CLI, Zone.js is typically included in the "polyfills" section of the angular.json file.'[39m
Chrome Headless 139.0.0.0 (Windows 10): Executed 891 of 1101[31m (4 FAILED)[39m (skipped 1) (0 secs / 8.527 secs)
WARN: 'NG0914: The application is using zoneless change detection, but is still loading Zone.js. Consider removing Zone.js to get the full benefits of zoneless. In applications using the Angular CLI, Zone.js is typically included in the "polyfills" section of the angular.json file.'
[1A[2KLOG: [36m'RegisterComponent: ngOnInit called'[39m
Chrome Headless 139.0.0.0 (Windows 10): Executed 891 of 1101[31m (4 FAILED)[39m (skipped 1) (0 secs / 8.527 secs)
LOG: 'RegisterComponent: ngOnInit called'
[1A[2KChrome Headless 139.0.0.0 (Windows 10): Executed 892 of 1101[31m (4 FAILED)[39m (skipped 1) (0 secs / 8.539 secs)
[1A[2KWARN: [36m'NG0914: The application is using zoneless change detection, but is still loading Zone.js. Consider removing Zone.js to get the full benefits of zoneless. In applications using the Angular CLI, Zone.js is typically included in the "polyfills" section of the angular.json file.'[39m
Chrome Headless 139.0.0.0 (Windows 10): Executed 892 of 1101[31m (4 FAILED)[39m (skipped 1) (0 secs / 8.539 secs)
WARN: 'NG0914: The application is using zoneless change detection, but is still loading Zone.js. Consider removing Zone.js to get the full benefits of zoneless. In applications using the Angular CLI, Zone.js is typically included in the "polyfills" section of the angular.json file.'
[1A[2KLOG: [36m'RegisterComponent: ngOnInit called'[39m
Chrome Headless 139.0.0.0 (Windows 10): Executed 892 of 1101[31m (4 FAILED)[39m (skipped 1) (0 secs / 8.539 secs)
LOG: 'RegisterComponent: ngOnInit called'
[1A[2KChrome Headless 139.0.0.0 (Windows 10): Executed 893 of 1101[31m (4 FAILED)[39m (skipped 1) (0 secs / 8.553 secs)
[1A[2KWARN: [36m'NG0914: The application is using zoneless change detection, but is still loading Zone.js. Consider removing Zone.js to get the full benefits of zoneless. In applications using the Angular CLI, Zone.js is typically included in the "polyfills" section of the angular.json file.'[39m
Chrome Headless 139.0.0.0 (Windows 10): Executed 893 of 1101[31m (4 FAILED)[39m (skipped 1) (0 secs / 8.553 secs)
WARN: 'NG0914: The application is using zoneless change detection, but is still loading Zone.js. Consider removing Zone.js to get the full benefits of zoneless. In applications using the Angular CLI, Zone.js is typically included in the "polyfills" section of the angular.json file.'
[1A[2KLOG: [36m'RegisterComponent: ngOnInit called'[39m
Chrome Headless 139.0.0.0 (Windows 10): Executed 893 of 1101[31m (4 FAILED)[39m (skipped 1) (0 secs / 8.553 secs)
LOG: 'RegisterComponent: ngOnInit called'
[1A[2KChrome Headless 139.0.0.0 (Windows 10): Executed 894 of 1101[31m (4 FAILED)[39m (skipped 1) (0 secs / 8.567 secs)
[1A[2KWARN: [36m'NG0914: The application is using zoneless change detection, but is still loading Zone.js. Consider removing Zone.js to get the full benefits of zoneless. In applications using the Angular CLI, Zone.js is typically included in the "polyfills" section of the angular.json file.'[39m
Chrome Headless 139.0.0.0 (Windows 10): Executed 894 of 1101[31m (4 FAILED)[39m (skipped 1) (0 secs / 8.567 secs)
WARN: 'NG0914: The application is using zoneless change detection, but is still loading Zone.js. Consider removing Zone.js to get the full benefits of zoneless. In applications using the Angular CLI, Zone.js is typically included in the "polyfills" section of the angular.json file.'
[1A[2KLOG: [36m'RegisterComponent: ngOnInit called'[39m
Chrome Headless 139.0.0.0 (Windows 10): Executed 894 of 1101[31m (4 FAILED)[39m (skipped 1) (0 secs / 8.567 secs)
LOG: 'RegisterComponent: ngOnInit called'
[1A[2KERROR: [36m'Registration error:', Object{error: Object{}}[39m
Chrome Headless 139.0.0.0 (Windows 10): Executed 894 of 1101[31m (4 FAILED)[39m (skipped 1) (0 secs / 8.567 secs)
ERROR: 'Registration error:', Object{error: Object{}}
[1A[2KChrome Headless 139.0.0.0 (Windows 10): Executed 895 of 1101[31m (4 FAILED)[39m (skipped 1) (0 secs / 8.594 secs)
[1A[2KWARN: [36m'NG0914: The application is using zoneless change detection, but is still loading Zone.js. Consider removing Zone.js to get the full benefits of zoneless. In applications using the Angular CLI, Zone.js is typically included in the "polyfills" section of the angular.json file.'[39m
Chrome Headless 139.0.0.0 (Windows 10): Executed 895 of 1101[31m (4 FAILED)[39m (skipped 1) (0 secs / 8.594 secs)
WARN: 'NG0914: The application is using zoneless change detection, but is still loading Zone.js. Consider removing Zone.js to get the full benefits of zoneless. In applications using the Angular CLI, Zone.js is typically included in the "polyfills" section of the angular.json file.'
[1A[2KLOG: [36m'RegisterComponent: ngOnInit called'[39m
Chrome Headless 139.0.0.0 (Windows 10): Executed 895 of 1101[31m (4 FAILED)[39m (skipped 1) (0 secs / 8.594 secs)
LOG: 'RegisterComponent: ngOnInit called'
[1A[2KERROR: [36m'Registration error:', Object{error: Object{errors: [..., ...]}}[39m
Chrome Headless 139.0.0.0 (Windows 10): Executed 895 of 1101[31m (4 FAILED)[39m (skipped 1) (0 secs / 8.594 secs)
ERROR: 'Registration error:', Object{error: Object{errors: [..., ...]}}
[1A[2KChrome Headless 139.0.0.0 (Windows 10): Executed 896 of 1101[31m (4 FAILED)[39m (skipped 1) (0 secs / 8.612 secs)
[1A[2KWARN: [36m'NG0914: The application is using zoneless change detection, but is still loading Zone.js. Consider removing Zone.js to get the full benefits of zoneless. In applications using the Angular CLI, Zone.js is typically included in the "polyfills" section of the angular.json file.'[39m
Chrome Headless 139.0.0.0 (Windows 10): Executed 896 of 1101[31m (4 FAILED)[39m (skipped 1) (0 secs / 8.612 secs)
WARN: 'NG0914: The application is using zoneless change detection, but is still loading Zone.js. Consider removing Zone.js to get the full benefits of zoneless. In applications using the Angular CLI, Zone.js is typically included in the "polyfills" section of the angular.json file.'
[1A[2KLOG: [36m'RegisterComponent: ngOnInit called'[39m
Chrome Headless 139.0.0.0 (Windows 10): Executed 896 of 1101[31m (4 FAILED)[39m (skipped 1) (0 secs / 8.612 secs)
LOG: 'RegisterComponent: ngOnInit called'
[1A[2KERROR: [36m'Registration error:', Object{error: Object{message: 'Error'}}[39m
Chrome Headless 139.0.0.0 (Windows 10): Executed 896 of 1101[31m (4 FAILED)[39m (skipped 1) (0 secs / 8.612 secs)
ERROR: 'Registration error:', Object{error: Object{message: 'Error'}}
[1A[2KChrome Headless 139.0.0.0 (Windows 10): Executed 897 of 1101[31m (4 FAILED)[39m (skipped 1) (0 secs / 8.631 secs)
[1A[2KWARN: [36m'NG0914: The application is using zoneless change detection, but is still loading Zone.js. Consider removing Zone.js to get the full benefits of zoneless. In applications using the Angular CLI, Zone.js is typically included in the "polyfills" section of the angular.json file.'[39m
Chrome Headless 139.0.0.0 (Windows 10): Executed 897 of 1101[31m (4 FAILED)[39m (skipped 1) (0 secs / 8.631 secs)
WARN: 'NG0914: The application is using zoneless change detection, but is still loading Zone.js. Consider removing Zone.js to get the full benefits of zoneless. In applications using the Angular CLI, Zone.js is typically included in the "polyfills" section of the angular.json file.'
[1A[2KLOG: [36m'RegisterComponent: ngOnInit called'[39m
Chrome Headless 139.0.0.0 (Windows 10): Executed 897 of 1101[31m (4 FAILED)[39m (skipped 1) (0 secs / 8.631 secs)
LOG: 'RegisterComponent: ngOnInit called'
[1A[2KERROR: [36m'Registration error:', Object{status: 500}[39m
Chrome Headless 139.0.0.0 (Windows 10): Executed 897 of 1101[31m (4 FAILED)[39m (skipped 1) (0 secs / 8.631 secs)
ERROR: 'Registration error:', Object{status: 500}
[1A[2KChrome Headless 139.0.0.0 (Windows 10): Executed 898 of 1101[31m (4 FAILED)[39m (skipped 1) (0 secs / 8.65 secs)
[1A[2KWARN: [36m'NG0914: The application is using zoneless change detection, but is still loading Zone.js. Consider removing Zone.js to get the full benefits of zoneless. In applications using the Angular CLI, Zone.js is typically included in the "polyfills" section of the angular.json file.'[39m
Chrome Headless 139.0.0.0 (Windows 10): Executed 898 of 1101[31m (4 FAILED)[39m (skipped 1) (0 secs / 8.65 secs)
WARN: 'NG0914: The application is using zoneless change detection, but is still loading Zone.js. Consider removing Zone.js to get the full benefits of zoneless. In applications using the Angular CLI, Zone.js is typically included in the "polyfills" section of the angular.json file.'
[1A[2KLOG: [36m'RegisterComponent: ngOnInit called'[39m
Chrome Headless 139.0.0.0 (Windows 10): Executed 898 of 1101[31m (4 FAILED)[39m (skipped 1) (0 secs / 8.65 secs)
LOG: 'RegisterComponent: ngOnInit called'
[1A[2KERROR: [36m'Registration error:', Object{error: Object{message: 'Email already exists'}}[39m
Chrome Headless 139.0.0.0 (Windows 10): Executed 898 of 1101[31m (4 FAILED)[39m (skipped 1) (0 secs / 8.65 secs)
ERROR: 'Registration error:', Object{error: Object{message: 'Email already exists'}}
[1A[2KChrome Headless 139.0.0.0 (Windows 10): Executed 899 of 1101[31m (4 FAILED)[39m (skipped 1) (0 secs / 8.673 secs)
[1A[2KWARN: [36m'NG0914: The application is using zoneless change detection, but is still loading Zone.js. Consider removing Zone.js to get the full benefits of zoneless. In applications using the Angular CLI, Zone.js is typically included in the "polyfills" section of the angular.json file.'[39m
Chrome Headless 139.0.0.0 (Windows 10): Executed 899 of 1101[31m (4 FAILED)[39m (skipped 1) (0 secs / 8.673 secs)
WARN: 'NG0914: The application is using zoneless change detection, but is still loading Zone.js. Consider removing Zone.js to get the full benefits of zoneless. In applications using the Angular CLI, Zone.js is typically included in the "polyfills" section of the angular.json file.'
[1A[2KLOG: [36m'RegisterComponent: ngOnInit called'[39m
Chrome Headless 139.0.0.0 (Windows 10): Executed 899 of 1101[31m (4 FAILED)[39m (skipped 1) (0 secs / 8.673 secs)
LOG: 'RegisterComponent: ngOnInit called'
[1A[2KChrome Headless 139.0.0.0 (Windows 10): Executed 900 of 1101[31m (4 FAILED)[39m (skipped 1) (0 secs / 8.694 secs)
[1A[2KWARN: [36m'NG0914: The application is using zoneless change detection, but is still loading Zone.js. Consider removing Zone.js to get the full benefits of zoneless. In applications using the Angular CLI, Zone.js is typically included in the "polyfills" section of the angular.json file.'[39m
Chrome Headless 139.0.0.0 (Windows 10): Executed 900 of 1101[31m (4 FAILED)[39m (skipped 1) (0 secs / 8.694 secs)
WARN: 'NG0914: The application is using zoneless change detection, but is still loading Zone.js. Consider removing Zone.js to get the full benefits of zoneless. In applications using the Angular CLI, Zone.js is typically included in the "polyfills" section of the angular.json file.'
[1A[2KLOG: [36m'RegisterComponent: ngOnInit called'[39m
Chrome Headless 139.0.0.0 (Windows 10): Executed 900 of 1101[31m (4 FAILED)[39m (skipped 1) (0 secs / 8.694 secs)
LOG: 'RegisterComponent: ngOnInit called'
[1A[2KERROR: [36m'Registration error:', Object{error: Object{message: 'Email already exists'}}[39m
Chrome Headless 139.0.0.0 (Windows 10): Executed 900 of 1101[31m (4 FAILED)[39m (skipped 1) (0 secs / 8.694 secs)
ERROR: 'Registration error:', Object{error: Object{message: 'Email already exists'}}
[1A[2KChrome Headless 139.0.0.0 (Windows 10): Executed 901 of 1101[31m (4 FAILED)[39m (skipped 1) (0 secs / 8.719 secs)
[1A[2KWARN: [36m'NG0914: The application is using zoneless change detection, but is still loading Zone.js. Consider removing Zone.js to get the full benefits of zoneless. In applications using the Angular CLI, Zone.js is typically included in the "polyfills" section of the angular.json file.'[39m
Chrome Headless 139.0.0.0 (Windows 10): Executed 901 of 1101[31m (4 FAILED)[39m (skipped 1) (0 secs / 8.719 secs)
WARN: 'NG0914: The application is using zoneless change detection, but is still loading Zone.js. Consider removing Zone.js to get the full benefits of zoneless. In applications using the Angular CLI, Zone.js is typically included in the "polyfills" section of the angular.json file.'
[1A[2KLOG: [36m'RegisterComponent: ngOnInit called'[39m
Chrome Headless 139.0.0.0 (Windows 10): Executed 901 of 1101[31m (4 FAILED)[39m (skipped 1) (0 secs / 8.719 secs)
LOG: 'RegisterComponent: ngOnInit called'
[1A[2KChrome Headless 139.0.0.0 (Windows 10): Executed 902 of 1101[31m (4 FAILED)[39m (skipped 1) (0 secs / 8.731 secs)
[1A[2KWARN: [36m'NG0914: The application is using zoneless change detection, but is still loading Zone.js. Consider removing Zone.js to get the full benefits of zoneless. In applications using the Angular CLI, Zone.js is typically included in the "polyfills" section of the angular.json file.'[39m
Chrome Headless 139.0.0.0 (Windows 10): Executed 902 of 1101[31m (4 FAILED)[39m (skipped 1) (0 secs / 8.731 secs)
WARN: 'NG0914: The application is using zoneless change detection, but is still loading Zone.js. Consider removing Zone.js to get the full benefits of zoneless. In applications using the Angular CLI, Zone.js is typically included in the "polyfills" section of the angular.json file.'
[1A[2KLOG: [36m'RegisterComponent: ngOnInit called'[39m
Chrome Headless 139.0.0.0 (Windows 10): Executed 902 of 1101[31m (4 FAILED)[39m (skipped 1) (0 secs / 8.731 secs)
LOG: 'RegisterComponent: ngOnInit called'
[1A[2KChrome Headless 139.0.0.0 (Windows 10): Executed 903 of 1101[31m (4 FAILED)[39m (skipped 1) (0 secs / 8.752 secs)
[1A[2KWARN: [36m'NG0914: The application is using zoneless change detection, but is still loading Zone.js. Consider removing Zone.js to get the full benefits of zoneless. In applications using the Angular CLI, Zone.js is typically included in the "polyfills" section of the angular.json file.'[39m
Chrome Headless 139.0.0.0 (Windows 10): Executed 903 of 1101[31m (4 FAILED)[39m (skipped 1) (0 secs / 8.752 secs)
WARN: 'NG0914: The application is using zoneless change detection, but is still loading Zone.js. Consider removing Zone.js to get the full benefits of zoneless. In applications using the Angular CLI, Zone.js is typically included in the "polyfills" section of the angular.json file.'
[1A[2KLOG: [36m'RegisterComponent: ngOnInit called'[39m
Chrome Headless 139.0.0.0 (Windows 10): Executed 903 of 1101[31m (4 FAILED)[39m (skipped 1) (0 secs / 8.752 secs)
LOG: 'RegisterComponent: ngOnInit called'
[1A[2KChrome Headless 139.0.0.0 (Windows 10): Executed 904 of 1101[31m (4 FAILED)[39m (skipped 1) (0 secs / 8.769 secs)
[1A[2KWARN: [36m'NG0914: The application is using zoneless change detection, but is still loading Zone.js. Consider removing Zone.js to get the full benefits of zoneless. In applications using the Angular CLI, Zone.js is typically included in the "polyfills" section of the angular.json file.'[39m
Chrome Headless 139.0.0.0 (Windows 10): Executed 904 of 1101[31m (4 FAILED)[39m (skipped 1) (0 secs / 8.769 secs)
WARN: 'NG0914: The application is using zoneless change detection, but is still loading Zone.js. Consider removing Zone.js to get the full benefits of zoneless. In applications using the Angular CLI, Zone.js is typically included in the "polyfills" section of the angular.json file.'
[1A[2KLOG: [36m'RegisterComponent: ngOnInit called'[39m
Chrome Headless 139.0.0.0 (Windows 10): Executed 904 of 1101[31m (4 FAILED)[39m (skipped 1) (0 secs / 8.769 secs)
LOG: 'RegisterComponent: ngOnInit called'
[1A[2KChrome Headless 139.0.0.0 (Windows 10): Executed 905 of 1101[31m (4 FAILED)[39m (skipped 1) (0 secs / 8.79 secs)
[1A[2KWARN: [36m'NG0914: The application is using zoneless change detection, but is still loading Zone.js. Consider removing Zone.js to get the full benefits of zoneless. In applications using the Angular CLI, Zone.js is typically included in the "polyfills" section of the angular.json file.'[39m
Chrome Headless 139.0.0.0 (Windows 10): Executed 905 of 1101[31m (4 FAILED)[39m (skipped 1) (0 secs / 8.79 secs)
WARN: 'NG0914: The application is using zoneless change detection, but is still loading Zone.js. Consider removing Zone.js to get the full benefits of zoneless. In applications using the Angular CLI, Zone.js is typically included in the "polyfills" section of the angular.json file.'
[1A[2KLOG: [36m'RegisterComponent: ngOnInit called'[39m
Chrome Headless 139.0.0.0 (Windows 10): Executed 905 of 1101[31m (4 FAILED)[39m (skipped 1) (0 secs / 8.79 secs)
LOG: 'RegisterComponent: ngOnInit called'
[1A[2KChrome Headless 139.0.0.0 (Windows 10): Executed 906 of 1101[31m (4 FAILED)[39m (skipped 1) (0 secs / 8.808 secs)
[1A[2KWARN: [36m'NG0914: The application is using zoneless change detection, but is still loading Zone.js. Consider removing Zone.js to get the full benefits of zoneless. In applications using the Angular CLI, Zone.js is typically included in the "polyfills" section of the angular.json file.'[39m
Chrome Headless 139.0.0.0 (Windows 10): Executed 906 of 1101[31m (4 FAILED)[39m (skipped 1) (0 secs / 8.808 secs)
WARN: 'NG0914: The application is using zoneless change detection, but is still loading Zone.js. Consider removing Zone.js to get the full benefits of zoneless. In applications using the Angular CLI, Zone.js is typically included in the "polyfills" section of the angular.json file.'
[1A[2KLOG: [36m'RegisterComponent: ngOnInit called'[39m
Chrome Headless 139.0.0.0 (Windows 10): Executed 906 of 1101[31m (4 FAILED)[39m (skipped 1) (0 secs / 8.808 secs)
LOG: 'RegisterComponent: ngOnInit called'
[1A[2KChrome Headless 139.0.0.0 (Windows 10): Executed 907 of 1101[31m (4 FAILED)[39m (skipped 1) (0 secs / 8.824 secs)
[1A[2KWARN: [36m'NG0914: The application is using zoneless change detection, but is still loading Zone.js. Consider removing Zone.js to get the full benefits of zoneless. In applications using the Angular CLI, Zone.js is typically included in the "polyfills" section of the angular.json file.'[39m
Chrome Headless 139.0.0.0 (Windows 10): Executed 907 of 1101[31m (4 FAILED)[39m (skipped 1) (0 secs / 8.824 secs)
WARN: 'NG0914: The application is using zoneless change detection, but is still loading Zone.js. Consider removing Zone.js to get the full benefits of zoneless. In applications using the Angular CLI, Zone.js is typically included in the "polyfills" section of the angular.json file.'
[1A[2KLOG: [36m'RegisterComponent: ngOnInit called'[39m
Chrome Headless 139.0.0.0 (Windows 10): Executed 907 of 1101[31m (4 FAILED)[39m (skipped 1) (0 secs / 8.824 secs)
LOG: 'RegisterComponent: ngOnInit called'
[1A[2KChrome Headless 139.0.0.0 (Windows 10): Executed 908 of 1101[31m (4 FAILED)[39m (skipped 1) (0 secs / 8.84 secs)
[1A[2KWARN: [36m'NG0914: The application is using zoneless change detection, but is still loading Zone.js. Consider removing Zone.js to get the full benefits of zoneless. In applications using the Angular CLI, Zone.js is typically included in the "polyfills" section of the angular.json file.'[39m
Chrome Headless 139.0.0.0 (Windows 10): Executed 908 of 1101[31m (4 FAILED)[39m (skipped 1) (0 secs / 8.84 secs)
WARN: 'NG0914: The application is using zoneless change detection, but is still loading Zone.js. Consider removing Zone.js to get the full benefits of zoneless. In applications using the Angular CLI, Zone.js is typically included in the "polyfills" section of the angular.json file.'
[1A[2KLOG: [36m'RegisterComponent: ngOnInit called'[39m
Chrome Headless 139.0.0.0 (Windows 10): Executed 908 of 1101[31m (4 FAILED)[39m (skipped 1) (0 secs / 8.84 secs)
LOG: 'RegisterComponent: ngOnInit called'
[1A[2KChrome Headless 139.0.0.0 (Windows 10): Executed 909 of 1101[31m (4 FAILED)[39m (skipped 1) (0 secs / 8.853 secs)
[1A[2KWARN: [36m'NG0914: The application is using zoneless change detection, but is still loading Zone.js. Consider removing Zone.js to get the full benefits of zoneless. In applications using the Angular CLI, Zone.js is typically included in the "polyfills" section of the angular.json file.'[39m
Chrome Headless 139.0.0.0 (Windows 10): Executed 909 of 1101[31m (4 FAILED)[39m (skipped 1) (0 secs / 8.853 secs)
WARN: 'NG0914: The application is using zoneless change detection, but is still loading Zone.js. Consider removing Zone.js to get the full benefits of zoneless. In applications using the Angular CLI, Zone.js is typically included in the "polyfills" section of the angular.json file.'
[1A[2KLOG: [36m'RegisterComponent: ngOnInit called'[39m
Chrome Headless 139.0.0.0 (Windows 10): Executed 909 of 1101[31m (4 FAILED)[39m (skipped 1) (0 secs / 8.853 secs)
LOG: 'RegisterComponent: ngOnInit called'
[1A[2KChrome Headless 139.0.0.0 (Windows 10): Executed 910 of 1101[31m (4 FAILED)[39m (skipped 1) (0 secs / 8.868 secs)
[1A[2KWARN: [36m'NG0914: The application is using zoneless change detection, but is still loading Zone.js. Consider removing Zone.js to get the full benefits of zoneless. In applications using the Angular CLI, Zone.js is typically included in the "polyfills" section of the angular.json file.'[39m
Chrome Headless 139.0.0.0 (Windows 10): Executed 910 of 1101[31m (4 FAILED)[39m (skipped 1) (0 secs / 8.868 secs)
WARN: 'NG0914: The application is using zoneless change detection, but is still loading Zone.js. Consider removing Zone.js to get the full benefits of zoneless. In applications using the Angular CLI, Zone.js is typically included in the "polyfills" section of the angular.json file.'
[1A[2KLOG: [36m'RegisterComponent: ngOnInit called'[39m
Chrome Headless 139.0.0.0 (Windows 10): Executed 910 of 1101[31m (4 FAILED)[39m (skipped 1) (0 secs / 8.868 secs)
LOG: 'RegisterComponent: ngOnInit called'
[1A[2KChrome Headless 139.0.0.0 (Windows 10): Executed 911 of 1101[31m (4 FAILED)[39m (skipped 1) (0 secs / 8.888 secs)
[1A[2KWARN: [36m'NG0914: The application is using zoneless change detection, but is still loading Zone.js. Consider removing Zone.js to get the full benefits of zoneless. In applications using the Angular CLI, Zone.js is typically included in the "polyfills" section of the angular.json file.'[39m
Chrome Headless 139.0.0.0 (Windows 10): Executed 911 of 1101[31m (4 FAILED)[39m (skipped 1) (0 secs / 8.888 secs)
WARN: 'NG0914: The application is using zoneless change detection, but is still loading Zone.js. Consider removing Zone.js to get the full benefits of zoneless. In applications using the Angular CLI, Zone.js is typically included in the "polyfills" section of the angular.json file.'
[1A[2KLOG: [36m'RegisterComponent: ngOnInit called'[39m
Chrome Headless 139.0.0.0 (Windows 10): Executed 911 of 1101[31m (4 FAILED)[39m (skipped 1) (0 secs / 8.888 secs)
LOG: 'RegisterComponent: ngOnInit called'
[1A[2KChrome Headless 139.0.0.0 (Windows 10): Executed 912 of 1101[31m (4 FAILED)[39m (skipped 1) (0 secs / 8.905 secs)
[1A[2KWARN: [36m'NG0914: The application is using zoneless change detection, but is still loading Zone.js. Consider removing Zone.js to get the full benefits of zoneless. In applications using the Angular CLI, Zone.js is typically included in the "polyfills" section of the angular.json file.'[39m
Chrome Headless 139.0.0.0 (Windows 10): Executed 912 of 1101[31m (4 FAILED)[39m (skipped 1) (0 secs / 8.905 secs)
WARN: 'NG0914: The application is using zoneless change detection, but is still loading Zone.js. Consider removing Zone.js to get the full benefits of zoneless. In applications using the Angular CLI, Zone.js is typically included in the "polyfills" section of the angular.json file.'
[1A[2KLOG: [36m'RegisterComponent: ngOnInit called'[39m
Chrome Headless 139.0.0.0 (Windows 10): Executed 912 of 1101[31m (4 FAILED)[39m (skipped 1) (0 secs / 8.905 secs)
LOG: 'RegisterComponent: ngOnInit called'
[1A[2KChrome Headless 139.0.0.0 (Windows 10): Executed 913 of 1101[31m (4 FAILED)[39m (skipped 1) (0 secs / 8.923 secs)
[1A[2KWARN: [36m'NG0914: The application is using zoneless change detection, but is still loading Zone.js. Consider removing Zone.js to get the full benefits of zoneless. In applications using the Angular CLI, Zone.js is typically included in the "polyfills" section of the angular.json file.'[39m
Chrome Headless 139.0.0.0 (Windows 10): Executed 913 of 1101[31m (4 FAILED)[39m (skipped 1) (0 secs / 8.923 secs)
WARN: 'NG0914: The application is using zoneless change detection, but is still loading Zone.js. Consider removing Zone.js to get the full benefits of zoneless. In applications using the Angular CLI, Zone.js is typically included in the "polyfills" section of the angular.json file.'
[1A[2KLOG: [36m'RegisterComponent: ngOnInit called'[39m
Chrome Headless 139.0.0.0 (Windows 10): Executed 913 of 1101[31m (4 FAILED)[39m (skipped 1) (0 secs / 8.923 secs)
LOG: 'RegisterComponent: ngOnInit called'
[1A[2KChrome Headless 139.0.0.0 (Windows 10): Executed 914 of 1101[31m (4 FAILED)[39m (skipped 1) (0 secs / 8.935 secs)
[1A[2KWARN: [36m'NG0914: The application is using zoneless change detection, but is still loading Zone.js. Consider removing Zone.js to get the full benefits of zoneless. In applications using the Angular CLI, Zone.js is typically included in the "polyfills" section of the angular.json file.'[39m
Chrome Headless 139.0.0.0 (Windows 10): Executed 914 of 1101[31m (4 FAILED)[39m (skipped 1) (0 secs / 8.935 secs)
WARN: 'NG0914: The application is using zoneless change detection, but is still loading Zone.js. Consider removing Zone.js to get the full benefits of zoneless. In applications using the Angular CLI, Zone.js is typically included in the "polyfills" section of the angular.json file.'
[1A[2KLOG: [36m'RegisterComponent: ngOnInit called'[39m
Chrome Headless 139.0.0.0 (Windows 10): Executed 914 of 1101[31m (4 FAILED)[39m (skipped 1) (0 secs / 8.935 secs)
LOG: 'RegisterComponent: ngOnInit called'
[1A[2KChrome Headless 139.0.0.0 (Windows 10): Executed 915 of 1101[31m (4 FAILED)[39m (skipped 1) (0 secs / 8.947 secs)
[1A[2KWARN: [36m'NG0914: The application is using zoneless change detection, but is still loading Zone.js. Consider removing Zone.js to get the full benefits of zoneless. In applications using the Angular CLI, Zone.js is typically included in the "polyfills" section of the angular.json file.'[39m
Chrome Headless 139.0.0.0 (Windows 10): Executed 915 of 1101[31m (4 FAILED)[39m (skipped 1) (0 secs / 8.947 secs)
WARN: 'NG0914: The application is using zoneless change detection, but is still loading Zone.js. Consider removing Zone.js to get the full benefits of zoneless. In applications using the Angular CLI, Zone.js is typically included in the "polyfills" section of the angular.json file.'
[1A[2KLOG: [36m'RegisterComponent: ngOnInit called'[39m
Chrome Headless 139.0.0.0 (Windows 10): Executed 915 of 1101[31m (4 FAILED)[39m (skipped 1) (0 secs / 8.947 secs)
LOG: 'RegisterComponent: ngOnInit called'
[1A[2KChrome Headless 139.0.0.0 (Windows 10): Executed 916 of 1101[31m (4 FAILED)[39m (skipped 1) (0 secs / 8.965 secs)
[1A[2KWARN: [36m'NG0914: The application is using zoneless change detection, but is still loading Zone.js. Consider removing Zone.js to get the full benefits of zoneless. In applications using the Angular CLI, Zone.js is typically included in the "polyfills" section of the angular.json file.'[39m
Chrome Headless 139.0.0.0 (Windows 10): Executed 916 of 1101[31m (4 FAILED)[39m (skipped 1) (0 secs / 8.965 secs)
WARN: 'NG0914: The application is using zoneless change detection, but is still loading Zone.js. Consider removing Zone.js to get the full benefits of zoneless. In applications using the Angular CLI, Zone.js is typically included in the "polyfills" section of the angular.json file.'
[1A[2KLOG: [36m'RegisterComponent: ngOnInit called'[39m
Chrome Headless 139.0.0.0 (Windows 10): Executed 916 of 1101[31m (4 FAILED)[39m (skipped 1) (0 secs / 8.965 secs)
LOG: 'RegisterComponent: ngOnInit called'
[1A[2KChrome Headless 139.0.0.0 (Windows 10): Executed 917 of 1101[31m (4 FAILED)[39m (skipped 1) (0 secs / 8.997 secs)
[1A[2KWARN: [36m'NG0914: The application is using zoneless change detection, but is still loading Zone.js. Consider removing Zone.js to get the full benefits of zoneless. In applications using the Angular CLI, Zone.js is typically included in the "polyfills" section of the angular.json file.'[39m
Chrome Headless 139.0.0.0 (Windows 10): Executed 917 of 1101[31m (4 FAILED)[39m (skipped 1) (0 secs / 8.997 secs)
WARN: 'NG0914: The application is using zoneless change detection, but is still loading Zone.js. Consider removing Zone.js to get the full benefits of zoneless. In applications using the Angular CLI, Zone.js is typically included in the "polyfills" section of the angular.json file.'
[1A[2KLOG: [36m'RegisterComponent: ngOnInit called'[39m
Chrome Headless 139.0.0.0 (Windows 10): Executed 917 of 1101[31m (4 FAILED)[39m (skipped 1) (0 secs / 8.997 secs)
LOG: 'RegisterComponent: ngOnInit called'
[1A[2KChrome Headless 139.0.0.0 (Windows 10): Executed 918 of 1101[31m (4 FAILED)[39m (skipped 1) (0 secs / 9.018 secs)
[1A[2KWARN: [36m'NG0914: The application is using zoneless change detection, but is still loading Zone.js. Consider removing Zone.js to get the full benefits of zoneless. In applications using the Angular CLI, Zone.js is typically included in the "polyfills" section of the angular.json file.'[39m
Chrome Headless 139.0.0.0 (Windows 10): Executed 918 of 1101[31m (4 FAILED)[39m (skipped 1) (0 secs / 9.018 secs)
WARN: 'NG0914: The application is using zoneless change detection, but is still loading Zone.js. Consider removing Zone.js to get the full benefits of zoneless. In applications using the Angular CLI, Zone.js is typically included in the "polyfills" section of the angular.json file.'
[1A[2KLOG: [36m'RegisterComponent: ngOnInit called'[39m
Chrome Headless 139.0.0.0 (Windows 10): Executed 918 of 1101[31m (4 FAILED)[39m (skipped 1) (0 secs / 9.018 secs)
LOG: 'RegisterComponent: ngOnInit called'
[1A[2KChrome Headless 139.0.0.0 (Windows 10): Executed 919 of 1101[31m (4 FAILED)[39m (skipped 1) (0 secs / 9.029 secs)
[1A[2KWARN: [36m'NG0914: The application is using zoneless change detection, but is still loading Zone.js. Consider removing Zone.js to get the full benefits of zoneless. In applications using the Angular CLI, Zone.js is typically included in the "polyfills" section of the angular.json file.'[39m
Chrome Headless 139.0.0.0 (Windows 10): Executed 919 of 1101[31m (4 FAILED)[39m (skipped 1) (0 secs / 9.029 secs)
WARN: 'NG0914: The application is using zoneless change detection, but is still loading Zone.js. Consider removing Zone.js to get the full benefits of zoneless. In applications using the Angular CLI, Zone.js is typically included in the "polyfills" section of the angular.json file.'
[1A[2KLOG: [36m'RegisterComponent: ngOnInit called'[39m
Chrome Headless 139.0.0.0 (Windows 10): Executed 919 of 1101[31m (4 FAILED)[39m (skipped 1) (0 secs / 9.029 secs)
LOG: 'RegisterComponent: ngOnInit called'
[1A[2KChrome Headless 139.0.0.0 (Windows 10): Executed 920 of 1101[31m (4 FAILED)[39m (skipped 1) (0 secs / 9.04 secs)
[1A[2KChrome Headless 139.0.0.0 (Windows 10): Executed 921 of 1101[31m (4 FAILED)[39m (skipped 1) (0 secs / 9.117 secs)
[1A[2KChrome Headless 139.0.0.0 (Windows 10): Executed 922 of 1101[31m (4 FAILED)[39m (skipped 1) (0 secs / 9.124 secs)
[1A[2KChrome Headless 139.0.0.0 (Windows 10): Executed 923 of 1101[31m (4 FAILED)[39m (skipped 1) (0 secs / 9.134 secs)
[1A[2KChrome Headless 139.0.0.0 (Windows 10): Executed 924 of 1101[31m (4 FAILED)[39m (skipped 1) (0 secs / 9.142 secs)
[1A[2KChrome Headless 139.0.0.0 (Windows 10): Executed 925 of 1101[31m (4 FAILED)[39m (skipped 1) (0 secs / 9.15 secs)
[1A[2KChrome Headless 139.0.0.0 (Windows 10): Executed 926 of 1101[31m (4 FAILED)[39m (skipped 1) (0 secs / 9.158 secs)
[1A[2KChrome Headless 139.0.0.0 (Windows 10): Executed 927 of 1101[31m (4 FAILED)[39m (skipped 1) (0 secs / 9.165 secs)
[1A[2KChrome Headless 139.0.0.0 (Windows 10): Executed 928 of 1101[31m (4 FAILED)[39m (skipped 1) (0 secs / 9.172 secs)
[1A[2KChrome Headless 139.0.0.0 (Windows 10): Executed 929 of 1101[31m (4 FAILED)[39m (skipped 1) (0 secs / 9.179 secs)
[1A[2KChrome Headless 139.0.0.0 (Windows 10): Executed 930 of 1101[31m (4 FAILED)[39m (skipped 1) (0 secs / 9.188 secs)
[1A[2KChrome Headless 139.0.0.0 (Windows 10): Executed 931 of 1101[31m (4 FAILED)[39m (skipped 1) (0 secs / 9.195 secs)
[1A[2KChrome Headless 139.0.0.0 (Windows 10): Executed 932 of 1101[31m (4 FAILED)[39m (skipped 1) (0 secs / 9.203 secs)
[1A[2KChrome Headless 139.0.0.0 (Windows 10): Executed 933 of 1101[31m (4 FAILED)[39m (skipped 1) (0 secs / 9.209 secs)
[1A[2KChrome Headless 139.0.0.0 (Windows 10): Executed 934 of 1101[31m (4 FAILED)[39m (skipped 1) (0 secs / 9.216 secs)
[1A[2KChrome Headless 139.0.0.0 (Windows 10): Executed 935 of 1101[31m (4 FAILED)[39m (skipped 1) (0 secs / 9.223 secs)
[1A[2KChrome Headless 139.0.0.0 (Windows 10): Executed 936 of 1101[31m (4 FAILED)[39m (skipped 1) (0 secs / 9.23 secs)
[1A[2KChrome Headless 139.0.0.0 (Windows 10): Executed 937 of 1101[31m (4 FAILED)[39m (skipped 1) (0 secs / 9.239 secs)
[1A[2KChrome Headless 139.0.0.0 (Windows 10): Executed 938 of 1101[31m (4 FAILED)[39m (skipped 1) (0 secs / 9.246 secs)
[1A[2KChrome Headless 139.0.0.0 (Windows 10): Executed 939 of 1101[31m (4 FAILED)[39m (skipped 1) (0 secs / 9.254 secs)
[1A[2KChrome Headless 139.0.0.0 (Windows 10): Executed 940 of 1101[31m (4 FAILED)[39m (skipped 1) (0 secs / 9.26 secs)
[1A[2KChrome Headless 139.0.0.0 (Windows 10): Executed 941 of 1101[31m (4 FAILED)[39m (skipped 1) (0 secs / 9.267 secs)
[1A[2KChrome Headless 139.0.0.0 (Windows 10): Executed 942 of 1101[31m (4 FAILED)[39m (skipped 1) (0 secs / 9.274 secs)
[1A[2KChrome Headless 139.0.0.0 (Windows 10): Executed 943 of 1101[31m (4 FAILED)[39m (skipped 1) (0 secs / 9.28 secs)
[1A[2KChrome Headless 139.0.0.0 (Windows 10): Executed 944 of 1101[31m (4 FAILED)[39m (skipped 1) (0 secs / 9.287 secs)
[1A[2KChrome Headless 139.0.0.0 (Windows 10): Executed 945 of 1101[31m (4 FAILED)[39m (skipped 1) (0 secs / 9.3 secs)
[1A[2KChrome Headless 139.0.0.0 (Windows 10): Executed 946 of 1101[31m (4 FAILED)[39m (skipped 1) (0 secs / 9.306 secs)
[1A[2KChrome Headless 139.0.0.0 (Windows 10): Executed 947 of 1101[31m (4 FAILED)[39m (skipped 1) (0 secs / 9.312 secs)
[1A[2KChrome Headless 139.0.0.0 (Windows 10): Executed 948 of 1101[31m (4 FAILED)[39m (skipped 1) (0 secs / 9.344 secs)
[1A[2KChrome Headless 139.0.0.0 (Windows 10): Executed 949 of 1101[31m (4 FAILED)[39m (skipped 1) (0 secs / 9.35 secs)
[1A[2KChrome Headless 139.0.0.0 (Windows 10): Executed 950 of 1101[31m (4 FAILED)[39m (skipped 1) (0 secs / 9.355 secs)
[1A[2KChrome Headless 139.0.0.0 (Windows 10): Executed 951 of 1101[31m (4 FAILED)[39m (skipped 1) (0 secs / 9.367 secs)
[1A[2KChrome Headless 139.0.0.0 (Windows 10): Executed 952 of 1101[31m (4 FAILED)[39m (skipped 1) (0 secs / 9.372 secs)
[1A[2KChrome Headless 139.0.0.0 (Windows 10): Executed 953 of 1101[31m (4 FAILED)[39m (skipped 1) (0 secs / 9.377 secs)
[1A[2KChrome Headless 139.0.0.0 (Windows 10): Executed 954 of 1101[31m (4 FAILED)[39m (skipped 1) (0 secs / 9.382 secs)
[1A[2KChrome Headless 139.0.0.0 (Windows 10): Executed 955 of 1101[31m (4 FAILED)[39m (skipped 1) (0 secs / 9.388 secs)
[1A[2KChrome Headless 139.0.0.0 (Windows 10): Executed 956 of 1101[31m (4 FAILED)[39m (skipped 1) (0 secs / 9.392 secs)
[1A[2KChrome Headless 139.0.0.0 (Windows 10): Executed 957 of 1101[31m (4 FAILED)[39m (skipped 1) (0 secs / 9.397 secs)
[1A[2KChrome Headless 139.0.0.0 (Windows 10): Executed 958 of 1101[31m (4 FAILED)[39m (skipped 1) (0 secs / 9.401 secs)
[1A[2KChrome Headless 139.0.0.0 (Windows 10): Executed 959 of 1101[31m (4 FAILED)[39m (skipped 1) (0 secs / 9.407 secs)
[1A[2KChrome Headless 139.0.0.0 (Windows 10): Executed 960 of 1101[31m (4 FAILED)[39m (skipped 1) (0 secs / 9.413 secs)
[1A[2KChrome Headless 139.0.0.0 (Windows 10): Executed 961 of 1101[31m (4 FAILED)[39m (skipped 1) (0 secs / 9.419 secs)
[1A[2KChrome Headless 139.0.0.0 (Windows 10): Executed 962 of 1101[31m (4 FAILED)[39m (skipped 1) (0 secs / 9.423 secs)
[1A[2KChrome Headless 139.0.0.0 (Windows 10): Executed 963 of 1101[31m (4 FAILED)[39m (skipped 1) (0 secs / 9.428 secs)
[1A[2KChrome Headless 139.0.0.0 (Windows 10): Executed 964 of 1101[31m (4 FAILED)[39m (skipped 1) (0 secs / 9.432 secs)
[1A[2KChrome Headless 139.0.0.0 (Windows 10): Executed 965 of 1101[31m (4 FAILED)[39m (skipped 1) (0 secs / 9.437 secs)
[1A[2KChrome Headless 139.0.0.0 (Windows 10): Executed 966 of 1101[31m (4 FAILED)[39m (skipped 1) (0 secs / 9.441 secs)
[1A[2KChrome Headless 139.0.0.0 (Windows 10): Executed 967 of 1101[31m (4 FAILED)[39m (skipped 1) (0 secs / 9.446 secs)
[1A[2KChrome Headless 139.0.0.0 (Windows 10): Executed 968 of 1101[31m (4 FAILED)[39m (skipped 1) (0 secs / 9.45 secs)
[1A[2KChrome Headless 139.0.0.0 (Windows 10): Executed 969 of 1101[31m (4 FAILED)[39m (skipped 1) (0 secs / 9.455 secs)
[1A[2KChrome Headless 139.0.0.0 (Windows 10): Executed 970 of 1101[31m (4 FAILED)[39m (skipped 1) (0 secs / 9.459 secs)
[1A[2KChrome Headless 139.0.0.0 (Windows 10): Executed 971 of 1101[31m (4 FAILED)[39m (skipped 1) (0 secs / 9.463 secs)
[1A[2KChrome Headless 139.0.0.0 (Windows 10): Executed 972 of 1101[31m (4 FAILED)[39m (skipped 1) (0 secs / 9.467 secs)
[1A[2KChrome Headless 139.0.0.0 (Windows 10): Executed 973 of 1101[31m (4 FAILED)[39m (skipped 1) (0 secs / 9.471 secs)
[1A[2KChrome Headless 139.0.0.0 (Windows 10): Executed 974 of 1101[31m (4 FAILED)[39m (skipped 1) (0 secs / 9.475 secs)
[1A[2KChrome Headless 139.0.0.0 (Windows 10): Executed 975 of 1101[31m (4 FAILED)[39m (skipped 1) (0 secs / 9.48 secs)
[1A[2KChrome Headless 139.0.0.0 (Windows 10): Executed 976 of 1101[31m (4 FAILED)[39m (skipped 1) (0 secs / 9.484 secs)
[1A[2KChrome Headless 139.0.0.0 (Windows 10): Executed 977 of 1101[31m (4 FAILED)[39m (skipped 1) (0 secs / 9.489 secs)
[1A[2KChrome Headless 139.0.0.0 (Windows 10): Executed 978 of 1101[31m (4 FAILED)[39m (skipped 1) (0 secs / 9.493 secs)
[1A[2KChrome Headless 139.0.0.0 (Windows 10): Executed 979 of 1101[31m (4 FAILED)[39m (skipped 1) (0 secs / 9.498 secs)
[1A[2KChrome Headless 139.0.0.0 (Windows 10): Executed 980 of 1101[31m (4 FAILED)[39m (skipped 1) (0 secs / 9.502 secs)
[1A[2KChrome Headless 139.0.0.0 (Windows 10): Executed 981 of 1101[31m (4 FAILED)[39m (skipped 1) (0 secs / 9.506 secs)
[1A[2KChrome Headless 139.0.0.0 (Windows 10): Executed 982 of 1101[31m (4 FAILED)[39m (skipped 1) (0 secs / 9.511 secs)
[1A[2KChrome Headless 139.0.0.0 (Windows 10): Executed 983 of 1101[31m (4 FAILED)[39m (skipped 1) (0 secs / 9.518 secs)
[1A[2KChrome Headless 139.0.0.0 (Windows 10): Executed 984 of 1101[31m (4 FAILED)[39m (skipped 1) (0 secs / 9.524 secs)
[1A[2KChrome Headless 139.0.0.0 (Windows 10): Executed 985 of 1101[31m (4 FAILED)[39m (skipped 1) (0 secs / 9.529 secs)
[1A[2KChrome Headless 139.0.0.0 (Windows 10): Executed 986 of 1101[31m (4 FAILED)[39m (skipped 1) (0 secs / 9.533 secs)
[1A[2KChrome Headless 139.0.0.0 (Windows 10): Executed 987 of 1101[31m (4 FAILED)[39m (skipped 1) (0 secs / 9.537 secs)
[1A[2KChrome Headless 139.0.0.0 (Windows 10): Executed 988 of 1101[31m (4 FAILED)[39m (skipped 1) (0 secs / 9.542 secs)
[1A[2KChrome Headless 139.0.0.0 (Windows 10): Executed 989 of 1101[31m (4 FAILED)[39m (skipped 1) (0 secs / 9.546 secs)
[1A[2KChrome Headless 139.0.0.0 (Windows 10): Executed 990 of 1101[31m (4 FAILED)[39m (skipped 1) (0 secs / 9.551 secs)
[1A[2KChrome Headless 139.0.0.0 (Windows 10): Executed 991 of 1101[31m (4 FAILED)[39m (skipped 1) (0 secs / 9.556 secs)
[1A[2KChrome Headless 139.0.0.0 (Windows 10): Executed 992 of 1101[31m (4 FAILED)[39m (skipped 1) (0 secs / 9.561 secs)
[1A[2KChrome Headless 139.0.0.0 (Windows 10): Executed 993 of 1101[31m (4 FAILED)[39m (skipped 1) (0 secs / 9.565 secs)
[1A[2KChrome Headless 139.0.0.0 (Windows 10): Executed 994 of 1101[31m (4 FAILED)[39m (skipped 1) (0 secs / 9.57 secs)
[1A[2KChrome Headless 139.0.0.0 (Windows 10): Executed 995 of 1101[31m (4 FAILED)[39m (skipped 1) (0 secs / 9.575 secs)
[1A[2KChrome Headless 139.0.0.0 (Windows 10): Executed 996 of 1101[31m (4 FAILED)[39m (skipped 1) (0 secs / 9.579 secs)
[1A[2KChrome Headless 139.0.0.0 (Windows 10): Executed 997 of 1101[31m (4 FAILED)[39m (skipped 1) (0 secs / 9.583 secs)
[1A[2KChrome Headless 139.0.0.0 (Windows 10): Executed 998 of 1101[31m (4 FAILED)[39m (skipped 1) (0 secs / 9.59 secs)
[1A[2KChrome Headless 139.0.0.0 (Windows 10): Executed 999 of 1101[31m (4 FAILED)[39m (skipped 1) (0 secs / 9.596 secs)
[1A[2KChrome Headless 139.0.0.0 (Windows 10): Executed 1000 of 1101[31m (4 FAILED)[39m (skipped 1) (0 secs / 9.601 secs)
[1A[2KChrome Headless 139.0.0.0 (Windows 10): Executed 1001 of 1101[31m (4 FAILED)[39m (skipped 1) (0 secs / 9.606 secs)
[1A[2KChrome Headless 139.0.0.0 (Windows 10): Executed 1002 of 1101[31m (4 FAILED)[39m (skipped 1) (0 secs / 9.61 secs)
[1A[2KChrome Headless 139.0.0.0 (Windows 10): Executed 1003 of 1101[31m (4 FAILED)[39m (skipped 1) (0 secs / 9.616 secs)
[1A[2KChrome Headless 139.0.0.0 (Windows 10): Executed 1004 of 1101[31m (4 FAILED)[39m (skipped 1) (0 secs / 9.629 secs)
[1A[2KChrome Headless 139.0.0.0 (Windows 10): Executed 1005 of 1101[31m (4 FAILED)[39m (skipped 1) (0 secs / 9.635 secs)
[1A[2KWARN: [36m'NG0914: The application is using zoneless change detection, but is still loading Zone.js. Consider removing Zone.js to get the full benefits of zoneless. In applications using the Angular CLI, Zone.js is typically included in the "polyfills" section of the angular.json file.'[39m
Chrome Headless 139.0.0.0 (Windows 10): Executed 1005 of 1101[31m (4 FAILED)[39m (skipped 1) (0 secs / 9.635 secs)
WARN: 'NG0914: The application is using zoneless change detection, but is still loading Zone.js. Consider removing Zone.js to get the full benefits of zoneless. In applications using the Angular CLI, Zone.js is typically included in the "polyfills" section of the angular.json file.'
[1A[2KChrome Headless 139.0.0.0 (Windows 10): Executed 1006 of 1101[31m (4 FAILED)[39m (skipped 1) (0 secs / 9.654 secs)
[1A[2KWARN: [36m'NG0914: The application is using zoneless change detection, but is still loading Zone.js. Consider removing Zone.js to get the full benefits of zoneless. In applications using the Angular CLI, Zone.js is typically included in the "polyfills" section of the angular.json file.'[39m
Chrome Headless 139.0.0.0 (Windows 10): Executed 1006 of 1101[31m (4 FAILED)[39m (skipped 1) (0 secs / 9.654 secs)
WARN: 'NG0914: The application is using zoneless change detection, but is still loading Zone.js. Consider removing Zone.js to get the full benefits of zoneless. In applications using the Angular CLI, Zone.js is typically included in the "polyfills" section of the angular.json file.'
[1A[2KChrome Headless 139.0.0.0 (Windows 10): Executed 1007 of 1101[31m (4 FAILED)[39m (skipped 1) (0 secs / 9.675 secs)
[1A[2KWARN: [36m'NG0914: The application is using zoneless change detection, but is still loading Zone.js. Consider removing Zone.js to get the full benefits of zoneless. In applications using the Angular CLI, Zone.js is typically included in the "polyfills" section of the angular.json file.'[39m
Chrome Headless 139.0.0.0 (Windows 10): Executed 1007 of 1101[31m (4 FAILED)[39m (skipped 1) (0 secs / 9.675 secs)
WARN: 'NG0914: The application is using zoneless change detection, but is still loading Zone.js. Consider removing Zone.js to get the full benefits of zoneless. In applications using the Angular CLI, Zone.js is typically included in the "polyfills" section of the angular.json file.'
[1A[2KChrome Headless 139.0.0.0 (Windows 10): Executed 1008 of 1101[31m (4 FAILED)[39m (skipped 1) (0 secs / 9.689 secs)
[1A[2KWARN: [36m'NG0914: The application is using zoneless change detection, but is still loading Zone.js. Consider removing Zone.js to get the full benefits of zoneless. In applications using the Angular CLI, Zone.js is typically included in the "polyfills" section of the angular.json file.'[39m
Chrome Headless 139.0.0.0 (Windows 10): Executed 1008 of 1101[31m (4 FAILED)[39m (skipped 1) (0 secs / 9.689 secs)
WARN: 'NG0914: The application is using zoneless change detection, but is still loading Zone.js. Consider removing Zone.js to get the full benefits of zoneless. In applications using the Angular CLI, Zone.js is typically included in the "polyfills" section of the angular.json file.'
[1A[2KChrome Headless 139.0.0.0 (Windows 10): Executed 1009 of 1101[31m (4 FAILED)[39m (skipped 1) (0 secs / 9.702 secs)
[1A[2KWARN: [36m'NG0914: The application is using zoneless change detection, but is still loading Zone.js. Consider removing Zone.js to get the full benefits of zoneless. In applications using the Angular CLI, Zone.js is typically included in the "polyfills" section of the angular.json file.'[39m
Chrome Headless 139.0.0.0 (Windows 10): Executed 1009 of 1101[31m (4 FAILED)[39m (skipped 1) (0 secs / 9.702 secs)
WARN: 'NG0914: The application is using zoneless change detection, but is still loading Zone.js. Consider removing Zone.js to get the full benefits of zoneless. In applications using the Angular CLI, Zone.js is typically included in the "polyfills" section of the angular.json file.'
[1A[2KChrome Headless 139.0.0.0 (Windows 10): Executed 1010 of 1101[31m (4 FAILED)[39m (skipped 1) (0 secs / 9.716 secs)
[1A[2KWARN: [36m'NG0914: The application is using zoneless change detection, but is still loading Zone.js. Consider removing Zone.js to get the full benefits of zoneless. In applications using the Angular CLI, Zone.js is typically included in the "polyfills" section of the angular.json file.'[39m
Chrome Headless 139.0.0.0 (Windows 10): Executed 1010 of 1101[31m (4 FAILED)[39m (skipped 1) (0 secs / 9.716 secs)
WARN: 'NG0914: The application is using zoneless change detection, but is still loading Zone.js. Consider removing Zone.js to get the full benefits of zoneless. In applications using the Angular CLI, Zone.js is typically included in the "polyfills" section of the angular.json file.'
[1A[2KChrome Headless 139.0.0.0 (Windows 10): Executed 1011 of 1101[31m (4 FAILED)[39m (skipped 1) (0 secs / 9.732 secs)
[1A[2KWARN: [36m'NG0914: The application is using zoneless change detection, but is still loading Zone.js. Consider removing Zone.js to get the full benefits of zoneless. In applications using the Angular CLI, Zone.js is typically included in the "polyfills" section of the angular.json file.'[39m
Chrome Headless 139.0.0.0 (Windows 10): Executed 1011 of 1101[31m (4 FAILED)[39m (skipped 1) (0 secs / 9.732 secs)
WARN: 'NG0914: The application is using zoneless change detection, but is still loading Zone.js. Consider removing Zone.js to get the full benefits of zoneless. In applications using the Angular CLI, Zone.js is typically included in the "polyfills" section of the angular.json file.'
[1A[2KChrome Headless 139.0.0.0 (Windows 10): Executed 1012 of 1101[31m (4 FAILED)[39m (skipped 1) (0 secs / 9.744 secs)
[1A[2KWARN: [36m'NG0914: The application is using zoneless change detection, but is still loading Zone.js. Consider removing Zone.js to get the full benefits of zoneless. In applications using the Angular CLI, Zone.js is typically included in the "polyfills" section of the angular.json file.'[39m
Chrome Headless 139.0.0.0 (Windows 10): Executed 1012 of 1101[31m (4 FAILED)[39m (skipped 1) (0 secs / 9.744 secs)
WARN: 'NG0914: The application is using zoneless change detection, but is still loading Zone.js. Consider removing Zone.js to get the full benefits of zoneless. In applications using the Angular CLI, Zone.js is typically included in the "polyfills" section of the angular.json file.'
[1A[2KChrome Headless 139.0.0.0 (Windows 10): Executed 1013 of 1101[31m (4 FAILED)[39m (skipped 1) (0 secs / 9.761 secs)
[1A[2KWARN: [36m'NG0914: The application is using zoneless change detection, but is still loading Zone.js. Consider removing Zone.js to get the full benefits of zoneless. In applications using the Angular CLI, Zone.js is typically included in the "polyfills" section of the angular.json file.'[39m
Chrome Headless 139.0.0.0 (Windows 10): Executed 1013 of 1101[31m (4 FAILED)[39m (skipped 1) (0 secs / 9.761 secs)
WARN: 'NG0914: The application is using zoneless change detection, but is still loading Zone.js. Consider removing Zone.js to get the full benefits of zoneless. In applications using the Angular CLI, Zone.js is typically included in the "polyfills" section of the angular.json file.'
[1A[2KChrome Headless 139.0.0.0 (Windows 10): Executed 1014 of 1101[31m (4 FAILED)[39m (skipped 1) (0 secs / 9.77 secs)
[1A[2KWARN: [36m'NG0914: The application is using zoneless change detection, but is still loading Zone.js. Consider removing Zone.js to get the full benefits of zoneless. In applications using the Angular CLI, Zone.js is typically included in the "polyfills" section of the angular.json file.'[39m
Chrome Headless 139.0.0.0 (Windows 10): Executed 1014 of 1101[31m (4 FAILED)[39m (skipped 1) (0 secs / 9.77 secs)
WARN: 'NG0914: The application is using zoneless change detection, but is still loading Zone.js. Consider removing Zone.js to get the full benefits of zoneless. In applications using the Angular CLI, Zone.js is typically included in the "polyfills" section of the angular.json file.'
[1A[2KChrome Headless 139.0.0.0 (Windows 10): Executed 1015 of 1101[31m (4 FAILED)[39m (skipped 1) (0 secs / 9.777 secs)
[1A[2KWARN: [36m'NG0914: The application is using zoneless change detection, but is still loading Zone.js. Consider removing Zone.js to get the full benefits of zoneless. In applications using the Angular CLI, Zone.js is typically included in the "polyfills" section of the angular.json file.'[39m
Chrome Headless 139.0.0.0 (Windows 10): Executed 1015 of 1101[31m (4 FAILED)[39m (skipped 1) (0 secs / 9.777 secs)
WARN: 'NG0914: The application is using zoneless change detection, but is still loading Zone.js. Consider removing Zone.js to get the full benefits of zoneless. In applications using the Angular CLI, Zone.js is typically included in the "polyfills" section of the angular.json file.'
[1A[2KChrome Headless 139.0.0.0 (Windows 10): Executed 1016 of 1101[31m (4 FAILED)[39m (skipped 1) (0 secs / 9.793 secs)
[1A[2KWARN: [36m'NG0914: The application is using zoneless change detection, but is still loading Zone.js. Consider removing Zone.js to get the full benefits of zoneless. In applications using the Angular CLI, Zone.js is typically included in the "polyfills" section of the angular.json file.'[39m
Chrome Headless 139.0.0.0 (Windows 10): Executed 1016 of 1101[31m (4 FAILED)[39m (skipped 1) (0 secs / 9.793 secs)
WARN: 'NG0914: The application is using zoneless change detection, but is still loading Zone.js. Consider removing Zone.js to get the full benefits of zoneless. In applications using the Angular CLI, Zone.js is typically included in the "polyfills" section of the angular.json file.'
[1A[2KChrome Headless 139.0.0.0 (Windows 10): Executed 1017 of 1101[31m (4 FAILED)[39m (skipped 1) (0 secs / 9.806 secs)
[1A[2KWARN: [36m'NG0914: The application is using zoneless change detection, but is still loading Zone.js. Consider removing Zone.js to get the full benefits of zoneless. In applications using the Angular CLI, Zone.js is typically included in the "polyfills" section of the angular.json file.'[39m
Chrome Headless 139.0.0.0 (Windows 10): Executed 1017 of 1101[31m (4 FAILED)[39m (skipped 1) (0 secs / 9.806 secs)
WARN: 'NG0914: The application is using zoneless change detection, but is still loading Zone.js. Consider removing Zone.js to get the full benefits of zoneless. In applications using the Angular CLI, Zone.js is typically included in the "polyfills" section of the angular.json file.'
[1A[2KChrome Headless 139.0.0.0 (Windows 10): Executed 1018 of 1101[31m (4 FAILED)[39m (skipped 1) (0 secs / 9.819 secs)
[1A[2KWARN: [36m'NG0914: The application is using zoneless change detection, but is still loading Zone.js. Consider removing Zone.js to get the full benefits of zoneless. In applications using the Angular CLI, Zone.js is typically included in the "polyfills" section of the angular.json file.'[39m
Chrome Headless 139.0.0.0 (Windows 10): Executed 1018 of 1101[31m (4 FAILED)[39m (skipped 1) (0 secs / 9.819 secs)
WARN: 'NG0914: The application is using zoneless change detection, but is still loading Zone.js. Consider removing Zone.js to get the full benefits of zoneless. In applications using the Angular CLI, Zone.js is typically included in the "polyfills" section of the angular.json file.'
[1A[2KChrome Headless 139.0.0.0 (Windows 10): Executed 1019 of 1101[31m (4 FAILED)[39m (skipped 1) (0 secs / 9.832 secs)
[1A[2KWARN: [36m'NG0914: The application is using zoneless change detection, but is still loading Zone.js. Consider removing Zone.js to get the full benefits of zoneless. In applications using the Angular CLI, Zone.js is typically included in the "polyfills" section of the angular.json file.'[39m
Chrome Headless 139.0.0.0 (Windows 10): Executed 1019 of 1101[31m (4 FAILED)[39m (skipped 1) (0 secs / 9.832 secs)
WARN: 'NG0914: The application is using zoneless change detection, but is still loading Zone.js. Consider removing Zone.js to get the full benefits of zoneless. In applications using the Angular CLI, Zone.js is typically included in the "polyfills" section of the angular.json file.'
[1A[2KChrome Headless 139.0.0.0 (Windows 10): Executed 1020 of 1101[31m (4 FAILED)[39m (skipped 1) (0 secs / 9.844 secs)
[1A[2KWARN: [36m'NG0914: The application is using zoneless change detection, but is still loading Zone.js. Consider removing Zone.js to get the full benefits of zoneless. In applications using the Angular CLI, Zone.js is typically included in the "polyfills" section of the angular.json file.'[39m
Chrome Headless 139.0.0.0 (Windows 10): Executed 1020 of 1101[31m (4 FAILED)[39m (skipped 1) (0 secs / 9.844 secs)
WARN: 'NG0914: The application is using zoneless change detection, but is still loading Zone.js. Consider removing Zone.js to get the full benefits of zoneless. In applications using the Angular CLI, Zone.js is typically included in the "polyfills" section of the angular.json file.'
[1A[2KChrome Headless 139.0.0.0 (Windows 10): Executed 1021 of 1101[31m (4 FAILED)[39m (skipped 1) (0 secs / 9.853 secs)
[1A[2KWARN: [36m'NG0914: The application is using zoneless change detection, but is still loading Zone.js. Consider removing Zone.js to get the full benefits of zoneless. In applications using the Angular CLI, Zone.js is typically included in the "polyfills" section of the angular.json file.'[39m
Chrome Headless 139.0.0.0 (Windows 10): Executed 1021 of 1101[31m (4 FAILED)[39m (skipped 1) (0 secs / 9.853 secs)
WARN: 'NG0914: The application is using zoneless change detection, but is still loading Zone.js. Consider removing Zone.js to get the full benefits of zoneless. In applications using the Angular CLI, Zone.js is typically included in the "polyfills" section of the angular.json file.'
[1A[2KChrome Headless 139.0.0.0 (Windows 10): Executed 1022 of 1101[31m (4 FAILED)[39m (skipped 1) (0 secs / 9.864 secs)
[1A[2KWARN: [36m'NG0914: The application is using zoneless change detection, but is still loading Zone.js. Consider removing Zone.js to get the full benefits of zoneless. In applications using the Angular CLI, Zone.js is typically included in the "polyfills" section of the angular.json file.'[39m
Chrome Headless 139.0.0.0 (Windows 10): Executed 1022 of 1101[31m (4 FAILED)[39m (skipped 1) (0 secs / 9.864 secs)
WARN: 'NG0914: The application is using zoneless change detection, but is still loading Zone.js. Consider removing Zone.js to get the full benefits of zoneless. In applications using the Angular CLI, Zone.js is typically included in the "polyfills" section of the angular.json file.'
[1A[2KChrome Headless 139.0.0.0 (Windows 10): Executed 1023 of 1101[31m (4 FAILED)[39m (skipped 1) (0 secs / 9.886 secs)
[1A[2KWARN: [36m'NG0914: The application is using zoneless change detection, but is still loading Zone.js. Consider removing Zone.js to get the full benefits of zoneless. In applications using the Angular CLI, Zone.js is typically included in the "polyfills" section of the angular.json file.'[39m
Chrome Headless 139.0.0.0 (Windows 10): Executed 1023 of 1101[31m (4 FAILED)[39m (skipped 1) (0 secs / 9.886 secs)
WARN: 'NG0914: The application is using zoneless change detection, but is still loading Zone.js. Consider removing Zone.js to get the full benefits of zoneless. In applications using the Angular CLI, Zone.js is typically included in the "polyfills" section of the angular.json file.'
[1A[2KChrome Headless 139.0.0.0 (Windows 10): Executed 1024 of 1101[31m (4 FAILED)[39m (skipped 1) (0 secs / 9.897 secs)
[1A[2KWARN: [36m'NG0914: The application is using zoneless change detection, but is still loading Zone.js. Consider removing Zone.js to get the full benefits of zoneless. In applications using the Angular CLI, Zone.js is typically included in the "polyfills" section of the angular.json file.'[39m
Chrome Headless 139.0.0.0 (Windows 10): Executed 1024 of 1101[31m (4 FAILED)[39m (skipped 1) (0 secs / 9.897 secs)
WARN: 'NG0914: The application is using zoneless change detection, but is still loading Zone.js. Consider removing Zone.js to get the full benefits of zoneless. In applications using the Angular CLI, Zone.js is typically included in the "polyfills" section of the angular.json file.'
[1A[2KChrome Headless 139.0.0.0 (Windows 10): Executed 1025 of 1101[31m (4 FAILED)[39m (skipped 1) (0 secs / 9.906 secs)
[1A[2KWARN: [36m'NG0914: The application is using zoneless change detection, but is still loading Zone.js. Consider removing Zone.js to get the full benefits of zoneless. In applications using the Angular CLI, Zone.js is typically included in the "polyfills" section of the angular.json file.'[39m
Chrome Headless 139.0.0.0 (Windows 10): Executed 1025 of 1101[31m (4 FAILED)[39m (skipped 1) (0 secs / 9.906 secs)
WARN: 'NG0914: The application is using zoneless change detection, but is still loading Zone.js. Consider removing Zone.js to get the full benefits of zoneless. In applications using the Angular CLI, Zone.js is typically included in the "polyfills" section of the angular.json file.'
[1A[2KChrome Headless 139.0.0.0 (Windows 10): Executed 1026 of 1101[31m (4 FAILED)[39m (skipped 1) (0 secs / 9.919 secs)
[1A[2KWARN: [36m'NG0914: The application is using zoneless change detection, but is still loading Zone.js. Consider removing Zone.js to get the full benefits of zoneless. In applications using the Angular CLI, Zone.js is typically included in the "polyfills" section of the angular.json file.'[39m
Chrome Headless 139.0.0.0 (Windows 10): Executed 1026 of 1101[31m (4 FAILED)[39m (skipped 1) (0 secs / 9.919 secs)
WARN: 'NG0914: The application is using zoneless change detection, but is still loading Zone.js. Consider removing Zone.js to get the full benefits of zoneless. In applications using the Angular CLI, Zone.js is typically included in the "polyfills" section of the angular.json file.'
[1A[2KChrome Headless 139.0.0.0 (Windows 10): Executed 1027 of 1101[31m (4 FAILED)[39m (skipped 1) (0 secs / 9.928 secs)
[1A[2KWARN: [36m'NG0914: The application is using zoneless change detection, but is still loading Zone.js. Consider removing Zone.js to get the full benefits of zoneless. In applications using the Angular CLI, Zone.js is typically included in the "polyfills" section of the angular.json file.'[39m
Chrome Headless 139.0.0.0 (Windows 10): Executed 1027 of 1101[31m (4 FAILED)[39m (skipped 1) (0 secs / 9.928 secs)
WARN: 'NG0914: The application is using zoneless change detection, but is still loading Zone.js. Consider removing Zone.js to get the full benefits of zoneless. In applications using the Angular CLI, Zone.js is typically included in the "polyfills" section of the angular.json file.'
[1A[2KChrome Headless 139.0.0.0 (Windows 10): Executed 1028 of 1101[31m (4 FAILED)[39m (skipped 1) (0 secs / 9.937 secs)
[1A[2KWARN: [36m'NG0914: The application is using zoneless change detection, but is still loading Zone.js. Consider removing Zone.js to get the full benefits of zoneless. In applications using the Angular CLI, Zone.js is typically included in the "polyfills" section of the angular.json file.'[39m
Chrome Headless 139.0.0.0 (Windows 10): Executed 1028 of 1101[31m (4 FAILED)[39m (skipped 1) (0 secs / 9.937 secs)
WARN: 'NG0914: The application is using zoneless change detection, but is still loading Zone.js. Consider removing Zone.js to get the full benefits of zoneless. In applications using the Angular CLI, Zone.js is typically included in the "polyfills" section of the angular.json file.'
[1A[2KChrome Headless 139.0.0.0 (Windows 10): Executed 1029 of 1101[31m (4 FAILED)[39m (skipped 1) (0 secs / 9.946 secs)
[1A[2KWARN: [36m'NG0914: The application is using zoneless change detection, but is still loading Zone.js. Consider removing Zone.js to get the full benefits of zoneless. In applications using the Angular CLI, Zone.js is typically included in the "polyfills" section of the angular.json file.'[39m
Chrome Headless 139.0.0.0 (Windows 10): Executed 1029 of 1101[31m (4 FAILED)[39m (skipped 1) (0 secs / 9.946 secs)
WARN: 'NG0914: The application is using zoneless change detection, but is still loading Zone.js. Consider removing Zone.js to get the full benefits of zoneless. In applications using the Angular CLI, Zone.js is typically included in the "polyfills" section of the angular.json file.'
[1A[2KChrome Headless 139.0.0.0 (Windows 10): Executed 1030 of 1101[31m (4 FAILED)[39m (skipped 1) (0 secs / 9.961 secs)
[1A[2KWARN: [36m'NG0914: The application is using zoneless change detection, but is still loading Zone.js. Consider removing Zone.js to get the full benefits of zoneless. In applications using the Angular CLI, Zone.js is typically included in the "polyfills" section of the angular.json file.'[39m
Chrome Headless 139.0.0.0 (Windows 10): Executed 1030 of 1101[31m (4 FAILED)[39m (skipped 1) (0 secs / 9.961 secs)
WARN: 'NG0914: The application is using zoneless change detection, but is still loading Zone.js. Consider removing Zone.js to get the full benefits of zoneless. In applications using the Angular CLI, Zone.js is typically included in the "polyfills" section of the angular.json file.'
[1A[2KChrome Headless 139.0.0.0 (Windows 10): Executed 1031 of 1101[31m (4 FAILED)[39m (skipped 1) (0 secs / 9.973 secs)
[1A[2KChrome Headless 139.0.0.0 (Windows 10): Executed 1032 of 1101[31m (4 FAILED)[39m (skipped 1) (0 secs / 9.985 secs)
[1A[2KChrome Headless 139.0.0.0 (Windows 10): Executed 1033 of 1101[31m (4 FAILED)[39m (skipped 1) (0 secs / 9.989 secs)
[1A[2KChrome Headless 139.0.0.0 (Windows 10): Executed 1034 of 1101[31m (4 FAILED)[39m (skipped 1) (0 secs / 9.997 secs)
[1A[2KChrome Headless 139.0.0.0 (Windows 10): Executed 1035 of 1101[31m (4 FAILED)[39m (skipped 1) (0 secs / 10 secs)
[1A[2KChrome Headless 139.0.0.0 (Windows 10): Executed 1036 of 1101[31m (4 FAILED)[39m (skipped 1) (0 secs / 10.002 secs)
[1A[2KChrome Headless 139.0.0.0 (Windows 10): Executed 1037 of 1101[31m (4 FAILED)[39m (skipped 1) (0 secs / 10.005 secs)
[1A[2KChrome Headless 139.0.0.0 (Windows 10): Executed 1038 of 1101[31m (4 FAILED)[39m (skipped 1) (0 secs / 10.007 secs)
[1A[2KChrome Headless 139.0.0.0 (Windows 10): Executed 1039 of 1101[31m (4 FAILED)[39m (skipped 1) (0 secs / 10.01 secs)
[1A[2KChrome Headless 139.0.0.0 (Windows 10): Executed 1040 of 1101[31m (4 FAILED)[39m (skipped 1) (0 secs / 10.013 secs)
[1A[2KChrome Headless 139.0.0.0 (Windows 10): Executed 1041 of 1101[31m (4 FAILED)[39m (skipped 1) (0 secs / 10.02 secs)
[1A[2KChrome Headless 139.0.0.0 (Windows 10): Executed 1042 of 1101[31m (4 FAILED)[39m (skipped 1) (0 secs / 10.023 secs)
[1A[2KChrome Headless 139.0.0.0 (Windows 10): Executed 1043 of 1101[31m (4 FAILED)[39m (skipped 1) (0 secs / 10.026 secs)
[1A[2KChrome Headless 139.0.0.0 (Windows 10): Executed 1044 of 1101[31m (4 FAILED)[39m (skipped 1) (0 secs / 10.029 secs)
[1A[2KChrome Headless 139.0.0.0 (Windows 10): Executed 1045 of 1101[31m (4 FAILED)[39m (skipped 1) (0 secs / 10.032 secs)
[1A[2KChrome Headless 139.0.0.0 (Windows 10): Executed 1046 of 1101[31m (4 FAILED)[39m (skipped 1) (0 secs / 10.034 secs)
[1A[2KLOG: [36m'Budget created successfully:', Object{_id: 'budget1', name: 'Test Budget', period: 'monthly', startDate: Mon Jan 01 2024 00:00:00 GMT+0000 (Greenwich Mean Time), endDate: Wed Jan 31 2024 00:00:00 GMT+0000 (Greenwich Mean Time), totalAmount: 1000, currency: 'USD', categoryAllocations: [], status: 'active', alertThreshold: 80, userId: 'user1', isActive: true, autoAdjust: false, allowRollover: false, rolloverAmount: 0, createdAt: Mon Jan 15 2024 00:00:00 GMT+0000 (Greenwich Mean Time), updatedAt: Mon Jan 15 2024 00:00:00 GMT+0000 (Greenwich Mean Time)}[39m
Chrome Headless 139.0.0.0 (Windows 10): Executed 1046 of 1101[31m (4 FAILED)[39m (skipped 1) (0 secs / 10.034 secs)
LOG: 'Budget created successfully:', Object{_id: 'budget1', name: 'Test Budget', period: 'monthly', startDate: Mon Jan 01 2024 00:00:00 GMT+0000 (Greenwich Mean Time), endDate: Wed Jan 31 2024 00:00:00 GMT+0000 (Greenwich Mean Time), totalAmount: 1000, currency: 'USD', categoryAllocations: [], status: 'active', alertThreshold: 80, userId: 'user1', isActive: true, autoAdjust: false, allowRollover: false, rolloverAmount: 0, createdAt: Mon Jan 15 2024 00:00:00 GMT+0000 (Greenwich Mean Time), updatedAt: Mon Jan 15 2024 00:00:00 GMT+0000 (Greenwich Mean Time)}
[1A[2KChrome Headless 139.0.0.0 (Windows 10): Executed 1047 of 1101[31m (4 FAILED)[39m (skipped 1) (0 secs / 10.039 secs)
[1A[2KChrome Headless 139.0.0.0 (Windows 10): Executed 1048 of 1101[31m (4 FAILED)[39m (skipped 1) (0 secs / 10.042 secs)
[1A[2KChrome Headless 139.0.0.0 (Windows 10): Executed 1049 of 1101[31m (4 FAILED)[39m (skipped 1) (0 secs / 10.045 secs)
[1A[2KChrome Headless 139.0.0.0 (Windows 10): Executed 1050 of 1101[31m (4 FAILED)[39m (skipped 1) (0 secs / 10.048 secs)
[1A[2KChrome Headless 139.0.0.0 (Windows 10): Executed 1051 of 1101[31m (4 FAILED)[39m (skipped 1) (0 secs / 10.051 secs)
[1A[2KChrome Headless 139.0.0.0 (Windows 10): Executed 1052 of 1101[31m (4 FAILED)[39m (skipped 1) (0 secs / 10.053 secs)
[1A[2KChrome Headless 139.0.0.0 (Windows 10): Executed 1053 of 1101[31m (4 FAILED)[39m (skipped 1) (0 secs / 10.057 secs)
[1A[2KChrome Headless 139.0.0.0 (Windows 10): Executed 1054 of 1101[31m (4 FAILED)[39m (skipped 1) (0 secs / 10.06 secs)
[1A[2KChrome Headless 139.0.0.0 (Windows 10): Executed 1055 of 1101[31m (4 FAILED)[39m (skipped 1) (0 secs / 10.063 secs)
[1A[2KChrome Headless 139.0.0.0 (Windows 10): Executed 1056 of 1101[31m (4 FAILED)[39m (skipped 1) (0 secs / 10.066 secs)
[1A[2KChrome Headless 139.0.0.0 (Windows 10): Executed 1057 of 1101[31m (4 FAILED)[39m (skipped 1) (0 secs / 10.069 secs)
[1A[2KChrome Headless 139.0.0.0 (Windows 10): Executed 1058 of 1101[31m (4 FAILED)[39m (skipped 1) (0 secs / 10.072 secs)
[1A[2KChrome Headless 139.0.0.0 (Windows 10): Executed 1059 of 1101[31m (4 FAILED)[39m (skipped 1) (0 secs / 10.075 secs)
[1A[2KChrome Headless 139.0.0.0 (Windows 10): Executed 1060 of 1101[31m (4 FAILED)[39m (skipped 1) (0 secs / 10.078 secs)
[1A[2KChrome Headless 139.0.0.0 (Windows 10): Executed 1061 of 1101[31m (4 FAILED)[39m (skipped 1) (0 secs / 10.081 secs)
[1A[2KERROR: [36m'Error creating budget:', Error: Creation failed
Error: Creation failed
    at errorFactory (http://localhost:9876/_karma_webpack_/webpack:/src/app/features/financial/components/budget-wizard/budget-wizard.spec.ts:371:69)
    at Observable._subscribe (http://localhost:9876/_karma_webpack_/webpack:/node_modules/rxjs/dist/esm/internal/observable/throwError.js:5:51)
    at Observable._trySubscribe (http://localhost:9876/_karma_webpack_/webpack:/node_modules/rxjs/dist/esm/internal/Observable.js:37:25)
    at cb (http://localhost:9876/_karma_webpack_/webpack:/node_modules/rxjs/dist/esm/internal/Observable.js:31:30)
    at errorContext (http://localhost:9876/_karma_webpack_/webpack:/node_modules/rxjs/dist/esm/internal/util/errorContext.js:19:9)
    at Observable.subscribe (http://localhost:9876/_karma_webpack_/webpack:/node_modules/rxjs/dist/esm/internal/Observable.js:22:21)
    at init (http://localhost:9876/_karma_webpack_/webpack:/node_modules/rxjs/dist/esm/internal/operators/takeUntil.js:8:38)
    at SafeSubscriber.call (http://localhost:9876/_karma_webpack_/webpack:/node_modules/rxjs/dist/esm/internal/util/lift.js:10:28)
    at cb (http://localhost:9876/_karma_webpack_/webpack:/node_modules/rxjs/dist/esm/internal/Observable.js:26:30)
    at errorContext (http://localhost:9876/_karma_webpack_/webpack:/node_modules/rxjs/dist/esm/internal/util/errorContext.js:19:9)[39m
Chrome Headless 139.0.0.0 (Windows 10): Executed 1061 of 1101[31m (4 FAILED)[39m (skipped 1) (0 secs / 10.081 secs)
ERROR: 'Error creating budget:', Error: Creation failed
Error: Creation failed
    at errorFactory (http://localhost:9876/_karma_webpack_/webpack:/src/app/features/financial/components/budget-wizard/budget-wizard.spec.ts:371:69)
    at Observable._subscribe (http://localhost:9876/_karma_webpack_/webpack:/node_modules/rxjs/dist/esm/internal/observable/throwError.js:5:51)
    at Observable._trySubscribe (http://localhost:9876/_karma_webpack_/webpack:/node_modules/rxjs/dist/esm/internal/Observable.js:37:25)
    at cb (http://localhost:9876/_karma_webpack_/webpack:/node_modules/rxjs/dist/esm/internal/Observable.js:31:30)
    at errorContext (http://localhost:9876/_karma_webpack_/webpack:/node_modules/rxjs/dist/esm/internal/util/errorContext.js:19:9)
    at Observable.subscribe (http://localhost:9876/_karma_webpack_/webpack:/node_modules/rxjs/dist/esm/internal/Observable.js:22:21)
    at init (http://localhost:9876/_karma_webpack_/webpack:/node_modules/rxjs/dist/esm/internal/operators/takeUntil.js:8:38)
    at SafeSubscriber.call (http://localhost:9876/_karma_webpack_/webpack:/node_modules/rxjs/dist/esm/internal/util/lift.js:10:28)
    at cb (http://localhost:9876/_karma_webpack_/webpack:/node_modules/rxjs/dist/esm/internal/Observable.js:26:30)
    at errorContext (http://localhost:9876/_karma_webpack_/webpack:/node_modules/rxjs/dist/esm/internal/util/errorContext.js:19:9)
[1A[2KChrome Headless 139.0.0.0 (Windows 10): Executed 1062 of 1101[31m (4 FAILED)[39m (skipped 1) (0 secs / 10.084 secs)
[1A[2KChrome Headless 139.0.0.0 (Windows 10): Executed 1063 of 1101[31m (4 FAILED)[39m (skipped 1) (0 secs / 10.087 secs)
[1A[2KChrome Headless 139.0.0.0 (Windows 10): Executed 1064 of 1101[31m (4 FAILED)[39m (skipped 1) (0 secs / 10.09 secs)
[1A[2KChrome Headless 139.0.0.0 (Windows 10): Executed 1065 of 1101[31m (4 FAILED)[39m (skipped 1) (0 secs / 10.13 secs)
[1A[2KChrome Headless 139.0.0.0 (Windows 10): Executed 1066 of 1101[31m (4 FAILED)[39m (skipped 1) (0 secs / 10.137 secs)
[1A[2KChrome Headless 139.0.0.0 (Windows 10): Executed 1067 of 1101[31m (4 FAILED)[39m (skipped 1) (0 secs / 10.145 secs)
[1A[2KChrome Headless 139.0.0.0 (Windows 10): Executed 1068 of 1101[31m (4 FAILED)[39m (skipped 1) (0 secs / 10.153 secs)
[1A[2KChrome Headless 139.0.0.0 (Windows 10): Executed 1069 of 1101[31m (4 FAILED)[39m (skipped 1) (0 secs / 10.161 secs)
[1A[2KChrome Headless 139.0.0.0 (Windows 10): Executed 1070 of 1101[31m (4 FAILED)[39m (skipped 1) (0 secs / 10.169 secs)
[1A[2KERROR: [36m'Error loading dashboard:', Error: API Error
Error: API Error
    at errorFactory (http://localhost:9876/_karma_webpack_/webpack:/src/app/features/financial/components/financial-dashboard/financial-dashboard.spec.ts:215:83)
    at Observable._subscribe (http://localhost:9876/_karma_webpack_/webpack:/node_modules/rxjs/dist/esm/internal/observable/throwError.js:5:51)
    at Observable._trySubscribe (http://localhost:9876/_karma_webpack_/webpack:/node_modules/rxjs/dist/esm/internal/Observable.js:37:25)
    at cb (http://localhost:9876/_karma_webpack_/webpack:/node_modules/rxjs/dist/esm/internal/Observable.js:31:30)
    at errorContext (http://localhost:9876/_karma_webpack_/webpack:/node_modules/rxjs/dist/esm/internal/util/errorContext.js:19:9)
    at Observable.subscribe (http://localhost:9876/_karma_webpack_/webpack:/node_modules/rxjs/dist/esm/internal/Observable.js:22:21)
    at init (http://localhost:9876/_karma_webpack_/webpack:/node_modules/rxjs/dist/esm/internal/operators/takeUntil.js:8:38)
    at SafeSubscriber.call (http://localhost:9876/_karma_webpack_/webpack:/node_modules/rxjs/dist/esm/internal/util/lift.js:10:28)
    at cb (http://localhost:9876/_karma_webpack_/webpack:/node_modules/rxjs/dist/esm/internal/Observable.js:26:30)
    at errorContext (http://localhost:9876/_karma_webpack_/webpack:/node_modules/rxjs/dist/esm/internal/util/errorContext.js:19:9)[39m
Chrome Headless 139.0.0.0 (Windows 10): Executed 1070 of 1101[31m (4 FAILED)[39m (skipped 1) (0 secs / 10.169 secs)
ERROR: 'Error loading dashboard:', Error: API Error
Error: API Error
    at errorFactory (http://localhost:9876/_karma_webpack_/webpack:/src/app/features/financial/components/financial-dashboard/financial-dashboard.spec.ts:215:83)
    at Observable._subscribe (http://localhost:9876/_karma_webpack_/webpack:/node_modules/rxjs/dist/esm/internal/observable/throwError.js:5:51)
    at Observable._trySubscribe (http://localhost:9876/_karma_webpack_/webpack:/node_modules/rxjs/dist/esm/internal/Observable.js:37:25)
    at cb (http://localhost:9876/_karma_webpack_/webpack:/node_modules/rxjs/dist/esm/internal/Observable.js:31:30)
    at errorContext (http://localhost:9876/_karma_webpack_/webpack:/node_modules/rxjs/dist/esm/internal/util/errorContext.js:19:9)
    at Observable.subscribe (http://localhost:9876/_karma_webpack_/webpack:/node_modules/rxjs/dist/esm/internal/Observable.js:22:21)
    at init (http://localhost:9876/_karma_webpack_/webpack:/node_modules/rxjs/dist/esm/internal/operators/takeUntil.js:8:38)
    at SafeSubscriber.call (http://localhost:9876/_karma_webpack_/webpack:/node_modules/rxjs/dist/esm/internal/util/lift.js:10:28)
    at cb (http://localhost:9876/_karma_webpack_/webpack:/node_modules/rxjs/dist/esm/internal/Observable.js:26:30)
    at errorContext (http://localhost:9876/_karma_webpack_/webpack:/node_modules/rxjs/dist/esm/internal/util/errorContext.js:19:9)
[1A[2KChrome Headless 139.0.0.0 (Windows 10): Executed 1071 of 1101[31m (4 FAILED)[39m (skipped 1) (0 secs / 10.178 secs)
[1A[2KChrome Headless 139.0.0.0 (Windows 10): Executed 1072 of 1101[31m (4 FAILED)[39m (skipped 1) (0 secs / 10.185 secs)
[1A[2KChrome Headless 139.0.0.0 (Windows 10): Executed 1073 of 1101[31m (4 FAILED)[39m (skipped 1) (0 secs / 10.192 secs)
[1A[2KChrome Headless 139.0.0.0 (Windows 10): Executed 1074 of 1101[31m (4 FAILED)[39m (skipped 1) (0 secs / 10.2 secs)
[1A[2KChrome Headless 139.0.0.0 (Windows 10): Executed 1075 of 1101[31m (4 FAILED)[39m (skipped 1) (0 secs / 10.208 secs)
[1A[2KChrome Headless 139.0.0.0 (Windows 10): Executed 1076 of 1101[31m (4 FAILED)[39m (skipped 1) (0 secs / 10.215 secs)
[1A[2KChrome Headless 139.0.0.0 (Windows 10): Executed 1077 of 1101[31m (4 FAILED)[39m (skipped 1) (0 secs / 10.223 secs)
[1A[2KChrome Headless 139.0.0.0 (Windows 10): Executed 1078 of 1101[31m (4 FAILED)[39m (skipped 1) (0 secs / 10.23 secs)
[1A[2KChrome Headless 139.0.0.0 (Windows 10): Executed 1079 of 1101[31m (4 FAILED)[39m (skipped 1) (0 secs / 10.238 secs)
[1A[2KChrome Headless 139.0.0.0 (Windows 10): Executed 1080 of 1101[31m (4 FAILED)[39m (skipped 1) (0 secs / 10.245 secs)
[1A[2KChrome Headless 139.0.0.0 (Windows 10): Executed 1081 of 1101[31m (4 FAILED)[39m (skipped 1) (0 secs / 10.253 secs)
[1A[2KChrome Headless 139.0.0.0 (Windows 10): Executed 1082 of 1101[31m (4 FAILED)[39m (skipped 1) (0 secs / 10.261 secs)
[1A[2KChrome Headless 139.0.0.0 (Windows 10): Executed 1083 of 1101[31m (4 FAILED)[39m (skipped 1) (0 secs / 10.277 secs)
[1A[2KChrome Headless 139.0.0.0 (Windows 10): Executed 1084 of 1101[31m (4 FAILED)[39m (skipped 1) (0 secs / 10.284 secs)
[1A[2KChrome Headless 139.0.0.0 (Windows 10): Executed 1085 of 1101[31m (4 FAILED)[39m (skipped 1) (0 secs / 10.292 secs)
[1A[2KChrome Headless 139.0.0.0 (Windows 10): Executed 1086 of 1101[31m (4 FAILED)[39m (skipped 1) (0 secs / 10.299 secs)
[1A[2KChrome Headless 139.0.0.0 (Windows 10): Executed 1087 of 1101[31m (4 FAILED)[39m (skipped 1) (0 secs / 10.306 secs)
[1A[2KChrome Headless 139.0.0.0 (Windows 10): Executed 1088 of 1101[31m (4 FAILED)[39m (skipped 1) (0 secs / 10.314 secs)
[1A[2KChrome Headless 139.0.0.0 (Windows 10): Executed 1089 of 1101[31m (4 FAILED)[39m (skipped 1) (0 secs / 10.323 secs)
[1A[2KChrome Headless 139.0.0.0 (Windows 10): Executed 1090 of 1101[31m (4 FAILED)[39m (skipped 1) (0 secs / 10.33 secs)
[1A[2KChrome Headless 139.0.0.0 (Windows 10): Executed 1091 of 1101[31m (4 FAILED)[39m (skipped 1) (0 secs / 10.337 secs)
[1A[2KChrome Headless 139.0.0.0 (Windows 10): Executed 1092 of 1101[31m (4 FAILED)[39m (skipped 1) (0 secs / 10.345 secs)
[1A[2KChrome Headless 139.0.0.0 (Windows 10): Executed 1093 of 1101[31m (4 FAILED)[39m (skipped 1) (0 secs / 10.352 secs)
[1A[2KChrome Headless 139.0.0.0 (Windows 10): Executed 1094 of 1101[31m (4 FAILED)[39m (skipped 1) (0 secs / 10.359 secs)
[1A[2KChrome Headless 139.0.0.0 (Windows 10): Executed 1095 of 1101[31m (4 FAILED)[39m (skipped 1) (0 secs / 10.362 secs)
[1A[2KChrome Headless 139.0.0.0 (Windows 10): Executed 1096 of 1101[31m (4 FAILED)[39m (skipped 1) (0 secs / 10.365 secs)
[1A[2KChrome Headless 139.0.0.0 (Windows 10): Executed 1097 of 1101[31m (4 FAILED)[39m (skipped 1) (0 secs / 10.369 secs)
[1A[2KChrome Headless 139.0.0.0 (Windows 10): Executed 1098 of 1101[31m (4 FAILED)[39m (skipped 1) (0 secs / 10.376 secs)
[1A[2KChrome Headless 139.0.0.0 (Windows 10): Executed 1099 of 1101[31m (4 FAILED)[39m (skipped 1) (0 secs / 10.383 secs)
[1A[2KChrome Headless 139.0.0.0 (Windows 10): Executed 1100 of 1101[31m (4 FAILED)[39m (skipped 1) (0 secs / 10.387 secs)
[1A[2KChrome Headless 139.0.0.0 (Windows 10): Executed 1100 of 1101[31m (4 FAILED)[39m (skipped 1) (12.373 secs / 10.387 secs)
[31mTOTAL: 4 FAILED, 1096 SUCCESS[39m
тЬФ Browser application bundle generation complete.

=============================== Coverage summary ===============================
Statements   : 83.36% ( 3053/3662 )
Branches     : 69.31% ( 994/1434 )
Functions    : 82.37% ( 1014/1231 )
Lines        : 84.42% ( 2846/3371 )
================================================================================
тЬФ Browser application bundle generation complete.
