
> frontend@0.0.0 test
> ng test --watch=false --browsers=ChromeHeadless --code-coverage --watch=false --browsers=ChromeHeadless

node.exe : [1m[33mOption 'browsers' has been specified multiple times. The value 
'ChromeHeadless' will be used.[39m[22m
At line:1 char:1
+ & "C:\Program Files\nodejs/node.exe" "C:\Program Files\nodejs/node_mo ...
+ ~~~~~~~~~~~~~~~~~~~~~~~~~~~~~~~~~~~~~~~~~~~~~~~~~~~~~~~~~~~~~~~~~~~~~
    + CategoryInfo          : NotSpecified: ([1m[33mOption...used.[39m[22m:String) [], Re 
   moteException
    + FullyQualifiedErrorId : NativeCommandError
 
- Generating browser application bundles (phase: setup)...
тЬФ Browser application bundle generation complete.
[32m04 09 2025 19:42:40.619:INFO [karma-server]: [39mKarma v6.4.4 server started at http://localhost:9876/
[32m04 09 2025 19:42:40.622:INFO [launcher]: [39mLaunching browsers ChromeHeadless with concurrency unlimited
[32m04 09 2025 19:42:40.629:INFO [launcher]: [39mStarting browser ChromeHeadless
[32m04 09 2025 19:42:41.899:INFO [Chrome Headless 139.0.0.0 (Windows 10)]: [39mConnected on socket hf8ZX3NRpcDcH5gTAAAB with id 66245907
Chrome Headless 139.0.0.0 (Windows 10): Executed 0 of 732[32m SUCCESS[39m (0 secs / 0 secs)
[1A[2KChrome Headless 139.0.0.0 (Windows 10): Executed 1 of 732[32m SUCCESS[39m (0 secs / 0.028 secs)
[1A[2KERROR: [36m'API Error:', HttpErrorResponse{headers: HttpHeaders{headers: Map{}, normalizedNames: Map{}, lazyInit: undefined, lazyUpdate: null}, status: 500, statusText: 'Internal Server Error', url: 'http://localhost:3000/api/test', ok: false, type: undefined, name: 'HttpErrorResponse', message: 'Http failure response for http://localhost:3000/api/test: 500 Internal Server Error', error: 'Server Error'}[39m
Chrome Headless 139.0.0.0 (Windows 10): Executed 1 of 732[32m SUCCESS[39m (0 secs / 0.028 secs)
ERROR: 'API Error:', HttpErrorResponse{headers: HttpHeaders{headers: Map{}, normalizedNames: Map{}, lazyInit: undefined, lazyUpdate: null}, status: 500, statusText: 'Internal Server Error', url: 'http://localhost:3000/api/test', ok: false, type: undefined, name: 'HttpErrorResponse', message: 'Http failure response for http://localhost:3000/api/test: 500 Internal Server Error', error: 'Server Error'}
[1A[2KChrome Headless 139.0.0.0 (Windows 10): Executed 2 of 732[32m SUCCESS[39m (0 secs / 0.039 secs)
[1A[2KChrome Headless 139.0.0.0 (Windows 10): Executed 3 of 732[32m SUCCESS[39m (0 secs / 0.046 secs)
[1A[2KChrome Headless 139.0.0.0 (Windows 10): Executed 4 of 732[32m SUCCESS[39m (0 secs / 0.049 secs)
[1A[2KChrome Headless 139.0.0.0 (Windows 10): Executed 5 of 732[32m SUCCESS[39m (0 secs / 0.052 secs)
[1A[2KChrome Headless 139.0.0.0 (Windows 10): Executed 6 of 732[32m SUCCESS[39m (0 secs / 0.056 secs)
[1A[2KChrome Headless 139.0.0.0 (Windows 10): Executed 7 of 732[32m SUCCESS[39m (0 secs / 0.059 secs)
[1A[2KChrome Headless 139.0.0.0 (Windows 10): Executed 8 of 732[32m SUCCESS[39m (0 secs / 0.063 secs)
[1A[2KERROR: [36m'API Error:', HttpErrorResponse{headers: HttpHeaders{headers: Map{}, normalizedNames: Map{}, lazyInit: undefined, lazyUpdate: null}, status: 0, statusText: 'Unknown Error', url: 'http://localhost:3000/api/test', ok: false, type: undefined, name: 'HttpErrorResponse', message: 'Http failure response for http://localhost:3000/api/test: 0 ', error: ErrorEvent{isTrusted: false}}[39m
Chrome Headless 139.0.0.0 (Windows 10): Executed 8 of 732[32m SUCCESS[39m (0 secs / 0.063 secs)
ERROR: 'API Error:', HttpErrorResponse{headers: HttpHeaders{headers: Map{}, normalizedNames: Map{}, lazyInit: undefined, lazyUpdate: null}, status: 0, statusText: 'Unknown Error', url: 'http://localhost:3000/api/test', ok: false, type: undefined, name: 'HttpErrorResponse', message: 'Http failure response for http://localhost:3000/api/test: 0 ', error: ErrorEvent{isTrusted: false}}
[1A[2KChrome Headless 139.0.0.0 (Windows 10): Executed 9 of 732[32m SUCCESS[39m (0 secs / 0.066 secs)
[1A[2KChrome Headless 139.0.0.0 (Windows 10): Executed 10 of 732[32m SUCCESS[39m (0 secs / 0.068 secs)
[1A[2KChrome Headless 139.0.0.0 (Windows 10): Executed 11 of 732[32m SUCCESS[39m (0 secs / 0.242 secs)
[1A[2KChrome Headless 139.0.0.0 (Windows 10): Executed 12 of 732[32m SUCCESS[39m (0 secs / 0.252 secs)
[1A[2KChrome Headless 139.0.0.0 (Windows 10): Executed 13 of 732[32m SUCCESS[39m (0 secs / 0.26 secs)
[1A[2KChrome Headless 139.0.0.0 (Windows 10): Executed 14 of 732[32m SUCCESS[39m (0 secs / 0.269 secs)
[1A[2KChrome Headless 139.0.0.0 (Windows 10): Executed 15 of 732[32m SUCCESS[39m (0 secs / 0.277 secs)
[1A[2KChrome Headless 139.0.0.0 (Windows 10): Executed 16 of 732[32m SUCCESS[39m (0 secs / 0.284 secs)
[1A[2KChrome Headless 139.0.0.0 (Windows 10): Executed 17 of 732[32m SUCCESS[39m (0 secs / 0.289 secs)
[1A[2KChrome Headless 139.0.0.0 (Windows 10): Executed 18 of 732[32m SUCCESS[39m (0 secs / 0.297 secs)
[1A[2KChrome Headless 139.0.0.0 (Windows 10): Executed 19 of 732[32m SUCCESS[39m (0 secs / 0.306 secs)
[1A[2KChrome Headless 139.0.0.0 (Windows 10): Executed 20 of 732[32m SUCCESS[39m (0 secs / 0.315 secs)
[1A[2KChrome Headless 139.0.0.0 (Windows 10): Executed 21 of 732[32m SUCCESS[39m (0 secs / 0.323 secs)
[1A[2KChrome Headless 139.0.0.0 (Windows 10): Executed 22 of 732[32m SUCCESS[39m (0 secs / 0.331 secs)
[1A[2KChrome Headless 139.0.0.0 (Windows 10): Executed 23 of 732[32m SUCCESS[39m (0 secs / 0.337 secs)
[1A[2KChrome Headless 139.0.0.0 (Windows 10): Executed 24 of 732[32m SUCCESS[39m (0 secs / 0.344 secs)
[1A[2KChrome Headless 139.0.0.0 (Windows 10): Executed 25 of 732[32m SUCCESS[39m (0 secs / 0.352 secs)
[1A[2KChrome Headless 139.0.0.0 (Windows 10): Executed 26 of 732[32m SUCCESS[39m (0 secs / 0.36 secs)
[1A[2KChrome Headless 139.0.0.0 (Windows 10): Executed 27 of 732[32m SUCCESS[39m (0 secs / 0.367 secs)
[1A[2KChrome Headless 139.0.0.0 (Windows 10): Executed 28 of 732[32m SUCCESS[39m (0 secs / 0.374 secs)
[1A[2KChrome Headless 139.0.0.0 (Windows 10): Executed 29 of 732[32m SUCCESS[39m (0 secs / 0.38 secs)
[1A[2KChrome Headless 139.0.0.0 (Windows 10): Executed 30 of 732[32m SUCCESS[39m (0 secs / 0.383 secs)
[1A[2KChrome Headless 139.0.0.0 (Windows 10): Executed 31 of 732[32m SUCCESS[39m (0 secs / 0.391 secs)
[1A[2KChrome Headless 139.0.0.0 (Windows 10): Executed 32 of 732[32m SUCCESS[39m (0 secs / 0.395 secs)
[1A[2KChrome Headless 139.0.0.0 (Windows 10): Executed 33 of 732[32m SUCCESS[39m (0 secs / 0.4 secs)
[1A[2KChrome Headless 139.0.0.0 (Windows 10): Executed 34 of 732[32m SUCCESS[39m (0 secs / 0.405 secs)
[1A[2KChrome Headless 139.0.0.0 (Windows 10): Executed 35 of 732[32m SUCCESS[39m (0 secs / 0.409 secs)
[1A[2KChrome Headless 139.0.0.0 (Windows 10): Executed 36 of 732[32m SUCCESS[39m (0 secs / 0.417 secs)
[1A[2KChrome Headless 139.0.0.0 (Windows 10): Executed 37 of 732[32m SUCCESS[39m (0 secs / 0.424 secs)
[1A[2KChrome Headless 139.0.0.0 (Windows 10): Executed 38 of 732[32m SUCCESS[39m (0 secs / 0.431 secs)
[1A[2KChrome Headless 139.0.0.0 (Windows 10): Executed 39 of 732[32m SUCCESS[39m (0 secs / 0.438 secs)
[1A[2KChrome Headless 139.0.0.0 (Windows 10): Executed 40 of 732[32m SUCCESS[39m (0 secs / 0.442 secs)
[1A[2KChrome Headless 139.0.0.0 (Windows 10): Executed 41 of 732[32m SUCCESS[39m (0 secs / 0.447 secs)
[1A[2KChrome Headless 139.0.0.0 (Windows 10): Executed 42 of 732[32m SUCCESS[39m (0 secs / 0.451 secs)
[1A[2KChrome Headless 139.0.0.0 (Windows 10): Executed 43 of 732[32m SUCCESS[39m (0 secs / 0.457 secs)
[1A[2KChrome Headless 139.0.0.0 (Windows 10): Executed 44 of 732[32m SUCCESS[39m (0 secs / 0.462 secs)
[1A[2KChrome Headless 139.0.0.0 (Windows 10): Executed 45 of 732[32m SUCCESS[39m (0 secs / 0.467 secs)
[1A[2KChrome Headless 139.0.0.0 (Windows 10): Executed 46 of 732[32m SUCCESS[39m (0 secs / 0.471 secs)
[1A[2KChrome Headless 139.0.0.0 (Windows 10): Executed 47 of 732[32m SUCCESS[39m (0 secs / 0.475 secs)
[1A[2KChrome Headless 139.0.0.0 (Windows 10): Executed 48 of 732[32m SUCCESS[39m (0 secs / 0.549 secs)
[1A[2KChrome Headless 139.0.0.0 (Windows 10): Executed 49 of 732[32m SUCCESS[39m (0 secs / 0.574 secs)
[1A[2KChrome Headless 139.0.0.0 (Windows 10): Executed 50 of 732[32m SUCCESS[39m (0 secs / 0.586 secs)
[1A[2KChrome Headless 139.0.0.0 (Windows 10): Executed 51 of 732[32m SUCCESS[39m (0 secs / 0.599 secs)
[1A[2KChrome Headless 139.0.0.0 (Windows 10): Executed 52 of 732[32m SUCCESS[39m (0 secs / 0.612 secs)
[1A[2KChrome Headless 139.0.0.0 (Windows 10): Executed 53 of 732[32m SUCCESS[39m (0 secs / 0.623 secs)
[1A[2KChrome Headless 139.0.0.0 (Windows 10): Executed 54 of 732[32m SUCCESS[39m (0 secs / 0.634 secs)
[1A[2KChrome Headless 139.0.0.0 (Windows 10): Executed 55 of 732[32m SUCCESS[39m (0 secs / 0.645 secs)
[1A[2KChrome Headless 139.0.0.0 (Windows 10): Executed 56 of 732[32m SUCCESS[39m (0 secs / 0.657 secs)
[1A[2KChrome Headless 139.0.0.0 (Windows 10): Executed 57 of 732[32m SUCCESS[39m (0 secs / 0.668 secs)
[1A[2KChrome Headless 139.0.0.0 (Windows 10): Executed 58 of 732[32m SUCCESS[39m (0 secs / 0.679 secs)
[1A[2KChrome Headless 139.0.0.0 (Windows 10): Executed 59 of 732[32m SUCCESS[39m (0 secs / 0.689 secs)
[1A[2KChrome Headless 139.0.0.0 (Windows 10): Executed 60 of 732[32m SUCCESS[39m (0 secs / 0.7 secs)
[1A[2KChrome Headless 139.0.0.0 (Windows 10): Executed 61 of 732[32m SUCCESS[39m (0 secs / 0.711 secs)
[1A[2KChrome Headless 139.0.0.0 (Windows 10): Executed 62 of 732[32m SUCCESS[39m (0 secs / 0.72 secs)
[1A[2KChrome Headless 139.0.0.0 (Windows 10): Executed 63 of 732[32m SUCCESS[39m (0 secs / 0.732 secs)
[1A[2KChrome Headless 139.0.0.0 (Windows 10): Executed 64 of 732[32m SUCCESS[39m (0 secs / 0.741 secs)
[1A[2KChrome Headless 139.0.0.0 (Windows 10): Executed 65 of 732[32m SUCCESS[39m (0 secs / 0.748 secs)
[1A[2KChrome Headless 139.0.0.0 (Windows 10): Executed 66 of 732[32m SUCCESS[39m (0 secs / 0.756 secs)
[1A[2KChrome Headless 139.0.0.0 (Windows 10): Executed 67 of 732[32m SUCCESS[39m (0 secs / 0.766 secs)
[1A[2KChrome Headless 139.0.0.0 (Windows 10): Executed 68 of 732[32m SUCCESS[39m (0 secs / 0.777 secs)
[1A[2KChrome Headless 139.0.0.0 (Windows 10): Executed 69 of 732[32m SUCCESS[39m (0 secs / 0.786 secs)
[1A[2KChrome Headless 139.0.0.0 (Windows 10): Executed 70 of 732[32m SUCCESS[39m (0 secs / 0.798 secs)
[1A[2KChrome Headless 139.0.0.0 (Windows 10): Executed 71 of 732[32m SUCCESS[39m (0 secs / 0.81 secs)
[1A[2KChrome Headless 139.0.0.0 (Windows 10): Executed 72 of 732[32m SUCCESS[39m (0 secs / 0.836 secs)
[1A[2KERROR: [36m'Error loading dashboard:', Error: API Error
Error: API Error
    at errorFactory (http://localhost:9876/_karma_webpack_/webpack:/src/app/features/financial/components/financial-dashboard/financial-dashboard.spec.ts:215:83)
    at Observable._subscribe (http://localhost:9876/_karma_webpack_/webpack:/node_modules/rxjs/dist/esm/internal/observable/throwError.js:5:51)
    at Observable._trySubscribe (http://localhost:9876/_karma_webpack_/webpack:/node_modules/rxjs/dist/esm/internal/Observable.js:37:25)
    at cb (http://localhost:9876/_karma_webpack_/webpack:/node_modules/rxjs/dist/esm/internal/Observable.js:31:30)
    at errorContext (http://localhost:9876/_karma_webpack_/webpack:/node_modules/rxjs/dist/esm/internal/util/errorContext.js:19:9)
    at Observable.subscribe (http://localhost:9876/_karma_webpack_/webpack:/node_modules/rxjs/dist/esm/internal/Observable.js:22:21)
    at init (http://localhost:9876/_karma_webpack_/webpack:/node_modules/rxjs/dist/esm/internal/operators/takeUntil.js:8:38)
    at SafeSubscriber.call (http://localhost:9876/_karma_webpack_/webpack:/node_modules/rxjs/dist/esm/internal/util/lift.js:10:28)
    at cb (http://localhost:9876/_karma_webpack_/webpack:/node_modules/rxjs/dist/esm/internal/Observable.js:26:30)
    at errorContext (http://localhost:9876/_karma_webpack_/webpack:/node_modules/rxjs/dist/esm/internal/util/errorContext.js:19:9)[39m
Chrome Headless 139.0.0.0 (Windows 10): Executed 72 of 732[32m SUCCESS[39m (0 secs / 0.836 secs)
ERROR: 'Error loading dashboard:', Error: API Error
Error: API Error
    at errorFactory (http://localhost:9876/_karma_webpack_/webpack:/src/app/features/financial/components/financial-dashboard/financial-dashboard.spec.ts:215:83)
    at Observable._subscribe (http://localhost:9876/_karma_webpack_/webpack:/node_modules/rxjs/dist/esm/internal/observable/throwError.js:5:51)
    at Observable._trySubscribe (http://localhost:9876/_karma_webpack_/webpack:/node_modules/rxjs/dist/esm/internal/Observable.js:37:25)
    at cb (http://localhost:9876/_karma_webpack_/webpack:/node_modules/rxjs/dist/esm/internal/Observable.js:31:30)
    at errorContext (http://localhost:9876/_karma_webpack_/webpack:/node_modules/rxjs/dist/esm/internal/util/errorContext.js:19:9)
    at Observable.subscribe (http://localhost:9876/_karma_webpack_/webpack:/node_modules/rxjs/dist/esm/internal/Observable.js:22:21)
    at init (http://localhost:9876/_karma_webpack_/webpack:/node_modules/rxjs/dist/esm/internal/operators/takeUntil.js:8:38)
    at SafeSubscriber.call (http://localhost:9876/_karma_webpack_/webpack:/node_modules/rxjs/dist/esm/internal/util/lift.js:10:28)
    at cb (http://localhost:9876/_karma_webpack_/webpack:/node_modules/rxjs/dist/esm/internal/Observable.js:26:30)
    at errorContext (http://localhost:9876/_karma_webpack_/webpack:/node_modules/rxjs/dist/esm/internal/util/errorContext.js:19:9)
[1A[2KChrome Headless 139.0.0.0 (Windows 10): Executed 73 of 732[32m SUCCESS[39m (0 secs / 2.368 secs)
[1A[2KChrome Headless 139.0.0.0 (Windows 10): Executed 74 of 732[32m SUCCESS[39m (0 secs / 2.385 secs)
[1A[2KChrome Headless 139.0.0.0 (Windows 10): Executed 75 of 732[32m SUCCESS[39m (0 secs / 2.395 secs)
[1A[2KChrome Headless 139.0.0.0 (Windows 10): Executed 76 of 732[32m SUCCESS[39m (0 secs / 2.404 secs)
[1A[2KChrome Headless 139.0.0.0 (Windows 10): Executed 77 of 732[32m SUCCESS[39m (0 secs / 2.411 secs)
[1A[2KChrome Headless 139.0.0.0 (Windows 10): Executed 78 of 732[32m SUCCESS[39m (0 secs / 2.415 secs)
[1A[2KChrome Headless 139.0.0.0 (Windows 10): Executed 79 of 732[32m SUCCESS[39m (0 secs / 2.419 secs)
[1A[2KChrome Headless 139.0.0.0 (Windows 10): Executed 80 of 732[32m SUCCESS[39m (0 secs / 2.429 secs)
[1A[2KChrome Headless 139.0.0.0 (Windows 10): Executed 81 of 732[32m SUCCESS[39m (0 secs / 2.437 secs)
[1A[2KChrome Headless 139.0.0.0 (Windows 10): Executed 82 of 732[32m SUCCESS[39m (0 secs / 2.447 secs)
[1A[2KChrome Headless 139.0.0.0 (Windows 10): Executed 83 of 732[32m SUCCESS[39m (0 secs / 2.455 secs)
[1A[2KChrome Headless 139.0.0.0 (Windows 10): Executed 84 of 732[32m SUCCESS[39m (0 secs / 2.459 secs)
[1A[2KChrome Headless 139.0.0.0 (Windows 10): Executed 85 of 732[32m SUCCESS[39m (0 secs / 2.461 secs)
[1A[2KChrome Headless 139.0.0.0 (Windows 10): Executed 86 of 732[32m SUCCESS[39m (0 secs / 2.463 secs)
[1A[2KChrome Headless 139.0.0.0 (Windows 10): Executed 87 of 732[32m SUCCESS[39m (0 secs / 2.464 secs)
[1A[2KChrome Headless 139.0.0.0 (Windows 10): Executed 88 of 732[32m SUCCESS[39m (0 secs / 2.465 secs)
[1A[2KChrome Headless 139.0.0.0 (Windows 10): Executed 89 of 732[32m SUCCESS[39m (0 secs / 2.468 secs)
[1A[2KChrome Headless 139.0.0.0 (Windows 10): Executed 90 of 732[32m SUCCESS[39m (0 secs / 2.469 secs)
[1A[2KChrome Headless 139.0.0.0 (Windows 10): Executed 91 of 732[32m SUCCESS[39m (0 secs / 2.47 secs)
[1A[2KChrome Headless 139.0.0.0 (Windows 10): Executed 92 of 732[32m SUCCESS[39m (0 secs / 2.471 secs)
[1A[2KChrome Headless 139.0.0.0 (Windows 10): Executed 93 of 732[32m SUCCESS[39m (0 secs / 2.472 secs)
[1A[2KChrome Headless 139.0.0.0 (Windows 10): Executed 94 of 732[32m SUCCESS[39m (0 secs / 2.473 secs)
[1A[2KChrome Headless 139.0.0.0 (Windows 10): Executed 95 of 732[32m SUCCESS[39m (0 secs / 2.476 secs)
[1A[2KChrome Headless 139.0.0.0 (Windows 10): Executed 96 of 732[32m SUCCESS[39m (0 secs / 2.478 secs)
[1A[2KChrome Headless 139.0.0.0 (Windows 10): Executed 97 of 732[32m SUCCESS[39m (0 secs / 2.48 secs)
[1A[2KChrome Headless 139.0.0.0 (Windows 10): Executed 98 of 732[32m SUCCESS[39m (0 secs / 2.481 secs)
[1A[2KChrome Headless 139.0.0.0 (Windows 10): Executed 99 of 732[32m SUCCESS[39m (0 secs / 2.482 secs)
[1A[2KChrome Headless 139.0.0.0 (Windows 10): Executed 100 of 732[32m SUCCESS[39m (0 secs / 2.485 secs)
[1A[2KChrome Headless 139.0.0.0 (Windows 10): Executed 101 of 732[32m SUCCESS[39m (0 secs / 2.487 secs)
[1A[2KChrome Headless 139.0.0.0 (Windows 10): Executed 102 of 732[32m SUCCESS[39m (0 secs / 2.49 secs)
[1A[2KChrome Headless 139.0.0.0 (Windows 10): Executed 103 of 732[32m SUCCESS[39m (0 secs / 2.492 secs)
[1A[2KChrome Headless 139.0.0.0 (Windows 10): Executed 104 of 732[32m SUCCESS[39m (0 secs / 2.494 secs)
[1A[2KChrome Headless 139.0.0.0 (Windows 10): Executed 105 of 732[32m SUCCESS[39m (0 secs / 2.497 secs)
[1A[2KChrome Headless 139.0.0.0 (Windows 10): Executed 106 of 732[32m SUCCESS[39m (0 secs / 2.498 secs)
[1A[2KChrome Headless 139.0.0.0 (Windows 10): Executed 107 of 732[32m SUCCESS[39m (0 secs / 2.5 secs)
[1A[2KWARN: [36m'NG0914: The application is using zoneless change detection, but is still loading Zone.js. Consider removing Zone.js to get the full benefits of zoneless. In applications using the Angular CLI, Zone.js is typically included in the "polyfills" section of the angular.json file.'[39m
Chrome Headless 139.0.0.0 (Windows 10): Executed 107 of 732[32m SUCCESS[39m (0 secs / 2.5 secs)
WARN: 'NG0914: The application is using zoneless change detection, but is still loading Zone.js. Consider removing Zone.js to get the full benefits of zoneless. In applications using the Angular CLI, Zone.js is typically included in the "polyfills" section of the angular.json file.'
[1A[2KLOG: [36m'GuestGuard: canActivate called'[39m
Chrome Headless 139.0.0.0 (Windows 10): Executed 107 of 732[32m SUCCESS[39m (0 secs / 2.5 secs)
LOG: 'GuestGuard: canActivate called'
[1A[2KLOG: [36m'GuestGuard: Authentication check result:', true[39m
Chrome Headless 139.0.0.0 (Windows 10): Executed 107 of 732[32m SUCCESS[39m (0 secs / 2.5 secs)
LOG: 'GuestGuard: Authentication check result:', true
[1A[2KChrome Headless 139.0.0.0 (Windows 10): Executed 108 of 732[32m SUCCESS[39m (0 secs / 2.504 secs)
[1A[2KWARN: [36m'NG0914: The application is using zoneless change detection, but is still loading Zone.js. Consider removing Zone.js to get the full benefits of zoneless. In applications using the Angular CLI, Zone.js is typically included in the "polyfills" section of the angular.json file.'[39m
Chrome Headless 139.0.0.0 (Windows 10): Executed 108 of 732[32m SUCCESS[39m (0 secs / 2.504 secs)
WARN: 'NG0914: The application is using zoneless change detection, but is still loading Zone.js. Consider removing Zone.js to get the full benefits of zoneless. In applications using the Angular CLI, Zone.js is typically included in the "polyfills" section of the angular.json file.'
[1A[2KLOG: [36m'GuestGuard: canActivate called'[39m
Chrome Headless 139.0.0.0 (Windows 10): Executed 108 of 732[32m SUCCESS[39m (0 secs / 2.504 secs)
LOG: 'GuestGuard: canActivate called'
[1A[2KLOG: [36m'GuestGuard: Authentication check result:', true[39m
Chrome Headless 139.0.0.0 (Windows 10): Executed 108 of 732[32m SUCCESS[39m (0 secs / 2.504 secs)
LOG: 'GuestGuard: Authentication check result:', true
[1A[2KLOG: [36m'GuestGuard: Authentication check result:', false[39m
Chrome Headless 139.0.0.0 (Windows 10): Executed 108 of 732[32m SUCCESS[39m (0 secs / 2.504 secs)
LOG: 'GuestGuard: Authentication check result:', false
[1A[2KChrome Headless 139.0.0.0 (Windows 10): Executed 109 of 732[32m SUCCESS[39m (0 secs / 2.507 secs)
[1A[2KWARN: [36m'NG0914: The application is using zoneless change detection, but is still loading Zone.js. Consider removing Zone.js to get the full benefits of zoneless. In applications using the Angular CLI, Zone.js is typically included in the "polyfills" section of the angular.json file.'[39m
Chrome Headless 139.0.0.0 (Windows 10): Executed 109 of 732[32m SUCCESS[39m (0 secs / 2.507 secs)
WARN: 'NG0914: The application is using zoneless change detection, but is still loading Zone.js. Consider removing Zone.js to get the full benefits of zoneless. In applications using the Angular CLI, Zone.js is typically included in the "polyfills" section of the angular.json file.'
[1A[2KLOG: [36m'GuestGuard: canActivate called'[39m
Chrome Headless 139.0.0.0 (Windows 10): Executed 109 of 732[32m SUCCESS[39m (0 secs / 2.507 secs)
LOG: 'GuestGuard: canActivate called'
[1A[2KLOG: [36m'GuestGuard: Authentication check result:', false[39m
Chrome Headless 139.0.0.0 (Windows 10): Executed 109 of 732[32m SUCCESS[39m (0 secs / 2.507 secs)
LOG: 'GuestGuard: Authentication check result:', false
[1A[2KLOG: [36m'GuestGuard: canActivate called'[39m
Chrome Headless 139.0.0.0 (Windows 10): Executed 109 of 732[32m SUCCESS[39m (0 secs / 2.507 secs)
LOG: 'GuestGuard: canActivate called'
[1A[2KLOG: [36m'GuestGuard: Authentication check result:', false[39m
Chrome Headless 139.0.0.0 (Windows 10): Executed 109 of 732[32m SUCCESS[39m (0 secs / 2.507 secs)
LOG: 'GuestGuard: Authentication check result:', false
[1A[2KLOG: [36m'GuestGuard: canActivate called'[39m
Chrome Headless 139.0.0.0 (Windows 10): Executed 109 of 732[32m SUCCESS[39m (0 secs / 2.507 secs)
LOG: 'GuestGuard: canActivate called'
[1A[2KLOG: [36m'GuestGuard: Authentication check result:', false[39m
Chrome Headless 139.0.0.0 (Windows 10): Executed 109 of 732[32m SUCCESS[39m (0 secs / 2.507 secs)
LOG: 'GuestGuard: Authentication check result:', false
[1A[2KChrome Headless 139.0.0.0 (Windows 10): Executed 110 of 732[32m SUCCESS[39m (0 secs / 2.51 secs)
[1A[2KWARN: [36m'NG0914: The application is using zoneless change detection, but is still loading Zone.js. Consider removing Zone.js to get the full benefits of zoneless. In applications using the Angular CLI, Zone.js is typically included in the "polyfills" section of the angular.json file.'[39m
Chrome Headless 139.0.0.0 (Windows 10): Executed 110 of 732[32m SUCCESS[39m (0 secs / 2.51 secs)
WARN: 'NG0914: The application is using zoneless change detection, but is still loading Zone.js. Consider removing Zone.js to get the full benefits of zoneless. In applications using the Angular CLI, Zone.js is typically included in the "polyfills" section of the angular.json file.'
[1A[2KLOG: [36m'GuestGuard: canActivate called'[39m
Chrome Headless 139.0.0.0 (Windows 10): Executed 110 of 732[32m SUCCESS[39m (0 secs / 2.51 secs)
LOG: 'GuestGuard: canActivate called'
[1A[2KLOG: [36m'GuestGuard: Authentication check result:', false[39m
Chrome Headless 139.0.0.0 (Windows 10): Executed 110 of 732[32m SUCCESS[39m (0 secs / 2.51 secs)
LOG: 'GuestGuard: Authentication check result:', false
[1A[2KChrome Headless 139.0.0.0 (Windows 10): Executed 111 of 732[32m SUCCESS[39m (0 secs / 2.513 secs)
[1A[2KWARN: [36m'NG0914: The application is using zoneless change detection, but is still loading Zone.js. Consider removing Zone.js to get the full benefits of zoneless. In applications using the Angular CLI, Zone.js is typically included in the "polyfills" section of the angular.json file.'[39m
Chrome Headless 139.0.0.0 (Windows 10): Executed 111 of 732[32m SUCCESS[39m (0 secs / 2.513 secs)
WARN: 'NG0914: The application is using zoneless change detection, but is still loading Zone.js. Consider removing Zone.js to get the full benefits of zoneless. In applications using the Angular CLI, Zone.js is typically included in the "polyfills" section of the angular.json file.'
[1A[2KChrome Headless 139.0.0.0 (Windows 10): Executed 112 of 732[32m SUCCESS[39m (0 secs / 2.514 secs)
[1A[2KWARN: [36m'NG0914: The application is using zoneless change detection, but is still loading Zone.js. Consider removing Zone.js to get the full benefits of zoneless. In applications using the Angular CLI, Zone.js is typically included in the "polyfills" section of the angular.json file.'[39m
Chrome Headless 139.0.0.0 (Windows 10): Executed 112 of 732[32m SUCCESS[39m (0 secs / 2.514 secs)
WARN: 'NG0914: The application is using zoneless change detection, but is still loading Zone.js. Consider removing Zone.js to get the full benefits of zoneless. In applications using the Angular CLI, Zone.js is typically included in the "polyfills" section of the angular.json file.'
[1A[2KLOG: [36m'GuestGuard: canActivate called'[39m
Chrome Headless 139.0.0.0 (Windows 10): Executed 112 of 732[32m SUCCESS[39m (0 secs / 2.514 secs)
LOG: 'GuestGuard: canActivate called'
[1A[2KLOG: [36m'GuestGuard: Authentication check result:', false[39m
Chrome Headless 139.0.0.0 (Windows 10): Executed 112 of 732[32m SUCCESS[39m (0 secs / 2.514 secs)
LOG: 'GuestGuard: Authentication check result:', false
[1A[2KChrome Headless 139.0.0.0 (Windows 10): Executed 113 of 732[32m SUCCESS[39m (0 secs / 2.515 secs)
[1A[2KWARN: [36m'NG0914: The application is using zoneless change detection, but is still loading Zone.js. Consider removing Zone.js to get the full benefits of zoneless. In applications using the Angular CLI, Zone.js is typically included in the "polyfills" section of the angular.json file.'[39m
Chrome Headless 139.0.0.0 (Windows 10): Executed 113 of 732[32m SUCCESS[39m (0 secs / 2.515 secs)
WARN: 'NG0914: The application is using zoneless change detection, but is still loading Zone.js. Consider removing Zone.js to get the full benefits of zoneless. In applications using the Angular CLI, Zone.js is typically included in the "polyfills" section of the angular.json file.'
[1A[2KLOG: [36m'GuestGuard: canActivate called'[39m
Chrome Headless 139.0.0.0 (Windows 10): Executed 113 of 732[32m SUCCESS[39m (0 secs / 2.515 secs)
LOG: 'GuestGuard: canActivate called'
[1A[2KLOG: [36m'GuestGuard: Authentication check result:', true[39m
Chrome Headless 139.0.0.0 (Windows 10): Executed 113 of 732[32m SUCCESS[39m (0 secs / 2.515 secs)
LOG: 'GuestGuard: Authentication check result:', true
[1A[2KChrome Headless 139.0.0.0 (Windows 10): Executed 114 of 732[32m SUCCESS[39m (0 secs / 2.518 secs)
[1A[2KWARN: [36m'NG0914: The application is using zoneless change detection, but is still loading Zone.js. Consider removing Zone.js to get the full benefits of zoneless. In applications using the Angular CLI, Zone.js is typically included in the "polyfills" section of the angular.json file.'[39m
Chrome Headless 139.0.0.0 (Windows 10): Executed 114 of 732[32m SUCCESS[39m (0 secs / 2.518 secs)
WARN: 'NG0914: The application is using zoneless change detection, but is still loading Zone.js. Consider removing Zone.js to get the full benefits of zoneless. In applications using the Angular CLI, Zone.js is typically included in the "polyfills" section of the angular.json file.'
[1A[2KLOG: [36m'GuestGuard: canActivate called'[39m
Chrome Headless 139.0.0.0 (Windows 10): Executed 114 of 732[32m SUCCESS[39m (0 secs / 2.518 secs)
LOG: 'GuestGuard: canActivate called'
[1A[2KERROR: [36m'GuestGuard error:', Error: Observable error
Error: Observable error
    at call (http://localhost:9876/_karma_webpack_/webpack:/src/app/features/auth/guards/guest.guard.spec.ts:169:19)
    at onNext (http://localhost:9876/_karma_webpack_/webpack:/node_modules/rxjs/dist/esm/internal/operators/map.js:7:37)
    at OperatorSubscriber._next (http://localhost:9876/_karma_webpack_/webpack:/node_modules/rxjs/dist/esm/internal/operators/OperatorSubscriber.js:13:21)
    at OperatorSubscriber.next (http://localhost:9876/_karma_webpack_/webpack:/node_modules/rxjs/dist/esm/internal/Subscriber.js:31:18)
    at BehaviorSubject._subscribe (http://localhost:9876/_karma_webpack_/webpack:/node_modules/rxjs/dist/esm/internal/BehaviorSubject.js:12:44)
    at BehaviorSubject._trySubscribe (http://localhost:9876/_karma_webpack_/webpack:/node_modules/rxjs/dist/esm/internal/Observable.js:37:25)
    at BehaviorSubject._trySubscribe (http://localhost:9876/_karma_webpack_/webpack:/node_modules/rxjs/dist/esm/internal/Subject.js:74:22)
    at cb (http://localhost:9876/_karma_webpack_/webpack:/node_modules/rxjs/dist/esm/internal/Observable.js:31:30)
    at errorContext (http://localhost:9876/_karma_webpack_/webpack:/node_modules/rxjs/dist/esm/internal/util/errorContext.js:19:9)
    at BehaviorSubject.subscribe (http://localhost:9876/_karma_webpack_/webpack:/node_modules/rxjs/dist/esm/internal/Observable.js:22:21)[39m
Chrome Headless 139.0.0.0 (Windows 10): Executed 114 of 732[32m SUCCESS[39m (0 secs / 2.518 secs)
ERROR: 'GuestGuard error:', Error: Observable error
Error: Observable error
    at call (http://localhost:9876/_karma_webpack_/webpack:/src/app/features/auth/guards/guest.guard.spec.ts:169:19)
    at onNext (http://localhost:9876/_karma_webpack_/webpack:/node_modules/rxjs/dist/esm/internal/operators/map.js:7:37)
    at OperatorSubscriber._next (http://localhost:9876/_karma_webpack_/webpack:/node_modules/rxjs/dist/esm/internal/operators/OperatorSubscriber.js:13:21)
    at OperatorSubscriber.next (http://localhost:9876/_karma_webpack_/webpack:/node_modules/rxjs/dist/esm/internal/Subscriber.js:31:18)
    at BehaviorSubject._subscribe (http://localhost:9876/_karma_webpack_/webpack:/node_modules/rxjs/dist/esm/internal/BehaviorSubject.js:12:44)
    at BehaviorSubject._trySubscribe (http://localhost:9876/_karma_webpack_/webpack:/node_modules/rxjs/dist/esm/internal/Observable.js:37:25)
    at BehaviorSubject._trySubscribe (http://localhost:9876/_karma_webpack_/webpack:/node_modules/rxjs/dist/esm/internal/Subject.js:74:22)
    at cb (http://localhost:9876/_karma_webpack_/webpack:/node_modules/rxjs/dist/esm/internal/Observable.js:31:30)
    at errorContext (http://localhost:9876/_karma_webpack_/webpack:/node_modules/rxjs/dist/esm/internal/util/errorContext.js:19:9)
    at BehaviorSubject.subscribe (http://localhost:9876/_karma_webpack_/webpack:/node_modules/rxjs/dist/esm/internal/Observable.js:22:21)
[1A[2KChrome Headless 139.0.0.0 (Windows 10): Executed 115 of 732[32m SUCCESS[39m (0 secs / 2.521 secs)
[1A[2KWARN: [36m'NG0914: The application is using zoneless change detection, but is still loading Zone.js. Consider removing Zone.js to get the full benefits of zoneless. In applications using the Angular CLI, Zone.js is typically included in the "polyfills" section of the angular.json file.'[39m
Chrome Headless 139.0.0.0 (Windows 10): Executed 115 of 732[32m SUCCESS[39m (0 secs / 2.521 secs)
WARN: 'NG0914: The application is using zoneless change detection, but is still loading Zone.js. Consider removing Zone.js to get the full benefits of zoneless. In applications using the Angular CLI, Zone.js is typically included in the "polyfills" section of the angular.json file.'
[1A[2KLOG: [36m'GuestGuard: canActivate called'[39m
Chrome Headless 139.0.0.0 (Windows 10): Executed 115 of 732[32m SUCCESS[39m (0 secs / 2.521 secs)
LOG: 'GuestGuard: canActivate called'
[1A[2KLOG: [36m'GuestGuard: Authentication check result:', true[39m
Chrome Headless 139.0.0.0 (Windows 10): Executed 115 of 732[32m SUCCESS[39m (0 secs / 2.521 secs)
LOG: 'GuestGuard: Authentication check result:', true
[1A[2KERROR: [36m'GuestGuard navigation error:', Error: Guard error
Error: Guard error
    at SpyStrategy.throwError (http://localhost:9876/base/node_modules/karma-jasmine/node_modules/jasmine-core/lib/jasmine-core/jasmine.js?86d98e11f43f2c8cfac9fb4806ed6c0aced74cbe:9361:45)
    at UserContext.<anonymous> (http://localhost:9876/_karma_webpack_/webpack:/src/app/features/auth/guards/guest.guard.spec.ts:193:27)
    at QueueRunner.attempt (http://localhost:9876/base/node_modules/karma-jasmine/node_modules/jasmine-core/lib/jasmine-core/jasmine.js?86d98e11f43f2c8cfac9fb4806ed6c0aced74cbe:7632:40)
    at QueueRunner.run (http://localhost:9876/base/node_modules/karma-jasmine/node_modules/jasmine-core/lib/jasmine-core/jasmine.js?86d98e11f43f2c8cfac9fb4806ed6c0aced74cbe:7670:27)
    at runNext (http://localhost:9876/base/node_modules/karma-jasmine/node_modules/jasmine-core/lib/jasmine-core/jasmine.js?86d98e11f43f2c8cfac9fb4806ed6c0aced74cbe:7574:16)
    at http://localhost:9876/base/node_modules/karma-jasmine/node_modules/jasmine-core/lib/jasmine-core/jasmine.js?86d98e11f43f2c8cfac9fb4806ed6c0aced74cbe:7580:11
    at apply (http://localhost:9876/base/node_modules/karma-jasmine/node_modules/jasmine-core/lib/jasmine-core/jasmine.js?86d98e11f43f2c8cfac9fb4806ed6c0aced74cbe:7466:9)
    at _ZoneDelegate.invoke (http://localhost:9876/_karma_webpack_/webpack:/node_modules/zone.js/fesm2015/zone.js:398:28)
    at ZoneImpl.run (http://localhost:9876/_karma_webpack_/webpack:/node_modules/zone.js/fesm2015/zone.js:113:43)
    at http://localhost:9876/_karma_webpack_/webpack:/node_modules/zone.js/fesm2015/zone.js:2537:40[39m
Chrome Headless 139.0.0.0 (Windows 10): Executed 115 of 732[32m SUCCESS[39m (0 secs / 2.521 secs)
ERROR: 'GuestGuard navigation error:', Error: Guard error
Error: Guard error
    at SpyStrategy.throwError (http://localhost:9876/base/node_modules/karma-jasmine/node_modules/jasmine-core/lib/jasmine-core/jasmine.js?86d98e11f43f2c8cfac9fb4806ed6c0aced74cbe:9361:45)
    at UserContext.<anonymous> (http://localhost:9876/_karma_webpack_/webpack:/src/app/features/auth/guards/guest.guard.spec.ts:193:27)
    at QueueRunner.attempt (http://localhost:9876/base/node_modules/karma-jasmine/node_modules/jasmine-core/lib/jasmine-core/jasmine.js?86d98e11f43f2c8cfac9fb4806ed6c0aced74cbe:7632:40)
    at QueueRunner.run (http://localhost:9876/base/node_modules/karma-jasmine/node_modules/jasmine-core/lib/jasmine-core/jasmine.js?86d98e11f43f2c8cfac9fb4806ed6c0aced74cbe:7670:27)
    at runNext (http://localhost:9876/base/node_modules/karma-jasmine/node_modules/jasmine-core/lib/jasmine-core/jasmine.js?86d98e11f43f2c8cfac9fb4806ed6c0aced74cbe:7574:16)
    at http://localhost:9876/base/node_modules/karma-jasmine/node_modules/jasmine-core/lib/jasmine-core/jasmine.js?86d98e11f43f2c8cfac9fb4806ed6c0aced74cbe:7580:11
    at apply (http://localhost:9876/base/node_modules/karma-jasmine/node_modules/jasmine-core/lib/jasmine-core/jasmine.js?86d98e11f43f2c8cfac9fb4806ed6c0aced74cbe:7466:9)
    at _ZoneDelegate.invoke (http://localhost:9876/_karma_webpack_/webpack:/node_modules/zone.js/fesm2015/zone.js:398:28)
    at ZoneImpl.run (http://localhost:9876/_karma_webpack_/webpack:/node_modules/zone.js/fesm2015/zone.js:113:43)
    at http://localhost:9876/_karma_webpack_/webpack:/node_modules/zone.js/fesm2015/zone.js:2537:40
[1A[2KChrome Headless 139.0.0.0 (Windows 10): Executed 116 of 732[32m SUCCESS[39m (0 secs / 2.858 secs)
[1A[2KWARN: [36m'NG0914: The application is using zoneless change detection, but is still loading Zone.js. Consider removing Zone.js to get the full benefits of zoneless. In applications using the Angular CLI, Zone.js is typically included in the "polyfills" section of the angular.json file.'[39m
Chrome Headless 139.0.0.0 (Windows 10): Executed 116 of 732[32m SUCCESS[39m (0 secs / 2.858 secs)
WARN: 'NG0914: The application is using zoneless change detection, but is still loading Zone.js. Consider removing Zone.js to get the full benefits of zoneless. In applications using the Angular CLI, Zone.js is typically included in the "polyfills" section of the angular.json file.'
[1A[2KLOG: [36m'GuestGuard: canActivate called'[39m
Chrome Headless 139.0.0.0 (Windows 10): Executed 116 of 732[32m SUCCESS[39m (0 secs / 2.858 secs)
LOG: 'GuestGuard: canActivate called'
[1A[2KLOG: [36m'GuestGuard: Authentication check result:', false[39m
Chrome Headless 139.0.0.0 (Windows 10): Executed 116 of 732[32m SUCCESS[39m (0 secs / 2.858 secs)
LOG: 'GuestGuard: Authentication check result:', false
[1A[2KChrome Headless 139.0.0.0 (Windows 10): Executed 117 of 732[32m SUCCESS[39m (0 secs / 2.862 secs)
[1A[2KWARN: [36m'NG0914: The application is using zoneless change detection, but is still loading Zone.js. Consider removing Zone.js to get the full benefits of zoneless. In applications using the Angular CLI, Zone.js is typically included in the "polyfills" section of the angular.json file.'[39m
Chrome Headless 139.0.0.0 (Windows 10): Executed 117 of 732[32m SUCCESS[39m (0 secs / 2.862 secs)
WARN: 'NG0914: The application is using zoneless change detection, but is still loading Zone.js. Consider removing Zone.js to get the full benefits of zoneless. In applications using the Angular CLI, Zone.js is typically included in the "polyfills" section of the angular.json file.'
[1A[2KLOG: [36m'AuthService: Constructor called'[39m
Chrome Headless 139.0.0.0 (Windows 10): Executed 117 of 732[32m SUCCESS[39m (0 secs / 2.862 secs)
LOG: 'AuthService: Constructor called'
[1A[2KLOG: [36m'AuthService: Initializing authentication...'[39m
Chrome Headless 139.0.0.0 (Windows 10): Executed 117 of 732[32m SUCCESS[39m (0 secs / 2.862 secs)
LOG: 'AuthService: Initializing authentication...'
[1A[2KChrome Headless 139.0.0.0 (Windows 10): Executed 118 of 732[32m SUCCESS[39m (0 secs / 2.874 secs)
[1A[2KWARN: [36m'NG0914: The application is using zoneless change detection, but is still loading Zone.js. Consider removing Zone.js to get the full benefits of zoneless. In applications using the Angular CLI, Zone.js is typically included in the "polyfills" section of the angular.json file.'[39m
Chrome Headless 139.0.0.0 (Windows 10): Executed 118 of 732[32m SUCCESS[39m (0 secs / 2.874 secs)
WARN: 'NG0914: The application is using zoneless change detection, but is still loading Zone.js. Consider removing Zone.js to get the full benefits of zoneless. In applications using the Angular CLI, Zone.js is typically included in the "polyfills" section of the angular.json file.'
[1A[2KLOG: [36m'AuthService: Constructor called'[39m
Chrome Headless 139.0.0.0 (Windows 10): Executed 118 of 732[32m SUCCESS[39m (0 secs / 2.874 secs)
LOG: 'AuthService: Constructor called'
[1A[2KLOG: [36m'AuthService: Initializing authentication...'[39m
Chrome Headless 139.0.0.0 (Windows 10): Executed 118 of 732[32m SUCCESS[39m (0 secs / 2.874 secs)
LOG: 'AuthService: Initializing authentication...'
[1A[2KChrome Headless 139.0.0.0 (Windows 10): Executed 119 of 732[32m SUCCESS[39m (0 secs / 2.878 secs)
[1A[2KChrome Headless 139.0.0.0 (Windows 10): Executed 120 of 732[32m SUCCESS[39m (0 secs / 2.933 secs)
[1A[2KChrome Headless 139.0.0.0 (Windows 10): Executed 121 of 732[32m SUCCESS[39m (0 secs / 2.94 secs)
[1A[2KChrome Headless 139.0.0.0 (Windows 10): Executed 122 of 732[32m SUCCESS[39m (0 secs / 2.947 secs)
[1A[2KChrome Headless 139.0.0.0 (Windows 10): Executed 123 of 732[32m SUCCESS[39m (0 secs / 2.97 secs)
[1A[2KChrome Headless 139.0.0.0 (Windows 10): Executed 124 of 732[32m SUCCESS[39m (0 secs / 2.977 secs)
[1A[2KChrome Headless 139.0.0.0 (Windows 10): Executed 125 of 732[32m SUCCESS[39m (0 secs / 2.991 secs)
[1A[2KChrome Headless 139.0.0.0 (Windows 10): Executed 126 of 732[32m SUCCESS[39m (0 secs / 2.998 secs)
[1A[2KChrome Headless 139.0.0.0 (Windows 10): Executed 127 of 732[32m SUCCESS[39m (0 secs / 3.008 secs)
[1A[2KChrome Headless 139.0.0.0 (Windows 10): Executed 128 of 732[32m SUCCESS[39m (0 secs / 3.014 secs)
[1A[2KChrome Headless 139.0.0.0 (Windows 10): Executed 129 of 732[32m SUCCESS[39m (0 secs / 3.021 secs)
[1A[2KChrome Headless 139.0.0.0 (Windows 10): Executed 130 of 732[32m SUCCESS[39m (0 secs / 3.028 secs)
[1A[2KChrome Headless 139.0.0.0 (Windows 10): Executed 131 of 732[32m SUCCESS[39m (0 secs / 3.033 secs)
[1A[2KChrome Headless 139.0.0.0 (Windows 10): Executed 132 of 732[32m SUCCESS[39m (0 secs / 3.038 secs)
[1A[2KChrome Headless 139.0.0.0 (Windows 10): Executed 133 of 732[32m SUCCESS[39m (0 secs / 3.041 secs)
[1A[2KChrome Headless 139.0.0.0 (Windows 10): Executed 134 of 732[32m SUCCESS[39m (0 secs / 3.047 secs)
[1A[2KChrome Headless 139.0.0.0 (Windows 10): Executed 135 of 732[32m SUCCESS[39m (0 secs / 3.051 secs)
[1A[2KChrome Headless 139.0.0.0 (Windows 10): Executed 136 of 732[32m SUCCESS[39m (0 secs / 3.056 secs)
[1A[2KChrome Headless 139.0.0.0 (Windows 10): Executed 137 of 732[32m SUCCESS[39m (0 secs / 3.06 secs)
[1A[2KChrome Headless 139.0.0.0 (Windows 10): Executed 138 of 732[32m SUCCESS[39m (0 secs / 3.064 secs)
[1A[2KChrome Headless 139.0.0.0 (Windows 10): Executed 139 of 732[32m SUCCESS[39m (0 secs / 3.069 secs)
[1A[2KChrome Headless 139.0.0.0 (Windows 10): Executed 140 of 732[32m SUCCESS[39m (0 secs / 3.073 secs)
[1A[2KChrome Headless 139.0.0.0 (Windows 10): Executed 141 of 732[32m SUCCESS[39m (0 secs / 3.077 secs)
[1A[2KChrome Headless 139.0.0.0 (Windows 10): Executed 142 of 732[32m SUCCESS[39m (0 secs / 3.082 secs)
[1A[2KChrome Headless 139.0.0.0 (Windows 10): Executed 143 of 732[32m SUCCESS[39m (0 secs / 3.089 secs)
[1A[2KChrome Headless 139.0.0.0 (Windows 10): Executed 144 of 732[32m SUCCESS[39m (0 secs / 3.095 secs)
[1A[2KChrome Headless 139.0.0.0 (Windows 10): Executed 145 of 732[32m SUCCESS[39m (0 secs / 3.099 secs)
[1A[2KChrome Headless 139.0.0.0 (Windows 10): Executed 146 of 732[32m SUCCESS[39m (0 secs / 3.104 secs)
[1A[2KChrome Headless 139.0.0.0 (Windows 10): Executed 147 of 732[32m SUCCESS[39m (0 secs / 3.109 secs)
[1A[2KChrome Headless 139.0.0.0 (Windows 10): Executed 148 of 732[32m SUCCESS[39m (0 secs / 3.114 secs)
[1A[2KChrome Headless 139.0.0.0 (Windows 10): Executed 149 of 732[32m SUCCESS[39m (0 secs / 3.118 secs)
[1A[2KChrome Headless 139.0.0.0 (Windows 10): Executed 150 of 732[32m SUCCESS[39m (0 secs / 3.123 secs)
[1A[2KChrome Headless 139.0.0.0 (Windows 10): Executed 151 of 732[32m SUCCESS[39m (0 secs / 3.127 secs)
[1A[2KChrome Headless 139.0.0.0 (Windows 10): Executed 152 of 732[32m SUCCESS[39m (0 secs / 3.136 secs)
[1A[2KChrome Headless 139.0.0.0 (Windows 10): Executed 153 of 732[32m SUCCESS[39m (0 secs / 3.143 secs)
[1A[2KChrome Headless 139.0.0.0 (Windows 10): Executed 154 of 732[32m SUCCESS[39m (0 secs / 3.146 secs)
[1A[2KChrome Headless 139.0.0.0 (Windows 10): Executed 155 of 732[32m SUCCESS[39m (0 secs / 3.151 secs)
[1A[2KChrome Headless 139.0.0.0 (Windows 10): Executed 156 of 732[32m SUCCESS[39m (0 secs / 3.156 secs)
[1A[2KChrome Headless 139.0.0.0 (Windows 10): Executed 157 of 732[32m SUCCESS[39m (0 secs / 3.16 secs)
[1A[2KChrome Headless 139.0.0.0 (Windows 10): Executed 158 of 732[32m SUCCESS[39m (0 secs / 3.165 secs)
[1A[2KChrome Headless 139.0.0.0 (Windows 10): Executed 159 of 732[32m SUCCESS[39m (0 secs / 3.169 secs)
[1A[2KChrome Headless 139.0.0.0 (Windows 10): Executed 160 of 732[32m SUCCESS[39m (0 secs / 3.174 secs)
[1A[2KChrome Headless 139.0.0.0 (Windows 10): Executed 161 of 732[32m SUCCESS[39m (0 secs / 3.179 secs)
[1A[2KChrome Headless 139.0.0.0 (Windows 10): Executed 162 of 732[32m SUCCESS[39m (0 secs / 3.185 secs)
[1A[2KChrome Headless 139.0.0.0 (Windows 10): Executed 163 of 732[32m SUCCESS[39m (0 secs / 3.19 secs)
[1A[2KChrome Headless 139.0.0.0 (Windows 10): Executed 164 of 732[32m SUCCESS[39m (0 secs / 3.195 secs)
[1A[2KChrome Headless 139.0.0.0 (Windows 10): Executed 165 of 732[32m SUCCESS[39m (0 secs / 3.199 secs)
[1A[2KChrome Headless 139.0.0.0 (Windows 10): Executed 166 of 732[32m SUCCESS[39m (0 secs / 3.203 secs)
[1A[2KChrome Headless 139.0.0.0 (Windows 10): Executed 167 of 732[32m SUCCESS[39m (0 secs / 3.207 secs)
[1A[2KChrome Headless 139.0.0.0 (Windows 10): Executed 168 of 732[32m SUCCESS[39m (0 secs / 3.211 secs)
[1A[2KChrome Headless 139.0.0.0 (Windows 10): Executed 169 of 732[32m SUCCESS[39m (0 secs / 3.214 secs)
[1A[2KChrome Headless 139.0.0.0 (Windows 10): Executed 170 of 732[32m SUCCESS[39m (0 secs / 3.22 secs)
[1A[2KChrome Headless 139.0.0.0 (Windows 10): Executed 171 of 732[32m SUCCESS[39m (0 secs / 3.223 secs)
[1A[2KChrome Headless 139.0.0.0 (Windows 10): Executed 172 of 732[32m SUCCESS[39m (0 secs / 3.227 secs)
[1A[2KChrome Headless 139.0.0.0 (Windows 10): Executed 173 of 732[32m SUCCESS[39m (0 secs / 3.232 secs)
[1A[2KChrome Headless 139.0.0.0 (Windows 10): Executed 174 of 732[32m SUCCESS[39m (0 secs / 3.236 secs)
[1A[2KChrome Headless 139.0.0.0 (Windows 10): Executed 175 of 732[32m SUCCESS[39m (0 secs / 3.242 secs)
[1A[2KChrome Headless 139.0.0.0 (Windows 10): Executed 176 of 732[32m SUCCESS[39m (0 secs / 3.247 secs)
[1A[2KWARN: [36m'NG0914: The application is using zoneless change detection, but is still loading Zone.js. Consider removing Zone.js to get the full benefits of zoneless. In applications using the Angular CLI, Zone.js is typically included in the "polyfills" section of the angular.json file.'[39m
Chrome Headless 139.0.0.0 (Windows 10): Executed 176 of 732[32m SUCCESS[39m (0 secs / 3.247 secs)
WARN: 'NG0914: The application is using zoneless change detection, but is still loading Zone.js. Consider removing Zone.js to get the full benefits of zoneless. In applications using the Angular CLI, Zone.js is typically included in the "polyfills" section of the angular.json file.'
[1A[2KChrome Headless 139.0.0.0 (Windows 10): Executed 177 of 732[32m SUCCESS[39m (0 secs / 3.25 secs)
[1A[2KWARN: [36m'NG0914: The application is using zoneless change detection, but is still loading Zone.js. Consider removing Zone.js to get the full benefits of zoneless. In applications using the Angular CLI, Zone.js is typically included in the "polyfills" section of the angular.json file.'[39m
Chrome Headless 139.0.0.0 (Windows 10): Executed 177 of 732[32m SUCCESS[39m (0 secs / 3.25 secs)
WARN: 'NG0914: The application is using zoneless change detection, but is still loading Zone.js. Consider removing Zone.js to get the full benefits of zoneless. In applications using the Angular CLI, Zone.js is typically included in the "polyfills" section of the angular.json file.'
[1A[2KChrome Headless 139.0.0.0 (Windows 10): Executed 178 of 732[32m SUCCESS[39m (0 secs / 3.252 secs)
[1A[2KWARN: [36m'NG0914: The application is using zoneless change detection, but is still loading Zone.js. Consider removing Zone.js to get the full benefits of zoneless. In applications using the Angular CLI, Zone.js is typically included in the "polyfills" section of the angular.json file.'[39m
Chrome Headless 139.0.0.0 (Windows 10): Executed 178 of 732[32m SUCCESS[39m (0 secs / 3.252 secs)
WARN: 'NG0914: The application is using zoneless change detection, but is still loading Zone.js. Consider removing Zone.js to get the full benefits of zoneless. In applications using the Angular CLI, Zone.js is typically included in the "polyfills" section of the angular.json file.'
[1A[2KChrome Headless 139.0.0.0 (Windows 10): Executed 179 of 732[32m SUCCESS[39m (0 secs / 3.256 secs)
[1A[2KWARN: [36m'NG0914: The application is using zoneless change detection, but is still loading Zone.js. Consider removing Zone.js to get the full benefits of zoneless. In applications using the Angular CLI, Zone.js is typically included in the "polyfills" section of the angular.json file.'[39m
Chrome Headless 139.0.0.0 (Windows 10): Executed 179 of 732[32m SUCCESS[39m (0 secs / 3.256 secs)
WARN: 'NG0914: The application is using zoneless change detection, but is still loading Zone.js. Consider removing Zone.js to get the full benefits of zoneless. In applications using the Angular CLI, Zone.js is typically included in the "polyfills" section of the angular.json file.'
[1A[2KChrome Headless 139.0.0.0 (Windows 10): Executed 180 of 732[32m SUCCESS[39m (0 secs / 3.258 secs)
[1A[2KWARN: [36m'NG0914: The application is using zoneless change detection, but is still loading Zone.js. Consider removing Zone.js to get the full benefits of zoneless. In applications using the Angular CLI, Zone.js is typically included in the "polyfills" section of the angular.json file.'[39m
Chrome Headless 139.0.0.0 (Windows 10): Executed 180 of 732[32m SUCCESS[39m (0 secs / 3.258 secs)
WARN: 'NG0914: The application is using zoneless change detection, but is still loading Zone.js. Consider removing Zone.js to get the full benefits of zoneless. In applications using the Angular CLI, Zone.js is typically included in the "polyfills" section of the angular.json file.'
[1A[2KChrome Headless 139.0.0.0 (Windows 10): Executed 181 of 732[32m SUCCESS[39m (0 secs / 3.26 secs)
[1A[2KWARN: [36m'NG0914: The application is using zoneless change detection, but is still loading Zone.js. Consider removing Zone.js to get the full benefits of zoneless. In applications using the Angular CLI, Zone.js is typically included in the "polyfills" section of the angular.json file.'[39m
Chrome Headless 139.0.0.0 (Windows 10): Executed 181 of 732[32m SUCCESS[39m (0 secs / 3.26 secs)
WARN: 'NG0914: The application is using zoneless change detection, but is still loading Zone.js. Consider removing Zone.js to get the full benefits of zoneless. In applications using the Angular CLI, Zone.js is typically included in the "polyfills" section of the angular.json file.'
[1A[2KChrome Headless 139.0.0.0 (Windows 10): Executed 182 of 732[32m SUCCESS[39m (0 secs / 3.263 secs)
[1A[2KWARN: [36m'NG0914: The application is using zoneless change detection, but is still loading Zone.js. Consider removing Zone.js to get the full benefits of zoneless. In applications using the Angular CLI, Zone.js is typically included in the "polyfills" section of the angular.json file.'[39m
Chrome Headless 139.0.0.0 (Windows 10): Executed 182 of 732[32m SUCCESS[39m (0 secs / 3.263 secs)
WARN: 'NG0914: The application is using zoneless change detection, but is still loading Zone.js. Consider removing Zone.js to get the full benefits of zoneless. In applications using the Angular CLI, Zone.js is typically included in the "polyfills" section of the angular.json file.'
[1A[2KChrome Headless 139.0.0.0 (Windows 10): Executed 183 of 732[32m SUCCESS[39m (0 secs / 3.265 secs)
[1A[2KWARN: [36m'NG0914: The application is using zoneless change detection, but is still loading Zone.js. Consider removing Zone.js to get the full benefits of zoneless. In applications using the Angular CLI, Zone.js is typically included in the "polyfills" section of the angular.json file.'[39m
Chrome Headless 139.0.0.0 (Windows 10): Executed 183 of 732[32m SUCCESS[39m (0 secs / 3.265 secs)
WARN: 'NG0914: The application is using zoneless change detection, but is still loading Zone.js. Consider removing Zone.js to get the full benefits of zoneless. In applications using the Angular CLI, Zone.js is typically included in the "polyfills" section of the angular.json file.'
[1A[2KChrome Headless 139.0.0.0 (Windows 10): Executed 184 of 732[32m SUCCESS[39m (0 secs / 3.267 secs)
[1A[2KWARN: [36m'NG0914: The application is using zoneless change detection, but is still loading Zone.js. Consider removing Zone.js to get the full benefits of zoneless. In applications using the Angular CLI, Zone.js is typically included in the "polyfills" section of the angular.json file.'[39m
Chrome Headless 139.0.0.0 (Windows 10): Executed 184 of 732[32m SUCCESS[39m (0 secs / 3.267 secs)
WARN: 'NG0914: The application is using zoneless change detection, but is still loading Zone.js. Consider removing Zone.js to get the full benefits of zoneless. In applications using the Angular CLI, Zone.js is typically included in the "polyfills" section of the angular.json file.'
[1A[2KChrome Headless 139.0.0.0 (Windows 10): Executed 185 of 732[32m SUCCESS[39m (0 secs / 3.27 secs)
[1A[2KChrome Headless 139.0.0.0 (Windows 10): Executed 186 of 732[32m SUCCESS[39m (0 secs / 3.349 secs)
[1A[2KChrome Headless 139.0.0.0 (Windows 10): Executed 187 of 732[32m SUCCESS[39m (0 secs / 3.356 secs)
[1A[2KChrome Headless 139.0.0.0 (Windows 10): Executed 188 of 732[32m SUCCESS[39m (0 secs / 3.363 secs)
[1A[2KChrome Headless 139.0.0.0 (Windows 10): Executed 189 of 732[32m SUCCESS[39m (0 secs / 3.372 secs)
[1A[2KChrome Headless 139.0.0.0 (Windows 10): Executed 190 of 732[32m SUCCESS[39m (0 secs / 3.38 secs)
[1A[2KChrome Headless 139.0.0.0 (Windows 10): Executed 191 of 732[32m SUCCESS[39m (0 secs / 3.387 secs)
[1A[2KChrome Headless 139.0.0.0 (Windows 10): Executed 192 of 732[32m SUCCESS[39m (0 secs / 3.393 secs)
[1A[2KChrome Headless 139.0.0.0 (Windows 10): Executed 193 of 732[32m SUCCESS[39m (0 secs / 3.4 secs)
[1A[2KChrome Headless 139.0.0.0 (Windows 10): Executed 194 of 732[32m SUCCESS[39m (0 secs / 3.406 secs)
[1A[2KChrome Headless 139.0.0.0 (Windows 10): Executed 195 of 732[32m SUCCESS[39m (0 secs / 3.413 secs)
[1A[2KChrome Headless 139.0.0.0 (Windows 10): Executed 196 of 732[32m SUCCESS[39m (0 secs / 3.417 secs)
[1A[2KChrome Headless 139.0.0.0 (Windows 10): Executed 197 of 732[32m SUCCESS[39m (0 secs / 3.424 secs)
[1A[2KChrome Headless 139.0.0.0 (Windows 10): Executed 198 of 732[32m SUCCESS[39m (0 secs / 3.429 secs)
[1A[2KChrome Headless 139.0.0.0 (Windows 10): Executed 199 of 732[32m SUCCESS[39m (0 secs / 3.437 secs)
[1A[2KChrome Headless 139.0.0.0 (Windows 10): Executed 200 of 732[32m SUCCESS[39m (0 secs / 3.443 secs)
[1A[2KChrome Headless 139.0.0.0 (Windows 10): Executed 201 of 732[32m SUCCESS[39m (0 secs / 3.449 secs)
[1A[2KChrome Headless 139.0.0.0 (Windows 10): Executed 202 of 732[32m SUCCESS[39m (0 secs / 3.454 secs)
[1A[2KChrome Headless 139.0.0.0 (Windows 10): Executed 203 of 732[32m SUCCESS[39m (0 secs / 3.461 secs)
[1A[2KChrome Headless 139.0.0.0 (Windows 10): Executed 204 of 732[32m SUCCESS[39m (0 secs / 3.467 secs)
[1A[2KChrome Headless 139.0.0.0 (Windows 10): Executed 205 of 732[32m SUCCESS[39m (0 secs / 3.473 secs)
[1A[2KChrome Headless 139.0.0.0 (Windows 10): Executed 206 of 732[32m SUCCESS[39m (0 secs / 3.482 secs)
[1A[2KChrome Headless 139.0.0.0 (Windows 10): Executed 207 of 732[32m SUCCESS[39m (0 secs / 3.49 secs)
[1A[2KChrome Headless 139.0.0.0 (Windows 10): Executed 208 of 732[32m SUCCESS[39m (0 secs / 3.496 secs)
[1A[2KChrome Headless 139.0.0.0 (Windows 10): Executed 209 of 732[32m SUCCESS[39m (0 secs / 3.503 secs)
[1A[2KChrome Headless 139.0.0.0 (Windows 10): Executed 210 of 732[32m SUCCESS[39m (0 secs / 3.52 secs)
[1A[2KChrome Headless 139.0.0.0 (Windows 10): Executed 211 of 732[32m SUCCESS[39m (0 secs / 3.529 secs)
[1A[2KChrome Headless 139.0.0.0 (Windows 10): Executed 212 of 732[32m SUCCESS[39m (0 secs / 3.535 secs)
[1A[2KChrome Headless 139.0.0.0 (Windows 10): Executed 213 of 732[32m SUCCESS[39m (0 secs / 3.543 secs)
[1A[2KChrome Headless 139.0.0.0 (Windows 10): Executed 214 of 732[32m SUCCESS[39m (0 secs / 3.551 secs)
[1A[2KChrome Headless 139.0.0.0 (Windows 10): Executed 215 of 732[32m SUCCESS[39m (0 secs / 3.558 secs)
[1A[2KChrome Headless 139.0.0.0 (Windows 10): Executed 216 of 732[32m SUCCESS[39m (0 secs / 3.564 secs)
[1A[2KChrome Headless 139.0.0.0 (Windows 10): Executed 217 of 732[32m SUCCESS[39m (0 secs / 3.568 secs)
[1A[2KChrome Headless 139.0.0.0 (Windows 10): Executed 218 of 732[32m SUCCESS[39m (0 secs / 3.575 secs)
[1A[2KChrome Headless 139.0.0.0 (Windows 10): Executed 219 of 732[32m SUCCESS[39m (0 secs / 3.581 secs)
[1A[2KChrome Headless 139.0.0.0 (Windows 10): Executed 220 of 732[32m SUCCESS[39m (0 secs / 3.59 secs)
[1A[2KChrome Headless 139.0.0.0 (Windows 10): Executed 221 of 732[32m SUCCESS[39m (0 secs / 3.595 secs)
[1A[2KChrome Headless 139.0.0.0 (Windows 10): Executed 222 of 732[32m SUCCESS[39m (0 secs / 3.604 secs)
[1A[2KChrome Headless 139.0.0.0 (Windows 10): Executed 223 of 732[32m SUCCESS[39m (0 secs / 3.611 secs)
[1A[2KChrome Headless 139.0.0.0 (Windows 10): Executed 224 of 732[32m SUCCESS[39m (0 secs / 3.617 secs)
[1A[2KChrome Headless 139.0.0.0 (Windows 10): Executed 225 of 732[32m SUCCESS[39m (0 secs / 3.625 secs)
[1A[2KChrome Headless 139.0.0.0 (Windows 10): Executed 226 of 732[32m SUCCESS[39m (0 secs / 3.633 secs)
[1A[2KChrome Headless 139.0.0.0 (Windows 10): Executed 227 of 732[32m SUCCESS[39m (0 secs / 3.639 secs)
[1A[2KChrome Headless 139.0.0.0 (Windows 10): Executed 228 of 732[32m SUCCESS[39m (0 secs / 3.645 secs)
[1A[2KChrome Headless 139.0.0.0 (Windows 10): Executed 229 of 732[32m SUCCESS[39m (0 secs / 3.653 secs)
[1A[2KChrome Headless 139.0.0.0 (Windows 10): Executed 230 of 732[32m SUCCESS[39m (0 secs / 3.658 secs)
[1A[2KChrome Headless 139.0.0.0 (Windows 10): Executed 231 of 732[32m SUCCESS[39m (0 secs / 3.666 secs)
[1A[2KChrome Headless 139.0.0.0 (Windows 10): Executed 232 of 732[32m SUCCESS[39m (0 secs / 3.674 secs)
[1A[2KChrome Headless 139.0.0.0 (Windows 10): Executed 233 of 732[32m SUCCESS[39m (0 secs / 3.68 secs)
[1A[2KChrome Headless 139.0.0.0 (Windows 10): Executed 234 of 732[32m SUCCESS[39m (0 secs / 3.687 secs)
[1A[2KChrome Headless 139.0.0.0 (Windows 10): Executed 235 of 732[32m SUCCESS[39m (0 secs / 3.693 secs)
[1A[2KChrome Headless 139.0.0.0 (Windows 10): Executed 236 of 732[32m SUCCESS[39m (0 secs / 3.7 secs)
[1A[2KChrome Headless 139.0.0.0 (Windows 10): Executed 237 of 732[32m SUCCESS[39m (0 secs / 3.705 secs)
[1A[2KChrome Headless 139.0.0.0 (Windows 10): Executed 238 of 732[32m SUCCESS[39m (0 secs / 3.71 secs)
[1A[2KChrome Headless 139.0.0.0 (Windows 10): Executed 239 of 732[32m SUCCESS[39m (0 secs / 3.716 secs)
[1A[2KChrome Headless 139.0.0.0 (Windows 10): Executed 240 of 732[32m SUCCESS[39m (0 secs / 3.723 secs)
[1A[2KChrome Headless 139.0.0.0 (Windows 10): Executed 241 of 732[32m SUCCESS[39m (0 secs / 3.728 secs)
[1A[2KChrome Headless 139.0.0.0 (Windows 10): Executed 242 of 732[32m SUCCESS[39m (0 secs / 3.734 secs)
[1A[2KChrome Headless 139.0.0.0 (Windows 10): Executed 243 of 732[32m SUCCESS[39m (0 secs / 3.74 secs)
[1A[2KChrome Headless 139.0.0.0 (Windows 10): Executed 244 of 732[32m SUCCESS[39m (0 secs / 3.743 secs)
[1A[2KChrome Headless 139.0.0.0 (Windows 10): Executed 245 of 732[32m SUCCESS[39m (0 secs / 3.745 secs)
[1A[2KChrome Headless 139.0.0.0 (Windows 10): Executed 246 of 732[32m SUCCESS[39m (0 secs / 3.747 secs)
[1A[2KChrome Headless 139.0.0.0 (Windows 10): Executed 247 of 732[32m SUCCESS[39m (0 secs / 3.749 secs)
[1A[2KChrome Headless 139.0.0.0 (Windows 10): Executed 248 of 732[32m SUCCESS[39m (0 secs / 3.75 secs)
[1A[2KChrome Headless 139.0.0.0 (Windows 10): Executed 249 of 732[32m SUCCESS[39m (0 secs / 3.752 secs)
[1A[2KChrome Headless 139.0.0.0 (Windows 10): Executed 250 of 732[32m SUCCESS[39m (0 secs / 3.754 secs)
[1A[2KChrome Headless 139.0.0.0 (Windows 10): Executed 251 of 732[32m SUCCESS[39m (0 secs / 3.757 secs)
[1A[2KChrome Headless 139.0.0.0 (Windows 10): Executed 252 of 732[32m SUCCESS[39m (0 secs / 3.76 secs)
[1A[2KChrome Headless 139.0.0.0 (Windows 10): Executed 253 of 732[32m SUCCESS[39m (0 secs / 3.761 secs)
[1A[2KChrome Headless 139.0.0.0 (Windows 10): Executed 254 of 732[32m SUCCESS[39m (0 secs / 3.762 secs)
[1A[2KChrome Headless 139.0.0.0 (Windows 10): Executed 255 of 732[32m SUCCESS[39m (0 secs / 3.764 secs)
[1A[2KChrome Headless 139.0.0.0 (Windows 10): Executed 256 of 732[32m SUCCESS[39m (0 secs / 3.767 secs)
[1A[2KChrome Headless 139.0.0.0 (Windows 10): Executed 257 of 732[32m SUCCESS[39m (0 secs / 3.769 secs)
[1A[2KChrome Headless 139.0.0.0 (Windows 10): Executed 258 of 732[32m SUCCESS[39m (0 secs / 3.771 secs)
[1A[2KChrome Headless 139.0.0.0 (Windows 10): Executed 259 of 732[32m SUCCESS[39m (0 secs / 3.773 secs)
[1A[2KChrome Headless 139.0.0.0 (Windows 10): Executed 260 of 732[32m SUCCESS[39m (0 secs / 3.776 secs)
[1A[2KChrome Headless 139.0.0.0 (Windows 10): Executed 261 of 732[32m SUCCESS[39m (0 secs / 3.777 secs)
[1A[2KChrome Headless 139.0.0.0 (Windows 10): Executed 262 of 732[32m SUCCESS[39m (0 secs / 3.778 secs)
[1A[2KChrome Headless 139.0.0.0 (Windows 10): Executed 263 of 732[32m SUCCESS[39m (0 secs / 3.779 secs)
[1A[2KChrome Headless 139.0.0.0 (Windows 10): Executed 264 of 732[32m SUCCESS[39m (0 secs / 3.78 secs)
[1A[2KChrome Headless 139.0.0.0 (Windows 10): Executed 265 of 732[32m SUCCESS[39m (0 secs / 3.783 secs)
[1A[2KChrome Headless 139.0.0.0 (Windows 10): Executed 266 of 732[32m SUCCESS[39m (0 secs / 3.785 secs)
[1A[2KChrome Headless 139.0.0.0 (Windows 10): Executed 267 of 732[32m SUCCESS[39m (0 secs / 3.786 secs)
[1A[2KChrome Headless 139.0.0.0 (Windows 10): Executed 268 of 732[32m SUCCESS[39m (0 secs / 3.787 secs)
[1A[2KChrome Headless 139.0.0.0 (Windows 10): Executed 269 of 732[32m SUCCESS[39m (0 secs / 3.788 secs)
[1A[2KChrome Headless 139.0.0.0 (Windows 10): Executed 270 of 732[32m SUCCESS[39m (0 secs / 3.788 secs)
[1A[2KWARN: [36m'NG0914: The application is using zoneless change detection, but is still loading Zone.js. Consider removing Zone.js to get the full benefits of zoneless. In applications using the Angular CLI, Zone.js is typically included in the "polyfills" section of the angular.json file.'[39m
Chrome Headless 139.0.0.0 (Windows 10): Executed 270 of 732[32m SUCCESS[39m (0 secs / 3.788 secs)
WARN: 'NG0914: The application is using zoneless change detection, but is still loading Zone.js. Consider removing Zone.js to get the full benefits of zoneless. In applications using the Angular CLI, Zone.js is typically included in the "polyfills" section of the angular.json file.'
[1A[2KChrome Headless 139.0.0.0 (Windows 10): Executed 271 of 732[32m SUCCESS[39m (0 secs / 3.789 secs)
[1A[2KWARN: [36m'NG0914: The application is using zoneless change detection, but is still loading Zone.js. Consider removing Zone.js to get the full benefits of zoneless. In applications using the Angular CLI, Zone.js is typically included in the "polyfills" section of the angular.json file.'[39m
Chrome Headless 139.0.0.0 (Windows 10): Executed 271 of 732[32m SUCCESS[39m (0 secs / 3.789 secs)
WARN: 'NG0914: The application is using zoneless change detection, but is still loading Zone.js. Consider removing Zone.js to get the full benefits of zoneless. In applications using the Angular CLI, Zone.js is typically included in the "polyfills" section of the angular.json file.'
[1A[2KWARN: [36m'NG0914: The application is using zoneless change detection, but is still loading Zone.js. Consider removing Zone.js to get the full benefits of zoneless. In applications using the Angular CLI, Zone.js is typically included in the "polyfills" section of the angular.json file.'[39m
Chrome Headless 139.0.0.0 (Windows 10): Executed 271 of 732[32m SUCCESS[39m (0 secs / 3.789 secs)
WARN: 'NG0914: The application is using zoneless change detection, but is still loading Zone.js. Consider removing Zone.js to get the full benefits of zoneless. In applications using the Angular CLI, Zone.js is typically included in the "polyfills" section of the angular.json file.'
[1A[2KChrome Headless 139.0.0.0 (Windows 10): Executed 272 of 732[32m SUCCESS[39m (0 secs / 3.803 secs)
[1A[2KWARN: [36m'NG0914: The application is using zoneless change detection, but is still loading Zone.js. Consider removing Zone.js to get the full benefits of zoneless. In applications using the Angular CLI, Zone.js is typically included in the "polyfills" section of the angular.json file.'[39m
Chrome Headless 139.0.0.0 (Windows 10): Executed 272 of 732[32m SUCCESS[39m (0 secs / 3.803 secs)
WARN: 'NG0914: The application is using zoneless change detection, but is still loading Zone.js. Consider removing Zone.js to get the full benefits of zoneless. In applications using the Angular CLI, Zone.js is typically included in the "polyfills" section of the angular.json file.'
[1A[2KWARN: [36m'NG0914: The application is using zoneless change detection, but is still loading Zone.js. Consider removing Zone.js to get the full benefits of zoneless. In applications using the Angular CLI, Zone.js is typically included in the "polyfills" section of the angular.json file.'[39m
Chrome Headless 139.0.0.0 (Windows 10): Executed 272 of 732[32m SUCCESS[39m (0 secs / 3.803 secs)
WARN: 'NG0914: The application is using zoneless change detection, but is still loading Zone.js. Consider removing Zone.js to get the full benefits of zoneless. In applications using the Angular CLI, Zone.js is typically included in the "polyfills" section of the angular.json file.'
[1A[2KChrome Headless 139.0.0.0 (Windows 10): Executed 273 of 732[32m SUCCESS[39m (0 secs / 3.807 secs)
[1A[2KWARN: [36m'NG0914: The application is using zoneless change detection, but is still loading Zone.js. Consider removing Zone.js to get the full benefits of zoneless. In applications using the Angular CLI, Zone.js is typically included in the "polyfills" section of the angular.json file.'[39m
Chrome Headless 139.0.0.0 (Windows 10): Executed 273 of 732[32m SUCCESS[39m (0 secs / 3.807 secs)
WARN: 'NG0914: The application is using zoneless change detection, but is still loading Zone.js. Consider removing Zone.js to get the full benefits of zoneless. In applications using the Angular CLI, Zone.js is typically included in the "polyfills" section of the angular.json file.'
[1A[2KChrome Headless 139.0.0.0 (Windows 10): Executed 274 of 732[32m SUCCESS[39m (0 secs / 3.808 secs)
[1A[2KWARN: [36m'NG0914: The application is using zoneless change detection, but is still loading Zone.js. Consider removing Zone.js to get the full benefits of zoneless. In applications using the Angular CLI, Zone.js is typically included in the "polyfills" section of the angular.json file.'[39m
Chrome Headless 139.0.0.0 (Windows 10): Executed 274 of 732[32m SUCCESS[39m (0 secs / 3.808 secs)
WARN: 'NG0914: The application is using zoneless change detection, but is still loading Zone.js. Consider removing Zone.js to get the full benefits of zoneless. In applications using the Angular CLI, Zone.js is typically included in the "polyfills" section of the angular.json file.'
[1A[2KChrome Headless 139.0.0.0 (Windows 10): Executed 275 of 732[32m SUCCESS[39m (0 secs / 3.811 secs)
[1A[2KWARN: [36m'NG0914: The application is using zoneless change detection, but is still loading Zone.js. Consider removing Zone.js to get the full benefits of zoneless. In applications using the Angular CLI, Zone.js is typically included in the "polyfills" section of the angular.json file.'[39m
Chrome Headless 139.0.0.0 (Windows 10): Executed 275 of 732[32m SUCCESS[39m (0 secs / 3.811 secs)
WARN: 'NG0914: The application is using zoneless change detection, but is still loading Zone.js. Consider removing Zone.js to get the full benefits of zoneless. In applications using the Angular CLI, Zone.js is typically included in the "polyfills" section of the angular.json file.'
[1A[2KChrome Headless 139.0.0.0 (Windows 10): Executed 276 of 732[32m SUCCESS[39m (0 secs / 3.815 secs)
[1A[2KWARN: [36m'NG0914: The application is using zoneless change detection, but is still loading Zone.js. Consider removing Zone.js to get the full benefits of zoneless. In applications using the Angular CLI, Zone.js is typically included in the "polyfills" section of the angular.json file.'[39m
Chrome Headless 139.0.0.0 (Windows 10): Executed 276 of 732[32m SUCCESS[39m (0 secs / 3.815 secs)
WARN: 'NG0914: The application is using zoneless change detection, but is still loading Zone.js. Consider removing Zone.js to get the full benefits of zoneless. In applications using the Angular CLI, Zone.js is typically included in the "polyfills" section of the angular.json file.'
[1A[2KChrome Headless 139.0.0.0 (Windows 10): Executed 277 of 732[32m SUCCESS[39m (0 secs / 3.817 secs)
[1A[2KWARN: [36m'NG0914: The application is using zoneless change detection, but is still loading Zone.js. Consider removing Zone.js to get the full benefits of zoneless. In applications using the Angular CLI, Zone.js is typically included in the "polyfills" section of the angular.json file.'[39m
Chrome Headless 139.0.0.0 (Windows 10): Executed 277 of 732[32m SUCCESS[39m (0 secs / 3.817 secs)
WARN: 'NG0914: The application is using zoneless change detection, but is still loading Zone.js. Consider removing Zone.js to get the full benefits of zoneless. In applications using the Angular CLI, Zone.js is typically included in the "polyfills" section of the angular.json file.'
[1A[2KChrome Headless 139.0.0.0 (Windows 10): Executed 278 of 732[32m SUCCESS[39m (0 secs / 3.819 secs)
[1A[2KWARN: [36m'NG0914: The application is using zoneless change detection, but is still loading Zone.js. Consider removing Zone.js to get the full benefits of zoneless. In applications using the Angular CLI, Zone.js is typically included in the "polyfills" section of the angular.json file.'[39m
Chrome Headless 139.0.0.0 (Windows 10): Executed 278 of 732[32m SUCCESS[39m (0 secs / 3.819 secs)
WARN: 'NG0914: The application is using zoneless change detection, but is still loading Zone.js. Consider removing Zone.js to get the full benefits of zoneless. In applications using the Angular CLI, Zone.js is typically included in the "polyfills" section of the angular.json file.'
[1A[2KChrome Headless 139.0.0.0 (Windows 10): Executed 279 of 732[32m SUCCESS[39m (0 secs / 3.821 secs)
[1A[2KWARN: [36m'NG0914: The application is using zoneless change detection, but is still loading Zone.js. Consider removing Zone.js to get the full benefits of zoneless. In applications using the Angular CLI, Zone.js is typically included in the "polyfills" section of the angular.json file.'[39m
Chrome Headless 139.0.0.0 (Windows 10): Executed 279 of 732[32m SUCCESS[39m (0 secs / 3.821 secs)
WARN: 'NG0914: The application is using zoneless change detection, but is still loading Zone.js. Consider removing Zone.js to get the full benefits of zoneless. In applications using the Angular CLI, Zone.js is typically included in the "polyfills" section of the angular.json file.'
[1A[2KChrome Headless 139.0.0.0 (Windows 10): Executed 280 of 732[32m SUCCESS[39m (0 secs / 3.823 secs)
[1A[2KWARN: [36m'NG0914: The application is using zoneless change detection, but is still loading Zone.js. Consider removing Zone.js to get the full benefits of zoneless. In applications using the Angular CLI, Zone.js is typically included in the "polyfills" section of the angular.json file.'[39m
Chrome Headless 139.0.0.0 (Windows 10): Executed 280 of 732[32m SUCCESS[39m (0 secs / 3.823 secs)
WARN: 'NG0914: The application is using zoneless change detection, but is still loading Zone.js. Consider removing Zone.js to get the full benefits of zoneless. In applications using the Angular CLI, Zone.js is typically included in the "polyfills" section of the angular.json file.'
[1A[2KChrome Headless 139.0.0.0 (Windows 10): Executed 281 of 732[32m SUCCESS[39m (0 secs / 3.825 secs)
[1A[2KWARN: [36m'NG0914: The application is using zoneless change detection, but is still loading Zone.js. Consider removing Zone.js to get the full benefits of zoneless. In applications using the Angular CLI, Zone.js is typically included in the "polyfills" section of the angular.json file.'[39m
Chrome Headless 139.0.0.0 (Windows 10): Executed 281 of 732[32m SUCCESS[39m (0 secs / 3.825 secs)
WARN: 'NG0914: The application is using zoneless change detection, but is still loading Zone.js. Consider removing Zone.js to get the full benefits of zoneless. In applications using the Angular CLI, Zone.js is typically included in the "polyfills" section of the angular.json file.'
[1A[2KChrome Headless 139.0.0.0 (Windows 10): Executed 282 of 732[32m SUCCESS[39m (0 secs / 3.827 secs)
[1A[2KWARN: [36m'NG0914: The application is using zoneless change detection, but is still loading Zone.js. Consider removing Zone.js to get the full benefits of zoneless. In applications using the Angular CLI, Zone.js is typically included in the "polyfills" section of the angular.json file.'[39m
Chrome Headless 139.0.0.0 (Windows 10): Executed 282 of 732[32m SUCCESS[39m (0 secs / 3.827 secs)
WARN: 'NG0914: The application is using zoneless change detection, but is still loading Zone.js. Consider removing Zone.js to get the full benefits of zoneless. In applications using the Angular CLI, Zone.js is typically included in the "polyfills" section of the angular.json file.'
[1A[2KChrome Headless 139.0.0.0 (Windows 10): Executed 283 of 732[32m SUCCESS[39m (0 secs / 3.829 secs)
[1A[2KWARN: [36m'NG0914: The application is using zoneless change detection, but is still loading Zone.js. Consider removing Zone.js to get the full benefits of zoneless. In applications using the Angular CLI, Zone.js is typically included in the "polyfills" section of the angular.json file.'[39m
Chrome Headless 139.0.0.0 (Windows 10): Executed 283 of 732[32m SUCCESS[39m (0 secs / 3.829 secs)
WARN: 'NG0914: The application is using zoneless change detection, but is still loading Zone.js. Consider removing Zone.js to get the full benefits of zoneless. In applications using the Angular CLI, Zone.js is typically included in the "polyfills" section of the angular.json file.'
[1A[2KChrome Headless 139.0.0.0 (Windows 10): Executed 284 of 732[32m SUCCESS[39m (0 secs / 3.832 secs)
[1A[2KWARN: [36m'NG0914: The application is using zoneless change detection, but is still loading Zone.js. Consider removing Zone.js to get the full benefits of zoneless. In applications using the Angular CLI, Zone.js is typically included in the "polyfills" section of the angular.json file.'[39m
Chrome Headless 139.0.0.0 (Windows 10): Executed 284 of 732[32m SUCCESS[39m (0 secs / 3.832 secs)
WARN: 'NG0914: The application is using zoneless change detection, but is still loading Zone.js. Consider removing Zone.js to get the full benefits of zoneless. In applications using the Angular CLI, Zone.js is typically included in the "polyfills" section of the angular.json file.'
[1A[2KChrome Headless 139.0.0.0 (Windows 10): Executed 285 of 732[32m SUCCESS[39m (0 secs / 3.834 secs)
[1A[2KWARN: [36m'NG0914: The application is using zoneless change detection, but is still loading Zone.js. Consider removing Zone.js to get the full benefits of zoneless. In applications using the Angular CLI, Zone.js is typically included in the "polyfills" section of the angular.json file.'[39m
Chrome Headless 139.0.0.0 (Windows 10): Executed 285 of 732[32m SUCCESS[39m (0 secs / 3.834 secs)
WARN: 'NG0914: The application is using zoneless change detection, but is still loading Zone.js. Consider removing Zone.js to get the full benefits of zoneless. In applications using the Angular CLI, Zone.js is typically included in the "polyfills" section of the angular.json file.'
[1A[2KChrome Headless 139.0.0.0 (Windows 10): Executed 286 of 732[32m SUCCESS[39m (0 secs / 3.836 secs)
[1A[2KWARN: [36m'NG0914: The application is using zoneless change detection, but is still loading Zone.js. Consider removing Zone.js to get the full benefits of zoneless. In applications using the Angular CLI, Zone.js is typically included in the "polyfills" section of the angular.json file.'[39m
Chrome Headless 139.0.0.0 (Windows 10): Executed 286 of 732[32m SUCCESS[39m (0 secs / 3.836 secs)
WARN: 'NG0914: The application is using zoneless change detection, but is still loading Zone.js. Consider removing Zone.js to get the full benefits of zoneless. In applications using the Angular CLI, Zone.js is typically included in the "polyfills" section of the angular.json file.'
[1A[2KChrome Headless 139.0.0.0 (Windows 10): Executed 287 of 732[32m SUCCESS[39m (0 secs / 3.837 secs)
[1A[2KWARN: [36m'NG0914: The application is using zoneless change detection, but is still loading Zone.js. Consider removing Zone.js to get the full benefits of zoneless. In applications using the Angular CLI, Zone.js is typically included in the "polyfills" section of the angular.json file.'[39m
Chrome Headless 139.0.0.0 (Windows 10): Executed 287 of 732[32m SUCCESS[39m (0 secs / 3.837 secs)
WARN: 'NG0914: The application is using zoneless change detection, but is still loading Zone.js. Consider removing Zone.js to get the full benefits of zoneless. In applications using the Angular CLI, Zone.js is typically included in the "polyfills" section of the angular.json file.'
[1A[2KChrome Headless 139.0.0.0 (Windows 10): Executed 288 of 732[32m SUCCESS[39m (0 secs / 3.838 secs)
[1A[2KWARN: [36m'NG0914: The application is using zoneless change detection, but is still loading Zone.js. Consider removing Zone.js to get the full benefits of zoneless. In applications using the Angular CLI, Zone.js is typically included in the "polyfills" section of the angular.json file.'[39m
Chrome Headless 139.0.0.0 (Windows 10): Executed 288 of 732[32m SUCCESS[39m (0 secs / 3.838 secs)
WARN: 'NG0914: The application is using zoneless change detection, but is still loading Zone.js. Consider removing Zone.js to get the full benefits of zoneless. In applications using the Angular CLI, Zone.js is typically included in the "polyfills" section of the angular.json file.'
[1A[2KChrome Headless 139.0.0.0 (Windows 10): Executed 289 of 732[32m SUCCESS[39m (0 secs / 3.839 secs)
[1A[2KWARN: [36m'NG0914: The application is using zoneless change detection, but is still loading Zone.js. Consider removing Zone.js to get the full benefits of zoneless. In applications using the Angular CLI, Zone.js is typically included in the "polyfills" section of the angular.json file.'[39m
Chrome Headless 139.0.0.0 (Windows 10): Executed 289 of 732[32m SUCCESS[39m (0 secs / 3.839 secs)
WARN: 'NG0914: The application is using zoneless change detection, but is still loading Zone.js. Consider removing Zone.js to get the full benefits of zoneless. In applications using the Angular CLI, Zone.js is typically included in the "polyfills" section of the angular.json file.'
[1A[2KChrome Headless 139.0.0.0 (Windows 10): Executed 290 of 732[32m SUCCESS[39m (0 secs / 3.841 secs)
[1A[2KWARN: [36m'NG0914: The application is using zoneless change detection, but is still loading Zone.js. Consider removing Zone.js to get the full benefits of zoneless. In applications using the Angular CLI, Zone.js is typically included in the "polyfills" section of the angular.json file.'[39m
Chrome Headless 139.0.0.0 (Windows 10): Executed 290 of 732[32m SUCCESS[39m (0 secs / 3.841 secs)
WARN: 'NG0914: The application is using zoneless change detection, but is still loading Zone.js. Consider removing Zone.js to get the full benefits of zoneless. In applications using the Angular CLI, Zone.js is typically included in the "polyfills" section of the angular.json file.'
[1A[2KChrome Headless 139.0.0.0 (Windows 10): Executed 291 of 732[32m SUCCESS[39m (0 secs / 3.843 secs)
[1A[2KWARN: [36m'NG0914: The application is using zoneless change detection, but is still loading Zone.js. Consider removing Zone.js to get the full benefits of zoneless. In applications using the Angular CLI, Zone.js is typically included in the "polyfills" section of the angular.json file.'[39m
Chrome Headless 139.0.0.0 (Windows 10): Executed 291 of 732[32m SUCCESS[39m (0 secs / 3.843 secs)
WARN: 'NG0914: The application is using zoneless change detection, but is still loading Zone.js. Consider removing Zone.js to get the full benefits of zoneless. In applications using the Angular CLI, Zone.js is typically included in the "polyfills" section of the angular.json file.'
[1A[2KChrome Headless 139.0.0.0 (Windows 10): Executed 292 of 732[32m SUCCESS[39m (0 secs / 3.844 secs)
[1A[2KWARN: [36m'NG0914: The application is using zoneless change detection, but is still loading Zone.js. Consider removing Zone.js to get the full benefits of zoneless. In applications using the Angular CLI, Zone.js is typically included in the "polyfills" section of the angular.json file.'[39m
Chrome Headless 139.0.0.0 (Windows 10): Executed 292 of 732[32m SUCCESS[39m (0 secs / 3.844 secs)
WARN: 'NG0914: The application is using zoneless change detection, but is still loading Zone.js. Consider removing Zone.js to get the full benefits of zoneless. In applications using the Angular CLI, Zone.js is typically included in the "polyfills" section of the angular.json file.'
[1A[2KChrome Headless 139.0.0.0 (Windows 10): Executed 293 of 732[32m SUCCESS[39m (0 secs / 3.845 secs)
[1A[2KWARN: [36m'NG0914: The application is using zoneless change detection, but is still loading Zone.js. Consider removing Zone.js to get the full benefits of zoneless. In applications using the Angular CLI, Zone.js is typically included in the "polyfills" section of the angular.json file.'[39m
Chrome Headless 139.0.0.0 (Windows 10): Executed 293 of 732[32m SUCCESS[39m (0 secs / 3.845 secs)
WARN: 'NG0914: The application is using zoneless change detection, but is still loading Zone.js. Consider removing Zone.js to get the full benefits of zoneless. In applications using the Angular CLI, Zone.js is typically included in the "polyfills" section of the angular.json file.'
[1A[2KChrome Headless 139.0.0.0 (Windows 10): Executed 294 of 732[32m SUCCESS[39m (0 secs / 3.847 secs)
[1A[2KWARN: [36m'NG0914: The application is using zoneless change detection, but is still loading Zone.js. Consider removing Zone.js to get the full benefits of zoneless. In applications using the Angular CLI, Zone.js is typically included in the "polyfills" section of the angular.json file.'[39m
Chrome Headless 139.0.0.0 (Windows 10): Executed 294 of 732[32m SUCCESS[39m (0 secs / 3.847 secs)
WARN: 'NG0914: The application is using zoneless change detection, but is still loading Zone.js. Consider removing Zone.js to get the full benefits of zoneless. In applications using the Angular CLI, Zone.js is typically included in the "polyfills" section of the angular.json file.'
[1A[2KChrome Headless 139.0.0.0 (Windows 10): Executed 295 of 732[32m SUCCESS[39m (0 secs / 3.906 secs)
[1A[2KWARN: [36m'NG0914: The application is using zoneless change detection, but is still loading Zone.js. Consider removing Zone.js to get the full benefits of zoneless. In applications using the Angular CLI, Zone.js is typically included in the "polyfills" section of the angular.json file.'[39m
Chrome Headless 139.0.0.0 (Windows 10): Executed 295 of 732[32m SUCCESS[39m (0 secs / 3.906 secs)
WARN: 'NG0914: The application is using zoneless change detection, but is still loading Zone.js. Consider removing Zone.js to get the full benefits of zoneless. In applications using the Angular CLI, Zone.js is typically included in the "polyfills" section of the angular.json file.'
[1A[2KChrome Headless 139.0.0.0 (Windows 10): Executed 296 of 732[32m SUCCESS[39m (0 secs / 3.928 secs)
[1A[2KWARN: [36m'NG0914: The application is using zoneless change detection, but is still loading Zone.js. Consider removing Zone.js to get the full benefits of zoneless. In applications using the Angular CLI, Zone.js is typically included in the "polyfills" section of the angular.json file.'[39m
Chrome Headless 139.0.0.0 (Windows 10): Executed 296 of 732[32m SUCCESS[39m (0 secs / 3.928 secs)
WARN: 'NG0914: The application is using zoneless change detection, but is still loading Zone.js. Consider removing Zone.js to get the full benefits of zoneless. In applications using the Angular CLI, Zone.js is typically included in the "polyfills" section of the angular.json file.'
[1A[2KChrome Headless 139.0.0.0 (Windows 10): Executed 297 of 732[32m SUCCESS[39m (0 secs / 3.982 secs)
[1A[2KWARN: [36m'NG0914: The application is using zoneless change detection, but is still loading Zone.js. Consider removing Zone.js to get the full benefits of zoneless. In applications using the Angular CLI, Zone.js is typically included in the "polyfills" section of the angular.json file.'[39m
Chrome Headless 139.0.0.0 (Windows 10): Executed 297 of 732[32m SUCCESS[39m (0 secs / 3.982 secs)
WARN: 'NG0914: The application is using zoneless change detection, but is still loading Zone.js. Consider removing Zone.js to get the full benefits of zoneless. In applications using the Angular CLI, Zone.js is typically included in the "polyfills" section of the angular.json file.'
[1A[2KChrome Headless 139.0.0.0 (Windows 10): Executed 298 of 732[32m SUCCESS[39m (0 secs / 3.998 secs)
[1A[2KWARN: [36m'NG0914: The application is using zoneless change detection, but is still loading Zone.js. Consider removing Zone.js to get the full benefits of zoneless. In applications using the Angular CLI, Zone.js is typically included in the "polyfills" section of the angular.json file.'[39m
Chrome Headless 139.0.0.0 (Windows 10): Executed 298 of 732[32m SUCCESS[39m (0 secs / 3.998 secs)
WARN: 'NG0914: The application is using zoneless change detection, but is still loading Zone.js. Consider removing Zone.js to get the full benefits of zoneless. In applications using the Angular CLI, Zone.js is typically included in the "polyfills" section of the angular.json file.'
[1A[2KChrome Headless 139.0.0.0 (Windows 10): Executed 299 of 732[32m SUCCESS[39m (0 secs / 4.018 secs)
[1A[2KWARN: [36m'NG0914: The application is using zoneless change detection, but is still loading Zone.js. Consider removing Zone.js to get the full benefits of zoneless. In applications using the Angular CLI, Zone.js is typically included in the "polyfills" section of the angular.json file.'[39m
Chrome Headless 139.0.0.0 (Windows 10): Executed 299 of 732[32m SUCCESS[39m (0 secs / 4.018 secs)
WARN: 'NG0914: The application is using zoneless change detection, but is still loading Zone.js. Consider removing Zone.js to get the full benefits of zoneless. In applications using the Angular CLI, Zone.js is typically included in the "polyfills" section of the angular.json file.'
[1A[2KChrome Headless 139.0.0.0 (Windows 10): Executed 300 of 732[32m SUCCESS[39m (0 secs / 4.193 secs)
[1A[2KWARN: [36m'NG0914: The application is using zoneless change detection, but is still loading Zone.js. Consider removing Zone.js to get the full benefits of zoneless. In applications using the Angular CLI, Zone.js is typically included in the "polyfills" section of the angular.json file.'[39m
Chrome Headless 139.0.0.0 (Windows 10): Executed 300 of 732[32m SUCCESS[39m (0 secs / 4.193 secs)
WARN: 'NG0914: The application is using zoneless change detection, but is still loading Zone.js. Consider removing Zone.js to get the full benefits of zoneless. In applications using the Angular CLI, Zone.js is typically included in the "polyfills" section of the angular.json file.'
[1A[2KChrome Headless 139.0.0.0 (Windows 10): Executed 301 of 732[32m SUCCESS[39m (0 secs / 4.215 secs)
[1A[2KWARN: [36m'NG0914: The application is using zoneless change detection, but is still loading Zone.js. Consider removing Zone.js to get the full benefits of zoneless. In applications using the Angular CLI, Zone.js is typically included in the "polyfills" section of the angular.json file.'[39m
Chrome Headless 139.0.0.0 (Windows 10): Executed 301 of 732[32m SUCCESS[39m (0 secs / 4.215 secs)
WARN: 'NG0914: The application is using zoneless change detection, but is still loading Zone.js. Consider removing Zone.js to get the full benefits of zoneless. In applications using the Angular CLI, Zone.js is typically included in the "polyfills" section of the angular.json file.'
[1A[2KChrome Headless 139.0.0.0 (Windows 10): Executed 302 of 732[32m SUCCESS[39m (0 secs / 4.243 secs)
[1A[2KWARN: [36m'NG0914: The application is using zoneless change detection, but is still loading Zone.js. Consider removing Zone.js to get the full benefits of zoneless. In applications using the Angular CLI, Zone.js is typically included in the "polyfills" section of the angular.json file.'[39m
Chrome Headless 139.0.0.0 (Windows 10): Executed 302 of 732[32m SUCCESS[39m (0 secs / 4.243 secs)
WARN: 'NG0914: The application is using zoneless change detection, but is still loading Zone.js. Consider removing Zone.js to get the full benefits of zoneless. In applications using the Angular CLI, Zone.js is typically included in the "polyfills" section of the angular.json file.'
[1A[2KChrome Headless 139.0.0.0 (Windows 10): Executed 303 of 732[32m SUCCESS[39m (0 secs / 4.264 secs)
[1A[2KWARN: [36m'NG0914: The application is using zoneless change detection, but is still loading Zone.js. Consider removing Zone.js to get the full benefits of zoneless. In applications using the Angular CLI, Zone.js is typically included in the "polyfills" section of the angular.json file.'[39m
Chrome Headless 139.0.0.0 (Windows 10): Executed 303 of 732[32m SUCCESS[39m (0 secs / 4.264 secs)
WARN: 'NG0914: The application is using zoneless change detection, but is still loading Zone.js. Consider removing Zone.js to get the full benefits of zoneless. In applications using the Angular CLI, Zone.js is typically included in the "polyfills" section of the angular.json file.'
[1A[2KChrome Headless 139.0.0.0 (Windows 10): Executed 304 of 732[32m SUCCESS[39m (0 secs / 4.285 secs)
[1A[2KWARN: [36m'NG0914: The application is using zoneless change detection, but is still loading Zone.js. Consider removing Zone.js to get the full benefits of zoneless. In applications using the Angular CLI, Zone.js is typically included in the "polyfills" section of the angular.json file.'[39m
Chrome Headless 139.0.0.0 (Windows 10): Executed 304 of 732[32m SUCCESS[39m (0 secs / 4.285 secs)
WARN: 'NG0914: The application is using zoneless change detection, but is still loading Zone.js. Consider removing Zone.js to get the full benefits of zoneless. In applications using the Angular CLI, Zone.js is typically included in the "polyfills" section of the angular.json file.'
[1A[2KChrome Headless 139.0.0.0 (Windows 10): Executed 305 of 732[32m SUCCESS[39m (0 secs / 4.305 secs)
[1A[2KWARN: [36m'NG0914: The application is using zoneless change detection, but is still loading Zone.js. Consider removing Zone.js to get the full benefits of zoneless. In applications using the Angular CLI, Zone.js is typically included in the "polyfills" section of the angular.json file.'[39m
Chrome Headless 139.0.0.0 (Windows 10): Executed 305 of 732[32m SUCCESS[39m (0 secs / 4.305 secs)
WARN: 'NG0914: The application is using zoneless change detection, but is still loading Zone.js. Consider removing Zone.js to get the full benefits of zoneless. In applications using the Angular CLI, Zone.js is typically included in the "polyfills" section of the angular.json file.'
[1A[2KChrome Headless 139.0.0.0 (Windows 10): Executed 306 of 732[32m SUCCESS[39m (0 secs / 4.323 secs)
[1A[2KWARN: [36m'NG0914: The application is using zoneless change detection, but is still loading Zone.js. Consider removing Zone.js to get the full benefits of zoneless. In applications using the Angular CLI, Zone.js is typically included in the "polyfills" section of the angular.json file.'[39m
Chrome Headless 139.0.0.0 (Windows 10): Executed 306 of 732[32m SUCCESS[39m (0 secs / 4.323 secs)
WARN: 'NG0914: The application is using zoneless change detection, but is still loading Zone.js. Consider removing Zone.js to get the full benefits of zoneless. In applications using the Angular CLI, Zone.js is typically included in the "polyfills" section of the angular.json file.'
[1A[2KChrome Headless 139.0.0.0 (Windows 10): Executed 307 of 732[32m SUCCESS[39m (0 secs / 4.337 secs)
[1A[2KWARN: [36m'NG0914: The application is using zoneless change detection, but is still loading Zone.js. Consider removing Zone.js to get the full benefits of zoneless. In applications using the Angular CLI, Zone.js is typically included in the "polyfills" section of the angular.json file.'[39m
Chrome Headless 139.0.0.0 (Windows 10): Executed 307 of 732[32m SUCCESS[39m (0 secs / 4.337 secs)
WARN: 'NG0914: The application is using zoneless change detection, but is still loading Zone.js. Consider removing Zone.js to get the full benefits of zoneless. In applications using the Angular CLI, Zone.js is typically included in the "polyfills" section of the angular.json file.'
[1A[2KChrome Headless 139.0.0.0 (Windows 10): Executed 308 of 732[32m SUCCESS[39m (0 secs / 4.514 secs)
[1A[2KWARN: [36m'NG0914: The application is using zoneless change detection, but is still loading Zone.js. Consider removing Zone.js to get the full benefits of zoneless. In applications using the Angular CLI, Zone.js is typically included in the "polyfills" section of the angular.json file.'[39m
Chrome Headless 139.0.0.0 (Windows 10): Executed 308 of 732[32m SUCCESS[39m (0 secs / 4.514 secs)
WARN: 'NG0914: The application is using zoneless change detection, but is still loading Zone.js. Consider removing Zone.js to get the full benefits of zoneless. In applications using the Angular CLI, Zone.js is typically included in the "polyfills" section of the angular.json file.'
[1A[2KChrome Headless 139.0.0.0 (Windows 10): Executed 309 of 732[32m SUCCESS[39m (0 secs / 4.534 secs)
[1A[2KWARN: [36m'NG0914: The application is using zoneless change detection, but is still loading Zone.js. Consider removing Zone.js to get the full benefits of zoneless. In applications using the Angular CLI, Zone.js is typically included in the "polyfills" section of the angular.json file.'[39m
Chrome Headless 139.0.0.0 (Windows 10): Executed 309 of 732[32m SUCCESS[39m (0 secs / 4.534 secs)
WARN: 'NG0914: The application is using zoneless change detection, but is still loading Zone.js. Consider removing Zone.js to get the full benefits of zoneless. In applications using the Angular CLI, Zone.js is typically included in the "polyfills" section of the angular.json file.'
[1A[2KChrome Headless 139.0.0.0 (Windows 10): Executed 310 of 732[32m SUCCESS[39m (0 secs / 4.552 secs)
[1A[2KWARN: [36m'NG0914: The application is using zoneless change detection, but is still loading Zone.js. Consider removing Zone.js to get the full benefits of zoneless. In applications using the Angular CLI, Zone.js is typically included in the "polyfills" section of the angular.json file.'[39m
Chrome Headless 139.0.0.0 (Windows 10): Executed 310 of 732[32m SUCCESS[39m (0 secs / 4.552 secs)
WARN: 'NG0914: The application is using zoneless change detection, but is still loading Zone.js. Consider removing Zone.js to get the full benefits of zoneless. In applications using the Angular CLI, Zone.js is typically included in the "polyfills" section of the angular.json file.'
[1A[2KChrome Headless 139.0.0.0 (Windows 10): Executed 311 of 732[32m SUCCESS[39m (0 secs / 4.57 secs)
[1A[2KWARN: [36m'NG0914: The application is using zoneless change detection, but is still loading Zone.js. Consider removing Zone.js to get the full benefits of zoneless. In applications using the Angular CLI, Zone.js is typically included in the "polyfills" section of the angular.json file.'[39m
Chrome Headless 139.0.0.0 (Windows 10): Executed 311 of 732[32m SUCCESS[39m (0 secs / 4.57 secs)
WARN: 'NG0914: The application is using zoneless change detection, but is still loading Zone.js. Consider removing Zone.js to get the full benefits of zoneless. In applications using the Angular CLI, Zone.js is typically included in the "polyfills" section of the angular.json file.'
[1A[2KChrome Headless 139.0.0.0 (Windows 10): Executed 312 of 732[32m SUCCESS[39m (0 secs / 4.588 secs)
[1A[2KWARN: [36m'NG0914: The application is using zoneless change detection, but is still loading Zone.js. Consider removing Zone.js to get the full benefits of zoneless. In applications using the Angular CLI, Zone.js is typically included in the "polyfills" section of the angular.json file.'[39m
Chrome Headless 139.0.0.0 (Windows 10): Executed 312 of 732[32m SUCCESS[39m (0 secs / 4.588 secs)
WARN: 'NG0914: The application is using zoneless change detection, but is still loading Zone.js. Consider removing Zone.js to get the full benefits of zoneless. In applications using the Angular CLI, Zone.js is typically included in the "polyfills" section of the angular.json file.'
[1A[2KChrome Headless 139.0.0.0 (Windows 10): Executed 313 of 732[32m SUCCESS[39m (0 secs / 4.605 secs)
[1A[2KWARN: [36m'NG0914: The application is using zoneless change detection, but is still loading Zone.js. Consider removing Zone.js to get the full benefits of zoneless. In applications using the Angular CLI, Zone.js is typically included in the "polyfills" section of the angular.json file.'[39m
Chrome Headless 139.0.0.0 (Windows 10): Executed 313 of 732[32m SUCCESS[39m (0 secs / 4.605 secs)
WARN: 'NG0914: The application is using zoneless change detection, but is still loading Zone.js. Consider removing Zone.js to get the full benefits of zoneless. In applications using the Angular CLI, Zone.js is typically included in the "polyfills" section of the angular.json file.'
[1A[2KChrome Headless 139.0.0.0 (Windows 10): Executed 314 of 732[32m SUCCESS[39m (0 secs / 4.623 secs)
[1A[2KWARN: [36m'NG0914: The application is using zoneless change detection, but is still loading Zone.js. Consider removing Zone.js to get the full benefits of zoneless. In applications using the Angular CLI, Zone.js is typically included in the "polyfills" section of the angular.json file.'[39m
Chrome Headless 139.0.0.0 (Windows 10): Executed 314 of 732[32m SUCCESS[39m (0 secs / 4.623 secs)
WARN: 'NG0914: The application is using zoneless change detection, but is still loading Zone.js. Consider removing Zone.js to get the full benefits of zoneless. In applications using the Angular CLI, Zone.js is typically included in the "polyfills" section of the angular.json file.'
[1A[2KChrome Headless 139.0.0.0 (Windows 10): Executed 315 of 732[32m SUCCESS[39m (0 secs / 4.635 secs)
[1A[2KWARN: [36m'NG0914: The application is using zoneless change detection, but is still loading Zone.js. Consider removing Zone.js to get the full benefits of zoneless. In applications using the Angular CLI, Zone.js is typically included in the "polyfills" section of the angular.json file.'[39m
Chrome Headless 139.0.0.0 (Windows 10): Executed 315 of 732[32m SUCCESS[39m (0 secs / 4.635 secs)
WARN: 'NG0914: The application is using zoneless change detection, but is still loading Zone.js. Consider removing Zone.js to get the full benefits of zoneless. In applications using the Angular CLI, Zone.js is typically included in the "polyfills" section of the angular.json file.'
[1A[2KChrome Headless 139.0.0.0 (Windows 10): Executed 316 of 732[32m SUCCESS[39m (0 secs / 4.65 secs)
[1A[2KWARN: [36m'NG0914: The application is using zoneless change detection, but is still loading Zone.js. Consider removing Zone.js to get the full benefits of zoneless. In applications using the Angular CLI, Zone.js is typically included in the "polyfills" section of the angular.json file.'[39m
Chrome Headless 139.0.0.0 (Windows 10): Executed 316 of 732[32m SUCCESS[39m (0 secs / 4.65 secs)
WARN: 'NG0914: The application is using zoneless change detection, but is still loading Zone.js. Consider removing Zone.js to get the full benefits of zoneless. In applications using the Angular CLI, Zone.js is typically included in the "polyfills" section of the angular.json file.'
[1A[2KChrome Headless 139.0.0.0 (Windows 10): Executed 317 of 732[32m SUCCESS[39m (0 secs / 4.664 secs)
[1A[2KWARN: [36m'NG0914: The application is using zoneless change detection, but is still loading Zone.js. Consider removing Zone.js to get the full benefits of zoneless. In applications using the Angular CLI, Zone.js is typically included in the "polyfills" section of the angular.json file.'[39m
Chrome Headless 139.0.0.0 (Windows 10): Executed 317 of 732[32m SUCCESS[39m (0 secs / 4.664 secs)
WARN: 'NG0914: The application is using zoneless change detection, but is still loading Zone.js. Consider removing Zone.js to get the full benefits of zoneless. In applications using the Angular CLI, Zone.js is typically included in the "polyfills" section of the angular.json file.'
[1A[2KChrome Headless 139.0.0.0 (Windows 10): Executed 318 of 732[32m SUCCESS[39m (0 secs / 4.682 secs)
[1A[2KWARN: [36m'NG0914: The application is using zoneless change detection, but is still loading Zone.js. Consider removing Zone.js to get the full benefits of zoneless. In applications using the Angular CLI, Zone.js is typically included in the "polyfills" section of the angular.json file.'[39m
Chrome Headless 139.0.0.0 (Windows 10): Executed 318 of 732[32m SUCCESS[39m (0 secs / 4.682 secs)
WARN: 'NG0914: The application is using zoneless change detection, but is still loading Zone.js. Consider removing Zone.js to get the full benefits of zoneless. In applications using the Angular CLI, Zone.js is typically included in the "polyfills" section of the angular.json file.'
[1A[2KChrome Headless 139.0.0.0 (Windows 10): Executed 319 of 732[32m SUCCESS[39m (0 secs / 4.698 secs)
[1A[2KWARN: [36m'NG0914: The application is using zoneless change detection, but is still loading Zone.js. Consider removing Zone.js to get the full benefits of zoneless. In applications using the Angular CLI, Zone.js is typically included in the "polyfills" section of the angular.json file.'[39m
Chrome Headless 139.0.0.0 (Windows 10): Executed 319 of 732[32m SUCCESS[39m (0 secs / 4.698 secs)
WARN: 'NG0914: The application is using zoneless change detection, but is still loading Zone.js. Consider removing Zone.js to get the full benefits of zoneless. In applications using the Angular CLI, Zone.js is typically included in the "polyfills" section of the angular.json file.'
[1A[2KChrome Headless 139.0.0.0 (Windows 10): Executed 320 of 732[32m SUCCESS[39m (0 secs / 4.71 secs)
[1A[2KWARN: [36m'NG0914: The application is using zoneless change detection, but is still loading Zone.js. Consider removing Zone.js to get the full benefits of zoneless. In applications using the Angular CLI, Zone.js is typically included in the "polyfills" section of the angular.json file.'[39m
Chrome Headless 139.0.0.0 (Windows 10): Executed 320 of 732[32m SUCCESS[39m (0 secs / 4.71 secs)
WARN: 'NG0914: The application is using zoneless change detection, but is still loading Zone.js. Consider removing Zone.js to get the full benefits of zoneless. In applications using the Angular CLI, Zone.js is typically included in the "polyfills" section of the angular.json file.'
[1A[2KLOG: [36m'AuthService: Constructor called'[39m
Chrome Headless 139.0.0.0 (Windows 10): Executed 320 of 732[32m SUCCESS[39m (0 secs / 4.71 secs)
LOG: 'AuthService: Constructor called'
[1A[2KLOG: [36m'AuthService: Initializing authentication...'[39m
Chrome Headless 139.0.0.0 (Windows 10): Executed 320 of 732[32m SUCCESS[39m (0 secs / 4.71 secs)
LOG: 'AuthService: Initializing authentication...'
[1A[2KChrome Headless 139.0.0.0 (Windows 10): Executed 321 of 732[32m SUCCESS[39m (0 secs / 4.713 secs)
[1A[2KWARN: [36m'NG0914: The application is using zoneless change detection, but is still loading Zone.js. Consider removing Zone.js to get the full benefits of zoneless. In applications using the Angular CLI, Zone.js is typically included in the "polyfills" section of the angular.json file.'[39m
Chrome Headless 139.0.0.0 (Windows 10): Executed 321 of 732[32m SUCCESS[39m (0 secs / 4.713 secs)
WARN: 'NG0914: The application is using zoneless change detection, but is still loading Zone.js. Consider removing Zone.js to get the full benefits of zoneless. In applications using the Angular CLI, Zone.js is typically included in the "polyfills" section of the angular.json file.'
[1A[2KLOG: [36m'AuthService: Constructor called'[39m
Chrome Headless 139.0.0.0 (Windows 10): Executed 321 of 732[32m SUCCESS[39m (0 secs / 4.713 secs)
LOG: 'AuthService: Constructor called'
[1A[2KLOG: [36m'AuthService: Initializing authentication...'[39m
Chrome Headless 139.0.0.0 (Windows 10): Executed 321 of 732[32m SUCCESS[39m (0 secs / 4.713 secs)
LOG: 'AuthService: Initializing authentication...'
[1A[2KERROR: [36m'Auth Service Error:', Object{status: 401, error: Object{message: 'Unauthorized'}}[39m
Chrome Headless 139.0.0.0 (Windows 10): Executed 321 of 732[32m SUCCESS[39m (0 secs / 4.713 secs)
ERROR: 'Auth Service Error:', Object{status: 401, error: Object{message: 'Unauthorized'}}
[1A[2KChrome Headless 139.0.0.0 (Windows 10): Executed 322 of 732[32m SUCCESS[39m (0 secs / 4.716 secs)
[1A[2KWARN: [36m'NG0914: The application is using zoneless change detection, but is still loading Zone.js. Consider removing Zone.js to get the full benefits of zoneless. In applications using the Angular CLI, Zone.js is typically included in the "polyfills" section of the angular.json file.'[39m
Chrome Headless 139.0.0.0 (Windows 10): Executed 322 of 732[32m SUCCESS[39m (0 secs / 4.716 secs)
WARN: 'NG0914: The application is using zoneless change detection, but is still loading Zone.js. Consider removing Zone.js to get the full benefits of zoneless. In applications using the Angular CLI, Zone.js is typically included in the "polyfills" section of the angular.json file.'
[1A[2KLOG: [36m'AuthService: Constructor called'[39m
Chrome Headless 139.0.0.0 (Windows 10): Executed 322 of 732[32m SUCCESS[39m (0 secs / 4.716 secs)
LOG: 'AuthService: Constructor called'
[1A[2KLOG: [36m'AuthService: Initializing authentication...'[39m
Chrome Headless 139.0.0.0 (Windows 10): Executed 322 of 732[32m SUCCESS[39m (0 secs / 4.716 secs)
LOG: 'AuthService: Initializing authentication...'
[1A[2KLOG: [36m'AuthService: Using stored user data for profile'[39m
Chrome Headless 139.0.0.0 (Windows 10): Executed 322 of 732[32m SUCCESS[39m (0 secs / 4.716 secs)
LOG: 'AuthService: Using stored user data for profile'
[1A[2KChrome Headless 139.0.0.0 (Windows 10): Executed 323 of 732[32m SUCCESS[39m (0 secs / 4.718 secs)
[1A[2KWARN: [36m'NG0914: The application is using zoneless change detection, but is still loading Zone.js. Consider removing Zone.js to get the full benefits of zoneless. In applications using the Angular CLI, Zone.js is typically included in the "polyfills" section of the angular.json file.'[39m
Chrome Headless 139.0.0.0 (Windows 10): Executed 323 of 732[32m SUCCESS[39m (0 secs / 4.718 secs)
WARN: 'NG0914: The application is using zoneless change detection, but is still loading Zone.js. Consider removing Zone.js to get the full benefits of zoneless. In applications using the Angular CLI, Zone.js is typically included in the "polyfills" section of the angular.json file.'
[1A[2KLOG: [36m'AuthService: Constructor called'[39m
Chrome Headless 139.0.0.0 (Windows 10): Executed 323 of 732[32m SUCCESS[39m (0 secs / 4.718 secs)
LOG: 'AuthService: Constructor called'
[1A[2KLOG: [36m'AuthService: Initializing authentication...'[39m
Chrome Headless 139.0.0.0 (Windows 10): Executed 323 of 732[32m SUCCESS[39m (0 secs / 4.718 secs)
LOG: 'AuthService: Initializing authentication...'
[1A[2KChrome Headless 139.0.0.0 (Windows 10): Executed 324 of 732[32m SUCCESS[39m (0 secs / 4.721 secs)
[1A[2KWARN: [36m'NG0914: The application is using zoneless change detection, but is still loading Zone.js. Consider removing Zone.js to get the full benefits of zoneless. In applications using the Angular CLI, Zone.js is typically included in the "polyfills" section of the angular.json file.'[39m
Chrome Headless 139.0.0.0 (Windows 10): Executed 324 of 732[32m SUCCESS[39m (0 secs / 4.721 secs)
WARN: 'NG0914: The application is using zoneless change detection, but is still loading Zone.js. Consider removing Zone.js to get the full benefits of zoneless. In applications using the Angular CLI, Zone.js is typically included in the "polyfills" section of the angular.json file.'
[1A[2KLOG: [36m'AuthService: Constructor called'[39m
Chrome Headless 139.0.0.0 (Windows 10): Executed 324 of 732[32m SUCCESS[39m (0 secs / 4.721 secs)
LOG: 'AuthService: Constructor called'
[1A[2KLOG: [36m'AuthService: Initializing authentication...'[39m
Chrome Headless 139.0.0.0 (Windows 10): Executed 324 of 732[32m SUCCESS[39m (0 secs / 4.721 secs)
LOG: 'AuthService: Initializing authentication...'
[1A[2KLOG: [36m'AuthService: Initializing authentication...'[39m
Chrome Headless 139.0.0.0 (Windows 10): Executed 324 of 732[32m SUCCESS[39m (0 secs / 4.721 secs)
LOG: 'AuthService: Initializing authentication...'
[1A[2KChrome Headless 139.0.0.0 (Windows 10): Executed 325 of 732[32m SUCCESS[39m (0 secs / 4.723 secs)
[1A[2KWARN: [36m'NG0914: The application is using zoneless change detection, but is still loading Zone.js. Consider removing Zone.js to get the full benefits of zoneless. In applications using the Angular CLI, Zone.js is typically included in the "polyfills" section of the angular.json file.'[39m
Chrome Headless 139.0.0.0 (Windows 10): Executed 325 of 732[32m SUCCESS[39m (0 secs / 4.723 secs)
WARN: 'NG0914: The application is using zoneless change detection, but is still loading Zone.js. Consider removing Zone.js to get the full benefits of zoneless. In applications using the Angular CLI, Zone.js is typically included in the "polyfills" section of the angular.json file.'
[1A[2KLOG: [36m'AuthService: Constructor called'[39m
Chrome Headless 139.0.0.0 (Windows 10): Executed 325 of 732[32m SUCCESS[39m (0 secs / 4.723 secs)
LOG: 'AuthService: Constructor called'
[1A[2KLOG: [36m'AuthService: Initializing authentication...'[39m
Chrome Headless 139.0.0.0 (Windows 10): Executed 325 of 732[32m SUCCESS[39m (0 secs / 4.723 secs)
LOG: 'AuthService: Initializing authentication...'
[1A[2KLOG: [36m'AuthService: Initializing authentication...'[39m
Chrome Headless 139.0.0.0 (Windows 10): Executed 325 of 732[32m SUCCESS[39m (0 secs / 4.723 secs)
LOG: 'AuthService: Initializing authentication...'
[1A[2KLOG: [36m'AuthService: Valid token found, fetching user profile'[39m
Chrome Headless 139.0.0.0 (Windows 10): Executed 325 of 732[32m SUCCESS[39m (0 secs / 4.723 secs)
LOG: 'AuthService: Valid token found, fetching user profile'
[1A[2KLOG: [36m'AuthService: User profile loaded successfully'[39m
Chrome Headless 139.0.0.0 (Windows 10): Executed 325 of 732[32m SUCCESS[39m (0 secs / 4.723 secs)
LOG: 'AuthService: User profile loaded successfully'
[1A[2KChrome Headless 139.0.0.0 (Windows 10): Executed 326 of 732[32m SUCCESS[39m (0 secs / 4.726 secs)
[1A[2KWARN: [36m'NG0914: The application is using zoneless change detection, but is still loading Zone.js. Consider removing Zone.js to get the full benefits of zoneless. In applications using the Angular CLI, Zone.js is typically included in the "polyfills" section of the angular.json file.'[39m
Chrome Headless 139.0.0.0 (Windows 10): Executed 326 of 732[32m SUCCESS[39m (0 secs / 4.726 secs)
WARN: 'NG0914: The application is using zoneless change detection, but is still loading Zone.js. Consider removing Zone.js to get the full benefits of zoneless. In applications using the Angular CLI, Zone.js is typically included in the "polyfills" section of the angular.json file.'
[1A[2KLOG: [36m'AuthService: Constructor called'[39m
Chrome Headless 139.0.0.0 (Windows 10): Executed 326 of 732[32m SUCCESS[39m (0 secs / 4.726 secs)
LOG: 'AuthService: Constructor called'
[1A[2KLOG: [36m'AuthService: Initializing authentication...'[39m
Chrome Headless 139.0.0.0 (Windows 10): Executed 326 of 732[32m SUCCESS[39m (0 secs / 4.726 secs)
LOG: 'AuthService: Initializing authentication...'
[1A[2KLOG: [36m'AuthService: Initializing authentication...'[39m
Chrome Headless 139.0.0.0 (Windows 10): Executed 326 of 732[32m SUCCESS[39m (0 secs / 4.726 secs)
LOG: 'AuthService: Initializing authentication...'
[1A[2KLOG: [36m'AuthService: Token needs refresh, attempting to refresh...'[39m
Chrome Headless 139.0.0.0 (Windows 10): Executed 326 of 732[32m SUCCESS[39m (0 secs / 4.726 secs)
LOG: 'AuthService: Token needs refresh, attempting to refresh...'
[1A[2KERROR: [36m'AuthService: Token refresh failed:', Error: Refresh failed
Error: Refresh failed
    at errorFactory (http://localhost:9876/_karma_webpack_/webpack:/src/app/features/auth/services/auth.service.spec.ts:358:72)
    at Observable._subscribe (http://localhost:9876/_karma_webpack_/webpack:/node_modules/rxjs/dist/esm/internal/observable/throwError.js:5:51)
    at Observable._trySubscribe (http://localhost:9876/_karma_webpack_/webpack:/node_modules/rxjs/dist/esm/internal/Observable.js:37:25)
    at cb (http://localhost:9876/_karma_webpack_/webpack:/node_modules/rxjs/dist/esm/internal/Observable.js:31:30)
    at errorContext (http://localhost:9876/_karma_webpack_/webpack:/node_modules/rxjs/dist/esm/internal/util/errorContext.js:19:9)
    at Observable.subscribe (http://localhost:9876/_karma_webpack_/webpack:/node_modules/rxjs/dist/esm/internal/Observable.js:22:21)
    at AuthService.refreshTokenInternal (http://localhost:9876/_karma_webpack_/webpack:/src/app/features/auth/services/auth.service.ts:299:44)
    at AuthService.initializeAuth (http://localhost:9876/_karma_webpack_/webpack:/src/app/features/auth/services/auth.service.ts:258:12)
    at UserContext.<anonymous> (http://localhost:9876/_karma_webpack_/webpack:/src/app/features/auth/services/auth.service.spec.ts:360:15)
    at QueueRunner.attempt (http://localhost:9876/base/node_modules/karma-jasmine/node_modules/jasmine-core/lib/jasmine-core/jasmine.js?86d98e11f43f2c8cfac9fb4806ed6c0aced74cbe:7643:40)[39m
Chrome Headless 139.0.0.0 (Windows 10): Executed 326 of 732[32m SUCCESS[39m (0 secs / 4.726 secs)
ERROR: 'AuthService: Token refresh failed:', Error: Refresh failed
Error: Refresh failed
    at errorFactory (http://localhost:9876/_karma_webpack_/webpack:/src/app/features/auth/services/auth.service.spec.ts:358:72)
    at Observable._subscribe (http://localhost:9876/_karma_webpack_/webpack:/node_modules/rxjs/dist/esm/internal/observable/throwError.js:5:51)
    at Observable._trySubscribe (http://localhost:9876/_karma_webpack_/webpack:/node_modules/rxjs/dist/esm/internal/Observable.js:37:25)
    at cb (http://localhost:9876/_karma_webpack_/webpack:/node_modules/rxjs/dist/esm/internal/Observable.js:31:30)
    at errorContext (http://localhost:9876/_karma_webpack_/webpack:/node_modules/rxjs/dist/esm/internal/util/errorContext.js:19:9)
    at Observable.subscribe (http://localhost:9876/_karma_webpack_/webpack:/node_modules/rxjs/dist/esm/internal/Observable.js:22:21)
    at AuthService.refreshTokenInternal (http://localhost:9876/_karma_webpack_/webpack:/src/app/features/auth/services/auth.service.ts:299:44)
    at AuthService.initializeAuth (http://localhost:9876/_karma_webpack_/webpack:/src/app/features/auth/services/auth.service.ts:258:12)
    at UserContext.<anonymous> (http://localhost:9876/_karma_webpack_/webpack:/src/app/features/auth/services/auth.service.spec.ts:360:15)
    at QueueRunner.attempt (http://localhost:9876/base/node_modules/karma-jasmine/node_modules/jasmine-core/lib/jasmine-core/jasmine.js?86d98e11f43f2c8cfac9fb4806ed6c0aced74cbe:7643:40)
[1A[2KChrome Headless 139.0.0.0 (Windows 10): Executed 327 of 732[32m SUCCESS[39m (0 secs / 4.837 secs)
[1A[2KWARN: [36m'NG0914: The application is using zoneless change detection, but is still loading Zone.js. Consider removing Zone.js to get the full benefits of zoneless. In applications using the Angular CLI, Zone.js is typically included in the "polyfills" section of the angular.json file.'[39m
Chrome Headless 139.0.0.0 (Windows 10): Executed 327 of 732[32m SUCCESS[39m (0 secs / 4.837 secs)
WARN: 'NG0914: The application is using zoneless change detection, but is still loading Zone.js. Consider removing Zone.js to get the full benefits of zoneless. In applications using the Angular CLI, Zone.js is typically included in the "polyfills" section of the angular.json file.'
[1A[2KLOG: [36m'AuthService: Constructor called'[39m
Chrome Headless 139.0.0.0 (Windows 10): Executed 327 of 732[32m SUCCESS[39m (0 secs / 4.837 secs)
LOG: 'AuthService: Constructor called'
[1A[2KLOG: [36m'AuthService: Initializing authentication...'[39m
Chrome Headless 139.0.0.0 (Windows 10): Executed 327 of 732[32m SUCCESS[39m (0 secs / 4.837 secs)
LOG: 'AuthService: Initializing authentication...'
[1A[2KLOG: [36m'AuthService: Initializing authentication...'[39m
Chrome Headless 139.0.0.0 (Windows 10): Executed 327 of 732[32m SUCCESS[39m (0 secs / 4.837 secs)
LOG: 'AuthService: Initializing authentication...'
[1A[2KLOG: [36m'AuthService: Token needs refresh, attempting to refresh...'[39m
Chrome Headless 139.0.0.0 (Windows 10): Executed 327 of 732[32m SUCCESS[39m (0 secs / 4.837 secs)
LOG: 'AuthService: Token needs refresh, attempting to refresh...'
[1A[2KChrome Headless 139.0.0.0 (Windows 10): Executed 328 of 732[32m SUCCESS[39m (0 secs / 4.84 secs)
[1A[2KWARN: [36m'NG0914: The application is using zoneless change detection, but is still loading Zone.js. Consider removing Zone.js to get the full benefits of zoneless. In applications using the Angular CLI, Zone.js is typically included in the "polyfills" section of the angular.json file.'[39m
Chrome Headless 139.0.0.0 (Windows 10): Executed 328 of 732[32m SUCCESS[39m (0 secs / 4.84 secs)
WARN: 'NG0914: The application is using zoneless change detection, but is still loading Zone.js. Consider removing Zone.js to get the full benefits of zoneless. In applications using the Angular CLI, Zone.js is typically included in the "polyfills" section of the angular.json file.'
[1A[2KLOG: [36m'AuthService: Constructor called'[39m
Chrome Headless 139.0.0.0 (Windows 10): Executed 328 of 732[32m SUCCESS[39m (0 secs / 4.84 secs)
LOG: 'AuthService: Constructor called'
[1A[2KLOG: [36m'AuthService: Initializing authentication...'[39m
Chrome Headless 139.0.0.0 (Windows 10): Executed 328 of 732[32m SUCCESS[39m (0 secs / 4.84 secs)
LOG: 'AuthService: Initializing authentication...'
[1A[2KLOG: [36m'AuthService: Initializing authentication...'[39m
Chrome Headless 139.0.0.0 (Windows 10): Executed 328 of 732[32m SUCCESS[39m (0 secs / 4.84 secs)
LOG: 'AuthService: Initializing authentication...'
[1A[2KChrome Headless 139.0.0.0 (Windows 10): Executed 329 of 732[32m SUCCESS[39m (0 secs / 4.842 secs)
[1A[2KWARN: [36m'NG0914: The application is using zoneless change detection, but is still loading Zone.js. Consider removing Zone.js to get the full benefits of zoneless. In applications using the Angular CLI, Zone.js is typically included in the "polyfills" section of the angular.json file.'[39m
Chrome Headless 139.0.0.0 (Windows 10): Executed 329 of 732[32m SUCCESS[39m (0 secs / 4.842 secs)
WARN: 'NG0914: The application is using zoneless change detection, but is still loading Zone.js. Consider removing Zone.js to get the full benefits of zoneless. In applications using the Angular CLI, Zone.js is typically included in the "polyfills" section of the angular.json file.'
[1A[2KLOG: [36m'AuthService: Constructor called'[39m
Chrome Headless 139.0.0.0 (Windows 10): Executed 329 of 732[32m SUCCESS[39m (0 secs / 4.842 secs)
LOG: 'AuthService: Constructor called'
[1A[2KLOG: [36m'AuthService: Initializing authentication...'[39m
Chrome Headless 139.0.0.0 (Windows 10): Executed 329 of 732[32m SUCCESS[39m (0 secs / 4.842 secs)
LOG: 'AuthService: Initializing authentication...'
[1A[2KLOG: [36m'AuthService: Initializing authentication...'[39m
Chrome Headless 139.0.0.0 (Windows 10): Executed 329 of 732[32m SUCCESS[39m (0 secs / 4.842 secs)
LOG: 'AuthService: Initializing authentication...'
[1A[2KLOG: [36m'AuthService: Valid token found, restoring user session'[39m
Chrome Headless 139.0.0.0 (Windows 10): Executed 329 of 732[32m SUCCESS[39m (0 secs / 4.842 secs)
LOG: 'AuthService: Valid token found, restoring user session'
[1A[2KChrome Headless 139.0.0.0 (Windows 10): Executed 330 of 732[32m SUCCESS[39m (0 secs / 4.844 secs)
[1A[2KWARN: [36m'NG0914: The application is using zoneless change detection, but is still loading Zone.js. Consider removing Zone.js to get the full benefits of zoneless. In applications using the Angular CLI, Zone.js is typically included in the "polyfills" section of the angular.json file.'[39m
Chrome Headless 139.0.0.0 (Windows 10): Executed 330 of 732[32m SUCCESS[39m (0 secs / 4.844 secs)
WARN: 'NG0914: The application is using zoneless change detection, but is still loading Zone.js. Consider removing Zone.js to get the full benefits of zoneless. In applications using the Angular CLI, Zone.js is typically included in the "polyfills" section of the angular.json file.'
[1A[2KLOG: [36m'AuthService: Constructor called'[39m
Chrome Headless 139.0.0.0 (Windows 10): Executed 330 of 732[32m SUCCESS[39m (0 secs / 4.844 secs)
LOG: 'AuthService: Constructor called'
[1A[2KLOG: [36m'AuthService: Initializing authentication...'[39m
Chrome Headless 139.0.0.0 (Windows 10): Executed 330 of 732[32m SUCCESS[39m (0 secs / 4.844 secs)
LOG: 'AuthService: Initializing authentication...'
[1A[2KERROR: [36m'AuthService: Token refresh failed:', Object{status: 401, error: Object{message: 'Invalid refresh token'}}[39m
Chrome Headless 139.0.0.0 (Windows 10): Executed 330 of 732[32m SUCCESS[39m (0 secs / 4.844 secs)
ERROR: 'AuthService: Token refresh failed:', Object{status: 401, error: Object{message: 'Invalid refresh token'}}
[1A[2KChrome Headless 139.0.0.0 (Windows 10): Executed 331 of 732[32m SUCCESS[39m (0 secs / 4.848 secs)
[1A[2KWARN: [36m'NG0914: The application is using zoneless change detection, but is still loading Zone.js. Consider removing Zone.js to get the full benefits of zoneless. In applications using the Angular CLI, Zone.js is typically included in the "polyfills" section of the angular.json file.'[39m
Chrome Headless 139.0.0.0 (Windows 10): Executed 331 of 732[32m SUCCESS[39m (0 secs / 4.848 secs)
WARN: 'NG0914: The application is using zoneless change detection, but is still loading Zone.js. Consider removing Zone.js to get the full benefits of zoneless. In applications using the Angular CLI, Zone.js is typically included in the "polyfills" section of the angular.json file.'
[1A[2KLOG: [36m'AuthService: Constructor called'[39m
Chrome Headless 139.0.0.0 (Windows 10): Executed 331 of 732[32m SUCCESS[39m (0 secs / 4.848 secs)
LOG: 'AuthService: Constructor called'
[1A[2KLOG: [36m'AuthService: Initializing authentication...'[39m
Chrome Headless 139.0.0.0 (Windows 10): Executed 331 of 732[32m SUCCESS[39m (0 secs / 4.848 secs)
LOG: 'AuthService: Initializing authentication...'
[1A[2KLOG: [36m'AuthService: Token refreshed successfully'[39m
Chrome Headless 139.0.0.0 (Windows 10): Executed 331 of 732[32m SUCCESS[39m (0 secs / 4.848 secs)
LOG: 'AuthService: Token refreshed successfully'
[1A[2KChrome Headless 139.0.0.0 (Windows 10): Executed 332 of 732[32m SUCCESS[39m (0 secs / 4.851 secs)
[1A[2KWARN: [36m'NG0914: The application is using zoneless change detection, but is still loading Zone.js. Consider removing Zone.js to get the full benefits of zoneless. In applications using the Angular CLI, Zone.js is typically included in the "polyfills" section of the angular.json file.'[39m
Chrome Headless 139.0.0.0 (Windows 10): Executed 332 of 732[32m SUCCESS[39m (0 secs / 4.851 secs)
WARN: 'NG0914: The application is using zoneless change detection, but is still loading Zone.js. Consider removing Zone.js to get the full benefits of zoneless. In applications using the Angular CLI, Zone.js is typically included in the "polyfills" section of the angular.json file.'
[1A[2KLOG: [36m'AuthService: Constructor called'[39m
Chrome Headless 139.0.0.0 (Windows 10): Executed 332 of 732[32m SUCCESS[39m (0 secs / 4.851 secs)
LOG: 'AuthService: Constructor called'
[1A[2KLOG: [36m'AuthService: Initializing authentication...'[39m
Chrome Headless 139.0.0.0 (Windows 10): Executed 332 of 732[32m SUCCESS[39m (0 secs / 4.851 secs)
LOG: 'AuthService: Initializing authentication...'
[1A[2KChrome Headless 139.0.0.0 (Windows 10): Executed 333 of 732[32m SUCCESS[39m (0 secs / 4.853 secs)
[1A[2KWARN: [36m'NG0914: The application is using zoneless change detection, but is still loading Zone.js. Consider removing Zone.js to get the full benefits of zoneless. In applications using the Angular CLI, Zone.js is typically included in the "polyfills" section of the angular.json file.'[39m
Chrome Headless 139.0.0.0 (Windows 10): Executed 333 of 732 (skipped 1)[32m SUCCESS[39m (0 secs / 4.853 secs)
WARN: 'NG0914: The application is using zoneless change detection, but is still loading Zone.js. Consider removing Zone.js to get the full benefits of zoneless. In applications using the Angular CLI, Zone.js is typically included in the "polyfills" section of the angular.json file.'
[1A[2KLOG: [36m'AuthService: Constructor called'[39m
Chrome Headless 139.0.0.0 (Windows 10): Executed 333 of 732 (skipped 1)[32m SUCCESS[39m (0 secs / 4.853 secs)
LOG: 'AuthService: Constructor called'
[1A[2KLOG: [36m'AuthService: Initializing authentication...'[39m
Chrome Headless 139.0.0.0 (Windows 10): Executed 333 of 732 (skipped 1)[32m SUCCESS[39m (0 secs / 4.853 secs)
LOG: 'AuthService: Initializing authentication...'
[1A[2KChrome Headless 139.0.0.0 (Windows 10): Executed 334 of 732 (skipped 1)[32m SUCCESS[39m (0 secs / 4.856 secs)
[1A[2KWARN: [36m'NG0914: The application is using zoneless change detection, but is still loading Zone.js. Consider removing Zone.js to get the full benefits of zoneless. In applications using the Angular CLI, Zone.js is typically included in the "polyfills" section of the angular.json file.'[39m
Chrome Headless 139.0.0.0 (Windows 10): Executed 334 of 732 (skipped 1)[32m SUCCESS[39m (0 secs / 4.856 secs)
WARN: 'NG0914: The application is using zoneless change detection, but is still loading Zone.js. Consider removing Zone.js to get the full benefits of zoneless. In applications using the Angular CLI, Zone.js is typically included in the "polyfills" section of the angular.json file.'
[1A[2KLOG: [36m'AuthService: Constructor called'[39m
Chrome Headless 139.0.0.0 (Windows 10): Executed 334 of 732 (skipped 1)[32m SUCCESS[39m (0 secs / 4.856 secs)
LOG: 'AuthService: Constructor called'
[1A[2KLOG: [36m'AuthService: Initializing authentication...'[39m
Chrome Headless 139.0.0.0 (Windows 10): Executed 334 of 732 (skipped 1)[32m SUCCESS[39m (0 secs / 4.856 secs)
LOG: 'AuthService: Initializing authentication...'
[1A[2KERROR: [36m'Auth Service Error:', Object{status: 401, error: Object{message: 'Invalid credentials'}}[39m
Chrome Headless 139.0.0.0 (Windows 10): Executed 334 of 732 (skipped 1)[32m SUCCESS[39m (0 secs / 4.856 secs)
ERROR: 'Auth Service Error:', Object{status: 401, error: Object{message: 'Invalid credentials'}}
[1A[2KChrome Headless 139.0.0.0 (Windows 10): Executed 335 of 732 (skipped 1)[32m SUCCESS[39m (0 secs / 4.858 secs)
[1A[2KWARN: [36m'NG0914: The application is using zoneless change detection, but is still loading Zone.js. Consider removing Zone.js to get the full benefits of zoneless. In applications using the Angular CLI, Zone.js is typically included in the "polyfills" section of the angular.json file.'[39m
Chrome Headless 139.0.0.0 (Windows 10): Executed 335 of 732 (skipped 1)[32m SUCCESS[39m (0 secs / 4.858 secs)
WARN: 'NG0914: The application is using zoneless change detection, but is still loading Zone.js. Consider removing Zone.js to get the full benefits of zoneless. In applications using the Angular CLI, Zone.js is typically included in the "polyfills" section of the angular.json file.'
[1A[2KLOG: [36m'AuthService: Constructor called'[39m
Chrome Headless 139.0.0.0 (Windows 10): Executed 335 of 732 (skipped 1)[32m SUCCESS[39m (0 secs / 4.858 secs)
LOG: 'AuthService: Constructor called'
[1A[2KLOG: [36m'AuthService: Initializing authentication...'[39m
Chrome Headless 139.0.0.0 (Windows 10): Executed 335 of 732 (skipped 1)[32m SUCCESS[39m (0 secs / 4.858 secs)
LOG: 'AuthService: Initializing authentication...'
[1A[2KERROR: [36m'Auth Service Error:', Object{status: 400, error: Object{message: 'Email already exists'}}[39m
Chrome Headless 139.0.0.0 (Windows 10): Executed 335 of 732 (skipped 1)[32m SUCCESS[39m (0 secs / 4.858 secs)
ERROR: 'Auth Service Error:', Object{status: 400, error: Object{message: 'Email already exists'}}
[1A[2KChrome Headless 139.0.0.0 (Windows 10): Executed 336 of 732 (skipped 1)[32m SUCCESS[39m (0 secs / 4.86 secs)
[1A[2KWARN: [36m'NG0914: The application is using zoneless change detection, but is still loading Zone.js. Consider removing Zone.js to get the full benefits of zoneless. In applications using the Angular CLI, Zone.js is typically included in the "polyfills" section of the angular.json file.'[39m
Chrome Headless 139.0.0.0 (Windows 10): Executed 336 of 732 (skipped 1)[32m SUCCESS[39m (0 secs / 4.86 secs)
WARN: 'NG0914: The application is using zoneless change detection, but is still loading Zone.js. Consider removing Zone.js to get the full benefits of zoneless. In applications using the Angular CLI, Zone.js is typically included in the "polyfills" section of the angular.json file.'
[1A[2KLOG: [36m'AuthService: Constructor called'[39m
Chrome Headless 139.0.0.0 (Windows 10): Executed 336 of 732 (skipped 1)[32m SUCCESS[39m (0 secs / 4.86 secs)
LOG: 'AuthService: Constructor called'
[1A[2KLOG: [36m'AuthService: Initializing authentication...'[39m
Chrome Headless 139.0.0.0 (Windows 10): Executed 336 of 732 (skipped 1)[32m SUCCESS[39m (0 secs / 4.86 secs)
LOG: 'AuthService: Initializing authentication...'
[1A[2KChrome Headless 139.0.0.0 (Windows 10): Executed 337 of 732 (skipped 1)[32m SUCCESS[39m (0 secs / 4.862 secs)
[1A[2KWARN: [36m'NG0914: The application is using zoneless change detection, but is still loading Zone.js. Consider removing Zone.js to get the full benefits of zoneless. In applications using the Angular CLI, Zone.js is typically included in the "polyfills" section of the angular.json file.'[39m
Chrome Headless 139.0.0.0 (Windows 10): Executed 337 of 732 (skipped 1)[32m SUCCESS[39m (0 secs / 4.862 secs)
WARN: 'NG0914: The application is using zoneless change detection, but is still loading Zone.js. Consider removing Zone.js to get the full benefits of zoneless. In applications using the Angular CLI, Zone.js is typically included in the "polyfills" section of the angular.json file.'
[1A[2KLOG: [36m'AuthService: Constructor called'[39m
Chrome Headless 139.0.0.0 (Windows 10): Executed 337 of 732 (skipped 1)[32m SUCCESS[39m (0 secs / 4.862 secs)
LOG: 'AuthService: Constructor called'
[1A[2KLOG: [36m'AuthService: Initializing authentication...'[39m
Chrome Headless 139.0.0.0 (Windows 10): Executed 337 of 732 (skipped 1)[32m SUCCESS[39m (0 secs / 4.862 secs)
LOG: 'AuthService: Initializing authentication...'
[1A[2KChrome Headless 139.0.0.0 (Windows 10): Executed 338 of 732 (skipped 1)[32m SUCCESS[39m (0 secs / 4.864 secs)
[1A[2KWARN: [36m'NG0914: The application is using zoneless change detection, but is still loading Zone.js. Consider removing Zone.js to get the full benefits of zoneless. In applications using the Angular CLI, Zone.js is typically included in the "polyfills" section of the angular.json file.'[39m
Chrome Headless 139.0.0.0 (Windows 10): Executed 338 of 732 (skipped 1)[32m SUCCESS[39m (0 secs / 4.864 secs)
WARN: 'NG0914: The application is using zoneless change detection, but is still loading Zone.js. Consider removing Zone.js to get the full benefits of zoneless. In applications using the Angular CLI, Zone.js is typically included in the "polyfills" section of the angular.json file.'
[1A[2KLOG: [36m'AuthService: Constructor called'[39m
Chrome Headless 139.0.0.0 (Windows 10): Executed 338 of 732 (skipped 1)[32m SUCCESS[39m (0 secs / 4.864 secs)
LOG: 'AuthService: Constructor called'
[1A[2KLOG: [36m'AuthService: Initializing authentication...'[39m
Chrome Headless 139.0.0.0 (Windows 10): Executed 338 of 732 (skipped 1)[32m SUCCESS[39m (0 secs / 4.864 secs)
LOG: 'AuthService: Initializing authentication...'
[1A[2KChrome Headless 139.0.0.0 (Windows 10): Executed 339 of 732 (skipped 1)[32m SUCCESS[39m (0 secs / 4.866 secs)
[1A[2KChrome Headless 139.0.0.0 (Windows 10): Executed 340 of 732 (skipped 1)[32m SUCCESS[39m (0 secs / 4.89 secs)
[1A[2KChrome Headless 139.0.0.0 (Windows 10): Executed 341 of 732 (skipped 1)[32m SUCCESS[39m (0 secs / 4.892 secs)
[1A[2KChrome Headless 139.0.0.0 (Windows 10): Executed 342 of 732 (skipped 1)[32m SUCCESS[39m (0 secs / 4.895 secs)
[1A[2KChrome Headless 139.0.0.0 (Windows 10): Executed 343 of 732 (skipped 1)[32m SUCCESS[39m (0 secs / 4.897 secs)
[1A[2KChrome Headless 139.0.0.0 (Windows 10): Executed 344 of 732 (skipped 1)[32m SUCCESS[39m (0 secs / 4.899 secs)
[1A[2KChrome Headless 139.0.0.0 (Windows 10): Executed 345 of 732 (skipped 1)[32m SUCCESS[39m (0 secs / 4.902 secs)
[1A[2KChrome Headless 139.0.0.0 (Windows 10): Executed 346 of 732 (skipped 1)[32m SUCCESS[39m (0 secs / 4.905 secs)
[1A[2KChrome Headless 139.0.0.0 (Windows 10): Executed 347 of 732 (skipped 1)[32m SUCCESS[39m (0 secs / 4.909 secs)
[1A[2KChrome Headless 139.0.0.0 (Windows 10): Executed 348 of 732 (skipped 1)[32m SUCCESS[39m (0 secs / 4.911 secs)
[1A[2KChrome Headless 139.0.0.0 (Windows 10): Executed 349 of 732 (skipped 1)[32m SUCCESS[39m (0 secs / 4.913 secs)
[1A[2KChrome Headless 139.0.0.0 (Windows 10): Executed 350 of 732 (skipped 1)[32m SUCCESS[39m (0 secs / 4.919 secs)
[1A[2KChrome Headless 139.0.0.0 (Windows 10): Executed 351 of 732 (skipped 1)[32m SUCCESS[39m (0 secs / 5.16 secs)
[1A[2KChrome Headless 139.0.0.0 (Windows 10): Executed 352 of 732 (skipped 1)[32m SUCCESS[39m (0 secs / 5.163 secs)
[1A[2KChrome Headless 139.0.0.0 (Windows 10): Executed 353 of 732 (skipped 1)[32m SUCCESS[39m (0 secs / 5.168 secs)
[1A[2KChrome Headless 139.0.0.0 (Windows 10): Executed 354 of 732 (skipped 1)[32m SUCCESS[39m (0 secs / 5.17 secs)
[1A[2KChrome Headless 139.0.0.0 (Windows 10): Executed 355 of 732 (skipped 1)[32m SUCCESS[39m (0 secs / 5.173 secs)
[1A[2KChrome Headless 139.0.0.0 (Windows 10): Executed 356 of 732 (skipped 1)[32m SUCCESS[39m (0 secs / 5.176 secs)
[1A[2KChrome Headless 139.0.0.0 (Windows 10): Executed 357 of 732 (skipped 1)[32m SUCCESS[39m (0 secs / 5.178 secs)
[1A[2KChrome Headless 139.0.0.0 (Windows 10): Executed 358 of 732 (skipped 1)[32m SUCCESS[39m (0 secs / 5.18 secs)
[1A[2KChrome Headless 139.0.0.0 (Windows 10): Executed 359 of 732 (skipped 1)[32m SUCCESS[39m (0 secs / 5.189 secs)
[1A[2KChrome Headless 139.0.0.0 (Windows 10): Executed 360 of 732 (skipped 1)[32m SUCCESS[39m (0 secs / 5.193 secs)
[1A[2KChrome Headless 139.0.0.0 (Windows 10): Executed 361 of 732 (skipped 1)[32m SUCCESS[39m (0 secs / 5.197 secs)
[1A[2KChrome Headless 139.0.0.0 (Windows 10): Executed 362 of 732 (skipped 1)[32m SUCCESS[39m (0 secs / 5.2 secs)
[1A[2KChrome Headless 139.0.0.0 (Windows 10): Executed 363 of 732 (skipped 1)[32m SUCCESS[39m (0 secs / 5.204 secs)
[1A[2KChrome Headless 139.0.0.0 (Windows 10): Executed 364 of 732 (skipped 1)[32m SUCCESS[39m (0 secs / 5.21 secs)
[1A[2KChrome Headless 139.0.0.0 (Windows 10): Executed 365 of 732 (skipped 1)[32m SUCCESS[39m (0 secs / 5.212 secs)
[1A[2KChrome Headless 139.0.0.0 (Windows 10): Executed 366 of 732 (skipped 1)[32m SUCCESS[39m (0 secs / 5.219 secs)
[1A[2KChrome Headless 139.0.0.0 (Windows 10): Executed 367 of 732 (skipped 1)[32m SUCCESS[39m (0 secs / 5.234 secs)
[1A[2KChrome Headless 139.0.0.0 (Windows 10): Executed 368 of 732 (skipped 1)[32m SUCCESS[39m (0 secs / 5.236 secs)
[1A[2KChrome Headless 139.0.0.0 (Windows 10): Executed 369 of 732 (skipped 1)[32m SUCCESS[39m (0 secs / 5.238 secs)
[1A[2KChrome Headless 139.0.0.0 (Windows 10): Executed 370 of 732 (skipped 1)[32m SUCCESS[39m (0 secs / 5.243 secs)
[1A[2KChrome Headless 139.0.0.0 (Windows 10): Executed 371 of 732 (skipped 1)[32m SUCCESS[39m (0 secs / 5.246 secs)
[1A[2KChrome Headless 139.0.0.0 (Windows 10): Executed 372 of 732 (skipped 1)[32m SUCCESS[39m (0 secs / 5.248 secs)
[1A[2KChrome Headless 139.0.0.0 (Windows 10): Executed 373 of 732 (skipped 1)[32m SUCCESS[39m (0 secs / 5.252 secs)
[1A[2KChrome Headless 139.0.0.0 (Windows 10): Executed 374 of 732 (skipped 1)[32m SUCCESS[39m (0 secs / 5.254 secs)
[1A[2KChrome Headless 139.0.0.0 (Windows 10): Executed 375 of 732 (skipped 1)[32m SUCCESS[39m (0 secs / 5.255 secs)
[1A[2KChrome Headless 139.0.0.0 (Windows 10): Executed 376 of 732 (skipped 1)[32m SUCCESS[39m (0 secs / 5.259 secs)
[1A[2KChrome Headless 139.0.0.0 (Windows 10): Executed 377 of 732 (skipped 1)[32m SUCCESS[39m (0 secs / 5.263 secs)
[1A[2KChrome Headless 139.0.0.0 (Windows 10): Executed 378 of 732 (skipped 1)[32m SUCCESS[39m (0 secs / 5.266 secs)
[1A[2KChrome Headless 139.0.0.0 (Windows 10): Executed 379 of 732 (skipped 1)[32m SUCCESS[39m (0 secs / 5.27 secs)
[1A[2KChrome Headless 139.0.0.0 (Windows 10): Executed 380 of 732 (skipped 1)[32m SUCCESS[39m (0 secs / 5.274 secs)
[1A[2KChrome Headless 139.0.0.0 (Windows 10): Executed 381 of 732 (skipped 1)[32m SUCCESS[39m (0 secs / 5.276 secs)
[1A[2KChrome Headless 139.0.0.0 (Windows 10): Executed 382 of 732 (skipped 1)[32m SUCCESS[39m (0 secs / 5.279 secs)
[1A[2KChrome Headless 139.0.0.0 (Windows 10): Executed 383 of 732 (skipped 1)[32m SUCCESS[39m (0 secs / 5.282 secs)
[1A[2KChrome Headless 139.0.0.0 (Windows 10): Executed 384 of 732 (skipped 1)[32m SUCCESS[39m (0 secs / 5.328 secs)
[1A[2KChrome Headless 139.0.0.0 (Windows 10): Executed 385 of 732 (skipped 1)[32m SUCCESS[39m (0 secs / 5.341 secs)
[1A[2KChrome Headless 139.0.0.0 (Windows 10): Executed 386 of 732 (skipped 1)[32m SUCCESS[39m (0 secs / 5.351 secs)
[1A[2KChrome Headless 139.0.0.0 (Windows 10): Executed 387 of 732 (skipped 1)[32m SUCCESS[39m (0 secs / 5.362 secs)
[1A[2KChrome Headless 139.0.0.0 (Windows 10): Executed 388 of 732 (skipped 1)[32m SUCCESS[39m (0 secs / 5.377 secs)
[1A[2KChrome Headless 139.0.0.0 (Windows 10): Executed 389 of 732 (skipped 1)[32m SUCCESS[39m (0 secs / 5.39 secs)
[1A[2KChrome Headless 139.0.0.0 (Windows 10): Executed 390 of 732 (skipped 1)[32m SUCCESS[39m (0 secs / 5.405 secs)
[1A[2KChrome Headless 139.0.0.0 (Windows 10): Executed 391 of 732 (skipped 1)[32m SUCCESS[39m (0 secs / 5.42 secs)
[1A[2KChrome Headless 139.0.0.0 (Windows 10): Executed 392 of 732 (skipped 1)[32m SUCCESS[39m (0 secs / 5.436 secs)
[1A[2KLOG: [36m'Moving Food & Dining under Restaurants'[39m
Chrome Headless 139.0.0.0 (Windows 10): Executed 392 of 732 (skipped 1)[32m SUCCESS[39m (0 secs / 5.436 secs)
LOG: 'Moving Food & Dining under Restaurants'
[1A[2KChrome Headless 139.0.0.0 (Windows 10): Executed 393 of 732 (skipped 1)[32m SUCCESS[39m (0 secs / 5.446 secs)
[1A[2KChrome Headless 139.0.0.0 (Windows 10): Executed 394 of 732 (skipped 1)[32m SUCCESS[39m (0 secs / 5.454 secs)
[1A[2KERROR: [36m'Error loading categories:', Error: API Error
Error: API Error
    at errorFactory (http://localhost:9876/_karma_webpack_/webpack:/src/app/features/financial/components/category-tree/category-tree.spec.ts:284:72)
    at Observable._subscribe (http://localhost:9876/_karma_webpack_/webpack:/node_modules/rxjs/dist/esm/internal/observable/throwError.js:5:51)
    at Observable._trySubscribe (http://localhost:9876/_karma_webpack_/webpack:/node_modules/rxjs/dist/esm/internal/Observable.js:37:25)
    at cb (http://localhost:9876/_karma_webpack_/webpack:/node_modules/rxjs/dist/esm/internal/Observable.js:31:30)
    at errorContext (http://localhost:9876/_karma_webpack_/webpack:/node_modules/rxjs/dist/esm/internal/util/errorContext.js:19:9)
    at Observable.subscribe (http://localhost:9876/_karma_webpack_/webpack:/node_modules/rxjs/dist/esm/internal/Observable.js:22:21)
    at init (http://localhost:9876/_karma_webpack_/webpack:/node_modules/rxjs/dist/esm/internal/operators/takeUntil.js:8:38)
    at SafeSubscriber.call (http://localhost:9876/_karma_webpack_/webpack:/node_modules/rxjs/dist/esm/internal/util/lift.js:10:28)
    at cb (http://localhost:9876/_karma_webpack_/webpack:/node_modules/rxjs/dist/esm/internal/Observable.js:26:30)
    at errorContext (http://localhost:9876/_karma_webpack_/webpack:/node_modules/rxjs/dist/esm/internal/util/errorContext.js:19:9)[39m
Chrome Headless 139.0.0.0 (Windows 10): Executed 394 of 732 (skipped 1)[32m SUCCESS[39m (0 secs / 5.454 secs)
ERROR: 'Error loading categories:', Error: API Error
Error: API Error
    at errorFactory (http://localhost:9876/_karma_webpack_/webpack:/src/app/features/financial/components/category-tree/category-tree.spec.ts:284:72)
    at Observable._subscribe (http://localhost:9876/_karma_webpack_/webpack:/node_modules/rxjs/dist/esm/internal/observable/throwError.js:5:51)
    at Observable._trySubscribe (http://localhost:9876/_karma_webpack_/webpack:/node_modules/rxjs/dist/esm/internal/Observable.js:37:25)
    at cb (http://localhost:9876/_karma_webpack_/webpack:/node_modules/rxjs/dist/esm/internal/Observable.js:31:30)
    at errorContext (http://localhost:9876/_karma_webpack_/webpack:/node_modules/rxjs/dist/esm/internal/util/errorContext.js:19:9)
    at Observable.subscribe (http://localhost:9876/_karma_webpack_/webpack:/node_modules/rxjs/dist/esm/internal/Observable.js:22:21)
    at init (http://localhost:9876/_karma_webpack_/webpack:/node_modules/rxjs/dist/esm/internal/operators/takeUntil.js:8:38)
    at SafeSubscriber.call (http://localhost:9876/_karma_webpack_/webpack:/node_modules/rxjs/dist/esm/internal/util/lift.js:10:28)
    at cb (http://localhost:9876/_karma_webpack_/webpack:/node_modules/rxjs/dist/esm/internal/Observable.js:26:30)
    at errorContext (http://localhost:9876/_karma_webpack_/webpack:/node_modules/rxjs/dist/esm/internal/util/errorContext.js:19:9)
[1A[2KChrome Headless 139.0.0.0 (Windows 10): Executed 395 of 732 (skipped 1)[32m SUCCESS[39m (0 secs / 5.466 secs)
[1A[2KChrome Headless 139.0.0.0 (Windows 10): Executed 396 of 732 (skipped 1)[32m SUCCESS[39m (0 secs / 5.478 secs)
[1A[2KChrome Headless 139.0.0.0 (Windows 10): Executed 397 of 732 (skipped 1)[32m SUCCESS[39m (0 secs / 5.49 secs)
[1A[2KChrome Headless 139.0.0.0 (Windows 10): Executed 398 of 732 (skipped 1)[32m SUCCESS[39m (0 secs / 5.503 secs)
[1A[2KChrome Headless 139.0.0.0 (Windows 10): Executed 399 of 732 (skipped 1)[32m SUCCESS[39m (0 secs / 5.513 secs)
[1A[2KChrome Headless 139.0.0.0 (Windows 10): Executed 400 of 732 (skipped 1)[32m SUCCESS[39m (0 secs / 5.523 secs)
[1A[2KChrome Headless 139.0.0.0 (Windows 10): Executed 401 of 732 (skipped 1)[32m SUCCESS[39m (0 secs / 5.535 secs)
[1A[2KChrome Headless 139.0.0.0 (Windows 10): Executed 402 of 732 (skipped 1)[32m SUCCESS[39m (0 secs / 5.545 secs)
[1A[2KChrome Headless 139.0.0.0 (Windows 10): Executed 403 of 732 (skipped 1)[32m SUCCESS[39m (0 secs / 5.555 secs)
[1A[2KChrome Headless 139.0.0.0 (Windows 10): Executed 404 of 732 (skipped 1)[32m SUCCESS[39m (0 secs / 5.574 secs)
[1A[2KChrome Headless 139.0.0.0 (Windows 10): Executed 405 of 732 (skipped 1)[32m SUCCESS[39m (0 secs / 5.583 secs)
[1A[2KChrome Headless 139.0.0.0 (Windows 10): Executed 406 of 732 (skipped 1)[32m SUCCESS[39m (0 secs / 5.585 secs)
[1A[2KChrome Headless 139.0.0.0 (Windows 10): Executed 407 of 732 (skipped 1)[32m SUCCESS[39m (0 secs / 5.586 secs)
[1A[2KChrome Headless 139.0.0.0 (Windows 10): Executed 408 of 732 (skipped 1)[32m SUCCESS[39m (0 secs / 5.588 secs)
[1A[2KChrome Headless 139.0.0.0 (Windows 10): Executed 409 of 732 (skipped 1)[32m SUCCESS[39m (0 secs / 5.592 secs)
[1A[2KChrome Headless 139.0.0.0 (Windows 10): Executed 410 of 732 (skipped 1)[32m SUCCESS[39m (0 secs / 5.594 secs)
[1A[2KChrome Headless 139.0.0.0 (Windows 10): Executed 411 of 732 (skipped 1)[32m SUCCESS[39m (0 secs / 5.596 secs)
[1A[2KChrome Headless 139.0.0.0 (Windows 10): Executed 412 of 732 (skipped 1)[32m SUCCESS[39m (0 secs / 5.598 secs)
[1A[2KChrome Headless 139.0.0.0 (Windows 10): Executed 413 of 732 (skipped 1)[32m SUCCESS[39m (0 secs / 5.6 secs)
[1A[2KChrome Headless 139.0.0.0 (Windows 10): Executed 414 of 732 (skipped 1)[32m SUCCESS[39m (0 secs / 5.602 secs)
[1A[2KChrome Headless 139.0.0.0 (Windows 10): Executed 415 of 732 (skipped 1)[32m SUCCESS[39m (0 secs / 5.603 secs)
[1A[2KChrome Headless 139.0.0.0 (Windows 10): Executed 416 of 732 (skipped 1)[32m SUCCESS[39m (0 secs / 5.605 secs)
[1A[2KChrome Headless 139.0.0.0 (Windows 10): Executed 417 of 732 (skipped 1)[32m SUCCESS[39m (0 secs / 5.609 secs)
[1A[2KChrome Headless 139.0.0.0 (Windows 10): Executed 418 of 732 (skipped 1)[32m SUCCESS[39m (0 secs / 5.611 secs)
[1A[2KChrome Headless 139.0.0.0 (Windows 10): Executed 419 of 732 (skipped 1)[32m SUCCESS[39m (0 secs / 5.612 secs)
[1A[2KChrome Headless 139.0.0.0 (Windows 10): Executed 420 of 732 (skipped 1)[32m SUCCESS[39m (0 secs / 5.614 secs)
[1A[2KChrome Headless 139.0.0.0 (Windows 10): Executed 421 of 732 (skipped 1)[32m SUCCESS[39m (0 secs / 5.707 secs)
[1A[2KChrome Headless 139.0.0.0 (Windows 10): Executed 422 of 732 (skipped 1)[32m SUCCESS[39m (0 secs / 5.727 secs)
[1A[2KChrome Headless 139.0.0.0 (Windows 10): Executed 423 of 732 (skipped 1)[32m SUCCESS[39m (0 secs / 5.741 secs)
[1A[2KChrome Headless 139.0.0.0 (Windows 10): Executed 424 of 732 (skipped 1)[32m SUCCESS[39m (0 secs / 5.758 secs)
[1A[2KChrome Headless 139.0.0.0 (Windows 10): Executed 425 of 732 (skipped 1)[32m SUCCESS[39m (0 secs / 5.775 secs)
[1A[2KChrome Headless 139.0.0.0 (Windows 10): Executed 426 of 732 (skipped 1)[32m SUCCESS[39m (0 secs / 5.795 secs)
[1A[2KChrome Headless 139.0.0.0 (Windows 10): Executed 427 of 732 (skipped 1)[32m SUCCESS[39m (0 secs / 5.813 secs)
[1A[2KChrome Headless 139.0.0.0 (Windows 10): Executed 428 of 732 (skipped 1)[32m SUCCESS[39m (0 secs / 5.83 secs)
[1A[2KChrome Headless 139.0.0.0 (Windows 10): Executed 429 of 732 (skipped 1)[32m SUCCESS[39m (0 secs / 5.846 secs)
[1A[2KChrome Headless 139.0.0.0 (Windows 10): Executed 430 of 732 (skipped 1)[32m SUCCESS[39m (0 secs / 5.863 secs)
[1A[2KChrome Headless 139.0.0.0 (Windows 10): Executed 431 of 732 (skipped 1)[32m SUCCESS[39m (0 secs / 5.878 secs)
[1A[2KChrome Headless 139.0.0.0 (Windows 10): Executed 432 of 732 (skipped 1)[32m SUCCESS[39m (0 secs / 5.905 secs)
[1A[2KChrome Headless 139.0.0.0 (Windows 10): Executed 433 of 732 (skipped 1)[32m SUCCESS[39m (0 secs / 5.922 secs)
[1A[2KChrome Headless 139.0.0.0 (Windows 10): Executed 434 of 732 (skipped 1)[32m SUCCESS[39m (0 secs / 5.937 secs)
[1A[2KChrome Headless 139.0.0.0 (Windows 10): Executed 435 of 732 (skipped 1)[32m SUCCESS[39m (0 secs / 5.948 secs)
[1A[2KChrome Headless 139.0.0.0 (Windows 10): Executed 436 of 732 (skipped 1)[32m SUCCESS[39m (0 secs / 5.964 secs)
[1A[2KChrome Headless 139.0.0.0 (Windows 10): Executed 437 of 732 (skipped 1)[32m SUCCESS[39m (0 secs / 5.974 secs)
[1A[2KChrome Headless 139.0.0.0 (Windows 10): Executed 438 of 732 (skipped 1)[32m SUCCESS[39m (0 secs / 5.985 secs)
[1A[2KChrome Headless 139.0.0.0 (Windows 10): Executed 439 of 732 (skipped 1)[32m SUCCESS[39m (0 secs / 6.001 secs)
[1A[2KChrome Headless 139.0.0.0 (Windows 10): Executed 440 of 732 (skipped 1)[32m SUCCESS[39m (0 secs / 6.013 secs)
[1A[2KChrome Headless 139.0.0.0 (Windows 10): Executed 441 of 732 (skipped 1)[32m SUCCESS[39m (0 secs / 6.024 secs)
[1A[2KChrome Headless 139.0.0.0 (Windows 10): Executed 442 of 732 (skipped 1)[32m SUCCESS[39m (0 secs / 6.035 secs)
[1A[2KChrome Headless 139.0.0.0 (Windows 10): Executed 443 of 732 (skipped 1)[32m SUCCESS[39m (0 secs / 6.053 secs)
[1A[2KChrome Headless 139.0.0.0 (Windows 10): Executed 444 of 732 (skipped 1)[32m SUCCESS[39m (0 secs / 6.08 secs)
[1A[2KChrome Headless 139.0.0.0 (Windows 10): Executed 445 of 732 (skipped 1)[32m SUCCESS[39m (0 secs / 6.1 secs)
[1A[2KChrome Headless 139.0.0.0 (Windows 10): Executed 446 of 732 (skipped 1)[32m SUCCESS[39m (0 secs / 6.125 secs)
[1A[2KChrome Headless 139.0.0.0 (Windows 10): Executed 447 of 732 (skipped 1)[32m SUCCESS[39m (0 secs / 6.143 secs)
[1A[2KChrome Headless 139.0.0.0 (Windows 10): Executed 448 of 732 (skipped 1)[32m SUCCESS[39m (0 secs / 6.147 secs)
[1A[2KChrome Headless 139.0.0.0 (Windows 10): Executed 449 of 732 (skipped 1)[32m SUCCESS[39m (0 secs / 6.15 secs)
[1A[2KChrome Headless 139.0.0.0 (Windows 10): Executed 450 of 732 (skipped 1)[32m SUCCESS[39m (0 secs / 6.156 secs)
[1A[2KChrome Headless 139.0.0.0 (Windows 10): Executed 451 of 732 (skipped 1)[32m SUCCESS[39m (0 secs / 6.159 secs)
[1A[2KChrome Headless 139.0.0.0 (Windows 10): Executed 452 of 732 (skipped 1)[32m SUCCESS[39m (0 secs / 6.165 secs)
[1A[2KChrome Headless 139.0.0.0 (Windows 10): Executed 453 of 732 (skipped 1)[32m SUCCESS[39m (0 secs / 6.167 secs)
[1A[2KChrome Headless 139.0.0.0 (Windows 10): Executed 454 of 732 (skipped 1)[32m SUCCESS[39m (0 secs / 6.171 secs)
[1A[2KChrome Headless 139.0.0.0 (Windows 10): Executed 455 of 732 (skipped 1)[32m SUCCESS[39m (0 secs / 6.174 secs)
[1A[2KChrome Headless 139.0.0.0 (Windows 10): Executed 456 of 732 (skipped 1)[32m SUCCESS[39m (0 secs / 6.176 secs)
[1A[2KChrome Headless 139.0.0.0 (Windows 10): Executed 457 of 732 (skipped 1)[32m SUCCESS[39m (0 secs / 6.181 secs)
[1A[2KChrome Headless 139.0.0.0 (Windows 10): Executed 458 of 732 (skipped 1)[32m SUCCESS[39m (0 secs / 6.183 secs)
[1A[2KChrome Headless 139.0.0.0 (Windows 10): Executed 459 of 732 (skipped 1)[32m SUCCESS[39m (0 secs / 6.185 secs)
[1A[2KChrome Headless 139.0.0.0 (Windows 10): Executed 460 of 732 (skipped 1)[32m SUCCESS[39m (0 secs / 6.188 secs)
[1A[2KChrome Headless 139.0.0.0 (Windows 10): Executed 461 of 732 (skipped 1)[32m SUCCESS[39m (0 secs / 6.19 secs)
[1A[2KChrome Headless 139.0.0.0 (Windows 10): Executed 462 of 732 (skipped 1)[32m SUCCESS[39m (0 secs / 6.194 secs)
[1A[2KChrome Headless 139.0.0.0 (Windows 10): Executed 463 of 732 (skipped 1)[32m SUCCESS[39m (0 secs / 6.196 secs)
[1A[2KChrome Headless 139.0.0.0 (Windows 10): Executed 464 of 732 (skipped 1)[32m SUCCESS[39m (0 secs / 6.198 secs)
[1A[2KChrome Headless 139.0.0.0 (Windows 10): Executed 465 of 732 (skipped 1)[32m SUCCESS[39m (0 secs / 6.201 secs)
[1A[2KChrome Headless 139.0.0.0 (Windows 10): Executed 466 of 732 (skipped 1)[32m SUCCESS[39m (0 secs / 6.203 secs)
[1A[2KChrome Headless 139.0.0.0 (Windows 10): Executed 467 of 732 (skipped 1)[32m SUCCESS[39m (0 secs / 6.205 secs)
[1A[2KChrome Headless 139.0.0.0 (Windows 10): Executed 468 of 732 (skipped 1)[32m SUCCESS[39m (0 secs / 6.208 secs)
[1A[2KChrome Headless 139.0.0.0 (Windows 10): Executed 469 of 732 (skipped 1)[32m SUCCESS[39m (0 secs / 6.21 secs)
[1A[2KChrome Headless 139.0.0.0 (Windows 10): Executed 470 of 732 (skipped 1)[32m SUCCESS[39m (0 secs / 6.213 secs)
[1A[2KChrome Headless 139.0.0.0 (Windows 10): Executed 471 of 732 (skipped 1)[32m SUCCESS[39m (0 secs / 6.215 secs)
[1A[2KChrome Headless 139.0.0.0 (Windows 10): Executed 472 of 732 (skipped 1)[32m SUCCESS[39m (0 secs / 6.217 secs)
[1A[2KChrome Headless 139.0.0.0 (Windows 10): Executed 473 of 732 (skipped 1)[32m SUCCESS[39m (0 secs / 6.219 secs)
[1A[2KChrome Headless 139.0.0.0 (Windows 10): Executed 474 of 732 (skipped 1)[32m SUCCESS[39m (0 secs / 6.221 secs)
[1A[2KChrome Headless 139.0.0.0 (Windows 10): Executed 475 of 732 (skipped 1)[32m SUCCESS[39m (0 secs / 6.223 secs)
[1A[2KChrome Headless 139.0.0.0 (Windows 10): Executed 476 of 732 (skipped 1)[32m SUCCESS[39m (0 secs / 6.225 secs)
[1A[2KChrome Headless 139.0.0.0 (Windows 10): Executed 477 of 732 (skipped 1)[32m SUCCESS[39m (0 secs / 6.229 secs)
[1A[2KChrome Headless 139.0.0.0 (Windows 10): Executed 478 of 732 (skipped 1)[32m SUCCESS[39m (0 secs / 6.232 secs)
[1A[2KChrome Headless 139.0.0.0 (Windows 10): Executed 479 of 732 (skipped 1)[32m SUCCESS[39m (0 secs / 6.235 secs)
[1A[2KChrome Headless 139.0.0.0 (Windows 10): Executed 480 of 732 (skipped 1)[32m SUCCESS[39m (0 secs / 6.238 secs)
[1A[2KChrome Headless 139.0.0.0 (Windows 10): Executed 481 of 732 (skipped 1)[32m SUCCESS[39m (0 secs / 6.24 secs)
[1A[2KChrome Headless 139.0.0.0 (Windows 10): Executed 482 of 732 (skipped 1)[32m SUCCESS[39m (0 secs / 6.243 secs)
[1A[2KChrome Headless 139.0.0.0 (Windows 10): Executed 483 of 732 (skipped 1)[32m SUCCESS[39m (0 secs / 6.246 secs)
[1A[2KChrome Headless 139.0.0.0 (Windows 10): Executed 484 of 732 (skipped 1)[32m SUCCESS[39m (0 secs / 6.33 secs)
[1A[2KChrome Headless 139.0.0.0 (Windows 10): Executed 485 of 732 (skipped 1)[32m SUCCESS[39m (0 secs / 6.346 secs)
[1A[2KChrome Headless 139.0.0.0 (Windows 10): Executed 486 of 732 (skipped 1)[32m SUCCESS[39m (0 secs / 6.366 secs)
[1A[2KChrome Headless 139.0.0.0 (Windows 10): Executed 487 of 732 (skipped 1)[32m SUCCESS[39m (0 secs / 6.38 secs)
[1A[2KChrome Headless 139.0.0.0 (Windows 10): Executed 488 of 732 (skipped 1)[32m SUCCESS[39m (0 secs / 6.393 secs)
[1A[2KChrome Headless 139.0.0.0 (Windows 10): Executed 489 of 732 (skipped 1)[32m SUCCESS[39m (0 secs / 6.406 secs)
[1A[2KChrome Headless 139.0.0.0 (Windows 10): Executed 490 of 732 (skipped 1)[32m SUCCESS[39m (0 secs / 6.415 secs)
[1A[2KChrome Headless 139.0.0.0 (Windows 10): Executed 491 of 732 (skipped 1)[32m SUCCESS[39m (0 secs / 6.427 secs)
[1A[2KChrome Headless 139.0.0.0 (Windows 10): Executed 492 of 732 (skipped 1)[32m SUCCESS[39m (0 secs / 6.438 secs)
[1A[2KChrome Headless 139.0.0.0 (Windows 10): Executed 493 of 732 (skipped 1)[32m SUCCESS[39m (0 secs / 6.451 secs)
[1A[2KChrome Headless 139.0.0.0 (Windows 10): Executed 494 of 732 (skipped 1)[32m SUCCESS[39m (0 secs / 6.486 secs)
[1A[2KChrome Headless 139.0.0.0 (Windows 10): Executed 495 of 732 (skipped 1)[32m SUCCESS[39m (0 secs / 6.506 secs)
[1A[2KChrome Headless 139.0.0.0 (Windows 10): Executed 496 of 732 (skipped 1)[32m SUCCESS[39m (0 secs / 6.519 secs)
[1A[2KChrome Headless 139.0.0.0 (Windows 10): Executed 497 of 732 (skipped 1)[32m SUCCESS[39m (0 secs / 6.534 secs)
[1A[2KChrome Headless 139.0.0.0 (Windows 10): Executed 498 of 732 (skipped 1)[32m SUCCESS[39m (0 secs / 6.552 secs)
[1A[2KChrome Headless 139.0.0.0 (Windows 10): Executed 499 of 732 (skipped 1)[32m SUCCESS[39m (0 secs / 6.566 secs)
[1A[2KChrome Headless 139.0.0.0 (Windows 10): Executed 500 of 732 (skipped 1)[32m SUCCESS[39m (0 secs / 6.577 secs)
[1A[2KChrome Headless 139.0.0.0 (Windows 10): Executed 501 of 732 (skipped 1)[32m SUCCESS[39m (0 secs / 6.587 secs)
[1A[2KChrome Headless 139.0.0.0 (Windows 10): Executed 502 of 732 (skipped 1)[32m SUCCESS[39m (0 secs / 6.59 secs)
[1A[2KChrome Headless 139.0.0.0 (Windows 10): Executed 503 of 732 (skipped 1)[32m SUCCESS[39m (0 secs / 6.594 secs)
[1A[2KChrome Headless 139.0.0.0 (Windows 10): Executed 504 of 732 (skipped 1)[32m SUCCESS[39m (0 secs / 6.597 secs)
[1A[2KChrome Headless 139.0.0.0 (Windows 10): Executed 505 of 732 (skipped 1)[32m SUCCESS[39m (0 secs / 6.6 secs)
[1A[2KChrome Headless 139.0.0.0 (Windows 10): Executed 506 of 732 (skipped 1)[32m SUCCESS[39m (0 secs / 6.602 secs)
[1A[2KChrome Headless 139.0.0.0 (Windows 10): Executed 507 of 732 (skipped 1)[32m SUCCESS[39m (0 secs / 6.604 secs)
[1A[2KChrome Headless 139.0.0.0 (Windows 10): Executed 508 of 732 (skipped 1)[32m SUCCESS[39m (0 secs / 6.607 secs)
[1A[2KChrome Headless 139.0.0.0 (Windows 10): Executed 509 of 732 (skipped 1)[32m SUCCESS[39m (0 secs / 6.695 secs)
[1A[2KChrome Headless 139.0.0.0 (Windows 10): Executed 510 of 732 (skipped 1)[32m SUCCESS[39m (0 secs / 6.701 secs)
[1A[2KChrome Headless 139.0.0.0 (Windows 10): Executed 511 of 732 (skipped 1)[32m SUCCESS[39m (0 secs / 6.705 secs)
[1A[2KChrome Headless 139.0.0.0 (Windows 10): Executed 512 of 732 (skipped 1)[32m SUCCESS[39m (0 secs / 6.716 secs)
[1A[2KChrome Headless 139.0.0.0 (Windows 10): Executed 513 of 732 (skipped 1)[32m SUCCESS[39m (0 secs / 6.722 secs)
[1A[2KChrome Headless 139.0.0.0 (Windows 10): Executed 514 of 732 (skipped 1)[32m SUCCESS[39m (0 secs / 6.729 secs)
[1A[2KChrome Headless 139.0.0.0 (Windows 10): Executed 515 of 732 (skipped 1)[32m SUCCESS[39m (0 secs / 6.736 secs)
[1A[2KChrome Headless 139.0.0.0 (Windows 10): Executed 516 of 732 (skipped 1)[32m SUCCESS[39m (0 secs / 6.743 secs)
[1A[2KChrome Headless 139.0.0.0 (Windows 10): Executed 517 of 732 (skipped 1)[32m SUCCESS[39m (0 secs / 6.748 secs)
[1A[2KChrome Headless 139.0.0.0 (Windows 10): Executed 518 of 732 (skipped 1)[32m SUCCESS[39m (0 secs / 6.754 secs)
[1A[2KChrome Headless 139.0.0.0 (Windows 10): Executed 519 of 732 (skipped 1)[32m SUCCESS[39m (0 secs / 6.758 secs)
[1A[2K[31mChrome Headless 139.0.0.0 (Windows 10) BudgetWizardComponent should calculate remaining amount correctly FAILED[39m
	Expected 0 to be 100.
	    at <Jasmine>
	    at UserContext.<anonymous> (src/app/features/financial/components/budget-wizard/budget-wizard.spec.ts:228:23)
	    at <Jasmine>
Chrome Headless 139.0.0.0 (Windows 10): Executed 520 of 732[31m (1 FAILED)[39m (skipped 1) (0 secs / 6.763 secs)
[1A[2KChrome Headless 139.0.0.0 (Windows 10): Executed 521 of 732[31m (1 FAILED)[39m (skipped 1) (0 secs / 6.766 secs)
[1A[2KChrome Headless 139.0.0.0 (Windows 10): Executed 522 of 732[31m (1 FAILED)[39m (skipped 1) (0 secs / 6.773 secs)
[1A[2KChrome Headless 139.0.0.0 (Windows 10): Executed 523 of 732[31m (1 FAILED)[39m (skipped 1) (0 secs / 6.777 secs)
[1A[2KChrome Headless 139.0.0.0 (Windows 10): Executed 524 of 732[31m (1 FAILED)[39m (skipped 1) (0 secs / 6.781 secs)
[1A[2KChrome Headless 139.0.0.0 (Windows 10): Executed 525 of 732[31m (1 FAILED)[39m (skipped 1) (0 secs / 6.786 secs)
[1A[2KChrome Headless 139.0.0.0 (Windows 10): Executed 526 of 732[31m (1 FAILED)[39m (skipped 1) (0 secs / 6.79 secs)
[1A[2KChrome Headless 139.0.0.0 (Windows 10): Executed 527 of 732[31m (1 FAILED)[39m (skipped 1) (0 secs / 6.796 secs)
[1A[2KChrome Headless 139.0.0.0 (Windows 10): Executed 528 of 732[31m (1 FAILED)[39m (skipped 1) (0 secs / 6.8 secs)
[1A[2KERROR: [36m'Error creating budget:', Error: Creation failed
Error: Creation failed
    at errorFactory (http://localhost:9876/_karma_webpack_/webpack:/src/app/features/financial/components/budget-wizard/budget-wizard.spec.ts:351:69)
    at Observable._subscribe (http://localhost:9876/_karma_webpack_/webpack:/node_modules/rxjs/dist/esm/internal/observable/throwError.js:5:51)
    at Observable._trySubscribe (http://localhost:9876/_karma_webpack_/webpack:/node_modules/rxjs/dist/esm/internal/Observable.js:37:25)
    at cb (http://localhost:9876/_karma_webpack_/webpack:/node_modules/rxjs/dist/esm/internal/Observable.js:31:30)
    at errorContext (http://localhost:9876/_karma_webpack_/webpack:/node_modules/rxjs/dist/esm/internal/util/errorContext.js:19:9)
    at Observable.subscribe (http://localhost:9876/_karma_webpack_/webpack:/node_modules/rxjs/dist/esm/internal/Observable.js:22:21)
    at init (http://localhost:9876/_karma_webpack_/webpack:/node_modules/rxjs/dist/esm/internal/operators/takeUntil.js:8:38)
    at SafeSubscriber.call (http://localhost:9876/_karma_webpack_/webpack:/node_modules/rxjs/dist/esm/internal/util/lift.js:10:28)
    at cb (http://localhost:9876/_karma_webpack_/webpack:/node_modules/rxjs/dist/esm/internal/Observable.js:26:30)
    at errorContext (http://localhost:9876/_karma_webpack_/webpack:/node_modules/rxjs/dist/esm/internal/util/errorContext.js:19:9)[39m
Chrome Headless 139.0.0.0 (Windows 10): Executed 528 of 732[31m (1 FAILED)[39m (skipped 1) (0 secs / 6.8 secs)
ERROR: 'Error creating budget:', Error: Creation failed
Error: Creation failed
    at errorFactory (http://localhost:9876/_karma_webpack_/webpack:/src/app/features/financial/components/budget-wizard/budget-wizard.spec.ts:351:69)
    at Observable._subscribe (http://localhost:9876/_karma_webpack_/webpack:/node_modules/rxjs/dist/esm/internal/observable/throwError.js:5:51)
    at Observable._trySubscribe (http://localhost:9876/_karma_webpack_/webpack:/node_modules/rxjs/dist/esm/internal/Observable.js:37:25)
    at cb (http://localhost:9876/_karma_webpack_/webpack:/node_modules/rxjs/dist/esm/internal/Observable.js:31:30)
    at errorContext (http://localhost:9876/_karma_webpack_/webpack:/node_modules/rxjs/dist/esm/internal/util/errorContext.js:19:9)
    at Observable.subscribe (http://localhost:9876/_karma_webpack_/webpack:/node_modules/rxjs/dist/esm/internal/Observable.js:22:21)
    at init (http://localhost:9876/_karma_webpack_/webpack:/node_modules/rxjs/dist/esm/internal/operators/takeUntil.js:8:38)
    at SafeSubscriber.call (http://localhost:9876/_karma_webpack_/webpack:/node_modules/rxjs/dist/esm/internal/util/lift.js:10:28)
    at cb (http://localhost:9876/_karma_webpack_/webpack:/node_modules/rxjs/dist/esm/internal/Observable.js:26:30)
    at errorContext (http://localhost:9876/_karma_webpack_/webpack:/node_modules/rxjs/dist/esm/internal/util/errorContext.js:19:9)
[1A[2KChrome Headless 139.0.0.0 (Windows 10): Executed 529 of 732[31m (1 FAILED)[39m (skipped 1) (0 secs / 6.805 secs)
[1A[2KChrome Headless 139.0.0.0 (Windows 10): Executed 530 of 732[31m (1 FAILED)[39m (skipped 1) (0 secs / 6.809 secs)
[1A[2KChrome Headless 139.0.0.0 (Windows 10): Executed 531 of 732[31m (1 FAILED)[39m (skipped 1) (0 secs / 6.815 secs)
[1A[2KChrome Headless 139.0.0.0 (Windows 10): Executed 532 of 732[31m (1 FAILED)[39m (skipped 1) (0 secs / 6.819 secs)
[1A[2KChrome Headless 139.0.0.0 (Windows 10): Executed 533 of 732[31m (1 FAILED)[39m (skipped 1) (0 secs / 6.825 secs)
[1A[2KChrome Headless 139.0.0.0 (Windows 10): Executed 534 of 732[31m (1 FAILED)[39m (skipped 1) (0 secs / 6.829 secs)
[1A[2KChrome Headless 139.0.0.0 (Windows 10): Executed 535 of 732[31m (1 FAILED)[39m (skipped 1) (0 secs / 6.834 secs)
[1A[2K[31mChrome Headless 139.0.0.0 (Windows 10) BudgetWizardComponent should use suggested amounts when useSuggestedAmounts is called FAILED[39m
	Expected 0 to be greater than 0.
	    at <Jasmine>
	    at UserContext.<anonymous> (src/app/features/financial/components/budget-wizard/budget-wizard.spec.ts:256:72)
	    at <Jasmine>
Chrome Headless 139.0.0.0 (Windows 10): Executed 536 of 732[31m (2 FAILED)[39m (skipped 1) (0 secs / 6.848 secs)
[1A[2KChrome Headless 139.0.0.0 (Windows 10): Executed 537 of 732[31m (2 FAILED)[39m (skipped 1) (0 secs / 6.851 secs)
[1A[2K[31mChrome Headless 139.0.0.0 (Windows 10) BudgetWizardComponent should distribute amounts evenly when distributeEvenly is called FAILED[39m
	Expected 0 to be 500.
	    at <Jasmine>
	    at forEach (src/app/features/financial/components/budget-wizard/budget-wizard.spec.ts:272:53)
	    at Array.forEach (<anonymous>)
	    at UserContext.<anonymous> (src/app/features/financial/components/budget-wizard/budget-wizard.spec.ts:271:31)
	    at <Jasmine>
	Expected 0 to be 500.
	    at <Jasmine>
	    at forEach (src/app/features/financial/components/budget-wizard/budget-wizard.spec.ts:272:53)
	    at Array.forEach (<anonymous>)
	    at UserContext.<anonymous> (src/app/features/financial/components/budget-wizard/budget-wizard.spec.ts:271:31)
	    at <Jasmine>
Chrome Headless 139.0.0.0 (Windows 10): Executed 538 of 732[31m (3 FAILED)[39m (skipped 1) (0 secs / 6.878 secs)
[1A[2KChrome Headless 139.0.0.0 (Windows 10): Executed 539 of 732[31m (3 FAILED)[39m (skipped 1) (0 secs / 6.882 secs)
[1A[2KLOG: [36m'Budget created successfully:', Object{_id: 'budget1', name: 'Test Budget', period: 'monthly', startDate: Mon Jan 01 2024 00:00:00 GMT+0000 (Greenwich Mean Time), endDate: Wed Jan 31 2024 00:00:00 GMT+0000 (Greenwich Mean Time), totalAmount: 1000, currency: 'USD', categoryAllocations: [], status: 'active', alertThreshold: 80, userId: 'user1', isActive: true, autoAdjust: false, allowRollover: false, rolloverAmount: 0, createdAt: Mon Jan 15 2024 00:00:00 GMT+0000 (Greenwich Mean Time), updatedAt: Mon Jan 15 2024 00:00:00 GMT+0000 (Greenwich Mean Time)}[39m
Chrome Headless 139.0.0.0 (Windows 10): Executed 539 of 732[31m (3 FAILED)[39m (skipped 1) (0 secs / 6.882 secs)
LOG: 'Budget created successfully:', Object{_id: 'budget1', name: 'Test Budget', period: 'monthly', startDate: Mon Jan 01 2024 00:00:00 GMT+0000 (Greenwich Mean Time), endDate: Wed Jan 31 2024 00:00:00 GMT+0000 (Greenwich Mean Time), totalAmount: 1000, currency: 'USD', categoryAllocations: [], status: 'active', alertThreshold: 80, userId: 'user1', isActive: true, autoAdjust: false, allowRollover: false, rolloverAmount: 0, createdAt: Mon Jan 15 2024 00:00:00 GMT+0000 (Greenwich Mean Time), updatedAt: Mon Jan 15 2024 00:00:00 GMT+0000 (Greenwich Mean Time)}
[1A[2KChrome Headless 139.0.0.0 (Windows 10): Executed 540 of 732[31m (3 FAILED)[39m (skipped 1) (0 secs / 6.889 secs)
[1A[2KChrome Headless 139.0.0.0 (Windows 10): Executed 541 of 732[31m (3 FAILED)[39m (skipped 1) (0 secs / 6.894 secs)
[1A[2KWARN: [36m'NG0914: The application is using zoneless change detection, but is still loading Zone.js. Consider removing Zone.js to get the full benefits of zoneless. In applications using the Angular CLI, Zone.js is typically included in the "polyfills" section of the angular.json file.'[39m
Chrome Headless 139.0.0.0 (Windows 10): Executed 541 of 732[31m (3 FAILED)[39m (skipped 1) (0 secs / 6.894 secs)
WARN: 'NG0914: The application is using zoneless change detection, but is still loading Zone.js. Consider removing Zone.js to get the full benefits of zoneless. In applications using the Angular CLI, Zone.js is typically included in the "polyfills" section of the angular.json file.'
[1A[2KLOG: [36m'RegisterComponent: ngOnInit called'[39m
Chrome Headless 139.0.0.0 (Windows 10): Executed 541 of 732[31m (3 FAILED)[39m (skipped 1) (0 secs / 6.894 secs)
LOG: 'RegisterComponent: ngOnInit called'
[1A[2KERROR: [36m'Registration error:', Object{error: Object{errors: [..., ...]}}[39m
Chrome Headless 139.0.0.0 (Windows 10): Executed 541 of 732[31m (3 FAILED)[39m (skipped 1) (0 secs / 6.894 secs)
ERROR: 'Registration error:', Object{error: Object{errors: [..., ...]}}
[1A[2KChrome Headless 139.0.0.0 (Windows 10): Executed 542 of 732[31m (3 FAILED)[39m (skipped 1) (0 secs / 6.973 secs)
[1A[2KWARN: [36m'NG0914: The application is using zoneless change detection, but is still loading Zone.js. Consider removing Zone.js to get the full benefits of zoneless. In applications using the Angular CLI, Zone.js is typically included in the "polyfills" section of the angular.json file.'[39m
Chrome Headless 139.0.0.0 (Windows 10): Executed 542 of 732[31m (3 FAILED)[39m (skipped 1) (0 secs / 6.973 secs)
WARN: 'NG0914: The application is using zoneless change detection, but is still loading Zone.js. Consider removing Zone.js to get the full benefits of zoneless. In applications using the Angular CLI, Zone.js is typically included in the "polyfills" section of the angular.json file.'
[1A[2KLOG: [36m'RegisterComponent: ngOnInit called'[39m
Chrome Headless 139.0.0.0 (Windows 10): Executed 542 of 732[31m (3 FAILED)[39m (skipped 1) (0 secs / 6.973 secs)
LOG: 'RegisterComponent: ngOnInit called'
[1A[2KERROR: [36m'Registration error:', Object{status: 500}[39m
Chrome Headless 139.0.0.0 (Windows 10): Executed 542 of 732[31m (3 FAILED)[39m (skipped 1) (0 secs / 6.973 secs)
ERROR: 'Registration error:', Object{status: 500}
[1A[2KChrome Headless 139.0.0.0 (Windows 10): Executed 543 of 732[31m (3 FAILED)[39m (skipped 1) (0 secs / 7.014 secs)
[1A[2KWARN: [36m'NG0914: The application is using zoneless change detection, but is still loading Zone.js. Consider removing Zone.js to get the full benefits of zoneless. In applications using the Angular CLI, Zone.js is typically included in the "polyfills" section of the angular.json file.'[39m
Chrome Headless 139.0.0.0 (Windows 10): Executed 543 of 732[31m (3 FAILED)[39m (skipped 1) (0 secs / 7.014 secs)
WARN: 'NG0914: The application is using zoneless change detection, but is still loading Zone.js. Consider removing Zone.js to get the full benefits of zoneless. In applications using the Angular CLI, Zone.js is typically included in the "polyfills" section of the angular.json file.'
[1A[2KLOG: [36m'RegisterComponent: ngOnInit called'[39m
Chrome Headless 139.0.0.0 (Windows 10): Executed 543 of 732[31m (3 FAILED)[39m (skipped 1) (0 secs / 7.014 secs)
LOG: 'RegisterComponent: ngOnInit called'
[1A[2KERROR: [36m'Registration error:', Object{error: Object{message: 'Email already exists'}}[39m
Chrome Headless 139.0.0.0 (Windows 10): Executed 543 of 732[31m (3 FAILED)[39m (skipped 1) (0 secs / 7.014 secs)
ERROR: 'Registration error:', Object{error: Object{message: 'Email already exists'}}
[1A[2KChrome Headless 139.0.0.0 (Windows 10): Executed 544 of 732[31m (3 FAILED)[39m (skipped 1) (0 secs / 7.059 secs)
[1A[2KWARN: [36m'NG0914: The application is using zoneless change detection, but is still loading Zone.js. Consider removing Zone.js to get the full benefits of zoneless. In applications using the Angular CLI, Zone.js is typically included in the "polyfills" section of the angular.json file.'[39m
Chrome Headless 139.0.0.0 (Windows 10): Executed 544 of 732[31m (3 FAILED)[39m (skipped 1) (0 secs / 7.059 secs)
WARN: 'NG0914: The application is using zoneless change detection, but is still loading Zone.js. Consider removing Zone.js to get the full benefits of zoneless. In applications using the Angular CLI, Zone.js is typically included in the "polyfills" section of the angular.json file.'
[1A[2KLOG: [36m'RegisterComponent: ngOnInit called'[39m
Chrome Headless 139.0.0.0 (Windows 10): Executed 544 of 732[31m (3 FAILED)[39m (skipped 1) (0 secs / 7.059 secs)
LOG: 'RegisterComponent: ngOnInit called'
[1A[2KERROR: [36m'Registration error:', Object{error: Object{message: 'Error'}}[39m
Chrome Headless 139.0.0.0 (Windows 10): Executed 544 of 732[31m (3 FAILED)[39m (skipped 1) (0 secs / 7.059 secs)
ERROR: 'Registration error:', Object{error: Object{message: 'Error'}}
[1A[2KChrome Headless 139.0.0.0 (Windows 10): Executed 545 of 732[31m (3 FAILED)[39m (skipped 1) (0 secs / 7.102 secs)
[1A[2KWARN: [36m'NG0914: The application is using zoneless change detection, but is still loading Zone.js. Consider removing Zone.js to get the full benefits of zoneless. In applications using the Angular CLI, Zone.js is typically included in the "polyfills" section of the angular.json file.'[39m
Chrome Headless 139.0.0.0 (Windows 10): Executed 545 of 732[31m (3 FAILED)[39m (skipped 1) (0 secs / 7.102 secs)
WARN: 'NG0914: The application is using zoneless change detection, but is still loading Zone.js. Consider removing Zone.js to get the full benefits of zoneless. In applications using the Angular CLI, Zone.js is typically included in the "polyfills" section of the angular.json file.'
[1A[2KLOG: [36m'RegisterComponent: ngOnInit called'[39m
Chrome Headless 139.0.0.0 (Windows 10): Executed 545 of 732[31m (3 FAILED)[39m (skipped 1) (0 secs / 7.102 secs)
LOG: 'RegisterComponent: ngOnInit called'
[1A[2KERROR: [36m'Registration error:', Object{error: Object{}}[39m
Chrome Headless 139.0.0.0 (Windows 10): Executed 545 of 732[31m (3 FAILED)[39m (skipped 1) (0 secs / 7.102 secs)
ERROR: 'Registration error:', Object{error: Object{}}
[1A[2KChrome Headless 139.0.0.0 (Windows 10): Executed 546 of 732[31m (3 FAILED)[39m (skipped 1) (0 secs / 7.144 secs)
[1A[2KWARN: [36m'NG0914: The application is using zoneless change detection, but is still loading Zone.js. Consider removing Zone.js to get the full benefits of zoneless. In applications using the Angular CLI, Zone.js is typically included in the "polyfills" section of the angular.json file.'[39m
Chrome Headless 139.0.0.0 (Windows 10): Executed 546 of 732[31m (3 FAILED)[39m (skipped 1) (0 secs / 7.144 secs)
WARN: 'NG0914: The application is using zoneless change detection, but is still loading Zone.js. Consider removing Zone.js to get the full benefits of zoneless. In applications using the Angular CLI, Zone.js is typically included in the "polyfills" section of the angular.json file.'
[1A[2KLOG: [36m'RegisterComponent: ngOnInit called'[39m
Chrome Headless 139.0.0.0 (Windows 10): Executed 546 of 732[31m (3 FAILED)[39m (skipped 1) (0 secs / 7.144 secs)
LOG: 'RegisterComponent: ngOnInit called'
[1A[2KChrome Headless 139.0.0.0 (Windows 10): Executed 547 of 732[31m (3 FAILED)[39m (skipped 1) (0 secs / 7.163 secs)
[1A[2KWARN: [36m'NG0914: The application is using zoneless change detection, but is still loading Zone.js. Consider removing Zone.js to get the full benefits of zoneless. In applications using the Angular CLI, Zone.js is typically included in the "polyfills" section of the angular.json file.'[39m
Chrome Headless 139.0.0.0 (Windows 10): Executed 547 of 732[31m (3 FAILED)[39m (skipped 1) (0 secs / 7.163 secs)
WARN: 'NG0914: The application is using zoneless change detection, but is still loading Zone.js. Consider removing Zone.js to get the full benefits of zoneless. In applications using the Angular CLI, Zone.js is typically included in the "polyfills" section of the angular.json file.'
[1A[2KLOG: [36m'RegisterComponent: ngOnInit called'[39m
Chrome Headless 139.0.0.0 (Windows 10): Executed 547 of 732[31m (3 FAILED)[39m (skipped 1) (0 secs / 7.163 secs)
LOG: 'RegisterComponent: ngOnInit called'
[1A[2KERROR: [36m'Registration error:', Object{error: Object{message: 'Email already exists'}}[39m
Chrome Headless 139.0.0.0 (Windows 10): Executed 547 of 732[31m (3 FAILED)[39m (skipped 1) (0 secs / 7.163 secs)
ERROR: 'Registration error:', Object{error: Object{message: 'Email already exists'}}
[1A[2KChrome Headless 139.0.0.0 (Windows 10): Executed 548 of 732[31m (3 FAILED)[39m (skipped 1) (0 secs / 7.211 secs)
[1A[2KWARN: [36m'NG0914: The application is using zoneless change detection, but is still loading Zone.js. Consider removing Zone.js to get the full benefits of zoneless. In applications using the Angular CLI, Zone.js is typically included in the "polyfills" section of the angular.json file.'[39m
Chrome Headless 139.0.0.0 (Windows 10): Executed 548 of 732[31m (3 FAILED)[39m (skipped 1) (0 secs / 7.211 secs)
WARN: 'NG0914: The application is using zoneless change detection, but is still loading Zone.js. Consider removing Zone.js to get the full benefits of zoneless. In applications using the Angular CLI, Zone.js is typically included in the "polyfills" section of the angular.json file.'
[1A[2KLOG: [36m'RegisterComponent: ngOnInit called'[39m
Chrome Headless 139.0.0.0 (Windows 10): Executed 548 of 732[31m (3 FAILED)[39m (skipped 1) (0 secs / 7.211 secs)
LOG: 'RegisterComponent: ngOnInit called'
[1A[2KChrome Headless 139.0.0.0 (Windows 10): Executed 549 of 732[31m (3 FAILED)[39m (skipped 1) (0 secs / 7.252 secs)
[1A[2KWARN: [36m'NG0914: The application is using zoneless change detection, but is still loading Zone.js. Consider removing Zone.js to get the full benefits of zoneless. In applications using the Angular CLI, Zone.js is typically included in the "polyfills" section of the angular.json file.'[39m
Chrome Headless 139.0.0.0 (Windows 10): Executed 549 of 732[31m (3 FAILED)[39m (skipped 1) (0 secs / 7.252 secs)
WARN: 'NG0914: The application is using zoneless change detection, but is still loading Zone.js. Consider removing Zone.js to get the full benefits of zoneless. In applications using the Angular CLI, Zone.js is typically included in the "polyfills" section of the angular.json file.'
[1A[2KLOG: [36m'RegisterComponent: ngOnInit called'[39m
Chrome Headless 139.0.0.0 (Windows 10): Executed 549 of 732[31m (3 FAILED)[39m (skipped 1) (0 secs / 7.252 secs)
LOG: 'RegisterComponent: ngOnInit called'
[1A[2KChrome Headless 139.0.0.0 (Windows 10): Executed 550 of 732[31m (3 FAILED)[39m (skipped 1) (0 secs / 7.293 secs)
[1A[2KWARN: [36m'NG0914: The application is using zoneless change detection, but is still loading Zone.js. Consider removing Zone.js to get the full benefits of zoneless. In applications using the Angular CLI, Zone.js is typically included in the "polyfills" section of the angular.json file.'[39m
Chrome Headless 139.0.0.0 (Windows 10): Executed 550 of 732[31m (3 FAILED)[39m (skipped 1) (0 secs / 7.293 secs)
WARN: 'NG0914: The application is using zoneless change detection, but is still loading Zone.js. Consider removing Zone.js to get the full benefits of zoneless. In applications using the Angular CLI, Zone.js is typically included in the "polyfills" section of the angular.json file.'
[1A[2KLOG: [36m'RegisterComponent: ngOnInit called'[39m
Chrome Headless 139.0.0.0 (Windows 10): Executed 550 of 732[31m (3 FAILED)[39m (skipped 1) (0 secs / 7.293 secs)
LOG: 'RegisterComponent: ngOnInit called'
[1A[2KChrome Headless 139.0.0.0 (Windows 10): Executed 551 of 732[31m (3 FAILED)[39m (skipped 1) (0 secs / 7.329 secs)
[1A[2KWARN: [36m'NG0914: The application is using zoneless change detection, but is still loading Zone.js. Consider removing Zone.js to get the full benefits of zoneless. In applications using the Angular CLI, Zone.js is typically included in the "polyfills" section of the angular.json file.'[39m
Chrome Headless 139.0.0.0 (Windows 10): Executed 551 of 732[31m (3 FAILED)[39m (skipped 1) (0 secs / 7.329 secs)
WARN: 'NG0914: The application is using zoneless change detection, but is still loading Zone.js. Consider removing Zone.js to get the full benefits of zoneless. In applications using the Angular CLI, Zone.js is typically included in the "polyfills" section of the angular.json file.'
[1A[2KLOG: [36m'RegisterComponent: ngOnInit called'[39m
Chrome Headless 139.0.0.0 (Windows 10): Executed 551 of 732[31m (3 FAILED)[39m (skipped 1) (0 secs / 7.329 secs)
LOG: 'RegisterComponent: ngOnInit called'
[1A[2KChrome Headless 139.0.0.0 (Windows 10): Executed 552 of 732[31m (3 FAILED)[39m (skipped 1) (0 secs / 7.355 secs)
[1A[2KWARN: [36m'NG0914: The application is using zoneless change detection, but is still loading Zone.js. Consider removing Zone.js to get the full benefits of zoneless. In applications using the Angular CLI, Zone.js is typically included in the "polyfills" section of the angular.json file.'[39m
Chrome Headless 139.0.0.0 (Windows 10): Executed 552 of 732[31m (3 FAILED)[39m (skipped 1) (0 secs / 7.355 secs)
WARN: 'NG0914: The application is using zoneless change detection, but is still loading Zone.js. Consider removing Zone.js to get the full benefits of zoneless. In applications using the Angular CLI, Zone.js is typically included in the "polyfills" section of the angular.json file.'
[1A[2KLOG: [36m'RegisterComponent: ngOnInit called'[39m
Chrome Headless 139.0.0.0 (Windows 10): Executed 552 of 732[31m (3 FAILED)[39m (skipped 1) (0 secs / 7.355 secs)
LOG: 'RegisterComponent: ngOnInit called'
[1A[2KChrome Headless 139.0.0.0 (Windows 10): Executed 553 of 732[31m (3 FAILED)[39m (skipped 1) (0 secs / 7.392 secs)
[1A[2KWARN: [36m'NG0914: The application is using zoneless change detection, but is still loading Zone.js. Consider removing Zone.js to get the full benefits of zoneless. In applications using the Angular CLI, Zone.js is typically included in the "polyfills" section of the angular.json file.'[39m
Chrome Headless 139.0.0.0 (Windows 10): Executed 553 of 732[31m (3 FAILED)[39m (skipped 1) (0 secs / 7.392 secs)
WARN: 'NG0914: The application is using zoneless change detection, but is still loading Zone.js. Consider removing Zone.js to get the full benefits of zoneless. In applications using the Angular CLI, Zone.js is typically included in the "polyfills" section of the angular.json file.'
[1A[2KLOG: [36m'RegisterComponent: ngOnInit called'[39m
Chrome Headless 139.0.0.0 (Windows 10): Executed 553 of 732[31m (3 FAILED)[39m (skipped 1) (0 secs / 7.392 secs)
LOG: 'RegisterComponent: ngOnInit called'
[1A[2KChrome Headless 139.0.0.0 (Windows 10): Executed 554 of 732[31m (3 FAILED)[39m (skipped 1) (0 secs / 7.423 secs)
[1A[2KWARN: [36m'NG0914: The application is using zoneless change detection, but is still loading Zone.js. Consider removing Zone.js to get the full benefits of zoneless. In applications using the Angular CLI, Zone.js is typically included in the "polyfills" section of the angular.json file.'[39m
Chrome Headless 139.0.0.0 (Windows 10): Executed 554 of 732[31m (3 FAILED)[39m (skipped 1) (0 secs / 7.423 secs)
WARN: 'NG0914: The application is using zoneless change detection, but is still loading Zone.js. Consider removing Zone.js to get the full benefits of zoneless. In applications using the Angular CLI, Zone.js is typically included in the "polyfills" section of the angular.json file.'
[1A[2KLOG: [36m'RegisterComponent: ngOnInit called'[39m
Chrome Headless 139.0.0.0 (Windows 10): Executed 554 of 732[31m (3 FAILED)[39m (skipped 1) (0 secs / 7.423 secs)
LOG: 'RegisterComponent: ngOnInit called'
[1A[2KChrome Headless 139.0.0.0 (Windows 10): Executed 555 of 732[31m (3 FAILED)[39m (skipped 1) (0 secs / 7.607 secs)
[1A[2KWARN: [36m'NG0914: The application is using zoneless change detection, but is still loading Zone.js. Consider removing Zone.js to get the full benefits of zoneless. In applications using the Angular CLI, Zone.js is typically included in the "polyfills" section of the angular.json file.'[39m
Chrome Headless 139.0.0.0 (Windows 10): Executed 555 of 732[31m (3 FAILED)[39m (skipped 1) (0 secs / 7.607 secs)
WARN: 'NG0914: The application is using zoneless change detection, but is still loading Zone.js. Consider removing Zone.js to get the full benefits of zoneless. In applications using the Angular CLI, Zone.js is typically included in the "polyfills" section of the angular.json file.'
[1A[2KLOG: [36m'RegisterComponent: ngOnInit called'[39m
Chrome Headless 139.0.0.0 (Windows 10): Executed 555 of 732[31m (3 FAILED)[39m (skipped 1) (0 secs / 7.607 secs)
LOG: 'RegisterComponent: ngOnInit called'
[1A[2KChrome Headless 139.0.0.0 (Windows 10): Executed 556 of 732[31m (3 FAILED)[39m (skipped 1) (0 secs / 7.628 secs)
[1A[2KWARN: [36m'NG0914: The application is using zoneless change detection, but is still loading Zone.js. Consider removing Zone.js to get the full benefits of zoneless. In applications using the Angular CLI, Zone.js is typically included in the "polyfills" section of the angular.json file.'[39m
Chrome Headless 139.0.0.0 (Windows 10): Executed 556 of 732[31m (3 FAILED)[39m (skipped 1) (0 secs / 7.628 secs)
WARN: 'NG0914: The application is using zoneless change detection, but is still loading Zone.js. Consider removing Zone.js to get the full benefits of zoneless. In applications using the Angular CLI, Zone.js is typically included in the "polyfills" section of the angular.json file.'
[1A[2KLOG: [36m'RegisterComponent: ngOnInit called'[39m
Chrome Headless 139.0.0.0 (Windows 10): Executed 556 of 732[31m (3 FAILED)[39m (skipped 1) (0 secs / 7.628 secs)
LOG: 'RegisterComponent: ngOnInit called'
[1A[2KChrome Headless 139.0.0.0 (Windows 10): Executed 557 of 732[31m (3 FAILED)[39m (skipped 1) (0 secs / 7.659 secs)
[1A[2KWARN: [36m'NG0914: The application is using zoneless change detection, but is still loading Zone.js. Consider removing Zone.js to get the full benefits of zoneless. In applications using the Angular CLI, Zone.js is typically included in the "polyfills" section of the angular.json file.'[39m
Chrome Headless 139.0.0.0 (Windows 10): Executed 557 of 732[31m (3 FAILED)[39m (skipped 1) (0 secs / 7.659 secs)
WARN: 'NG0914: The application is using zoneless change detection, but is still loading Zone.js. Consider removing Zone.js to get the full benefits of zoneless. In applications using the Angular CLI, Zone.js is typically included in the "polyfills" section of the angular.json file.'
[1A[2KLOG: [36m'RegisterComponent: ngOnInit called'[39m
Chrome Headless 139.0.0.0 (Windows 10): Executed 557 of 732[31m (3 FAILED)[39m (skipped 1) (0 secs / 7.659 secs)
LOG: 'RegisterComponent: ngOnInit called'
[1A[2KChrome Headless 139.0.0.0 (Windows 10): Executed 558 of 732[31m (3 FAILED)[39m (skipped 1) (0 secs / 7.688 secs)
[1A[2KWARN: [36m'NG0914: The application is using zoneless change detection, but is still loading Zone.js. Consider removing Zone.js to get the full benefits of zoneless. In applications using the Angular CLI, Zone.js is typically included in the "polyfills" section of the angular.json file.'[39m
Chrome Headless 139.0.0.0 (Windows 10): Executed 558 of 732[31m (3 FAILED)[39m (skipped 1) (0 secs / 7.688 secs)
WARN: 'NG0914: The application is using zoneless change detection, but is still loading Zone.js. Consider removing Zone.js to get the full benefits of zoneless. In applications using the Angular CLI, Zone.js is typically included in the "polyfills" section of the angular.json file.'
[1A[2KLOG: [36m'RegisterComponent: ngOnInit called'[39m
Chrome Headless 139.0.0.0 (Windows 10): Executed 558 of 732[31m (3 FAILED)[39m (skipped 1) (0 secs / 7.688 secs)
LOG: 'RegisterComponent: ngOnInit called'
[1A[2KChrome Headless 139.0.0.0 (Windows 10): Executed 559 of 732[31m (3 FAILED)[39m (skipped 1) (0 secs / 7.721 secs)
[1A[2KWARN: [36m'NG0914: The application is using zoneless change detection, but is still loading Zone.js. Consider removing Zone.js to get the full benefits of zoneless. In applications using the Angular CLI, Zone.js is typically included in the "polyfills" section of the angular.json file.'[39m
Chrome Headless 139.0.0.0 (Windows 10): Executed 559 of 732[31m (3 FAILED)[39m (skipped 1) (0 secs / 7.721 secs)
WARN: 'NG0914: The application is using zoneless change detection, but is still loading Zone.js. Consider removing Zone.js to get the full benefits of zoneless. In applications using the Angular CLI, Zone.js is typically included in the "polyfills" section of the angular.json file.'
[1A[2KLOG: [36m'RegisterComponent: ngOnInit called'[39m
Chrome Headless 139.0.0.0 (Windows 10): Executed 559 of 732[31m (3 FAILED)[39m (skipped 1) (0 secs / 7.721 secs)
LOG: 'RegisterComponent: ngOnInit called'
[1A[2KChrome Headless 139.0.0.0 (Windows 10): Executed 560 of 732[31m (3 FAILED)[39m (skipped 1) (0 secs / 7.75 secs)
[1A[2KWARN: [36m'NG0914: The application is using zoneless change detection, but is still loading Zone.js. Consider removing Zone.js to get the full benefits of zoneless. In applications using the Angular CLI, Zone.js is typically included in the "polyfills" section of the angular.json file.'[39m
Chrome Headless 139.0.0.0 (Windows 10): Executed 560 of 732[31m (3 FAILED)[39m (skipped 1) (0 secs / 7.75 secs)
WARN: 'NG0914: The application is using zoneless change detection, but is still loading Zone.js. Consider removing Zone.js to get the full benefits of zoneless. In applications using the Angular CLI, Zone.js is typically included in the "polyfills" section of the angular.json file.'
[1A[2KLOG: [36m'RegisterComponent: ngOnInit called'[39m
Chrome Headless 139.0.0.0 (Windows 10): Executed 560 of 732[31m (3 FAILED)[39m (skipped 1) (0 secs / 7.75 secs)
LOG: 'RegisterComponent: ngOnInit called'
[1A[2KChrome Headless 139.0.0.0 (Windows 10): Executed 561 of 732[31m (3 FAILED)[39m (skipped 1) (0 secs / 7.77 secs)
[1A[2KWARN: [36m'NG0914: The application is using zoneless change detection, but is still loading Zone.js. Consider removing Zone.js to get the full benefits of zoneless. In applications using the Angular CLI, Zone.js is typically included in the "polyfills" section of the angular.json file.'[39m
Chrome Headless 139.0.0.0 (Windows 10): Executed 561 of 732[31m (3 FAILED)[39m (skipped 1) (0 secs / 7.77 secs)
WARN: 'NG0914: The application is using zoneless change detection, but is still loading Zone.js. Consider removing Zone.js to get the full benefits of zoneless. In applications using the Angular CLI, Zone.js is typically included in the "polyfills" section of the angular.json file.'
[1A[2KLOG: [36m'RegisterComponent: ngOnInit called'[39m
Chrome Headless 139.0.0.0 (Windows 10): Executed 561 of 732[31m (3 FAILED)[39m (skipped 1) (0 secs / 7.77 secs)
LOG: 'RegisterComponent: ngOnInit called'
[1A[2KChrome Headless 139.0.0.0 (Windows 10): Executed 562 of 732[31m (3 FAILED)[39m (skipped 1) (0 secs / 7.793 secs)
[1A[2KWARN: [36m'NG0914: The application is using zoneless change detection, but is still loading Zone.js. Consider removing Zone.js to get the full benefits of zoneless. In applications using the Angular CLI, Zone.js is typically included in the "polyfills" section of the angular.json file.'[39m
Chrome Headless 139.0.0.0 (Windows 10): Executed 562 of 732[31m (3 FAILED)[39m (skipped 1) (0 secs / 7.793 secs)
WARN: 'NG0914: The application is using zoneless change detection, but is still loading Zone.js. Consider removing Zone.js to get the full benefits of zoneless. In applications using the Angular CLI, Zone.js is typically included in the "polyfills" section of the angular.json file.'
[1A[2KLOG: [36m'RegisterComponent: ngOnInit called'[39m
Chrome Headless 139.0.0.0 (Windows 10): Executed 562 of 732[31m (3 FAILED)[39m (skipped 1) (0 secs / 7.793 secs)
LOG: 'RegisterComponent: ngOnInit called'
[1A[2KChrome Headless 139.0.0.0 (Windows 10): Executed 563 of 732[31m (3 FAILED)[39m (skipped 1) (0 secs / 7.809 secs)
[1A[2KWARN: [36m'NG0914: The application is using zoneless change detection, but is still loading Zone.js. Consider removing Zone.js to get the full benefits of zoneless. In applications using the Angular CLI, Zone.js is typically included in the "polyfills" section of the angular.json file.'[39m
Chrome Headless 139.0.0.0 (Windows 10): Executed 563 of 732[31m (3 FAILED)[39m (skipped 1) (0 secs / 7.809 secs)
WARN: 'NG0914: The application is using zoneless change detection, but is still loading Zone.js. Consider removing Zone.js to get the full benefits of zoneless. In applications using the Angular CLI, Zone.js is typically included in the "polyfills" section of the angular.json file.'
[1A[2KLOG: [36m'RegisterComponent: ngOnInit called'[39m
Chrome Headless 139.0.0.0 (Windows 10): Executed 563 of 732[31m (3 FAILED)[39m (skipped 1) (0 secs / 7.809 secs)
LOG: 'RegisterComponent: ngOnInit called'
[1A[2KChrome Headless 139.0.0.0 (Windows 10): Executed 564 of 732[31m (3 FAILED)[39m (skipped 1) (0 secs / 7.828 secs)
[1A[2KWARN: [36m'NG0914: The application is using zoneless change detection, but is still loading Zone.js. Consider removing Zone.js to get the full benefits of zoneless. In applications using the Angular CLI, Zone.js is typically included in the "polyfills" section of the angular.json file.'[39m
Chrome Headless 139.0.0.0 (Windows 10): Executed 564 of 732[31m (3 FAILED)[39m (skipped 1) (0 secs / 7.828 secs)
WARN: 'NG0914: The application is using zoneless change detection, but is still loading Zone.js. Consider removing Zone.js to get the full benefits of zoneless. In applications using the Angular CLI, Zone.js is typically included in the "polyfills" section of the angular.json file.'
[1A[2KLOG: [36m'RegisterComponent: ngOnInit called'[39m
Chrome Headless 139.0.0.0 (Windows 10): Executed 564 of 732[31m (3 FAILED)[39m (skipped 1) (0 secs / 7.828 secs)
LOG: 'RegisterComponent: ngOnInit called'
[1A[2KChrome Headless 139.0.0.0 (Windows 10): Executed 565 of 732[31m (3 FAILED)[39m (skipped 1) (0 secs / 7.848 secs)
[1A[2KWARN: [36m'NG0914: The application is using zoneless change detection, but is still loading Zone.js. Consider removing Zone.js to get the full benefits of zoneless. In applications using the Angular CLI, Zone.js is typically included in the "polyfills" section of the angular.json file.'[39m
Chrome Headless 139.0.0.0 (Windows 10): Executed 565 of 732[31m (3 FAILED)[39m (skipped 1) (0 secs / 7.848 secs)
WARN: 'NG0914: The application is using zoneless change detection, but is still loading Zone.js. Consider removing Zone.js to get the full benefits of zoneless. In applications using the Angular CLI, Zone.js is typically included in the "polyfills" section of the angular.json file.'
[1A[2KLOG: [36m'RegisterComponent: ngOnInit called'[39m
Chrome Headless 139.0.0.0 (Windows 10): Executed 565 of 732[31m (3 FAILED)[39m (skipped 1) (0 secs / 7.848 secs)
LOG: 'RegisterComponent: ngOnInit called'
[1A[2KChrome Headless 139.0.0.0 (Windows 10): Executed 566 of 732[31m (3 FAILED)[39m (skipped 1) (0 secs / 8.034 secs)
[1A[2KWARN: [36m'NG0914: The application is using zoneless change detection, but is still loading Zone.js. Consider removing Zone.js to get the full benefits of zoneless. In applications using the Angular CLI, Zone.js is typically included in the "polyfills" section of the angular.json file.'[39m
Chrome Headless 139.0.0.0 (Windows 10): Executed 566 of 732[31m (3 FAILED)[39m (skipped 1) (0 secs / 8.034 secs)
WARN: 'NG0914: The application is using zoneless change detection, but is still loading Zone.js. Consider removing Zone.js to get the full benefits of zoneless. In applications using the Angular CLI, Zone.js is typically included in the "polyfills" section of the angular.json file.'
[1A[2KLOG: [36m'RegisterComponent: ngOnInit called'[39m
Chrome Headless 139.0.0.0 (Windows 10): Executed 566 of 732[31m (3 FAILED)[39m (skipped 1) (0 secs / 8.034 secs)
LOG: 'RegisterComponent: ngOnInit called'
[1A[2KChrome Headless 139.0.0.0 (Windows 10): Executed 567 of 732[31m (3 FAILED)[39m (skipped 1) (0 secs / 8.059 secs)
[1A[2KWARN: [36m'NG0914: The application is using zoneless change detection, but is still loading Zone.js. Consider removing Zone.js to get the full benefits of zoneless. In applications using the Angular CLI, Zone.js is typically included in the "polyfills" section of the angular.json file.'[39m
Chrome Headless 139.0.0.0 (Windows 10): Executed 567 of 732[31m (3 FAILED)[39m (skipped 1) (0 secs / 8.059 secs)
WARN: 'NG0914: The application is using zoneless change detection, but is still loading Zone.js. Consider removing Zone.js to get the full benefits of zoneless. In applications using the Angular CLI, Zone.js is typically included in the "polyfills" section of the angular.json file.'
[1A[2KLOG: [36m'RegisterComponent: ngOnInit called'[39m
Chrome Headless 139.0.0.0 (Windows 10): Executed 567 of 732[31m (3 FAILED)[39m (skipped 1) (0 secs / 8.059 secs)
LOG: 'RegisterComponent: ngOnInit called'
[1A[2KChrome Headless 139.0.0.0 (Windows 10): Executed 568 of 732[31m (3 FAILED)[39m (skipped 1) (0 secs / 8.101 secs)
[1A[2KWARN: [36m'NG0914: The application is using zoneless change detection, but is still loading Zone.js. Consider removing Zone.js to get the full benefits of zoneless. In applications using the Angular CLI, Zone.js is typically included in the "polyfills" section of the angular.json file.'[39m
Chrome Headless 139.0.0.0 (Windows 10): Executed 568 of 732[31m (3 FAILED)[39m (skipped 1) (0 secs / 8.101 secs)
WARN: 'NG0914: The application is using zoneless change detection, but is still loading Zone.js. Consider removing Zone.js to get the full benefits of zoneless. In applications using the Angular CLI, Zone.js is typically included in the "polyfills" section of the angular.json file.'
[1A[2KLOG: [36m'RegisterComponent: ngOnInit called'[39m
Chrome Headless 139.0.0.0 (Windows 10): Executed 568 of 732[31m (3 FAILED)[39m (skipped 1) (0 secs / 8.101 secs)
LOG: 'RegisterComponent: ngOnInit called'
[1A[2KChrome Headless 139.0.0.0 (Windows 10): Executed 569 of 732[31m (3 FAILED)[39m (skipped 1) (0 secs / 8.138 secs)
[1A[2KWARN: [36m'NG0914: The application is using zoneless change detection, but is still loading Zone.js. Consider removing Zone.js to get the full benefits of zoneless. In applications using the Angular CLI, Zone.js is typically included in the "polyfills" section of the angular.json file.'[39m
Chrome Headless 139.0.0.0 (Windows 10): Executed 569 of 732[31m (3 FAILED)[39m (skipped 1) (0 secs / 8.138 secs)
WARN: 'NG0914: The application is using zoneless change detection, but is still loading Zone.js. Consider removing Zone.js to get the full benefits of zoneless. In applications using the Angular CLI, Zone.js is typically included in the "polyfills" section of the angular.json file.'
[1A[2KLOG: [36m'RegisterComponent: ngOnInit called'[39m
Chrome Headless 139.0.0.0 (Windows 10): Executed 569 of 732[31m (3 FAILED)[39m (skipped 1) (0 secs / 8.138 secs)
LOG: 'RegisterComponent: ngOnInit called'
[1A[2KChrome Headless 139.0.0.0 (Windows 10): Executed 570 of 732[31m (3 FAILED)[39m (skipped 1) (0 secs / 8.176 secs)
[1A[2KWARN: [36m'NG0914: The application is using zoneless change detection, but is still loading Zone.js. Consider removing Zone.js to get the full benefits of zoneless. In applications using the Angular CLI, Zone.js is typically included in the "polyfills" section of the angular.json file.'[39m
Chrome Headless 139.0.0.0 (Windows 10): Executed 570 of 732[31m (3 FAILED)[39m (skipped 1) (0 secs / 8.176 secs)
WARN: 'NG0914: The application is using zoneless change detection, but is still loading Zone.js. Consider removing Zone.js to get the full benefits of zoneless. In applications using the Angular CLI, Zone.js is typically included in the "polyfills" section of the angular.json file.'
[1A[2KLOG: [36m'RegisterComponent: ngOnInit called'[39m
Chrome Headless 139.0.0.0 (Windows 10): Executed 570 of 732[31m (3 FAILED)[39m (skipped 1) (0 secs / 8.176 secs)
LOG: 'RegisterComponent: ngOnInit called'
[1A[2KChrome Headless 139.0.0.0 (Windows 10): Executed 571 of 732[31m (3 FAILED)[39m (skipped 1) (0 secs / 8.2 secs)
[1A[2KWARN: [36m'NG0914: The application is using zoneless change detection, but is still loading Zone.js. Consider removing Zone.js to get the full benefits of zoneless. In applications using the Angular CLI, Zone.js is typically included in the "polyfills" section of the angular.json file.'[39m
Chrome Headless 139.0.0.0 (Windows 10): Executed 571 of 732[31m (3 FAILED)[39m (skipped 1) (0 secs / 8.2 secs)
WARN: 'NG0914: The application is using zoneless change detection, but is still loading Zone.js. Consider removing Zone.js to get the full benefits of zoneless. In applications using the Angular CLI, Zone.js is typically included in the "polyfills" section of the angular.json file.'
[1A[2KLOG: [36m'RegisterComponent: ngOnInit called'[39m
Chrome Headless 139.0.0.0 (Windows 10): Executed 571 of 732[31m (3 FAILED)[39m (skipped 1) (0 secs / 8.2 secs)
LOG: 'RegisterComponent: ngOnInit called'
[1A[2KChrome Headless 139.0.0.0 (Windows 10): Executed 572 of 732[31m (3 FAILED)[39m (skipped 1) (0 secs / 8.235 secs)
[1A[2KWARN: [36m'NG0914: The application is using zoneless change detection, but is still loading Zone.js. Consider removing Zone.js to get the full benefits of zoneless. In applications using the Angular CLI, Zone.js is typically included in the "polyfills" section of the angular.json file.'[39m
Chrome Headless 139.0.0.0 (Windows 10): Executed 572 of 732[31m (3 FAILED)[39m (skipped 1) (0 secs / 8.235 secs)
WARN: 'NG0914: The application is using zoneless change detection, but is still loading Zone.js. Consider removing Zone.js to get the full benefits of zoneless. In applications using the Angular CLI, Zone.js is typically included in the "polyfills" section of the angular.json file.'
[1A[2KLOG: [36m'RegisterComponent: ngOnInit called'[39m
Chrome Headless 139.0.0.0 (Windows 10): Executed 572 of 732[31m (3 FAILED)[39m (skipped 1) (0 secs / 8.235 secs)
LOG: 'RegisterComponent: ngOnInit called'
[1A[2KChrome Headless 139.0.0.0 (Windows 10): Executed 573 of 732[31m (3 FAILED)[39m (skipped 1) (0 secs / 8.274 secs)
[1A[2KWARN: [36m'NG0914: The application is using zoneless change detection, but is still loading Zone.js. Consider removing Zone.js to get the full benefits of zoneless. In applications using the Angular CLI, Zone.js is typically included in the "polyfills" section of the angular.json file.'[39m
Chrome Headless 139.0.0.0 (Windows 10): Executed 573 of 732[31m (3 FAILED)[39m (skipped 1) (0 secs / 8.274 secs)
WARN: 'NG0914: The application is using zoneless change detection, but is still loading Zone.js. Consider removing Zone.js to get the full benefits of zoneless. In applications using the Angular CLI, Zone.js is typically included in the "polyfills" section of the angular.json file.'
[1A[2KLOG: [36m'RegisterComponent: ngOnInit called'[39m
Chrome Headless 139.0.0.0 (Windows 10): Executed 573 of 732[31m (3 FAILED)[39m (skipped 1) (0 secs / 8.274 secs)
LOG: 'RegisterComponent: ngOnInit called'
[1A[2KChrome Headless 139.0.0.0 (Windows 10): Executed 574 of 732[31m (3 FAILED)[39m (skipped 1) (0 secs / 8.302 secs)
[1A[2KWARN: [36m'NG0914: The application is using zoneless change detection, but is still loading Zone.js. Consider removing Zone.js to get the full benefits of zoneless. In applications using the Angular CLI, Zone.js is typically included in the "polyfills" section of the angular.json file.'[39m
Chrome Headless 139.0.0.0 (Windows 10): Executed 574 of 732[31m (3 FAILED)[39m (skipped 1) (0 secs / 8.302 secs)
WARN: 'NG0914: The application is using zoneless change detection, but is still loading Zone.js. Consider removing Zone.js to get the full benefits of zoneless. In applications using the Angular CLI, Zone.js is typically included in the "polyfills" section of the angular.json file.'
[1A[2KLOG: [36m'RegisterComponent: ngOnInit called'[39m
Chrome Headless 139.0.0.0 (Windows 10): Executed 574 of 732[31m (3 FAILED)[39m (skipped 1) (0 secs / 8.302 secs)
LOG: 'RegisterComponent: ngOnInit called'
[1A[2KChrome Headless 139.0.0.0 (Windows 10): Executed 575 of 732[31m (3 FAILED)[39m (skipped 1) (0 secs / 8.321 secs)
[1A[2KWARN: [36m'NG0914: The application is using zoneless change detection, but is still loading Zone.js. Consider removing Zone.js to get the full benefits of zoneless. In applications using the Angular CLI, Zone.js is typically included in the "polyfills" section of the angular.json file.'[39m
Chrome Headless 139.0.0.0 (Windows 10): Executed 575 of 732[31m (3 FAILED)[39m (skipped 1) (0 secs / 8.321 secs)
WARN: 'NG0914: The application is using zoneless change detection, but is still loading Zone.js. Consider removing Zone.js to get the full benefits of zoneless. In applications using the Angular CLI, Zone.js is typically included in the "polyfills" section of the angular.json file.'
[1A[2KLOG: [36m'RegisterComponent: ngOnInit called'[39m
Chrome Headless 139.0.0.0 (Windows 10): Executed 575 of 732[31m (3 FAILED)[39m (skipped 1) (0 secs / 8.321 secs)
LOG: 'RegisterComponent: ngOnInit called'
[1A[2KChrome Headless 139.0.0.0 (Windows 10): Executed 576 of 732[31m (3 FAILED)[39m (skipped 1) (0 secs / 8.345 secs)
[1A[2KChrome Headless 139.0.0.0 (Windows 10): Executed 577 of 732[31m (3 FAILED)[39m (skipped 1) (0 secs / 8.431 secs)
[1A[2KChrome Headless 139.0.0.0 (Windows 10): Executed 578 of 732[31m (3 FAILED)[39m (skipped 1) (0 secs / 8.443 secs)
[1A[2KChrome Headless 139.0.0.0 (Windows 10): Executed 579 of 732[31m (3 FAILED)[39m (skipped 1) (0 secs / 8.455 secs)
[1A[2KChrome Headless 139.0.0.0 (Windows 10): Executed 580 of 732[31m (3 FAILED)[39m (skipped 1) (0 secs / 8.471 secs)
[1A[2KChrome Headless 139.0.0.0 (Windows 10): Executed 581 of 732[31m (3 FAILED)[39m (skipped 1) (0 secs / 8.481 secs)
[1A[2KChrome Headless 139.0.0.0 (Windows 10): Executed 582 of 732[31m (3 FAILED)[39m (skipped 1) (0 secs / 8.493 secs)
[1A[2KChrome Headless 139.0.0.0 (Windows 10): Executed 583 of 732[31m (3 FAILED)[39m (skipped 1) (0 secs / 8.505 secs)
[1A[2KChrome Headless 139.0.0.0 (Windows 10): Executed 584 of 732[31m (3 FAILED)[39m (skipped 1) (0 secs / 8.516 secs)
[1A[2KChrome Headless 139.0.0.0 (Windows 10): Executed 585 of 732[31m (3 FAILED)[39m (skipped 1) (0 secs / 8.53 secs)
[1A[2K[31mChrome Headless 139.0.0.0 (Windows 10) BudgetManagementComponent should update budget correctly FAILED[39m
	Expected 2000 to be 600.
	    at <Jasmine>
	    at UserContext.<anonymous> (src/app/features/financial/components/budget-management/budget-management.spec.ts:355:46)
	    at <Jasmine>
	Expected '1' to be null.
	    at <Jasmine>
	    at UserContext.<anonymous> (src/app/features/financial/components/budget-management/budget-management.spec.ts:356:39)
	    at <Jasmine>
Chrome Headless 139.0.0.0 (Windows 10): Executed 586 of 732[31m (4 FAILED)[39m (skipped 1) (0 secs / 8.543 secs)
[1A[2KChrome Headless 139.0.0.0 (Windows 10): Executed 587 of 732[31m (4 FAILED)[39m (skipped 1) (0 secs / 8.555 secs)
[1A[2KChrome Headless 139.0.0.0 (Windows 10): Executed 588 of 732[31m (4 FAILED)[39m (skipped 1) (0 secs / 8.568 secs)
[1A[2KChrome Headless 139.0.0.0 (Windows 10): Executed 589 of 732[31m (4 FAILED)[39m (skipped 1) (0 secs / 8.582 secs)
[1A[2K[31mChrome Headless 139.0.0.0 (Windows 10) BudgetManagementComponent should handle form submission with valid data FAILED[39m
	Expected 0 to be 1.
	    at <Jasmine>
	    at UserContext.<anonymous> (src/app/features/financial/components/budget-management/budget-management.spec.ts:306:38)
	    at <Jasmine>
Chrome Headless 139.0.0.0 (Windows 10): Executed 590 of 732[31m (5 FAILED)[39m (skipped 1) (0 secs / 8.594 secs)
[1A[2KChrome Headless 139.0.0.0 (Windows 10): Executed 591 of 732[31m (5 FAILED)[39m (skipped 1) (0 secs / 8.604 secs)
[1A[2KChrome Headless 139.0.0.0 (Windows 10): Executed 592 of 732[31m (5 FAILED)[39m (skipped 1) (0 secs / 8.615 secs)
[1A[2KChrome Headless 139.0.0.0 (Windows 10): Executed 593 of 732[31m (5 FAILED)[39m (skipped 1) (0 secs / 8.628 secs)
[1A[2KChrome Headless 139.0.0.0 (Windows 10): Executed 594 of 732[31m (5 FAILED)[39m (skipped 1) (0 secs / 8.64 secs)
[1A[2KChrome Headless 139.0.0.0 (Windows 10): Executed 595 of 732[31m (5 FAILED)[39m (skipped 1) (0 secs / 8.653 secs)
[1A[2KChrome Headless 139.0.0.0 (Windows 10): Executed 596 of 732[31m (5 FAILED)[39m (skipped 1) (0 secs / 8.664 secs)
[1A[2KChrome Headless 139.0.0.0 (Windows 10): Executed 597 of 732[31m (5 FAILED)[39m (skipped 1) (0 secs / 8.676 secs)
[1A[2KChrome Headless 139.0.0.0 (Windows 10): Executed 598 of 732[31m (5 FAILED)[39m (skipped 1) (0 secs / 8.688 secs)
[1A[2KChrome Headless 139.0.0.0 (Windows 10): Executed 599 of 732[31m (5 FAILED)[39m (skipped 1) (0 secs / 8.698 secs)
[1A[2KChrome Headless 139.0.0.0 (Windows 10): Executed 600 of 732[31m (5 FAILED)[39m (skipped 1) (0 secs / 8.725 secs)
[1A[2KChrome Headless 139.0.0.0 (Windows 10): Executed 601 of 732[31m (5 FAILED)[39m (skipped 1) (0 secs / 8.737 secs)
[1A[2KChrome Headless 139.0.0.0 (Windows 10): Executed 602 of 732[31m (5 FAILED)[39m (skipped 1) (0 secs / 8.748 secs)
[1A[2KChrome Headless 139.0.0.0 (Windows 10): Executed 603 of 732[31m (5 FAILED)[39m (skipped 1) (0 secs / 8.761 secs)
[1A[2KChrome Headless 139.0.0.0 (Windows 10): Executed 604 of 732[31m (5 FAILED)[39m (skipped 1) (0 secs / 8.819 secs)
[1A[2KChrome Headless 139.0.0.0 (Windows 10): Executed 605 of 732[31m (5 FAILED)[39m (skipped 1) (0 secs / 8.827 secs)
[1A[2KChrome Headless 139.0.0.0 (Windows 10): Executed 606 of 732[31m (5 FAILED)[39m (skipped 1) (0 secs / 8.832 secs)
[1A[2KChrome Headless 139.0.0.0 (Windows 10): Executed 607 of 732[31m (5 FAILED)[39m (skipped 1) (0 secs / 8.84 secs)
[1A[2KChrome Headless 139.0.0.0 (Windows 10): Executed 608 of 732[31m (5 FAILED)[39m (skipped 1) (0 secs / 8.846 secs)
[1A[2KChrome Headless 139.0.0.0 (Windows 10): Executed 609 of 732[31m (5 FAILED)[39m (skipped 1) (0 secs / 8.851 secs)
[1A[2KChrome Headless 139.0.0.0 (Windows 10): Executed 610 of 732[31m (5 FAILED)[39m (skipped 1) (0 secs / 8.857 secs)
[1A[2KChrome Headless 139.0.0.0 (Windows 10): Executed 611 of 732[31m (5 FAILED)[39m (skipped 1) (0 secs / 8.861 secs)
[1A[2KChrome Headless 139.0.0.0 (Windows 10): Executed 612 of 732[31m (5 FAILED)[39m (skipped 1) (0 secs / 8.867 secs)
[1A[2KChrome Headless 139.0.0.0 (Windows 10): Executed 613 of 732[31m (5 FAILED)[39m (skipped 1) (0 secs / 8.872 secs)
[1A[2KChrome Headless 139.0.0.0 (Windows 10): Executed 614 of 732[31m (5 FAILED)[39m (skipped 1) (0 secs / 8.878 secs)
[1A[2KChrome Headless 139.0.0.0 (Windows 10): Executed 615 of 732[31m (5 FAILED)[39m (skipped 1) (0 secs / 8.884 secs)
[1A[2KChrome Headless 139.0.0.0 (Windows 10): Executed 616 of 732[31m (5 FAILED)[39m (skipped 1) (0 secs / 8.898 secs)
[1A[2KChrome Headless 139.0.0.0 (Windows 10): Executed 617 of 732[31m (5 FAILED)[39m (skipped 1) (0 secs / 8.903 secs)
[1A[2KChrome Headless 139.0.0.0 (Windows 10): Executed 618 of 732[31m (5 FAILED)[39m (skipped 1) (0 secs / 8.909 secs)
[1A[2KChrome Headless 139.0.0.0 (Windows 10): Executed 619 of 732[31m (5 FAILED)[39m (skipped 1) (0 secs / 8.915 secs)
[1A[2KChrome Headless 139.0.0.0 (Windows 10): Executed 620 of 732[31m (5 FAILED)[39m (skipped 1) (0 secs / 8.919 secs)
[1A[2KChrome Headless 139.0.0.0 (Windows 10): Executed 621 of 732[31m (5 FAILED)[39m (skipped 1) (0 secs / 8.925 secs)
[1A[2KERROR: [36m'Error creating transaction:', Error: API Error
Error: API Error
    at errorFactory (http://localhost:9876/_karma_webpack_/webpack:/src/app/features/financial/components/transaction-form/transaction-form.spec.ts:409:79)
    at Observable._subscribe (http://localhost:9876/_karma_webpack_/webpack:/node_modules/rxjs/dist/esm/internal/observable/throwError.js:5:51)
    at Observable._trySubscribe (http://localhost:9876/_karma_webpack_/webpack:/node_modules/rxjs/dist/esm/internal/Observable.js:37:25)
    at cb (http://localhost:9876/_karma_webpack_/webpack:/node_modules/rxjs/dist/esm/internal/Observable.js:31:30)
    at errorContext (http://localhost:9876/_karma_webpack_/webpack:/node_modules/rxjs/dist/esm/internal/util/errorContext.js:19:9)
    at Observable.subscribe (http://localhost:9876/_karma_webpack_/webpack:/node_modules/rxjs/dist/esm/internal/Observable.js:22:21)
    at init (http://localhost:9876/_karma_webpack_/webpack:/node_modules/rxjs/dist/esm/internal/operators/takeUntil.js:8:38)
    at SafeSubscriber.call (http://localhost:9876/_karma_webpack_/webpack:/node_modules/rxjs/dist/esm/internal/util/lift.js:10:28)
    at cb (http://localhost:9876/_karma_webpack_/webpack:/node_modules/rxjs/dist/esm/internal/Observable.js:26:30)
    at errorContext (http://localhost:9876/_karma_webpack_/webpack:/node_modules/rxjs/dist/esm/internal/util/errorContext.js:19:9)[39m
Chrome Headless 139.0.0.0 (Windows 10): Executed 621 of 732[31m (5 FAILED)[39m (skipped 1) (0 secs / 8.925 secs)
ERROR: 'Error creating transaction:', Error: API Error
Error: API Error
    at errorFactory (http://localhost:9876/_karma_webpack_/webpack:/src/app/features/financial/components/transaction-form/transaction-form.spec.ts:409:79)
    at Observable._subscribe (http://localhost:9876/_karma_webpack_/webpack:/node_modules/rxjs/dist/esm/internal/observable/throwError.js:5:51)
    at Observable._trySubscribe (http://localhost:9876/_karma_webpack_/webpack:/node_modules/rxjs/dist/esm/internal/Observable.js:37:25)
    at cb (http://localhost:9876/_karma_webpack_/webpack:/node_modules/rxjs/dist/esm/internal/Observable.js:31:30)
    at errorContext (http://localhost:9876/_karma_webpack_/webpack:/node_modules/rxjs/dist/esm/internal/util/errorContext.js:19:9)
    at Observable.subscribe (http://localhost:9876/_karma_webpack_/webpack:/node_modules/rxjs/dist/esm/internal/Observable.js:22:21)
    at init (http://localhost:9876/_karma_webpack_/webpack:/node_modules/rxjs/dist/esm/internal/operators/takeUntil.js:8:38)
    at SafeSubscriber.call (http://localhost:9876/_karma_webpack_/webpack:/node_modules/rxjs/dist/esm/internal/util/lift.js:10:28)
    at cb (http://localhost:9876/_karma_webpack_/webpack:/node_modules/rxjs/dist/esm/internal/Observable.js:26:30)
    at errorContext (http://localhost:9876/_karma_webpack_/webpack:/node_modules/rxjs/dist/esm/internal/util/errorContext.js:19:9)
[1A[2KChrome Headless 139.0.0.0 (Windows 10): Executed 622 of 732[31m (5 FAILED)[39m (skipped 1) (0 secs / 8.93 secs)
[1A[2KChrome Headless 139.0.0.0 (Windows 10): Executed 623 of 732[31m (5 FAILED)[39m (skipped 1) (0 secs / 8.934 secs)
[1A[2KChrome Headless 139.0.0.0 (Windows 10): Executed 624 of 732[31m (5 FAILED)[39m (skipped 1) (0 secs / 8.937 secs)
[1A[2KChrome Headless 139.0.0.0 (Windows 10): Executed 625 of 732[31m (5 FAILED)[39m (skipped 1) (0 secs / 8.943 secs)
[1A[2KChrome Headless 139.0.0.0 (Windows 10): Executed 626 of 732[31m (5 FAILED)[39m (skipped 1) (0 secs / 8.95 secs)
[1A[2KChrome Headless 139.0.0.0 (Windows 10): Executed 627 of 732[31m (5 FAILED)[39m (skipped 1) (0 secs / 8.957 secs)
[1A[2KChrome Headless 139.0.0.0 (Windows 10): Executed 628 of 732[31m (5 FAILED)[39m (skipped 1) (0 secs / 8.962 secs)
[1A[2KChrome Headless 139.0.0.0 (Windows 10): Executed 629 of 732[31m (5 FAILED)[39m (skipped 1) (0 secs / 8.967 secs)
[1A[2KChrome Headless 139.0.0.0 (Windows 10): Executed 630 of 732[31m (5 FAILED)[39m (skipped 1) (0 secs / 8.973 secs)
[1A[2KChrome Headless 139.0.0.0 (Windows 10): Executed 631 of 732[31m (5 FAILED)[39m (skipped 1) (0 secs / 8.979 secs)
[1A[2KChrome Headless 139.0.0.0 (Windows 10): Executed 632 of 732[31m (5 FAILED)[39m (skipped 1) (0 secs / 8.983 secs)
[1A[2KChrome Headless 139.0.0.0 (Windows 10): Executed 633 of 732[31m (5 FAILED)[39m (skipped 1) (0 secs / 8.988 secs)
[1A[2KChrome Headless 139.0.0.0 (Windows 10): Executed 634 of 732[31m (5 FAILED)[39m (skipped 1) (0 secs / 8.993 secs)
[1A[2KChrome Headless 139.0.0.0 (Windows 10): Executed 635 of 732[31m (5 FAILED)[39m (skipped 1) (0 secs / 8.999 secs)
[1A[2KChrome Headless 139.0.0.0 (Windows 10): Executed 636 of 732[31m (5 FAILED)[39m (skipped 1) (0 secs / 9.005 secs)
[1A[2KChrome Headless 139.0.0.0 (Windows 10): Executed 637 of 732[31m (5 FAILED)[39m (skipped 1) (0 secs / 9.009 secs)
[1A[2KChrome Headless 139.0.0.0 (Windows 10): Executed 638 of 732[31m (5 FAILED)[39m (skipped 1) (0 secs / 9.015 secs)
[1A[2KChrome Headless 139.0.0.0 (Windows 10): Executed 639 of 732[31m (5 FAILED)[39m (skipped 1) (0 secs / 9.027 secs)
[1A[2KChrome Headless 139.0.0.0 (Windows 10): Executed 640 of 732[31m (5 FAILED)[39m (skipped 1) (0 secs / 9.031 secs)
[1A[2KChrome Headless 139.0.0.0 (Windows 10): Executed 641 of 732[31m (5 FAILED)[39m (skipped 1) (0 secs / 9.037 secs)
[1A[2KChrome Headless 139.0.0.0 (Windows 10): Executed 642 of 732[31m (5 FAILED)[39m (skipped 1) (0 secs / 9.041 secs)
[1A[2KChrome Headless 139.0.0.0 (Windows 10): Executed 643 of 732[31m (5 FAILED)[39m (skipped 1) (0 secs / 9.045 secs)
[1A[2KChrome Headless 139.0.0.0 (Windows 10): Executed 644 of 732[31m (5 FAILED)[39m (skipped 1) (0 secs / 9.05 secs)
[1A[2KChrome Headless 139.0.0.0 (Windows 10): Executed 645 of 732[31m (5 FAILED)[39m (skipped 1) (0 secs / 9.054 secs)
[1A[2KChrome Headless 139.0.0.0 (Windows 10): Executed 646 of 732[31m (5 FAILED)[39m (skipped 1) (0 secs / 9.061 secs)
[1A[2KChrome Headless 139.0.0.0 (Windows 10): Executed 647 of 732[31m (5 FAILED)[39m (skipped 1) (0 secs / 9.065 secs)
[1A[2KChrome Headless 139.0.0.0 (Windows 10): Executed 648 of 732[31m (5 FAILED)[39m (skipped 1) (0 secs / 9.07 secs)
[1A[2KChrome Headless 139.0.0.0 (Windows 10): Executed 649 of 732[31m (5 FAILED)[39m (skipped 1) (0 secs / 9.073 secs)
[1A[2KChrome Headless 139.0.0.0 (Windows 10): Executed 650 of 732[31m (5 FAILED)[39m (skipped 1) (0 secs / 9.076 secs)
[1A[2KChrome Headless 139.0.0.0 (Windows 10): Executed 651 of 732[31m (5 FAILED)[39m (skipped 1) (0 secs / 9.08 secs)
[1A[2KChrome Headless 139.0.0.0 (Windows 10): Executed 652 of 732[31m (5 FAILED)[39m (skipped 1) (0 secs / 9.084 secs)
[1A[2KChrome Headless 139.0.0.0 (Windows 10): Executed 653 of 732[31m (5 FAILED)[39m (skipped 1) (0 secs / 9.088 secs)
[1A[2KChrome Headless 139.0.0.0 (Windows 10): Executed 654 of 732[31m (5 FAILED)[39m (skipped 1) (0 secs / 9.092 secs)
[1A[2KChrome Headless 139.0.0.0 (Windows 10): Executed 655 of 732[31m (5 FAILED)[39m (skipped 1) (0 secs / 9.096 secs)
[1A[2KChrome Headless 139.0.0.0 (Windows 10): Executed 656 of 732[31m (5 FAILED)[39m (skipped 1) (0 secs / 9.099 secs)
[1A[2KChrome Headless 139.0.0.0 (Windows 10): Executed 657 of 732[31m (5 FAILED)[39m (skipped 1) (0 secs / 9.105 secs)
[1A[2KERROR: [36m'Error loading categories:', Error: API Error
Error: API Error
    at errorFactory (http://localhost:9876/_karma_webpack_/webpack:/src/app/features/financial/components/transaction-form/transaction-form.spec.ts:281:76)
    at Observable._subscribe (http://localhost:9876/_karma_webpack_/webpack:/node_modules/rxjs/dist/esm/internal/observable/throwError.js:5:51)
    at Observable._trySubscribe (http://localhost:9876/_karma_webpack_/webpack:/node_modules/rxjs/dist/esm/internal/Observable.js:37:25)
    at cb (http://localhost:9876/_karma_webpack_/webpack:/node_modules/rxjs/dist/esm/internal/Observable.js:31:30)
    at errorContext (http://localhost:9876/_karma_webpack_/webpack:/node_modules/rxjs/dist/esm/internal/util/errorContext.js:19:9)
    at Observable.subscribe (http://localhost:9876/_karma_webpack_/webpack:/node_modules/rxjs/dist/esm/internal/Observable.js:22:21)
    at init (http://localhost:9876/_karma_webpack_/webpack:/node_modules/rxjs/dist/esm/internal/operators/takeUntil.js:8:38)
    at SafeSubscriber.call (http://localhost:9876/_karma_webpack_/webpack:/node_modules/rxjs/dist/esm/internal/util/lift.js:10:28)
    at cb (http://localhost:9876/_karma_webpack_/webpack:/node_modules/rxjs/dist/esm/internal/Observable.js:26:30)
    at errorContext (http://localhost:9876/_karma_webpack_/webpack:/node_modules/rxjs/dist/esm/internal/util/errorContext.js:19:9)[39m
Chrome Headless 139.0.0.0 (Windows 10): Executed 657 of 732[31m (5 FAILED)[39m (skipped 1) (0 secs / 9.105 secs)
ERROR: 'Error loading categories:', Error: API Error
Error: API Error
    at errorFactory (http://localhost:9876/_karma_webpack_/webpack:/src/app/features/financial/components/transaction-form/transaction-form.spec.ts:281:76)
    at Observable._subscribe (http://localhost:9876/_karma_webpack_/webpack:/node_modules/rxjs/dist/esm/internal/observable/throwError.js:5:51)
    at Observable._trySubscribe (http://localhost:9876/_karma_webpack_/webpack:/node_modules/rxjs/dist/esm/internal/Observable.js:37:25)
    at cb (http://localhost:9876/_karma_webpack_/webpack:/node_modules/rxjs/dist/esm/internal/Observable.js:31:30)
    at errorContext (http://localhost:9876/_karma_webpack_/webpack:/node_modules/rxjs/dist/esm/internal/util/errorContext.js:19:9)
    at Observable.subscribe (http://localhost:9876/_karma_webpack_/webpack:/node_modules/rxjs/dist/esm/internal/Observable.js:22:21)
    at init (http://localhost:9876/_karma_webpack_/webpack:/node_modules/rxjs/dist/esm/internal/operators/takeUntil.js:8:38)
    at SafeSubscriber.call (http://localhost:9876/_karma_webpack_/webpack:/node_modules/rxjs/dist/esm/internal/util/lift.js:10:28)
    at cb (http://localhost:9876/_karma_webpack_/webpack:/node_modules/rxjs/dist/esm/internal/Observable.js:26:30)
    at errorContext (http://localhost:9876/_karma_webpack_/webpack:/node_modules/rxjs/dist/esm/internal/util/errorContext.js:19:9)
[1A[2KChrome Headless 139.0.0.0 (Windows 10): Executed 658 of 732[31m (5 FAILED)[39m (skipped 1) (0 secs / 9.113 secs)
[1A[2KChrome Headless 139.0.0.0 (Windows 10): Executed 659 of 732[31m (5 FAILED)[39m (skipped 1) (0 secs / 9.118 secs)
[1A[2KChrome Headless 139.0.0.0 (Windows 10): Executed 660 of 732[31m (5 FAILED)[39m (skipped 1) (0 secs / 9.131 secs)
[1A[2KChrome Headless 139.0.0.0 (Windows 10): Executed 661 of 732[31m (5 FAILED)[39m (skipped 1) (0 secs / 9.135 secs)
[1A[2KChrome Headless 139.0.0.0 (Windows 10): Executed 662 of 732[31m (5 FAILED)[39m (skipped 1) (0 secs / 9.14 secs)
[1A[2KChrome Headless 139.0.0.0 (Windows 10): Executed 663 of 732[31m (5 FAILED)[39m (skipped 1) (0 secs / 9.143 secs)
[1A[2KChrome Headless 139.0.0.0 (Windows 10): Executed 664 of 732[31m (5 FAILED)[39m (skipped 1) (0 secs / 9.149 secs)
[1A[2KChrome Headless 139.0.0.0 (Windows 10): Executed 665 of 732[31m (5 FAILED)[39m (skipped 1) (0 secs / 9.153 secs)
[1A[2KChrome Headless 139.0.0.0 (Windows 10): Executed 666 of 732[31m (5 FAILED)[39m (skipped 1) (0 secs / 9.158 secs)
[1A[2KChrome Headless 139.0.0.0 (Windows 10): Executed 667 of 732[31m (5 FAILED)[39m (skipped 1) (0 secs / 9.161 secs)
[1A[2KChrome Headless 139.0.0.0 (Windows 10): Executed 668 of 732[31m (5 FAILED)[39m (skipped 1) (0 secs / 9.165 secs)
[1A[2KChrome Headless 139.0.0.0 (Windows 10): Executed 669 of 732[31m (5 FAILED)[39m (skipped 1) (0 secs / 9.169 secs)
[1A[2KChrome Headless 139.0.0.0 (Windows 10): Executed 670 of 732[31m (5 FAILED)[39m (skipped 1) (0 secs / 9.174 secs)
[1A[2KChrome Headless 139.0.0.0 (Windows 10): Executed 671 of 732[31m (5 FAILED)[39m (skipped 1) (0 secs / 9.177 secs)
[1A[2KChrome Headless 139.0.0.0 (Windows 10): Executed 672 of 732[31m (5 FAILED)[39m (skipped 1) (0 secs / 9.18 secs)
[1A[2KChrome Headless 139.0.0.0 (Windows 10): Executed 673 of 732[31m (5 FAILED)[39m (skipped 1) (0 secs / 9.185 secs)
[1A[2KChrome Headless 139.0.0.0 (Windows 10): Executed 674 of 732[31m (5 FAILED)[39m (skipped 1) (0 secs / 9.189 secs)
[1A[2KChrome Headless 139.0.0.0 (Windows 10): Executed 675 of 732[31m (5 FAILED)[39m (skipped 1) (0 secs / 9.193 secs)
[1A[2KChrome Headless 139.0.0.0 (Windows 10): Executed 676 of 732[31m (5 FAILED)[39m (skipped 1) (0 secs / 9.247 secs)
[1A[2KChrome Headless 139.0.0.0 (Windows 10): Executed 677 of 732[31m (5 FAILED)[39m (skipped 1) (0 secs / 9.253 secs)
[1A[2KChrome Headless 139.0.0.0 (Windows 10): Executed 678 of 732[31m (5 FAILED)[39m (skipped 1) (0 secs / 9.26 secs)
[1A[2KChrome Headless 139.0.0.0 (Windows 10): Executed 679 of 732[31m (5 FAILED)[39m (skipped 1) (0 secs / 9.265 secs)
[1A[2KChrome Headless 139.0.0.0 (Windows 10): Executed 680 of 732[31m (5 FAILED)[39m (skipped 1) (0 secs / 9.274 secs)
[1A[2KChrome Headless 139.0.0.0 (Windows 10): Executed 681 of 732[31m (5 FAILED)[39m (skipped 1) (0 secs / 9.281 secs)
[1A[2KChrome Headless 139.0.0.0 (Windows 10): Executed 682 of 732[31m (5 FAILED)[39m (skipped 1) (0 secs / 9.293 secs)
[1A[2KChrome Headless 139.0.0.0 (Windows 10): Executed 683 of 732[31m (5 FAILED)[39m (skipped 1) (0 secs / 9.301 secs)
[1A[2KChrome Headless 139.0.0.0 (Windows 10): Executed 684 of 732[31m (5 FAILED)[39m (skipped 1) (0 secs / 9.309 secs)
[1A[2KChrome Headless 139.0.0.0 (Windows 10): Executed 685 of 732[31m (5 FAILED)[39m (skipped 1) (0 secs / 9.316 secs)
[1A[2KChrome Headless 139.0.0.0 (Windows 10): Executed 686 of 732[31m (5 FAILED)[39m (skipped 1) (0 secs / 9.321 secs)
[1A[2KChrome Headless 139.0.0.0 (Windows 10): Executed 687 of 732[31m (5 FAILED)[39m (skipped 1) (0 secs / 9.331 secs)
[1A[2KChrome Headless 139.0.0.0 (Windows 10): Executed 688 of 732[31m (5 FAILED)[39m (skipped 1) (0 secs / 9.339 secs)
[1A[2KChrome Headless 139.0.0.0 (Windows 10): Executed 689 of 732[31m (5 FAILED)[39m (skipped 1) (0 secs / 9.347 secs)
[1A[2KChrome Headless 139.0.0.0 (Windows 10): Executed 690 of 732[31m (5 FAILED)[39m (skipped 1) (0 secs / 9.354 secs)
[1A[2KChrome Headless 139.0.0.0 (Windows 10): Executed 691 of 732[31m (5 FAILED)[39m (skipped 1) (0 secs / 9.359 secs)
[1A[2KERROR: [36m'Error loading transaction:', Error: API Error
Error: API Error
    at errorFactory (http://localhost:9876/_karma_webpack_/webpack:/src/app/features/financial/components/transaction-details/transaction-details.spec.ts:193:76)
    at Observable._subscribe (http://localhost:9876/_karma_webpack_/webpack:/node_modules/rxjs/dist/esm/internal/observable/throwError.js:5:51)
    at Observable._trySubscribe (http://localhost:9876/_karma_webpack_/webpack:/node_modules/rxjs/dist/esm/internal/Observable.js:37:25)
    at cb (http://localhost:9876/_karma_webpack_/webpack:/node_modules/rxjs/dist/esm/internal/Observable.js:31:30)
    at errorContext (http://localhost:9876/_karma_webpack_/webpack:/node_modules/rxjs/dist/esm/internal/util/errorContext.js:19:9)
    at Observable.subscribe (http://localhost:9876/_karma_webpack_/webpack:/node_modules/rxjs/dist/esm/internal/Observable.js:22:21)
    at onNext (http://localhost:9876/_karma_webpack_/webpack:/node_modules/rxjs/dist/esm/internal/operators/switchMap.js:14:51)
    at OperatorSubscriber._next (http://localhost:9876/_karma_webpack_/webpack:/node_modules/rxjs/dist/esm/internal/operators/OperatorSubscriber.js:13:21)
    at OperatorSubscriber.next (http://localhost:9876/_karma_webpack_/webpack:/node_modules/rxjs/dist/esm/internal/Subscriber.js:31:18)
    at Observable._subscribe (http://localhost:9876/_karma_webpack_/webpack:/node_modules/rxjs/dist/esm/internal/observable/innerFrom.js:51:24)[39m
Chrome Headless 139.0.0.0 (Windows 10): Executed 691 of 732[31m (5 FAILED)[39m (skipped 1) (0 secs / 9.359 secs)
ERROR: 'Error loading transaction:', Error: API Error
Error: API Error
    at errorFactory (http://localhost:9876/_karma_webpack_/webpack:/src/app/features/financial/components/transaction-details/transaction-details.spec.ts:193:76)
    at Observable._subscribe (http://localhost:9876/_karma_webpack_/webpack:/node_modules/rxjs/dist/esm/internal/observable/throwError.js:5:51)
    at Observable._trySubscribe (http://localhost:9876/_karma_webpack_/webpack:/node_modules/rxjs/dist/esm/internal/Observable.js:37:25)
    at cb (http://localhost:9876/_karma_webpack_/webpack:/node_modules/rxjs/dist/esm/internal/Observable.js:31:30)
    at errorContext (http://localhost:9876/_karma_webpack_/webpack:/node_modules/rxjs/dist/esm/internal/util/errorContext.js:19:9)
    at Observable.subscribe (http://localhost:9876/_karma_webpack_/webpack:/node_modules/rxjs/dist/esm/internal/Observable.js:22:21)
    at onNext (http://localhost:9876/_karma_webpack_/webpack:/node_modules/rxjs/dist/esm/internal/operators/switchMap.js:14:51)
    at OperatorSubscriber._next (http://localhost:9876/_karma_webpack_/webpack:/node_modules/rxjs/dist/esm/internal/operators/OperatorSubscriber.js:13:21)
    at OperatorSubscriber.next (http://localhost:9876/_karma_webpack_/webpack:/node_modules/rxjs/dist/esm/internal/Subscriber.js:31:18)
    at Observable._subscribe (http://localhost:9876/_karma_webpack_/webpack:/node_modules/rxjs/dist/esm/internal/observable/innerFrom.js:51:24)
[1A[2KChrome Headless 139.0.0.0 (Windows 10): Executed 692 of 732[31m (5 FAILED)[39m (skipped 1) (0 secs / 9.368 secs)
[1A[2KChrome Headless 139.0.0.0 (Windows 10): Executed 693 of 732[31m (5 FAILED)[39m (skipped 1) (0 secs / 9.375 secs)
[1A[2KChrome Headless 139.0.0.0 (Windows 10): Executed 694 of 732[31m (5 FAILED)[39m (skipped 1) (0 secs / 9.38 secs)
[1A[2KChrome Headless 139.0.0.0 (Windows 10): Executed 695 of 732[31m (5 FAILED)[39m (skipped 1) (0 secs / 9.387 secs)
[1A[2KChrome Headless 139.0.0.0 (Windows 10): Executed 696 of 732[31m (5 FAILED)[39m (skipped 1) (0 secs / 9.393 secs)
[1A[2KChrome Headless 139.0.0.0 (Windows 10): Executed 697 of 732[31m (5 FAILED)[39m (skipped 1) (0 secs / 9.399 secs)
[1A[2K[31mChrome Headless 139.0.0.0 (Windows 10) CategoryFormComponent should handle form reset FAILED[39m
	TypeError: Cannot read properties of undefined (reading 'pipe')
	    at CategoryFormComponent.checkEditMode (src/app/features/financial/components/category-form/category-form.ts:130:8)
	    at CategoryFormComponent.call [as ngOnInit] (src/app/features/financial/components/category-form/category-form.ts:120:10)
	    at callHookInternal (node_modules/@angular/core/fesm2022/debug_node.mjs:860:14)
	    at callHook (node_modules/@angular/core/fesm2022/debug_node.mjs:887:13)
	    at callHooks (node_modules/@angular/core/fesm2022/debug_node.mjs:841:17)
	    at executeInitAndCheckHooks (node_modules/@angular/core/fesm2022/debug_node.mjs:791:9)
	    at refreshView (node_modules/@angular/core/fesm2022/debug_node.mjs:8980:21)
	    at detectChangesInView (node_modules/@angular/core/fesm2022/debug_node.mjs:9185:9)
	    at detectChangesInViewWhileDirty (node_modules/@angular/core/fesm2022/debug_node.mjs:8874:9)
	    at detectChangesInternal (node_modules/@angular/core/fesm2022/debug_node.mjs:8862:9)
Chrome Headless 139.0.0.0 (Windows 10): Executed 698 of 732[31m (6 FAILED)[39m (skipped 1) (0 secs / 9.445 secs)
[1A[2K[31mChrome Headless 139.0.0.0 (Windows 10) CategoryFormComponent should create FAILED[39m
	TypeError: Cannot read properties of undefined (reading 'pipe')
	    at CategoryFormComponent.checkEditMode (src/app/features/financial/components/category-form/category-form.ts:130:8)
	    at CategoryFormComponent.call [as ngOnInit] (src/app/features/financial/components/category-form/category-form.ts:120:10)
	    at callHookInternal (node_modules/@angular/core/fesm2022/debug_node.mjs:860:14)
	    at callHook (node_modules/@angular/core/fesm2022/debug_node.mjs:887:13)
	    at callHooks (node_modules/@angular/core/fesm2022/debug_node.mjs:841:17)
	    at executeInitAndCheckHooks (node_modules/@angular/core/fesm2022/debug_node.mjs:791:9)
	    at refreshView (node_modules/@angular/core/fesm2022/debug_node.mjs:8980:21)
	    at detectChangesInView (node_modules/@angular/core/fesm2022/debug_node.mjs:9185:9)
	    at detectChangesInViewWhileDirty (node_modules/@angular/core/fesm2022/debug_node.mjs:8874:9)
	    at detectChangesInternal (node_modules/@angular/core/fesm2022/debug_node.mjs:8862:9)
Chrome Headless 139.0.0.0 (Windows 10): Executed 699 of 732[31m (7 FAILED)[39m (skipped 1) (0 secs / 9.455 secs)
[1A[2K[31mChrome Headless 139.0.0.0 (Windows 10) CategoryFormComponent should handle color picker changes FAILED[39m
	TypeError: Cannot read properties of undefined (reading 'pipe')
	    at CategoryFormComponent.checkEditMode (src/app/features/financial/components/category-form/category-form.ts:130:8)
	    at CategoryFormComponent.call [as ngOnInit] (src/app/features/financial/components/category-form/category-form.ts:120:10)
	    at callHookInternal (node_modules/@angular/core/fesm2022/debug_node.mjs:860:14)
	    at callHook (node_modules/@angular/core/fesm2022/debug_node.mjs:887:13)
	    at callHooks (node_modules/@angular/core/fesm2022/debug_node.mjs:841:17)
	    at executeInitAndCheckHooks (node_modules/@angular/core/fesm2022/debug_node.mjs:791:9)
	    at refreshView (node_modules/@angular/core/fesm2022/debug_node.mjs:8980:21)
	    at detectChangesInView (node_modules/@angular/core/fesm2022/debug_node.mjs:9185:9)
	    at detectChangesInViewWhileDirty (node_modules/@angular/core/fesm2022/debug_node.mjs:8874:9)
	    at detectChangesInternal (node_modules/@angular/core/fesm2022/debug_node.mjs:8862:9)
Chrome Headless 139.0.0.0 (Windows 10): Executed 700 of 732[31m (8 FAILED)[39m (skipped 1) (0 secs / 9.463 secs)
[1A[2K[31mChrome Headless 139.0.0.0 (Windows 10) CategoryFormComponent should handle active status toggle FAILED[39m
	TypeError: Cannot read properties of undefined (reading 'pipe')
	    at CategoryFormComponent.checkEditMode (src/app/features/financial/components/category-form/category-form.ts:130:8)
	    at CategoryFormComponent.call [as ngOnInit] (src/app/features/financial/components/category-form/category-form.ts:120:10)
	    at callHookInternal (node_modules/@angular/core/fesm2022/debug_node.mjs:860:14)
	    at callHook (node_modules/@angular/core/fesm2022/debug_node.mjs:887:13)
	    at callHooks (node_modules/@angular/core/fesm2022/debug_node.mjs:841:17)
	    at executeInitAndCheckHooks (node_modules/@angular/core/fesm2022/debug_node.mjs:791:9)
	    at refreshView (node_modules/@angular/core/fesm2022/debug_node.mjs:8980:21)
	    at detectChangesInView (node_modules/@angular/core/fesm2022/debug_node.mjs:9185:9)
	    at detectChangesInViewWhileDirty (node_modules/@angular/core/fesm2022/debug_node.mjs:8874:9)
	    at detectChangesInternal (node_modules/@angular/core/fesm2022/debug_node.mjs:8862:9)
Chrome Headless 139.0.0.0 (Windows 10): Executed 701 of 732[31m (9 FAILED)[39m (skipped 1) (0 secs / 9.47 secs)
[1A[2K[31mChrome Headless 139.0.0.0 (Windows 10) CategoryFormComponent should load category data when editing FAILED[39m
	TypeError: Cannot read properties of undefined (reading 'pipe')
	    at CategoryFormComponent.checkEditMode (src/app/features/financial/components/category-form/category-form.ts:130:8)
	    at CategoryFormComponent.call [as ngOnInit] (src/app/features/financial/components/category-form/category-form.ts:120:10)
	    at callHookInternal (node_modules/@angular/core/fesm2022/debug_node.mjs:860:14)
	    at callHook (node_modules/@angular/core/fesm2022/debug_node.mjs:887:13)
	    at callHooks (node_modules/@angular/core/fesm2022/debug_node.mjs:841:17)
	    at executeInitAndCheckHooks (node_modules/@angular/core/fesm2022/debug_node.mjs:791:9)
	    at refreshView (node_modules/@angular/core/fesm2022/debug_node.mjs:8980:21)
	    at detectChangesInView (node_modules/@angular/core/fesm2022/debug_node.mjs:9185:9)
	    at detectChangesInViewWhileDirty (node_modules/@angular/core/fesm2022/debug_node.mjs:8874:9)
	    at detectChangesInternal (node_modules/@angular/core/fesm2022/debug_node.mjs:8862:9)
Chrome Headless 139.0.0.0 (Windows 10): Executed 702 of 732[31m (10 FAILED)[39m (skipped 1) (0 secs / 9.476 secs)
[1A[2K[31mChrome Headless 139.0.0.0 (Windows 10) CategoryFormComponent should handle parent category selection FAILED[39m
	TypeError: Cannot read properties of undefined (reading 'pipe')
	    at CategoryFormComponent.checkEditMode (src/app/features/financial/components/category-form/category-form.ts:130:8)
	    at CategoryFormComponent.call [as ngOnInit] (src/app/features/financial/components/category-form/category-form.ts:120:10)
	    at callHookInternal (node_modules/@angular/core/fesm2022/debug_node.mjs:860:14)
	    at callHook (node_modules/@angular/core/fesm2022/debug_node.mjs:887:13)
	    at callHooks (node_modules/@angular/core/fesm2022/debug_node.mjs:841:17)
	    at executeInitAndCheckHooks (node_modules/@angular/core/fesm2022/debug_node.mjs:791:9)
	    at refreshView (node_modules/@angular/core/fesm2022/debug_node.mjs:8980:21)
	    at detectChangesInView (node_modules/@angular/core/fesm2022/debug_node.mjs:9185:9)
	    at detectChangesInViewWhileDirty (node_modules/@angular/core/fesm2022/debug_node.mjs:8874:9)
	    at detectChangesInternal (node_modules/@angular/core/fesm2022/debug_node.mjs:8862:9)
Chrome Headless 139.0.0.0 (Windows 10): Executed 703 of 732[31m (11 FAILED)[39m (skipped 1) (0 secs / 9.483 secs)
[1A[2K[31mChrome Headless 139.0.0.0 (Windows 10) CategoryFormComponent should create form with correct structure FAILED[39m
	TypeError: Cannot read properties of undefined (reading 'pipe')
	    at CategoryFormComponent.checkEditMode (src/app/features/financial/components/category-form/category-form.ts:130:8)
	    at CategoryFormComponent.call [as ngOnInit] (src/app/features/financial/components/category-form/category-form.ts:120:10)
	    at callHookInternal (node_modules/@angular/core/fesm2022/debug_node.mjs:860:14)
	    at callHook (node_modules/@angular/core/fesm2022/debug_node.mjs:887:13)
	    at callHooks (node_modules/@angular/core/fesm2022/debug_node.mjs:841:17)
	    at executeInitAndCheckHooks (node_modules/@angular/core/fesm2022/debug_node.mjs:791:9)
	    at refreshView (node_modules/@angular/core/fesm2022/debug_node.mjs:8980:21)
	    at detectChangesInView (node_modules/@angular/core/fesm2022/debug_node.mjs:9185:9)
	    at detectChangesInViewWhileDirty (node_modules/@angular/core/fesm2022/debug_node.mjs:8874:9)
	    at detectChangesInternal (node_modules/@angular/core/fesm2022/debug_node.mjs:8862:9)
Chrome Headless 139.0.0.0 (Windows 10): Executed 704 of 732[31m (12 FAILED)[39m (skipped 1) (0 secs / 9.491 secs)
[1A[2K[31mChrome Headless 139.0.0.0 (Windows 10) CategoryFormComponent should initialize with default values FAILED[39m
	TypeError: Cannot read properties of undefined (reading 'pipe')
	    at CategoryFormComponent.checkEditMode (src/app/features/financial/components/category-form/category-form.ts:130:8)
	    at CategoryFormComponent.call [as ngOnInit] (src/app/features/financial/components/category-form/category-form.ts:120:10)
	    at callHookInternal (node_modules/@angular/core/fesm2022/debug_node.mjs:860:14)
	    at callHook (node_modules/@angular/core/fesm2022/debug_node.mjs:887:13)
	    at callHooks (node_modules/@angular/core/fesm2022/debug_node.mjs:841:17)
	    at executeInitAndCheckHooks (node_modules/@angular/core/fesm2022/debug_node.mjs:791:9)
	    at refreshView (node_modules/@angular/core/fesm2022/debug_node.mjs:8980:21)
	    at detectChangesInView (node_modules/@angular/core/fesm2022/debug_node.mjs:9185:9)
	    at detectChangesInViewWhileDirty (node_modules/@angular/core/fesm2022/debug_node.mjs:8874:9)
	    at detectChangesInternal (node_modules/@angular/core/fesm2022/debug_node.mjs:8862:9)
Chrome Headless 139.0.0.0 (Windows 10): Executed 705 of 732[31m (13 FAILED)[39m (skipped 1) (0 secs / 9.501 secs)
[1A[2K[31mChrome Headless 139.0.0.0 (Windows 10) CategoryFormComponent should handle form submission for existing category FAILED[39m
	TypeError: Cannot read properties of undefined (reading 'pipe')
	    at CategoryFormComponent.checkEditMode (src/app/features/financial/components/category-form/category-form.ts:130:8)
	    at CategoryFormComponent.call [as ngOnInit] (src/app/features/financial/components/category-form/category-form.ts:120:10)
	    at callHookInternal (node_modules/@angular/core/fesm2022/debug_node.mjs:860:14)
	    at callHook (node_modules/@angular/core/fesm2022/debug_node.mjs:887:13)
	    at callHooks (node_modules/@angular/core/fesm2022/debug_node.mjs:841:17)
	    at executeInitAndCheckHooks (node_modules/@angular/core/fesm2022/debug_node.mjs:791:9)
	    at refreshView (node_modules/@angular/core/fesm2022/debug_node.mjs:8980:21)
	    at detectChangesInView (node_modules/@angular/core/fesm2022/debug_node.mjs:9185:9)
	    at detectChangesInViewWhileDirty (node_modules/@angular/core/fesm2022/debug_node.mjs:8874:9)
	    at detectChangesInternal (node_modules/@angular/core/fesm2022/debug_node.mjs:8862:9)
Chrome Headless 139.0.0.0 (Windows 10): Executed 706 of 732[31m (14 FAILED)[39m (skipped 1) (0 secs / 9.51 secs)
[1A[2K[31mChrome Headless 139.0.0.0 (Windows 10) CategoryFormComponent should load categories on init FAILED[39m
	TypeError: Cannot read properties of undefined (reading 'pipe')
	    at CategoryFormComponent.checkEditMode (src/app/features/financial/components/category-form/category-form.ts:130:8)
	    at CategoryFormComponent.call [as ngOnInit] (src/app/features/financial/components/category-form/category-form.ts:120:10)
	    at callHookInternal (node_modules/@angular/core/fesm2022/debug_node.mjs:860:14)
	    at callHook (node_modules/@angular/core/fesm2022/debug_node.mjs:887:13)
	    at callHooks (node_modules/@angular/core/fesm2022/debug_node.mjs:841:17)
	    at executeInitAndCheckHooks (node_modules/@angular/core/fesm2022/debug_node.mjs:791:9)
	    at refreshView (node_modules/@angular/core/fesm2022/debug_node.mjs:8980:21)
	    at detectChangesInView (node_modules/@angular/core/fesm2022/debug_node.mjs:9185:9)
	    at detectChangesInViewWhileDirty (node_modules/@angular/core/fesm2022/debug_node.mjs:8874:9)
	    at detectChangesInternal (node_modules/@angular/core/fesm2022/debug_node.mjs:8862:9)
Chrome Headless 139.0.0.0 (Windows 10): Executed 707 of 732[31m (15 FAILED)[39m (skipped 1) (0 secs / 9.518 secs)
[1A[2K[31mChrome Headless 139.0.0.0 (Windows 10) CategoryFormComponent should clear error message when form changes FAILED[39m
	TypeError: Cannot read properties of undefined (reading 'pipe')
	    at CategoryFormComponent.checkEditMode (src/app/features/financial/components/category-form/category-form.ts:130:8)
	    at CategoryFormComponent.call [as ngOnInit] (src/app/features/financial/components/category-form/category-form.ts:120:10)
	    at callHookInternal (node_modules/@angular/core/fesm2022/debug_node.mjs:860:14)
	    at callHook (node_modules/@angular/core/fesm2022/debug_node.mjs:887:13)
	    at callHooks (node_modules/@angular/core/fesm2022/debug_node.mjs:841:17)
	    at executeInitAndCheckHooks (node_modules/@angular/core/fesm2022/debug_node.mjs:791:9)
	    at refreshView (node_modules/@angular/core/fesm2022/debug_node.mjs:8980:21)
	    at detectChangesInView (node_modules/@angular/core/fesm2022/debug_node.mjs:9185:9)
	    at detectChangesInViewWhileDirty (node_modules/@angular/core/fesm2022/debug_node.mjs:8874:9)
	    at detectChangesInternal (node_modules/@angular/core/fesm2022/debug_node.mjs:8862:9)
Chrome Headless 139.0.0.0 (Windows 10): Executed 708 of 732[31m (16 FAILED)[39m (skipped 1) (0 secs / 9.526 secs)
[1A[2K[31mChrome Headless 139.0.0.0 (Windows 10) CategoryFormComponent should reset form after successful submission FAILED[39m
	TypeError: Cannot read properties of undefined (reading 'pipe')
	    at CategoryFormComponent.checkEditMode (src/app/features/financial/components/category-form/category-form.ts:130:8)
	    at CategoryFormComponent.call [as ngOnInit] (src/app/features/financial/components/category-form/category-form.ts:120:10)
	    at callHookInternal (node_modules/@angular/core/fesm2022/debug_node.mjs:860:14)
	    at callHook (node_modules/@angular/core/fesm2022/debug_node.mjs:887:13)
	    at callHooks (node_modules/@angular/core/fesm2022/debug_node.mjs:841:17)
	    at executeInitAndCheckHooks (node_modules/@angular/core/fesm2022/debug_node.mjs:791:9)
	    at refreshView (node_modules/@angular/core/fesm2022/debug_node.mjs:8980:21)
	    at detectChangesInView (node_modules/@angular/core/fesm2022/debug_node.mjs:9185:9)
	    at detectChangesInViewWhileDirty (node_modules/@angular/core/fesm2022/debug_node.mjs:8874:9)
	    at detectChangesInternal (node_modules/@angular/core/fesm2022/debug_node.mjs:8862:9)
Chrome Headless 139.0.0.0 (Windows 10): Executed 709 of 732[31m (17 FAILED)[39m (skipped 1) (0 secs / 9.532 secs)
[1A[2K[31mChrome Headless 139.0.0.0 (Windows 10) CategoryFormComponent should handle form submission errors FAILED[39m
	TypeError: Cannot read properties of undefined (reading 'pipe')
	    at CategoryFormComponent.checkEditMode (src/app/features/financial/components/category-form/category-form.ts:130:8)
	    at CategoryFormComponent.call [as ngOnInit] (src/app/features/financial/components/category-form/category-form.ts:120:10)
	    at callHookInternal (node_modules/@angular/core/fesm2022/debug_node.mjs:860:14)
	    at callHook (node_modules/@angular/core/fesm2022/debug_node.mjs:887:13)
	    at callHooks (node_modules/@angular/core/fesm2022/debug_node.mjs:841:17)
	    at executeInitAndCheckHooks (node_modules/@angular/core/fesm2022/debug_node.mjs:791:9)
	    at refreshView (node_modules/@angular/core/fesm2022/debug_node.mjs:8980:21)
	    at detectChangesInView (node_modules/@angular/core/fesm2022/debug_node.mjs:9185:9)
	    at detectChangesInViewWhileDirty (node_modules/@angular/core/fesm2022/debug_node.mjs:8874:9)
	    at detectChangesInternal (node_modules/@angular/core/fesm2022/debug_node.mjs:8862:9)
Chrome Headless 139.0.0.0 (Windows 10): Executed 710 of 732[31m (18 FAILED)[39m (skipped 1) (0 secs / 9.54 secs)
[1A[2K[31mChrome Headless 139.0.0.0 (Windows 10) CategoryFormComponent should handle form validation FAILED[39m
	TypeError: Cannot read properties of undefined (reading 'pipe')
	    at CategoryFormComponent.checkEditMode (src/app/features/financial/components/category-form/category-form.ts:130:8)
	    at CategoryFormComponent.call [as ngOnInit] (src/app/features/financial/components/category-form/category-form.ts:120:10)
	    at callHookInternal (node_modules/@angular/core/fesm2022/debug_node.mjs:860:14)
	    at callHook (node_modules/@angular/core/fesm2022/debug_node.mjs:887:13)
	    at callHooks (node_modules/@angular/core/fesm2022/debug_node.mjs:841:17)
	    at executeInitAndCheckHooks (node_modules/@angular/core/fesm2022/debug_node.mjs:791:9)
	    at refreshView (node_modules/@angular/core/fesm2022/debug_node.mjs:8980:21)
	    at detectChangesInView (node_modules/@angular/core/fesm2022/debug_node.mjs:9185:9)
	    at detectChangesInViewWhileDirty (node_modules/@angular/core/fesm2022/debug_node.mjs:8874:9)
	    at detectChangesInternal (node_modules/@angular/core/fesm2022/debug_node.mjs:8862:9)
Chrome Headless 139.0.0.0 (Windows 10): Executed 711 of 732[31m (19 FAILED)[39m (skipped 1) (0 secs / 9.546 secs)
[1A[2K[31mChrome Headless 139.0.0.0 (Windows 10) CategoryFormComponent should set form values when editing FAILED[39m
	TypeError: Cannot read properties of undefined (reading 'pipe')
	    at CategoryFormComponent.checkEditMode (src/app/features/financial/components/category-form/category-form.ts:130:8)
	    at CategoryFormComponent.call [as ngOnInit] (src/app/features/financial/components/category-form/category-form.ts:120:10)
	    at callHookInternal (node_modules/@angular/core/fesm2022/debug_node.mjs:860:14)
	    at callHook (node_modules/@angular/core/fesm2022/debug_node.mjs:887:13)
	    at callHooks (node_modules/@angular/core/fesm2022/debug_node.mjs:841:17)
	    at executeInitAndCheckHooks (node_modules/@angular/core/fesm2022/debug_node.mjs:791:9)
	    at refreshView (node_modules/@angular/core/fesm2022/debug_node.mjs:8980:21)
	    at detectChangesInView (node_modules/@angular/core/fesm2022/debug_node.mjs:9185:9)
	    at detectChangesInViewWhileDirty (node_modules/@angular/core/fesm2022/debug_node.mjs:8874:9)
	    at detectChangesInternal (node_modules/@angular/core/fesm2022/debug_node.mjs:8862:9)
Chrome Headless 139.0.0.0 (Windows 10): Executed 712 of 732[31m (20 FAILED)[39m (skipped 1) (0 secs / 9.555 secs)
[1A[2K[31mChrome Headless 139.0.0.0 (Windows 10) CategoryFormComponent should handle form submission for new category FAILED[39m
	TypeError: Cannot read properties of undefined (reading 'pipe')
	    at CategoryFormComponent.checkEditMode (src/app/features/financial/components/category-form/category-form.ts:130:8)
	    at CategoryFormComponent.call [as ngOnInit] (src/app/features/financial/components/category-form/category-form.ts:120:10)
	    at callHookInternal (node_modules/@angular/core/fesm2022/debug_node.mjs:860:14)
	    at callHook (node_modules/@angular/core/fesm2022/debug_node.mjs:887:13)
	    at callHooks (node_modules/@angular/core/fesm2022/debug_node.mjs:841:17)
	    at executeInitAndCheckHooks (node_modules/@angular/core/fesm2022/debug_node.mjs:791:9)
	    at refreshView (node_modules/@angular/core/fesm2022/debug_node.mjs:8980:21)
	    at detectChangesInView (node_modules/@angular/core/fesm2022/debug_node.mjs:9185:9)
	    at detectChangesInViewWhileDirty (node_modules/@angular/core/fesm2022/debug_node.mjs:8874:9)
	    at detectChangesInternal (node_modules/@angular/core/fesm2022/debug_node.mjs:8862:9)
Chrome Headless 139.0.0.0 (Windows 10): Executed 713 of 732[31m (21 FAILED)[39m (skipped 1) (0 secs / 9.564 secs)
[1A[2KWARN: [36m'NG0914: The application is using zoneless change detection, but is still loading Zone.js. Consider removing Zone.js to get the full benefits of zoneless. In applications using the Angular CLI, Zone.js is typically included in the "polyfills" section of the angular.json file.'[39m
Chrome Headless 139.0.0.0 (Windows 10): Executed 713 of 732[31m (21 FAILED)[39m (skipped 1) (0 secs / 9.564 secs)
WARN: 'NG0914: The application is using zoneless change detection, but is still loading Zone.js. Consider removing Zone.js to get the full benefits of zoneless. In applications using the Angular CLI, Zone.js is typically included in the "polyfills" section of the angular.json file.'
[1A[2KChrome Headless 139.0.0.0 (Windows 10): Executed 714 of 732[31m (21 FAILED)[39m (skipped 1) (0 secs / 9.567 secs)
[1A[2KWARN: [36m'NG0914: The application is using zoneless change detection, but is still loading Zone.js. Consider removing Zone.js to get the full benefits of zoneless. In applications using the Angular CLI, Zone.js is typically included in the "polyfills" section of the angular.json file.'[39m
Chrome Headless 139.0.0.0 (Windows 10): Executed 714 of 732[31m (21 FAILED)[39m (skipped 1) (0 secs / 9.567 secs)
WARN: 'NG0914: The application is using zoneless change detection, but is still loading Zone.js. Consider removing Zone.js to get the full benefits of zoneless. In applications using the Angular CLI, Zone.js is typically included in the "polyfills" section of the angular.json file.'
[1A[2KChrome Headless 139.0.0.0 (Windows 10): Executed 715 of 732[31m (21 FAILED)[39m (skipped 1) (0 secs / 9.57 secs)
[1A[2KWARN: [36m'NG0914: The application is using zoneless change detection, but is still loading Zone.js. Consider removing Zone.js to get the full benefits of zoneless. In applications using the Angular CLI, Zone.js is typically included in the "polyfills" section of the angular.json file.'[39m
Chrome Headless 139.0.0.0 (Windows 10): Executed 715 of 732[31m (21 FAILED)[39m (skipped 1) (0 secs / 9.57 secs)
WARN: 'NG0914: The application is using zoneless change detection, but is still loading Zone.js. Consider removing Zone.js to get the full benefits of zoneless. In applications using the Angular CLI, Zone.js is typically included in the "polyfills" section of the angular.json file.'
[1A[2KChrome Headless 139.0.0.0 (Windows 10): Executed 716 of 732[31m (21 FAILED)[39m (skipped 1) (0 secs / 9.573 secs)
[1A[2KWARN: [36m'NG0914: The application is using zoneless change detection, but is still loading Zone.js. Consider removing Zone.js to get the full benefits of zoneless. In applications using the Angular CLI, Zone.js is typically included in the "polyfills" section of the angular.json file.'[39m
Chrome Headless 139.0.0.0 (Windows 10): Executed 716 of 732[31m (21 FAILED)[39m (skipped 1) (0 secs / 9.573 secs)
WARN: 'NG0914: The application is using zoneless change detection, but is still loading Zone.js. Consider removing Zone.js to get the full benefits of zoneless. In applications using the Angular CLI, Zone.js is typically included in the "polyfills" section of the angular.json file.'
[1A[2KChrome Headless 139.0.0.0 (Windows 10): Executed 717 of 732[31m (21 FAILED)[39m (skipped 1) (0 secs / 9.576 secs)
[1A[2KWARN: [36m'NG0914: The application is using zoneless change detection, but is still loading Zone.js. Consider removing Zone.js to get the full benefits of zoneless. In applications using the Angular CLI, Zone.js is typically included in the "polyfills" section of the angular.json file.'[39m
Chrome Headless 139.0.0.0 (Windows 10): Executed 717 of 732[31m (21 FAILED)[39m (skipped 1) (0 secs / 9.576 secs)
WARN: 'NG0914: The application is using zoneless change detection, but is still loading Zone.js. Consider removing Zone.js to get the full benefits of zoneless. In applications using the Angular CLI, Zone.js is typically included in the "polyfills" section of the angular.json file.'
[1A[2KChrome Headless 139.0.0.0 (Windows 10): Executed 718 of 732[31m (21 FAILED)[39m (skipped 1) (0 secs / 9.578 secs)
[1A[2KWARN: [36m'NG0914: The application is using zoneless change detection, but is still loading Zone.js. Consider removing Zone.js to get the full benefits of zoneless. In applications using the Angular CLI, Zone.js is typically included in the "polyfills" section of the angular.json file.'[39m
Chrome Headless 139.0.0.0 (Windows 10): Executed 718 of 732[31m (21 FAILED)[39m (skipped 1) (0 secs / 9.578 secs)
WARN: 'NG0914: The application is using zoneless change detection, but is still loading Zone.js. Consider removing Zone.js to get the full benefits of zoneless. In applications using the Angular CLI, Zone.js is typically included in the "polyfills" section of the angular.json file.'
[1A[2KChrome Headless 139.0.0.0 (Windows 10): Executed 719 of 732[31m (21 FAILED)[39m (skipped 1) (0 secs / 9.58 secs)
[1A[2KWARN: [36m'NG0914: The application is using zoneless change detection, but is still loading Zone.js. Consider removing Zone.js to get the full benefits of zoneless. In applications using the Angular CLI, Zone.js is typically included in the "polyfills" section of the angular.json file.'[39m
Chrome Headless 139.0.0.0 (Windows 10): Executed 719 of 732[31m (21 FAILED)[39m (skipped 1) (0 secs / 9.58 secs)
WARN: 'NG0914: The application is using zoneless change detection, but is still loading Zone.js. Consider removing Zone.js to get the full benefits of zoneless. In applications using the Angular CLI, Zone.js is typically included in the "polyfills" section of the angular.json file.'
[1A[2KChrome Headless 139.0.0.0 (Windows 10): Executed 720 of 732[31m (21 FAILED)[39m (skipped 1) (0 secs / 9.582 secs)
[1A[2KWARN: [36m'NG0914: The application is using zoneless change detection, but is still loading Zone.js. Consider removing Zone.js to get the full benefits of zoneless. In applications using the Angular CLI, Zone.js is typically included in the "polyfills" section of the angular.json file.'[39m
Chrome Headless 139.0.0.0 (Windows 10): Executed 720 of 732[31m (21 FAILED)[39m (skipped 1) (0 secs / 9.582 secs)
WARN: 'NG0914: The application is using zoneless change detection, but is still loading Zone.js. Consider removing Zone.js to get the full benefits of zoneless. In applications using the Angular CLI, Zone.js is typically included in the "polyfills" section of the angular.json file.'
[1A[2KChrome Headless 139.0.0.0 (Windows 10): Executed 721 of 732[31m (21 FAILED)[39m (skipped 1) (0 secs / 9.583 secs)
[1A[2KWARN: [36m'NG0914: The application is using zoneless change detection, but is still loading Zone.js. Consider removing Zone.js to get the full benefits of zoneless. In applications using the Angular CLI, Zone.js is typically included in the "polyfills" section of the angular.json file.'[39m
Chrome Headless 139.0.0.0 (Windows 10): Executed 721 of 732[31m (21 FAILED)[39m (skipped 1) (0 secs / 9.583 secs)
WARN: 'NG0914: The application is using zoneless change detection, but is still loading Zone.js. Consider removing Zone.js to get the full benefits of zoneless. In applications using the Angular CLI, Zone.js is typically included in the "polyfills" section of the angular.json file.'
[1A[2KChrome Headless 139.0.0.0 (Windows 10): Executed 722 of 732[31m (21 FAILED)[39m (skipped 1) (0 secs / 9.584 secs)
[1A[2KWARN: [36m'NG0914: The application is using zoneless change detection, but is still loading Zone.js. Consider removing Zone.js to get the full benefits of zoneless. In applications using the Angular CLI, Zone.js is typically included in the "polyfills" section of the angular.json file.'[39m
Chrome Headless 139.0.0.0 (Windows 10): Executed 722 of 732[31m (21 FAILED)[39m (skipped 1) (0 secs / 9.584 secs)
WARN: 'NG0914: The application is using zoneless change detection, but is still loading Zone.js. Consider removing Zone.js to get the full benefits of zoneless. In applications using the Angular CLI, Zone.js is typically included in the "polyfills" section of the angular.json file.'
[1A[2KChrome Headless 139.0.0.0 (Windows 10): Executed 723 of 732[31m (21 FAILED)[39m (skipped 1) (0 secs / 9.586 secs)
[1A[2KWARN: [36m'NG0914: The application is using zoneless change detection, but is still loading Zone.js. Consider removing Zone.js to get the full benefits of zoneless. In applications using the Angular CLI, Zone.js is typically included in the "polyfills" section of the angular.json file.'[39m
Chrome Headless 139.0.0.0 (Windows 10): Executed 723 of 732[31m (21 FAILED)[39m (skipped 1) (0 secs / 9.586 secs)
WARN: 'NG0914: The application is using zoneless change detection, but is still loading Zone.js. Consider removing Zone.js to get the full benefits of zoneless. In applications using the Angular CLI, Zone.js is typically included in the "polyfills" section of the angular.json file.'
[1A[2KChrome Headless 139.0.0.0 (Windows 10): Executed 724 of 732[31m (21 FAILED)[39m (skipped 1) (0 secs / 9.588 secs)
[1A[2KWARN: [36m'NG0914: The application is using zoneless change detection, but is still loading Zone.js. Consider removing Zone.js to get the full benefits of zoneless. In applications using the Angular CLI, Zone.js is typically included in the "polyfills" section of the angular.json file.'[39m
Chrome Headless 139.0.0.0 (Windows 10): Executed 724 of 732[31m (21 FAILED)[39m (skipped 1) (0 secs / 9.588 secs)
WARN: 'NG0914: The application is using zoneless change detection, but is still loading Zone.js. Consider removing Zone.js to get the full benefits of zoneless. In applications using the Angular CLI, Zone.js is typically included in the "polyfills" section of the angular.json file.'
[1A[2KChrome Headless 139.0.0.0 (Windows 10): Executed 725 of 732[31m (21 FAILED)[39m (skipped 1) (0 secs / 9.59 secs)
[1A[2KWARN: [36m'NG0914: The application is using zoneless change detection, but is still loading Zone.js. Consider removing Zone.js to get the full benefits of zoneless. In applications using the Angular CLI, Zone.js is typically included in the "polyfills" section of the angular.json file.'[39m
Chrome Headless 139.0.0.0 (Windows 10): Executed 725 of 732[31m (21 FAILED)[39m (skipped 1) (0 secs / 9.59 secs)
WARN: 'NG0914: The application is using zoneless change detection, but is still loading Zone.js. Consider removing Zone.js to get the full benefits of zoneless. In applications using the Angular CLI, Zone.js is typically included in the "polyfills" section of the angular.json file.'
[1A[2KChrome Headless 139.0.0.0 (Windows 10): Executed 726 of 732[31m (21 FAILED)[39m (skipped 1) (0 secs / 9.591 secs)
[1A[2KWARN: [36m'NG0914: The application is using zoneless change detection, but is still loading Zone.js. Consider removing Zone.js to get the full benefits of zoneless. In applications using the Angular CLI, Zone.js is typically included in the "polyfills" section of the angular.json file.'[39m
Chrome Headless 139.0.0.0 (Windows 10): Executed 726 of 732[31m (21 FAILED)[39m (skipped 1) (0 secs / 9.591 secs)
WARN: 'NG0914: The application is using zoneless change detection, but is still loading Zone.js. Consider removing Zone.js to get the full benefits of zoneless. In applications using the Angular CLI, Zone.js is typically included in the "polyfills" section of the angular.json file.'
[1A[2KChrome Headless 139.0.0.0 (Windows 10): Executed 727 of 732[31m (21 FAILED)[39m (skipped 1) (0 secs / 9.593 secs)
[1A[2KWARN: [36m'NG0914: The application is using zoneless change detection, but is still loading Zone.js. Consider removing Zone.js to get the full benefits of zoneless. In applications using the Angular CLI, Zone.js is typically included in the "polyfills" section of the angular.json file.'[39m
Chrome Headless 139.0.0.0 (Windows 10): Executed 727 of 732[31m (21 FAILED)[39m (skipped 1) (0 secs / 9.593 secs)
WARN: 'NG0914: The application is using zoneless change detection, but is still loading Zone.js. Consider removing Zone.js to get the full benefits of zoneless. In applications using the Angular CLI, Zone.js is typically included in the "polyfills" section of the angular.json file.'
[1A[2KChrome Headless 139.0.0.0 (Windows 10): Executed 728 of 732[31m (21 FAILED)[39m (skipped 1) (0 secs / 9.605 secs)
[1A[2KWARN: [36m'NG0914: The application is using zoneless change detection, but is still loading Zone.js. Consider removing Zone.js to get the full benefits of zoneless. In applications using the Angular CLI, Zone.js is typically included in the "polyfills" section of the angular.json file.'[39m
Chrome Headless 139.0.0.0 (Windows 10): Executed 728 of 732[31m (21 FAILED)[39m (skipped 1) (0 secs / 9.605 secs)
WARN: 'NG0914: The application is using zoneless change detection, but is still loading Zone.js. Consider removing Zone.js to get the full benefits of zoneless. In applications using the Angular CLI, Zone.js is typically included in the "polyfills" section of the angular.json file.'
[1A[2KChrome Headless 139.0.0.0 (Windows 10): Executed 729 of 732[31m (21 FAILED)[39m (skipped 1) (0 secs / 9.607 secs)
[1A[2KWARN: [36m'NG0914: The application is using zoneless change detection, but is still loading Zone.js. Consider removing Zone.js to get the full benefits of zoneless. In applications using the Angular CLI, Zone.js is typically included in the "polyfills" section of the angular.json file.'[39m
Chrome Headless 139.0.0.0 (Windows 10): Executed 729 of 732[31m (21 FAILED)[39m (skipped 1) (0 secs / 9.607 secs)
WARN: 'NG0914: The application is using zoneless change detection, but is still loading Zone.js. Consider removing Zone.js to get the full benefits of zoneless. In applications using the Angular CLI, Zone.js is typically included in the "polyfills" section of the angular.json file.'
[1A[2KChrome Headless 139.0.0.0 (Windows 10): Executed 730 of 732[31m (21 FAILED)[39m (skipped 1) (0 secs / 9.608 secs)
[1A[2KWARN: [36m'NG0914: The application is using zoneless change detection, but is still loading Zone.js. Consider removing Zone.js to get the full benefits of zoneless. In applications using the Angular CLI, Zone.js is typically included in the "polyfills" section of the angular.json file.'[39m
Chrome Headless 139.0.0.0 (Windows 10): Executed 730 of 732[31m (21 FAILED)[39m (skipped 1) (0 secs / 9.608 secs)
WARN: 'NG0914: The application is using zoneless change detection, but is still loading Zone.js. Consider removing Zone.js to get the full benefits of zoneless. In applications using the Angular CLI, Zone.js is typically included in the "polyfills" section of the angular.json file.'
[1A[2KChrome Headless 139.0.0.0 (Windows 10): Executed 731 of 732[31m (21 FAILED)[39m (skipped 1) (0 secs / 9.61 secs)
[1A[2KChrome Headless 139.0.0.0 (Windows 10): Executed 731 of 732[31m (21 FAILED)[39m (skipped 1) (11.468 secs / 9.61 secs)
[31mTOTAL: 21 FAILED, 710 SUCCESS[39m
тЬФ Browser application bundle generation complete.

=============================== Coverage summary ===============================
Statements   : 69.7% ( 2232/3202 )
Branches     : 50.03% ( 645/1289 )
Functions    : 70.52% ( 761/1079 )
Lines        : 70.44% ( 2081/2954 )
================================================================================
тЬФ Browser application bundle generation complete.
